2026-04-28 03:24:45,941 - Namespace(config='', data_dir='./dataset/data_raw/', dataset='PHISHING', device=0, results_dir='./results/AVGuard/threeclient_full_avguard_fixed_lambda_anchor_theta_supp_sensitivity/theta_supp_0.05/PHISHING/stage1', seed=100, epoch=100, batch_size=256, client_num=3, pretrained_checkpoint='./results/AVGuard/threeclient_full_avguard_fixed_lambda_anchor_theta_supp_sensitivity/theta_supp_0.05/PHISHING/stage1\\latest_checkpoint.pth.tar', test_checkpoint=None, resume_latest=True, lr=0.003, start_epoch=0, print_steps=10, early_stop=20, attack='LFBA', target_label=None, poison_rate=0.25, poison_dimensions=30, trigger_feature_clip=1.0, attack_client_num=2, feature_extractor='', select_rate=0.3, lfba_poison_source='gradient', random_select=False, poison_all=False, anchor_idx=1000, pretrain_stage=0, mode='pretrain_anchor', defense='anchor', defense_scheme='AVGuard', enable_stage1=True, force_stage1_retrain=True, enable_anchor_loss=True, lambda_anchor=0.5, lambda_stage1_anchor=0.7, anchor_pretrain_epochs=20, anchor_pretrain_early_stop=10, anchor_pretrain_min_delta=0.0001, anchor_scale=1, anchor_margin=0, anchor_bank_path='./results/AVGuard/threeclient_full_avguard_fixed_lambda_anchor_theta_supp_sensitivity/theta_supp_0.05/PHISHING/stage1/anchor_artifact.pt', anchor_stage1_dir='./results/AVGuard/threeclient_full_avguard_fixed_lambda_anchor_theta_supp_sensitivity/theta_supp_0.05/PHISHING/stage1/anchor_stage1', anchor_ema_momentum=1.0, anchor_ema_update_freq=1, stage3_enable_joint_weighted_voting=True, stage3_enable_static_reliability=True, disable_stage3_eval=False, gamma=2.0, theta_supp=0.15, stage3_required_support_count=2, enable_conservative_correction=False, tau_corr=0.0, top_k=4, stage3_debug_batches=0, stage3_debug_max_samples=8, original_dataset='PHISHING', attack_target_label=None, anchor_margin_auto_adjusted=False, requested_anchor_margin=0)
2026-04-28 03:24:45,944 - => Defense scheme: AVGuard
2026-04-28 03:24:45,944 - => LFBA poison-set source: gradient
2026-04-28 03:24:45,945 - => Python executable: D:\python3\generative-compression-master1\KAVF\python.exe
2026-04-28 03:24:45,945 - => Torch version: 2.7.1+cu126, compiled CUDA: 12.6, cuda available: True, visible GPU count: 1
2026-04-28 03:24:45,946 - => Using GPU cuda:0 (NVIDIA GeForce RTX 4080)
2026-04-28 03:24:45,947 - => Preparing data...
2026-04-28 03:24:48,318 - => PHISHING file: ./dataset/data_raw/Phishing\PHISHING_full.csv
2026-04-28 03:24:48,319 - => PHISHING feature dim: 111, train samples: 70917, test samples: 17730
2026-04-28 03:24:48,326 - => Resolved LFBA attack target label=0 from training anchor_idx=1000
2026-04-28 03:24:48,449 - => No checkpoint found at './results/AVGuard/threeclient_full_avguard_fixed_lambda_anchor_theta_supp_sensitivity/theta_supp_0.05/PHISHING/stage1\latest_checkpoint.pth.tar'
2026-04-28 03:24:48,449 - => Enter Stage 1: passive local backbones are trained with active-party private two-layer MLP heads
2026-04-28 03:24:48,450 - => Stage 1 latest checkpoint path: './results/AVGuard/threeclient_full_avguard_fixed_lambda_anchor_theta_supp_sensitivity/theta_supp_0.05/PHISHING/stage1\latest_checkpoint.pth.tar'
2026-04-28 03:24:48,486 - =>Add Trigger to Train Data
2026-04-28 03:24:49,414 - Add Trigger to 17729 Bad Samples, 53188 Clean Samples (0.25)
2026-04-28 03:24:49,416 - =>Add Trigger to Test Data
2026-04-28 03:24:50,107 - Add Trigger to 17730 Bad Samples, 0 Clean Samples (1.00)
2026-04-28 03:24:50,120 - => Stage 1 start for passive client 0
2026-04-28 03:24:50,120 - => Stage 1 early stop for passive client 0: patience=10, min_delta=0.000100
2026-04-28 03:24:55,874 - => Stage 1 client 0 epoch 1/20, ce loss: 0.4893, train anchor loss: 0.3938, total loss: 0.7650, clean acc: 0.9093, eval anchor loss: 0.1580, backdoor acc: 0.0000
2026-04-28 03:25:01,570 - => Stage 1 client 0 epoch 2/20, ce loss: 0.3873, train anchor loss: 0.1591, total loss: 0.4987, clean acc: 0.9150, eval anchor loss: 0.1531, backdoor acc: 0.0000
2026-04-28 03:25:06,539 - => Stage 1 client 0 epoch 3/20, ce loss: 0.3861, train anchor loss: 0.1575, total loss: 0.4964, clean acc: 0.9183, eval anchor loss: 0.1467, backdoor acc: 0.0000
2026-04-28 03:25:11,621 - => Stage 1 client 0 epoch 4/20, ce loss: 0.3835, train anchor loss: 0.1542, total loss: 0.4915, clean acc: 0.9193, eval anchor loss: 0.1533, backdoor acc: 0.0000
2026-04-28 03:25:16,371 - => Stage 1 client 0 epoch 5/20, ce loss: 0.3822, train anchor loss: 0.1562, total loss: 0.4916, clean acc: 0.9189, eval anchor loss: 0.1472, backdoor acc: 0.0000
2026-04-28 03:25:21,198 - => Stage 1 client 0 epoch 6/20, ce loss: 0.3812, train anchor loss: 0.1544, total loss: 0.4893, clean acc: 0.9183, eval anchor loss: 0.1490, backdoor acc: 0.0000
2026-04-28 03:25:26,818 - => Stage 1 client 0 epoch 7/20, ce loss: 0.3815, train anchor loss: 0.1551, total loss: 0.4900, clean acc: 0.9182, eval anchor loss: 0.1496, backdoor acc: 0.0000
2026-04-28 03:25:32,166 - => Stage 1 client 0 epoch 8/20, ce loss: 0.3804, train anchor loss: 0.1544, total loss: 0.4884, clean acc: 0.9175, eval anchor loss: 0.1509, backdoor acc: 0.0000
2026-04-28 03:25:37,531 - => Stage 1 client 0 epoch 9/20, ce loss: 0.3802, train anchor loss: 0.1521, total loss: 0.4867, clean acc: 0.9206, eval anchor loss: 0.1477, backdoor acc: 0.0000
2026-04-28 03:25:42,987 - => Stage 1 client 0 epoch 10/20, ce loss: 0.3789, train anchor loss: 0.1529, total loss: 0.4859, clean acc: 0.9210, eval anchor loss: 0.1465, backdoor acc: 0.0000
2026-04-28 03:25:47,813 - => Stage 1 client 0 epoch 11/20, ce loss: 0.3788, train anchor loss: 0.1523, total loss: 0.4854, clean acc: 0.9229, eval anchor loss: 0.1411, backdoor acc: 0.0000
2026-04-28 03:25:53,102 - => Stage 1 client 0 epoch 12/20, ce loss: 0.3782, train anchor loss: 0.1524, total loss: 0.4849, clean acc: 0.9200, eval anchor loss: 0.1492, backdoor acc: 0.0000
2026-04-28 03:25:58,065 - => Stage 1 client 0 epoch 13/20, ce loss: 0.3782, train anchor loss: 0.1524, total loss: 0.4849, clean acc: 0.9210, eval anchor loss: 0.1537, backdoor acc: 0.0000
2026-04-28 03:26:03,355 - => Stage 1 client 0 epoch 14/20, ce loss: 0.3777, train anchor loss: 0.1521, total loss: 0.4842, clean acc: 0.9213, eval anchor loss: 0.1472, backdoor acc: 0.0000
2026-04-28 03:26:08,958 - => Stage 1 client 0 epoch 15/20, ce loss: 0.3771, train anchor loss: 0.1516, total loss: 0.4832, clean acc: 0.9210, eval anchor loss: 0.1465, backdoor acc: 0.0000
2026-04-28 03:26:14,300 - => Stage 1 client 0 epoch 16/20, ce loss: 0.3766, train anchor loss: 0.1514, total loss: 0.4826, clean acc: 0.9220, eval anchor loss: 0.1458, backdoor acc: 0.0000
2026-04-28 03:26:19,667 - => Stage 1 client 0 epoch 17/20, ce loss: 0.3769, train anchor loss: 0.1514, total loss: 0.4828, clean acc: 0.9222, eval anchor loss: 0.1529, backdoor acc: 0.0000
2026-04-28 03:26:25,237 - => Stage 1 client 0 epoch 18/20, ce loss: 0.3760, train anchor loss: 0.1515, total loss: 0.4821, clean acc: 0.9155, eval anchor loss: 0.1566, backdoor acc: 0.0000
2026-04-28 03:26:30,601 - => Stage 1 client 0 epoch 19/20, ce loss: 0.3769, train anchor loss: 0.1511, total loss: 0.4827, clean acc: 0.9218, eval anchor loss: 0.1453, backdoor acc: 0.0000
2026-04-28 03:26:36,065 - => Stage 1 client 0 epoch 20/20, ce loss: 0.3753, train anchor loss: 0.1504, total loss: 0.4805, clean acc: 0.9223, eval anchor loss: 0.1481, backdoor acc: 0.0000
2026-04-28 03:26:36,095 - => Stage 1 final summary for passive client 0: best epoch: 11, clean acc: 0.9229, anchor loss: 0.1411, backdoor acc: 0.0000
2026-04-28 03:26:36,097 - => Stage 1 start for passive client 1
2026-04-28 03:26:36,098 - => Stage 1 early stop for passive client 1: patience=10, min_delta=0.000100
2026-04-28 03:26:41,550 - => Stage 1 client 1 epoch 1/20, ce loss: 0.5368, train anchor loss: 0.4141, total loss: 0.8266, clean acc: 0.8917, eval anchor loss: 0.1599, backdoor acc: 0.0000
2026-04-28 03:26:46,944 - => Stage 1 client 1 epoch 2/20, ce loss: 0.4174, train anchor loss: 0.1786, total loss: 0.5424, clean acc: 0.8990, eval anchor loss: 0.1722, backdoor acc: 0.0000
2026-04-28 03:26:52,342 - => Stage 1 client 1 epoch 3/20, ce loss: 0.4059, train anchor loss: 0.1749, total loss: 0.5283, clean acc: 0.9000, eval anchor loss: 0.1726, backdoor acc: 0.0000
2026-04-28 03:26:57,870 - => Stage 1 client 1 epoch 4/20, ce loss: 0.4047, train anchor loss: 0.1752, total loss: 0.5274, clean acc: 0.9021, eval anchor loss: 0.1660, backdoor acc: 0.0000
2026-04-28 03:27:03,278 - => Stage 1 client 1 epoch 5/20, ce loss: 0.4025, train anchor loss: 0.1724, total loss: 0.5232, clean acc: 0.8999, eval anchor loss: 0.1704, backdoor acc: 0.0000
2026-04-28 03:27:08,702 - => Stage 1 client 1 epoch 6/20, ce loss: 0.4031, train anchor loss: 0.1705, total loss: 0.5224, clean acc: 0.8921, eval anchor loss: 0.1809, backdoor acc: 0.0000
2026-04-28 03:27:14,107 - => Stage 1 client 1 epoch 7/20, ce loss: 0.4025, train anchor loss: 0.1694, total loss: 0.5211, clean acc: 0.9027, eval anchor loss: 0.1641, backdoor acc: 0.0000
2026-04-28 03:27:19,067 - => Stage 1 client 1 epoch 8/20, ce loss: 0.4011, train anchor loss: 0.1685, total loss: 0.5190, clean acc: 0.9028, eval anchor loss: 0.1662, backdoor acc: 0.0000
2026-04-28 03:27:23,746 - => Stage 1 client 1 epoch 9/20, ce loss: 0.4005, train anchor loss: 0.1674, total loss: 0.5177, clean acc: 0.9027, eval anchor loss: 0.1706, backdoor acc: 0.0000
2026-04-28 03:27:28,874 - => Stage 1 client 1 epoch 10/20, ce loss: 0.3993, train anchor loss: 0.1659, total loss: 0.5154, clean acc: 0.9016, eval anchor loss: 0.1684, backdoor acc: 0.0000
2026-04-28 03:27:33,587 - => Stage 1 client 1 epoch 11/20, ce loss: 0.3988, train anchor loss: 0.1660, total loss: 0.5149, clean acc: 0.9038, eval anchor loss: 0.1630, backdoor acc: 0.0000
2026-04-28 03:27:38,630 - => Stage 1 client 1 epoch 12/20, ce loss: 0.3975, train anchor loss: 0.1651, total loss: 0.5130, clean acc: 0.9066, eval anchor loss: 0.1595, backdoor acc: 0.0000
2026-04-28 03:27:43,487 - => Stage 1 client 1 epoch 13/20, ce loss: 0.3994, train anchor loss: 0.1688, total loss: 0.5176, clean acc: 0.9041, eval anchor loss: 0.1727, backdoor acc: 0.0000
2026-04-28 03:27:48,833 - => Stage 1 client 1 epoch 14/20, ce loss: 0.3993, train anchor loss: 0.1706, total loss: 0.5187, clean acc: 0.8989, eval anchor loss: 0.1700, backdoor acc: 0.0000
2026-04-28 03:27:53,707 - => Stage 1 client 1 epoch 15/20, ce loss: 0.3993, train anchor loss: 0.1710, total loss: 0.5190, clean acc: 0.9041, eval anchor loss: 0.1671, backdoor acc: 0.0000
2026-04-28 03:27:58,518 - => Stage 1 client 1 epoch 16/20, ce loss: 0.3983, train anchor loss: 0.1691, total loss: 0.5167, clean acc: 0.9066, eval anchor loss: 0.1651, backdoor acc: 0.0000
2026-04-28 03:28:03,216 - => Stage 1 client 1 epoch 17/20, ce loss: 0.3984, train anchor loss: 0.1686, total loss: 0.5164, clean acc: 0.8993, eval anchor loss: 0.1726, backdoor acc: 0.0000
2026-04-28 03:28:07,911 - => Stage 1 client 1 epoch 18/20, ce loss: 0.4006, train anchor loss: 0.1735, total loss: 0.5220, clean acc: 0.9018, eval anchor loss: 0.1695, backdoor acc: 0.0000
2026-04-28 03:28:12,610 - => Stage 1 client 1 epoch 19/20, ce loss: 0.3990, train anchor loss: 0.1697, total loss: 0.5178, clean acc: 0.9017, eval anchor loss: 0.1707, backdoor acc: 0.0000
2026-04-28 03:28:17,337 - => Stage 1 client 1 epoch 20/20, ce loss: 0.4010, train anchor loss: 0.1706, total loss: 0.5204, clean acc: 0.9024, eval anchor loss: 0.1654, backdoor acc: 0.0000
2026-04-28 03:28:17,374 - => Stage 1 final summary for passive client 1: best epoch: 12, clean acc: 0.9066, anchor loss: 0.1595, backdoor acc: 0.0000
2026-04-28 03:28:17,376 - => Stage 1 start for passive client 2
2026-04-28 03:28:17,377 - => Stage 1 early stop for passive client 2: patience=10, min_delta=0.000100
2026-04-28 03:28:23,085 - => Stage 1 client 2 epoch 1/20, ce loss: 0.6850, train anchor loss: 0.1872, total loss: 0.8161, clean acc: 0.6543, eval anchor loss: 0.0000, backdoor acc: 1.0000
2026-04-28 03:28:28,960 - => Stage 1 client 2 epoch 2/20, ce loss: 0.6931, train anchor loss: 0.0000, total loss: 0.6931, clean acc: 0.6543, eval anchor loss: 0.0000, backdoor acc: 1.0000
2026-04-28 03:28:34,794 - => Stage 1 client 2 epoch 3/20, ce loss: 0.6931, train anchor loss: 0.0000, total loss: 0.6931, clean acc: 0.6543, eval anchor loss: 0.0000, backdoor acc: 1.0000
2026-04-28 03:28:40,557 - => Stage 1 client 2 epoch 4/20, ce loss: 0.6931, train anchor loss: 0.0000, total loss: 0.6931, clean acc: 0.6543, eval anchor loss: 0.0000, backdoor acc: 1.0000
2026-04-28 03:28:46,520 - => Stage 1 client 2 epoch 5/20, ce loss: 0.6931, train anchor loss: 0.0000, total loss: 0.6931, clean acc: 0.6543, eval anchor loss: 0.0001, backdoor acc: 1.0000
2026-04-28 03:28:52,418 - => Stage 1 client 2 epoch 6/20, ce loss: 0.6931, train anchor loss: 0.0000, total loss: 0.6931, clean acc: 0.6543, eval anchor loss: 0.0000, backdoor acc: 1.0000
2026-04-28 03:28:58,355 - => Stage 1 client 2 epoch 7/20, ce loss: 0.6931, train anchor loss: 0.0000, total loss: 0.6931, clean acc: 0.6543, eval anchor loss: 0.0000, backdoor acc: 1.0000
2026-04-28 03:29:04,116 - => Stage 1 client 2 epoch 8/20, ce loss: 0.6931, train anchor loss: 0.0000, total loss: 0.6931, clean acc: 0.6543, eval anchor loss: 0.0000, backdoor acc: 1.0000
2026-04-28 03:29:09,950 - => Stage 1 client 2 epoch 9/20, ce loss: 0.6931, train anchor loss: 0.0000, total loss: 0.6931, clean acc: 0.6543, eval anchor loss: 0.0000, backdoor acc: 1.0000
2026-04-28 03:29:15,326 - => Stage 1 client 2 epoch 10/20, ce loss: 0.6931, train anchor loss: 0.0000, total loss: 0.6931, clean acc: 0.6543, eval anchor loss: 0.0000, backdoor acc: 1.0000
2026-04-28 03:29:21,062 - => Stage 1 client 2 epoch 11/20, ce loss: 0.6931, train anchor loss: 0.0000, total loss: 0.6931, clean acc: 0.6543, eval anchor loss: 0.0000, backdoor acc: 1.0000
2026-04-28 03:29:26,989 - => Stage 1 client 2 epoch 12/20, ce loss: 0.6931, train anchor loss: 0.0000, total loss: 0.6931, clean acc: 0.6543, eval anchor loss: 0.0000, backdoor acc: 1.0000
2026-04-28 03:29:27,004 - => Stage 1 early stop triggered for passive client 2 at epoch 12/20; best clean acc: 0.6543 at epoch 2
2026-04-28 03:29:27,012 - => Stage 1 final summary for passive client 2: best epoch: 2, clean acc: 0.6543, anchor loss: 0.0000, backdoor acc: 1.0000
2026-04-28 03:29:27,032 - => Stage 1 metrics were also saved to './results/AVGuard/threeclient_full_avguard_fixed_lambda_anchor_theta_supp_sensitivity/theta_supp_0.05/PHISHING/stage1/anchor_stage1\stage1_metrics.json'
2026-04-28 03:29:27,033 - => Saved stage1 passive-party local models and anchors to './results/AVGuard/threeclient_full_avguard_fixed_lambda_anchor_theta_supp_sensitivity/theta_supp_0.05/PHISHING/stage1/anchor_stage1'
2026-04-28 03:29:27,036 - => Saved anchor artifact to './results/AVGuard/threeclient_full_avguard_fixed_lambda_anchor_theta_supp_sensitivity/theta_supp_0.05/PHISHING/stage1/anchor_artifact.pt'
2026-04-28 03:29:27,037 - => Stage 3 is ready; it will use Stage 1 client reliability from the loaded anchor state when available. Stage 2 client anchor-loss stats are optional diagnostics.
