2026-04-28 09:02:00,891 - Namespace(config='', data_dir='./dataset/data_raw/', dataset='PHISHING', device=0, results_dir='./results/AVGuard/threeclient_full_avguard_fixed_lambda_anchor_theta_supp_sensitivity/theta_supp_0.10/PHISHING/stage1', seed=100, epoch=100, batch_size=256, client_num=3, pretrained_checkpoint='./results/AVGuard/threeclient_full_avguard_fixed_lambda_anchor_theta_supp_sensitivity/theta_supp_0.10/PHISHING/stage1\\latest_checkpoint.pth.tar', test_checkpoint=None, resume_latest=True, lr=0.003, start_epoch=0, print_steps=10, early_stop=20, attack='LFBA', target_label=None, poison_rate=0.25, poison_dimensions=30, trigger_feature_clip=1.0, attack_client_num=2, feature_extractor='', select_rate=0.3, lfba_poison_source='gradient', random_select=False, poison_all=False, anchor_idx=1000, pretrain_stage=0, mode='pretrain_anchor', defense='anchor', defense_scheme='AVGuard', enable_stage1=True, force_stage1_retrain=True, enable_anchor_loss=True, lambda_anchor=0.5, lambda_stage1_anchor=0.7, anchor_pretrain_epochs=20, anchor_pretrain_early_stop=10, anchor_pretrain_min_delta=0.0001, anchor_scale=1, anchor_margin=0, anchor_bank_path='./results/AVGuard/threeclient_full_avguard_fixed_lambda_anchor_theta_supp_sensitivity/theta_supp_0.10/PHISHING/stage1/anchor_artifact.pt', anchor_stage1_dir='./results/AVGuard/threeclient_full_avguard_fixed_lambda_anchor_theta_supp_sensitivity/theta_supp_0.10/PHISHING/stage1/anchor_stage1', anchor_ema_momentum=1.0, anchor_ema_update_freq=1, stage3_enable_joint_weighted_voting=True, stage3_enable_static_reliability=True, disable_stage3_eval=False, gamma=2.0, theta_supp=0.15, stage3_required_support_count=2, enable_conservative_correction=False, tau_corr=0.0, top_k=4, stage3_debug_batches=0, stage3_debug_max_samples=8, original_dataset='PHISHING', attack_target_label=None, anchor_margin_auto_adjusted=False, requested_anchor_margin=0)
2026-04-28 09:02:00,893 - => Defense scheme: AVGuard
2026-04-28 09:02:00,893 - => LFBA poison-set source: gradient
2026-04-28 09:02:00,893 - => Python executable: D:\python3\generative-compression-master1\KAVF\python.exe
2026-04-28 09:02:00,893 - => Torch version: 2.7.1+cu126, compiled CUDA: 12.6, cuda available: True, visible GPU count: 1
2026-04-28 09:02:00,894 - => Using GPU cuda:0 (NVIDIA GeForce RTX 4080)
2026-04-28 09:02:00,894 - => Preparing data...
2026-04-28 09:02:03,157 - => PHISHING file: ./dataset/data_raw/Phishing\PHISHING_full.csv
2026-04-28 09:02:03,158 - => PHISHING feature dim: 111, train samples: 70917, test samples: 17730
2026-04-28 09:02:03,164 - => Resolved LFBA attack target label=0 from training anchor_idx=1000
2026-04-28 09:02:03,311 - => No checkpoint found at './results/AVGuard/threeclient_full_avguard_fixed_lambda_anchor_theta_supp_sensitivity/theta_supp_0.10/PHISHING/stage1\latest_checkpoint.pth.tar'
2026-04-28 09:02:03,311 - => Enter Stage 1: passive local backbones are trained with active-party private two-layer MLP heads
2026-04-28 09:02:03,312 - => Stage 1 latest checkpoint path: './results/AVGuard/threeclient_full_avguard_fixed_lambda_anchor_theta_supp_sensitivity/theta_supp_0.10/PHISHING/stage1\latest_checkpoint.pth.tar'
2026-04-28 09:02:03,347 - =>Add Trigger to Train Data
2026-04-28 09:02:04,283 - Add Trigger to 17729 Bad Samples, 53188 Clean Samples (0.25)
2026-04-28 09:02:04,287 - =>Add Trigger to Test Data
2026-04-28 09:02:04,924 - Add Trigger to 17730 Bad Samples, 0 Clean Samples (1.00)
2026-04-28 09:02:04,930 - => Stage 1 start for passive client 0
2026-04-28 09:02:04,931 - => Stage 1 early stop for passive client 0: patience=10, min_delta=0.000100
2026-04-28 09:02:10,957 - => Stage 1 client 0 epoch 1/20, ce loss: 0.4893, train anchor loss: 0.3938, total loss: 0.7650, clean acc: 0.9093, eval anchor loss: 0.1580, backdoor acc: 0.0000
2026-04-28 09:02:16,434 - => Stage 1 client 0 epoch 2/20, ce loss: 0.3873, train anchor loss: 0.1591, total loss: 0.4987, clean acc: 0.9150, eval anchor loss: 0.1531, backdoor acc: 0.0000
2026-04-28 09:02:21,374 - => Stage 1 client 0 epoch 3/20, ce loss: 0.3861, train anchor loss: 0.1575, total loss: 0.4964, clean acc: 0.9183, eval anchor loss: 0.1467, backdoor acc: 0.0000
2026-04-28 09:02:26,361 - => Stage 1 client 0 epoch 4/20, ce loss: 0.3835, train anchor loss: 0.1542, total loss: 0.4915, clean acc: 0.9192, eval anchor loss: 0.1535, backdoor acc: 0.0000
2026-04-28 09:02:31,682 - => Stage 1 client 0 epoch 5/20, ce loss: 0.3823, train anchor loss: 0.1563, total loss: 0.4917, clean acc: 0.9182, eval anchor loss: 0.1474, backdoor acc: 0.0000
2026-04-28 09:02:36,981 - => Stage 1 client 0 epoch 6/20, ce loss: 0.3814, train anchor loss: 0.1544, total loss: 0.4895, clean acc: 0.9184, eval anchor loss: 0.1484, backdoor acc: 0.0000
2026-04-28 09:02:42,445 - => Stage 1 client 0 epoch 7/20, ce loss: 0.3815, train anchor loss: 0.1548, total loss: 0.4899, clean acc: 0.9177, eval anchor loss: 0.1509, backdoor acc: 0.0000
2026-04-28 09:02:47,788 - => Stage 1 client 0 epoch 8/20, ce loss: 0.3804, train anchor loss: 0.1546, total loss: 0.4886, clean acc: 0.9173, eval anchor loss: 0.1521, backdoor acc: 0.0000
2026-04-28 09:02:53,080 - => Stage 1 client 0 epoch 9/20, ce loss: 0.3803, train anchor loss: 0.1523, total loss: 0.4870, clean acc: 0.9208, eval anchor loss: 0.1470, backdoor acc: 0.0000
2026-04-28 09:02:58,600 - => Stage 1 client 0 epoch 10/20, ce loss: 0.3788, train anchor loss: 0.1530, total loss: 0.4859, clean acc: 0.9205, eval anchor loss: 0.1473, backdoor acc: 0.0000
2026-04-28 09:03:04,077 - => Stage 1 client 0 epoch 11/20, ce loss: 0.3791, train anchor loss: 0.1527, total loss: 0.4860, clean acc: 0.9221, eval anchor loss: 0.1407, backdoor acc: 0.0000
2026-04-28 09:03:09,426 - => Stage 1 client 0 epoch 12/20, ce loss: 0.3786, train anchor loss: 0.1527, total loss: 0.4855, clean acc: 0.9204, eval anchor loss: 0.1493, backdoor acc: 0.0000
2026-04-28 09:03:14,910 - => Stage 1 client 0 epoch 13/20, ce loss: 0.3782, train anchor loss: 0.1521, total loss: 0.4847, clean acc: 0.9223, eval anchor loss: 0.1513, backdoor acc: 0.0000
2026-04-28 09:03:20,261 - => Stage 1 client 0 epoch 14/20, ce loss: 0.3770, train anchor loss: 0.1511, total loss: 0.4827, clean acc: 0.9213, eval anchor loss: 0.1462, backdoor acc: 0.0000
2026-04-28 09:03:25,715 - => Stage 1 client 0 epoch 15/20, ce loss: 0.3764, train anchor loss: 0.1509, total loss: 0.4820, clean acc: 0.9214, eval anchor loss: 0.1472, backdoor acc: 0.0000
2026-04-28 09:03:31,126 - => Stage 1 client 0 epoch 16/20, ce loss: 0.3770, train anchor loss: 0.1518, total loss: 0.4833, clean acc: 0.9215, eval anchor loss: 0.1456, backdoor acc: 0.0000
2026-04-28 09:03:36,444 - => Stage 1 client 0 epoch 17/20, ce loss: 0.3764, train anchor loss: 0.1504, total loss: 0.4816, clean acc: 0.9219, eval anchor loss: 0.1528, backdoor acc: 0.0000
2026-04-28 09:03:41,332 - => Stage 1 client 0 epoch 18/20, ce loss: 0.3759, train anchor loss: 0.1511, total loss: 0.4817, clean acc: 0.9160, eval anchor loss: 0.1564, backdoor acc: 0.0000
2026-04-28 09:03:46,097 - => Stage 1 client 0 epoch 19/20, ce loss: 0.3763, train anchor loss: 0.1505, total loss: 0.4817, clean acc: 0.9223, eval anchor loss: 0.1460, backdoor acc: 0.0000
2026-04-28 09:03:51,391 - => Stage 1 client 0 epoch 20/20, ce loss: 0.3751, train anchor loss: 0.1497, total loss: 0.4799, clean acc: 0.9221, eval anchor loss: 0.1478, backdoor acc: 0.0000
2026-04-28 09:03:51,422 - => Stage 1 final summary for passive client 0: best epoch: 19, clean acc: 0.9223, anchor loss: 0.1460, backdoor acc: 0.0000
2026-04-28 09:03:51,424 - => Stage 1 start for passive client 1
2026-04-28 09:03:51,424 - => Stage 1 early stop for passive client 1: patience=10, min_delta=0.000100
2026-04-28 09:03:56,846 - => Stage 1 client 1 epoch 1/20, ce loss: 0.5368, train anchor loss: 0.4141, total loss: 0.8266, clean acc: 0.8917, eval anchor loss: 0.1599, backdoor acc: 0.0000
2026-04-28 09:04:02,179 - => Stage 1 client 1 epoch 2/20, ce loss: 0.4173, train anchor loss: 0.1787, total loss: 0.5424, clean acc: 0.8999, eval anchor loss: 0.1735, backdoor acc: 0.0000
2026-04-28 09:04:07,433 - => Stage 1 client 1 epoch 3/20, ce loss: 0.4059, train anchor loss: 0.1754, total loss: 0.5287, clean acc: 0.8989, eval anchor loss: 0.1723, backdoor acc: 0.0000
2026-04-28 09:04:12,327 - => Stage 1 client 1 epoch 4/20, ce loss: 0.4036, train anchor loss: 0.1735, total loss: 0.5251, clean acc: 0.9005, eval anchor loss: 0.1650, backdoor acc: 0.0000
2026-04-28 09:04:17,631 - => Stage 1 client 1 epoch 5/20, ce loss: 0.4024, train anchor loss: 0.1722, total loss: 0.5229, clean acc: 0.9003, eval anchor loss: 0.1704, backdoor acc: 0.0000
2026-04-28 09:04:22,894 - => Stage 1 client 1 epoch 6/20, ce loss: 0.4031, train anchor loss: 0.1706, total loss: 0.5225, clean acc: 0.8951, eval anchor loss: 0.1771, backdoor acc: 0.0000
2026-04-28 09:04:28,420 - => Stage 1 client 1 epoch 7/20, ce loss: 0.4023, train anchor loss: 0.1694, total loss: 0.5208, clean acc: 0.9031, eval anchor loss: 0.1651, backdoor acc: 0.0000
2026-04-28 09:04:33,850 - => Stage 1 client 1 epoch 8/20, ce loss: 0.4008, train anchor loss: 0.1684, total loss: 0.5187, clean acc: 0.9036, eval anchor loss: 0.1659, backdoor acc: 0.0000
2026-04-28 09:04:39,145 - => Stage 1 client 1 epoch 9/20, ce loss: 0.4001, train anchor loss: 0.1674, total loss: 0.5173, clean acc: 0.9069, eval anchor loss: 0.1665, backdoor acc: 0.0000
2026-04-28 09:04:44,631 - => Stage 1 client 1 epoch 10/20, ce loss: 0.3988, train anchor loss: 0.1660, total loss: 0.5149, clean acc: 0.9049, eval anchor loss: 0.1660, backdoor acc: 0.0000
2026-04-28 09:04:49,993 - => Stage 1 client 1 epoch 11/20, ce loss: 0.3997, train anchor loss: 0.1723, total loss: 0.5204, clean acc: 0.9041, eval anchor loss: 0.1668, backdoor acc: 0.0000
2026-04-28 09:04:55,187 - => Stage 1 client 1 epoch 12/20, ce loss: 0.4004, train anchor loss: 0.1707, total loss: 0.5199, clean acc: 0.9041, eval anchor loss: 0.1656, backdoor acc: 0.0000
2026-04-28 09:05:00,640 - => Stage 1 client 1 epoch 13/20, ce loss: 0.3994, train anchor loss: 0.1656, total loss: 0.5153, clean acc: 0.9057, eval anchor loss: 0.1679, backdoor acc: 0.0000
2026-04-28 09:05:05,950 - => Stage 1 client 1 epoch 14/20, ce loss: 0.3985, train anchor loss: 0.1673, total loss: 0.5156, clean acc: 0.9015, eval anchor loss: 0.1647, backdoor acc: 0.0000
2026-04-28 09:05:11,234 - => Stage 1 client 1 epoch 15/20, ce loss: 0.3966, train anchor loss: 0.1641, total loss: 0.5115, clean acc: 0.9080, eval anchor loss: 0.1605, backdoor acc: 0.0000
2026-04-28 09:05:16,679 - => Stage 1 client 1 epoch 16/20, ce loss: 0.3975, train anchor loss: 0.1674, total loss: 0.5146, clean acc: 0.9034, eval anchor loss: 0.1676, backdoor acc: 0.0000
2026-04-28 09:05:21,434 - => Stage 1 client 1 epoch 17/20, ce loss: 0.3991, train anchor loss: 0.1699, total loss: 0.5180, clean acc: 0.8995, eval anchor loss: 0.1727, backdoor acc: 0.0000
2026-04-28 09:05:26,694 - => Stage 1 client 1 epoch 18/20, ce loss: 0.3995, train anchor loss: 0.1705, total loss: 0.5188, clean acc: 0.9026, eval anchor loss: 0.1681, backdoor acc: 0.0000
2026-04-28 09:05:31,513 - => Stage 1 client 1 epoch 19/20, ce loss: 0.3982, train anchor loss: 0.1699, total loss: 0.5172, clean acc: 0.9047, eval anchor loss: 0.1672, backdoor acc: 0.0000
2026-04-28 09:05:36,316 - => Stage 1 client 1 epoch 20/20, ce loss: 0.3996, train anchor loss: 0.1694, total loss: 0.5182, clean acc: 0.9060, eval anchor loss: 0.1648, backdoor acc: 0.0000
2026-04-28 09:05:36,337 - => Stage 1 final summary for passive client 1: best epoch: 15, clean acc: 0.9080, anchor loss: 0.1605, backdoor acc: 0.0000
2026-04-28 09:05:36,339 - => Stage 1 start for passive client 2
2026-04-28 09:05:36,339 - => Stage 1 early stop for passive client 2: patience=10, min_delta=0.000100
2026-04-28 09:05:42,097 - => Stage 1 client 2 epoch 1/20, ce loss: 0.6850, train anchor loss: 0.1872, total loss: 0.8161, clean acc: 0.6543, eval anchor loss: 0.0000, backdoor acc: 1.0000
2026-04-28 09:05:47,981 - => Stage 1 client 2 epoch 2/20, ce loss: 0.6931, train anchor loss: 0.0000, total loss: 0.6931, clean acc: 0.6543, eval anchor loss: 0.0000, backdoor acc: 1.0000
2026-04-28 09:05:53,732 - => Stage 1 client 2 epoch 3/20, ce loss: 0.6931, train anchor loss: 0.0000, total loss: 0.6931, clean acc: 0.6543, eval anchor loss: 0.0000, backdoor acc: 1.0000
2026-04-28 09:05:59,566 - => Stage 1 client 2 epoch 4/20, ce loss: 0.6931, train anchor loss: 0.0000, total loss: 0.6931, clean acc: 0.6543, eval anchor loss: 0.0000, backdoor acc: 1.0000
2026-04-28 09:06:05,527 - => Stage 1 client 2 epoch 5/20, ce loss: 0.6931, train anchor loss: 0.0000, total loss: 0.6931, clean acc: 0.6543, eval anchor loss: 0.0001, backdoor acc: 1.0000
2026-04-28 09:06:11,197 - => Stage 1 client 2 epoch 6/20, ce loss: 0.6931, train anchor loss: 0.0000, total loss: 0.6931, clean acc: 0.6543, eval anchor loss: 0.0000, backdoor acc: 1.0000
2026-04-28 09:06:16,573 - => Stage 1 client 2 epoch 7/20, ce loss: 0.6931, train anchor loss: 0.0000, total loss: 0.6931, clean acc: 0.6543, eval anchor loss: 0.0000, backdoor acc: 1.0000
2026-04-28 09:06:22,374 - => Stage 1 client 2 epoch 8/20, ce loss: 0.6931, train anchor loss: 0.0000, total loss: 0.6931, clean acc: 0.6543, eval anchor loss: 0.0000, backdoor acc: 1.0000
2026-04-28 09:06:28,116 - => Stage 1 client 2 epoch 9/20, ce loss: 0.6931, train anchor loss: 0.0000, total loss: 0.6931, clean acc: 0.6543, eval anchor loss: 0.0000, backdoor acc: 1.0000
2026-04-28 09:06:34,013 - => Stage 1 client 2 epoch 10/20, ce loss: 0.6931, train anchor loss: 0.0000, total loss: 0.6931, clean acc: 0.6543, eval anchor loss: 0.0000, backdoor acc: 1.0000
2026-04-28 09:06:39,813 - => Stage 1 client 2 epoch 11/20, ce loss: 0.6931, train anchor loss: 0.0000, total loss: 0.6931, clean acc: 0.6543, eval anchor loss: 0.0000, backdoor acc: 1.0000
2026-04-28 09:06:45,729 - => Stage 1 client 2 epoch 12/20, ce loss: 0.6931, train anchor loss: 0.0000, total loss: 0.6931, clean acc: 0.6543, eval anchor loss: 0.0000, backdoor acc: 1.0000
2026-04-28 09:06:51,373 - => Stage 1 client 2 epoch 13/20, ce loss: 0.6931, train anchor loss: 0.0000, total loss: 0.6931, clean acc: 0.6543, eval anchor loss: 0.0000, backdoor acc: 1.0000
2026-04-28 09:06:56,585 - => Stage 1 client 2 epoch 14/20, ce loss: 0.6931, train anchor loss: 0.0000, total loss: 0.6931, clean acc: 0.6543, eval anchor loss: 0.0000, backdoor acc: 1.0000
2026-04-28 09:07:02,412 - => Stage 1 client 2 epoch 15/20, ce loss: 0.6931, train anchor loss: 0.0000, total loss: 0.6931, clean acc: 0.6543, eval anchor loss: 0.0000, backdoor acc: 1.0000
2026-04-28 09:07:08,028 - => Stage 1 client 2 epoch 16/20, ce loss: 0.6931, train anchor loss: 0.0000, total loss: 0.6931, clean acc: 0.6543, eval anchor loss: 0.0000, backdoor acc: 1.0000
2026-04-28 09:07:13,408 - => Stage 1 client 2 epoch 17/20, ce loss: 0.6931, train anchor loss: 0.0000, total loss: 0.6931, clean acc: 0.6543, eval anchor loss: 0.0000, backdoor acc: 1.0000
2026-04-28 09:07:19,152 - => Stage 1 client 2 epoch 18/20, ce loss: 0.6931, train anchor loss: 0.0000, total loss: 0.6931, clean acc: 0.6543, eval anchor loss: 0.0000, backdoor acc: 1.0000
2026-04-28 09:07:25,022 - => Stage 1 client 2 epoch 19/20, ce loss: 0.6931, train anchor loss: 0.0000, total loss: 0.6931, clean acc: 0.6543, eval anchor loss: 0.0000, backdoor acc: 1.0000
2026-04-28 09:07:30,782 - => Stage 1 client 2 epoch 20/20, ce loss: 0.6931, train anchor loss: 0.0000, total loss: 0.6931, clean acc: 0.6543, eval anchor loss: 0.0000, backdoor acc: 1.0000
2026-04-28 09:07:30,816 - => Stage 1 final summary for passive client 2: best epoch: 16, clean acc: 0.6543, anchor loss: 0.0000, backdoor acc: 1.0000
2026-04-28 09:07:30,847 - => Stage 1 metrics were also saved to './results/AVGuard/threeclient_full_avguard_fixed_lambda_anchor_theta_supp_sensitivity/theta_supp_0.10/PHISHING/stage1/anchor_stage1\stage1_metrics.json'
2026-04-28 09:07:30,848 - => Saved stage1 passive-party local models and anchors to './results/AVGuard/threeclient_full_avguard_fixed_lambda_anchor_theta_supp_sensitivity/theta_supp_0.10/PHISHING/stage1/anchor_stage1'
2026-04-28 09:07:30,851 - => Saved anchor artifact to './results/AVGuard/threeclient_full_avguard_fixed_lambda_anchor_theta_supp_sensitivity/theta_supp_0.10/PHISHING/stage1/anchor_artifact.pt'
2026-04-28 09:07:30,852 - => Stage 3 is ready; it will use Stage 1 client reliability from the loaded anchor state when available. Stage 2 client anchor-loss stats are optional diagnostics.
