2026-04-29 01:11:10,529 - Namespace(config='', data_dir='./dataset/data_raw/', dataset='NUSWIDE', device=0, results_dir='./results/AVGuard/threeclient_full_avguard_fixed_lambda_anchor_theta_supp_sensitivity/theta_supp_0.25/NUSWIDE/stage1', seed=100, epoch=100, batch_size=256, client_num=3, pretrained_checkpoint='./results/AVGuard/threeclient_full_avguard_fixed_lambda_anchor_theta_supp_sensitivity/theta_supp_0.25/NUSWIDE/stage1\\latest_checkpoint.pth.tar', test_checkpoint=None, resume_latest=True, lr=0.001, start_epoch=0, print_steps=10, early_stop=20, attack='LFBA', target_label=None, poison_rate=0.1, poison_dimensions=10, trigger_feature_clip=1.0, attack_client_num=2, feature_extractor='', select_rate=0.3, lfba_poison_source='gradient', random_select=False, poison_all=False, anchor_idx=33930, pretrain_stage=0, mode='pretrain_anchor', defense='anchor', defense_scheme='AVGuard', enable_stage1=True, force_stage1_retrain=True, enable_anchor_loss=True, lambda_anchor=0.5, lambda_stage1_anchor=0.3, anchor_pretrain_epochs=20, anchor_pretrain_early_stop=10, anchor_pretrain_min_delta=0.0001, anchor_scale=1, anchor_margin=0, anchor_bank_path='./results/AVGuard/threeclient_full_avguard_fixed_lambda_anchor_theta_supp_sensitivity/theta_supp_0.25/NUSWIDE/stage1/anchor_bank.pt', anchor_stage1_dir='./results/AVGuard/threeclient_full_avguard_fixed_lambda_anchor_theta_supp_sensitivity/theta_supp_0.25/NUSWIDE/stage1/anchor_stage1', anchor_ema_momentum=1.0, anchor_ema_update_freq=1, stage3_enable_joint_weighted_voting=True, stage3_enable_static_reliability=True, disable_stage3_eval=False, gamma=2.0, theta_supp=0.15, stage3_required_support_count=2, enable_conservative_correction=False, tau_corr=0.0, top_k=4, stage3_debug_batches=0, stage3_debug_max_samples=8, original_dataset='NUSWIDE', attack_target_label=None, anchor_margin_auto_adjusted=False, requested_anchor_margin=0)
2026-04-29 01:11:10,532 - => Defense scheme: AVGuard
2026-04-29 01:11:10,533 - => LFBA poison-set source: gradient
2026-04-29 01:11:10,534 - => Python executable: D:\python3\generative-compression-master1\KAVF\python.exe
2026-04-29 01:11:10,535 - => Torch version: 2.7.1+cu126, compiled CUDA: 12.6, cuda available: True, visible GPU count: 1
2026-04-29 01:11:10,535 - => Using GPU cuda:0 (NVIDIA GeForce RTX 4080)
2026-04-29 01:11:10,536 - => Preparing data...
2026-04-29 01:12:02,710 - => NUSWIDE total feature dim: 1634, client_num: 3, local output dims: [60, 24, 16]
2026-04-29 01:12:02,711 - => NUSWIDE fixed feature order: [CH | CM55 | CORR | EDH | WT | Tags1k]
2026-04-29 01:12:02,711 - => NUSWIDE split: client0 = TEXT[1000]
2026-04-29 01:12:02,712 - => NUSWIDE split: client1 = CH + CM55 + EDH [362]
2026-04-29 01:12:02,712 - => NUSWIDE split: client2 = CORR + WT [272]
2026-04-29 01:12:02,712 - => NUSWIDE attacker client: client2
2026-04-29 01:12:02,950 - => Resolved LFBA attack target label=3 from training anchor_idx=33930
2026-04-29 01:12:03,187 - => No checkpoint found at './results/AVGuard/threeclient_full_avguard_fixed_lambda_anchor_theta_supp_sensitivity/theta_supp_0.25/NUSWIDE/stage1\latest_checkpoint.pth.tar'
2026-04-29 01:12:03,188 - => Enter Stage 1: passive local backbones are trained with active-party private two-layer MLP heads
2026-04-29 01:12:03,189 - => Stage 1 latest checkpoint path: './results/AVGuard/threeclient_full_avguard_fixed_lambda_anchor_theta_supp_sensitivity/theta_supp_0.25/NUSWIDE/stage1\latest_checkpoint.pth.tar'
2026-04-29 01:12:03,978 - =>Add Trigger to Train Data
2026-04-29 01:12:04,408 - Add Trigger to 6996 Bad Samples, 62970 Clean Samples (0.10)
2026-04-29 01:12:04,535 - =>Add Trigger to Test Data
2026-04-29 01:12:06,450 - Add Trigger to 46693 Bad Samples, 0 Clean Samples (1.00)
2026-04-29 01:12:06,521 - => Stage 1 start for passive client 0
2026-04-29 01:12:06,522 - => Stage 1 early stop for passive client 0: patience=10, min_delta=0.000100
2026-04-29 01:12:14,679 - => Stage 1 client 0 epoch 1/20, ce loss: 1.1635, train anchor loss: 0.5805, total loss: 1.3377, clean acc: 0.8241, eval anchor loss: 0.3986, backdoor acc: 0.0000
2026-04-29 01:12:21,891 - => Stage 1 client 0 epoch 2/20, ce loss: 1.0109, train anchor loss: 0.3867, total loss: 1.1269, clean acc: 0.8268, eval anchor loss: 0.4069, backdoor acc: 0.0000
2026-04-29 01:12:29,821 - => Stage 1 client 0 epoch 3/20, ce loss: 0.9890, train anchor loss: 0.3652, total loss: 1.0986, clean acc: 0.8284, eval anchor loss: 0.4143, backdoor acc: 0.0000
2026-04-29 01:12:37,512 - => Stage 1 client 0 epoch 4/20, ce loss: 0.9783, train anchor loss: 0.3499, total loss: 1.0833, clean acc: 0.8284, eval anchor loss: 0.4154, backdoor acc: 0.0000
2026-04-29 01:12:45,281 - => Stage 1 client 0 epoch 5/20, ce loss: 0.9673, train anchor loss: 0.3323, total loss: 1.0670, clean acc: 0.8275, eval anchor loss: 0.4272, backdoor acc: 0.0000
2026-04-29 01:12:52,918 - => Stage 1 client 0 epoch 6/20, ce loss: 0.9594, train anchor loss: 0.3193, total loss: 1.0552, clean acc: 0.8260, eval anchor loss: 0.4347, backdoor acc: 0.0000
2026-04-29 01:13:00,804 - => Stage 1 client 0 epoch 7/20, ce loss: 0.9540, train anchor loss: 0.3111, total loss: 1.0473, clean acc: 0.8262, eval anchor loss: 0.4321, backdoor acc: 0.0000
2026-04-29 01:13:08,415 - => Stage 1 client 0 epoch 8/20, ce loss: 0.9501, train anchor loss: 0.3038, total loss: 1.0412, clean acc: 0.8257, eval anchor loss: 0.4340, backdoor acc: 0.0000
2026-04-29 01:13:15,871 - => Stage 1 client 0 epoch 9/20, ce loss: 0.9477, train anchor loss: 0.3005, total loss: 1.0378, clean acc: 0.8244, eval anchor loss: 0.4429, backdoor acc: 0.0000
2026-04-29 01:13:23,654 - => Stage 1 client 0 epoch 10/20, ce loss: 0.9447, train anchor loss: 0.2960, total loss: 1.0335, clean acc: 0.8252, eval anchor loss: 0.4338, backdoor acc: 0.0000
2026-04-29 01:13:31,447 - => Stage 1 client 0 epoch 11/20, ce loss: 0.9419, train anchor loss: 0.2899, total loss: 1.0288, clean acc: 0.8269, eval anchor loss: 0.4403, backdoor acc: 0.0000
2026-04-29 01:13:39,284 - => Stage 1 client 0 epoch 12/20, ce loss: 0.9408, train anchor loss: 0.2887, total loss: 1.0274, clean acc: 0.8273, eval anchor loss: 0.4393, backdoor acc: 0.0000
2026-04-29 01:13:46,894 - => Stage 1 client 0 epoch 13/20, ce loss: 0.9400, train anchor loss: 0.2869, total loss: 1.0261, clean acc: 0.8260, eval anchor loss: 0.4401, backdoor acc: 0.0000
2026-04-29 01:13:46,942 - => Stage 1 early stop triggered for passive client 0 at epoch 13/20; best clean acc: 0.8284 at epoch 3
2026-04-29 01:13:46,957 - => Stage 1 final summary for passive client 0: best epoch: 3, clean acc: 0.8284, anchor loss: 0.4143, backdoor acc: 0.0000
2026-04-29 01:13:46,959 - => Stage 1 start for passive client 1
2026-04-29 01:13:46,959 - => Stage 1 early stop for passive client 1: patience=10, min_delta=0.000100
2026-04-29 01:13:54,779 - => Stage 1 client 1 epoch 1/20, ce loss: 1.2695, train anchor loss: 0.7723, total loss: 1.5012, clean acc: 0.6771, eval anchor loss: 0.5163, backdoor acc: 0.0000
2026-04-29 01:14:02,271 - => Stage 1 client 1 epoch 2/20, ce loss: 1.1740, train anchor loss: 0.5074, total loss: 1.3263, clean acc: 0.6942, eval anchor loss: 0.5315, backdoor acc: 0.0000
2026-04-29 01:14:09,883 - => Stage 1 client 1 epoch 3/20, ce loss: 1.1396, train anchor loss: 0.5131, total loss: 1.2935, clean acc: 0.7032, eval anchor loss: 0.5536, backdoor acc: 0.0000
2026-04-29 01:14:17,362 - => Stage 1 client 1 epoch 4/20, ce loss: 1.1196, train anchor loss: 0.5116, total loss: 1.2731, clean acc: 0.7042, eval anchor loss: 0.5647, backdoor acc: 0.0000
2026-04-29 01:14:25,032 - => Stage 1 client 1 epoch 5/20, ce loss: 1.1067, train anchor loss: 0.5020, total loss: 1.2573, clean acc: 0.7081, eval anchor loss: 0.5604, backdoor acc: 0.0000
2026-04-29 01:14:32,656 - => Stage 1 client 1 epoch 6/20, ce loss: 1.0945, train anchor loss: 0.4919, total loss: 1.2421, clean acc: 0.7053, eval anchor loss: 0.5811, backdoor acc: 0.0000
2026-04-29 01:14:40,133 - => Stage 1 client 1 epoch 7/20, ce loss: 1.0835, train anchor loss: 0.4842, total loss: 1.2288, clean acc: 0.7096, eval anchor loss: 0.5846, backdoor acc: 0.0000
2026-04-29 01:14:47,751 - => Stage 1 client 1 epoch 8/20, ce loss: 1.0735, train anchor loss: 0.4741, total loss: 1.2157, clean acc: 0.7079, eval anchor loss: 0.5900, backdoor acc: 0.0000
2026-04-29 01:14:55,248 - => Stage 1 client 1 epoch 9/20, ce loss: 1.0653, train anchor loss: 0.4675, total loss: 1.2055, clean acc: 0.7080, eval anchor loss: 0.5983, backdoor acc: 0.0000
2026-04-29 01:15:02,833 - => Stage 1 client 1 epoch 10/20, ce loss: 1.0583, train anchor loss: 0.4582, total loss: 1.1957, clean acc: 0.7104, eval anchor loss: 0.6073, backdoor acc: 0.0000
2026-04-29 01:15:10,303 - => Stage 1 client 1 epoch 11/20, ce loss: 1.0511, train anchor loss: 0.4506, total loss: 1.1863, clean acc: 0.7073, eval anchor loss: 0.6154, backdoor acc: 0.0000
2026-04-29 01:15:18,158 - => Stage 1 client 1 epoch 12/20, ce loss: 1.0463, train anchor loss: 0.4447, total loss: 1.1797, clean acc: 0.7094, eval anchor loss: 0.6117, backdoor acc: 0.0000
2026-04-29 01:15:25,735 - => Stage 1 client 1 epoch 13/20, ce loss: 1.0385, train anchor loss: 0.4338, total loss: 1.1687, clean acc: 0.7061, eval anchor loss: 0.6247, backdoor acc: 0.0000
2026-04-29 01:15:33,261 - => Stage 1 client 1 epoch 14/20, ce loss: 1.0329, train anchor loss: 0.4274, total loss: 1.1611, clean acc: 0.7082, eval anchor loss: 0.6303, backdoor acc: 0.0000
2026-04-29 01:15:40,830 - => Stage 1 client 1 epoch 15/20, ce loss: 1.0317, train anchor loss: 0.4259, total loss: 1.1595, clean acc: 0.7051, eval anchor loss: 0.6340, backdoor acc: 0.0000
2026-04-29 01:15:48,584 - => Stage 1 client 1 epoch 16/20, ce loss: 1.0248, train anchor loss: 0.4180, total loss: 1.1502, clean acc: 0.7045, eval anchor loss: 0.6420, backdoor acc: 0.0000
2026-04-29 01:15:56,211 - => Stage 1 client 1 epoch 17/20, ce loss: 1.0230, train anchor loss: 0.4150, total loss: 1.1475, clean acc: 0.7065, eval anchor loss: 0.6464, backdoor acc: 0.0000
2026-04-29 01:16:03,782 - => Stage 1 client 1 epoch 18/20, ce loss: 1.0172, train anchor loss: 0.4068, total loss: 1.1393, clean acc: 0.7043, eval anchor loss: 0.6483, backdoor acc: 0.0000
2026-04-29 01:16:11,429 - => Stage 1 client 1 epoch 19/20, ce loss: 1.0154, train anchor loss: 0.4041, total loss: 1.1367, clean acc: 0.7047, eval anchor loss: 0.6482, backdoor acc: 0.0000
2026-04-29 01:16:18,963 - => Stage 1 client 1 epoch 20/20, ce loss: 1.0099, train anchor loss: 0.3968, total loss: 1.1290, clean acc: 0.7040, eval anchor loss: 0.6526, backdoor acc: 0.0000
2026-04-29 01:16:18,989 - => Stage 1 early stop triggered for passive client 1 at epoch 20/20; best clean acc: 0.7104 at epoch 10
2026-04-29 01:16:19,002 - => Stage 1 final summary for passive client 1: best epoch: 10, clean acc: 0.7104, anchor loss: 0.6073, backdoor acc: 0.0000
2026-04-29 01:16:19,004 - => Stage 1 start for passive client 2
2026-04-29 01:16:19,005 - => Stage 1 early stop for passive client 2: patience=10, min_delta=0.000100
2026-04-29 01:16:28,297 - => Stage 1 client 2 epoch 1/20, ce loss: 1.2435, train anchor loss: 0.7784, total loss: 1.4770, clean acc: 0.6592, eval anchor loss: 0.5702, backdoor acc: 0.9985
2026-04-29 01:16:37,600 - => Stage 1 client 2 epoch 2/20, ce loss: 1.1591, train anchor loss: 0.4899, total loss: 1.3061, clean acc: 0.6870, eval anchor loss: 0.5423, backdoor acc: 0.9993
2026-04-29 01:16:46,998 - => Stage 1 client 2 epoch 3/20, ce loss: 1.1304, train anchor loss: 0.4884, total loss: 1.2769, clean acc: 0.6898, eval anchor loss: 0.5789, backdoor acc: 0.9992
2026-04-29 01:16:56,230 - => Stage 1 client 2 epoch 4/20, ce loss: 1.1096, train anchor loss: 0.4964, total loss: 1.2585, clean acc: 0.6964, eval anchor loss: 0.5892, backdoor acc: 0.9989
2026-04-29 01:17:05,605 - => Stage 1 client 2 epoch 5/20, ce loss: 1.0973, train anchor loss: 0.4987, total loss: 1.2469, clean acc: 0.7029, eval anchor loss: 0.5877, backdoor acc: 0.9995
2026-04-29 01:17:14,952 - => Stage 1 client 2 epoch 6/20, ce loss: 1.0879, train anchor loss: 0.4929, total loss: 1.2358, clean acc: 0.7077, eval anchor loss: 0.5857, backdoor acc: 0.9995
2026-04-29 01:17:24,221 - => Stage 1 client 2 epoch 7/20, ce loss: 1.0819, train anchor loss: 0.4878, total loss: 1.2282, clean acc: 0.7057, eval anchor loss: 0.5994, backdoor acc: 0.9997
2026-04-29 01:17:33,552 - => Stage 1 client 2 epoch 8/20, ce loss: 1.0769, train anchor loss: 0.4838, total loss: 1.2220, clean acc: 0.7072, eval anchor loss: 0.5978, backdoor acc: 0.9995
2026-04-29 01:17:43,101 - => Stage 1 client 2 epoch 9/20, ce loss: 1.0721, train anchor loss: 0.4768, total loss: 1.2151, clean acc: 0.7142, eval anchor loss: 0.5903, backdoor acc: 0.9995
2026-04-29 01:17:52,337 - => Stage 1 client 2 epoch 10/20, ce loss: 1.0668, train anchor loss: 0.4733, total loss: 1.2088, clean acc: 0.7142, eval anchor loss: 0.5905, backdoor acc: 0.9992
2026-04-29 01:18:01,730 - => Stage 1 client 2 epoch 11/20, ce loss: 1.0636, train anchor loss: 0.4698, total loss: 1.2045, clean acc: 0.7101, eval anchor loss: 0.6021, backdoor acc: 0.9988
2026-04-29 01:18:10,962 - => Stage 1 client 2 epoch 12/20, ce loss: 1.0614, train anchor loss: 0.4662, total loss: 1.2013, clean acc: 0.7084, eval anchor loss: 0.6021, backdoor acc: 0.9991
2026-04-29 01:18:20,276 - => Stage 1 client 2 epoch 13/20, ce loss: 1.0562, train anchor loss: 0.4611, total loss: 1.1946, clean acc: 0.7118, eval anchor loss: 0.6014, backdoor acc: 0.9987
2026-04-29 01:18:29,547 - => Stage 1 client 2 epoch 14/20, ce loss: 1.0542, train anchor loss: 0.4580, total loss: 1.1916, clean acc: 0.7153, eval anchor loss: 0.6005, backdoor acc: 0.9989
2026-04-29 01:18:38,845 - => Stage 1 client 2 epoch 15/20, ce loss: 1.0502, train anchor loss: 0.4541, total loss: 1.1864, clean acc: 0.7111, eval anchor loss: 0.6077, backdoor acc: 0.9995
2026-04-29 01:18:48,187 - => Stage 1 client 2 epoch 16/20, ce loss: 1.0489, train anchor loss: 0.4524, total loss: 1.1846, clean acc: 0.7120, eval anchor loss: 0.6088, backdoor acc: 0.9986
2026-04-29 01:18:57,588 - => Stage 1 client 2 epoch 17/20, ce loss: 1.0467, train anchor loss: 0.4503, total loss: 1.1818, clean acc: 0.7126, eval anchor loss: 0.5998, backdoor acc: 0.9994
2026-04-29 01:19:06,844 - => Stage 1 client 2 epoch 18/20, ce loss: 1.0422, train anchor loss: 0.4420, total loss: 1.1748, clean acc: 0.7129, eval anchor loss: 0.6128, backdoor acc: 0.9995
2026-04-29 01:19:16,222 - => Stage 1 client 2 epoch 19/20, ce loss: 1.0403, train anchor loss: 0.4426, total loss: 1.1730, clean acc: 0.7154, eval anchor loss: 0.6079, backdoor acc: 0.9991
2026-04-29 01:19:25,403 - => Stage 1 client 2 epoch 20/20, ce loss: 1.0394, train anchor loss: 0.4401, total loss: 1.1714, clean acc: 0.7112, eval anchor loss: 0.6158, backdoor acc: 0.9986
2026-04-29 01:19:25,450 - => Stage 1 final summary for passive client 2: best epoch: 14, clean acc: 0.7153, anchor loss: 0.6005, backdoor acc: 0.9989
2026-04-29 01:19:25,479 - => Stage 1 metrics were also saved to './results/AVGuard/threeclient_full_avguard_fixed_lambda_anchor_theta_supp_sensitivity/theta_supp_0.25/NUSWIDE/stage1/anchor_stage1\stage1_metrics.json'
2026-04-29 01:19:25,480 - => Saved stage1 passive-party local models and anchors to './results/AVGuard/threeclient_full_avguard_fixed_lambda_anchor_theta_supp_sensitivity/theta_supp_0.25/NUSWIDE/stage1/anchor_stage1'
2026-04-29 01:19:25,483 - => Saved anchor artifact to './results/AVGuard/threeclient_full_avguard_fixed_lambda_anchor_theta_supp_sensitivity/theta_supp_0.25/NUSWIDE/stage1/anchor_bank.pt'
2026-04-29 01:19:25,484 - => Stage 3 is ready; it will use Stage 1 client reliability from the loaded anchor state when available. Stage 2 client anchor-loss stats are optional diagnostics.
