2026-04-28 20:12:29,019 - Namespace(config='', data_dir='./dataset/data_raw/', dataset='CIFAR10', device=0, results_dir='./results/AVGuard/threeclient_full_avguard_fixed_lambda_anchor_theta_supp_sensitivity/theta_supp_0.25/CIFAR10/stage1', seed=100, epoch=100, batch_size=256, client_num=3, pretrained_checkpoint='./results/AVGuard/threeclient_full_avguard_fixed_lambda_anchor_theta_supp_sensitivity/theta_supp_0.25/CIFAR10/stage1\\latest_checkpoint.pth.tar', test_checkpoint=None, resume_latest=True, lr=0.001, start_epoch=0, print_steps=10, early_stop=20, attack='LFBA', target_label=None, poison_rate=0.05, poison_dimensions=5, trigger_feature_clip=1.0, attack_client_num=2, feature_extractor='', select_rate=0.5, lfba_poison_source='gradient', random_select=False, poison_all=False, anchor_idx=23470, pretrain_stage=0, mode='pretrain_anchor', defense='anchor', defense_scheme='AVGuard', enable_stage1=True, force_stage1_retrain=True, enable_anchor_loss=True, lambda_anchor=0.5, lambda_stage1_anchor=0.5, anchor_pretrain_epochs=50, anchor_pretrain_early_stop=10, anchor_pretrain_min_delta=0.0001, anchor_scale=16, anchor_margin=0, anchor_bank_path='./results/AVGuard/threeclient_full_avguard_fixed_lambda_anchor_theta_supp_sensitivity/theta_supp_0.25/CIFAR10/stage1/anchor_bank.pt', anchor_stage1_dir='./results/AVGuard/threeclient_full_avguard_fixed_lambda_anchor_theta_supp_sensitivity/theta_supp_0.25/CIFAR10/stage1/anchor_stage1', anchor_ema_momentum=1.0, anchor_ema_update_freq=1, stage3_enable_joint_weighted_voting=True, stage3_enable_static_reliability=True, disable_stage3_eval=False, gamma=2.0, theta_supp=0.15, stage3_required_support_count=2, enable_conservative_correction=False, tau_corr=0.0, top_k=4, stage3_debug_batches=0, stage3_debug_max_samples=8, original_dataset='CIFAR10', attack_target_label=None, anchor_margin_auto_adjusted=False, requested_anchor_margin=0)
2026-04-28 20:12:29,021 - => Defense scheme: AVGuard
2026-04-28 20:12:29,022 - => LFBA poison-set source: gradient
2026-04-28 20:12:29,023 - => Python executable: D:\python3\generative-compression-master1\KAVF\python.exe
2026-04-28 20:12:29,023 - => Torch version: 2.7.1+cu126, compiled CUDA: 12.6, cuda available: True, visible GPU count: 1
2026-04-28 20:12:29,024 - => Using GPU cuda:0 (NVIDIA GeForce RTX 4080)
2026-04-28 20:12:29,025 - => Preparing data...
2026-04-28 20:12:30,855 - => Resolved LFBA attack target label=6 from training anchor_idx=23470
2026-04-28 20:12:32,105 - => No checkpoint found at './results/AVGuard/threeclient_full_avguard_fixed_lambda_anchor_theta_supp_sensitivity/theta_supp_0.25/CIFAR10/stage1\latest_checkpoint.pth.tar'
2026-04-28 20:12:32,106 - => Enter Stage 1: passive local backbones are trained with active-party private two-layer MLP heads
2026-04-28 20:12:32,107 - => Stage 1 latest checkpoint path: './results/AVGuard/threeclient_full_avguard_fixed_lambda_anchor_theta_supp_sensitivity/theta_supp_0.25/CIFAR10/stage1\latest_checkpoint.pth.tar'
2026-04-28 20:12:32,396 - =>Add Trigger to Train Data
2026-04-28 20:12:32,414 - Add Trigger to 2500 Poison Samples, 47500 Clean Samples (0.05)
2026-04-28 20:12:32,435 - =>Add Trigger to Test Data
2026-04-28 20:12:32,501 - Add Trigger to 10000 Poison Samples, 0 Clean Samples (1.00)
2026-04-28 20:12:32,522 - => Stage 1 start for passive client 0
2026-04-28 20:12:32,523 - => Stage 1 early stop for passive client 0: patience=10, min_delta=0.000100
2026-04-28 20:13:37,339 - => Stage 1 client 0 epoch 1/50, ce loss: 1.8767, train anchor loss: 1.2356, total loss: 2.4945, clean acc: 0.4096, eval anchor loss: 0.5787, backdoor acc: 0.0000
2026-04-28 20:14:48,803 - => Stage 1 client 0 epoch 2/50, ce loss: 1.7312, train anchor loss: 0.3212, total loss: 1.8918, clean acc: 0.4152, eval anchor loss: 0.1764, backdoor acc: 0.0000
2026-04-28 20:16:01,611 - => Stage 1 client 0 epoch 3/50, ce loss: 1.6167, train anchor loss: 0.1472, total loss: 1.6903, clean acc: 0.4613, eval anchor loss: 0.1309, backdoor acc: 0.0000
2026-04-28 20:17:14,420 - => Stage 1 client 0 epoch 4/50, ce loss: 1.5561, train anchor loss: 0.1349, total loss: 1.6235, clean acc: 0.4845, eval anchor loss: 0.1401, backdoor acc: 0.0000
2026-04-28 20:18:27,153 - => Stage 1 client 0 epoch 5/50, ce loss: 1.5137, train anchor loss: 0.1354, total loss: 1.5814, clean acc: 0.4881, eval anchor loss: 0.1321, backdoor acc: 0.0000
2026-04-28 20:19:39,898 - => Stage 1 client 0 epoch 6/50, ce loss: 1.4668, train anchor loss: 0.1367, total loss: 1.5352, clean acc: 0.4995, eval anchor loss: 0.1442, backdoor acc: 0.0000
2026-04-28 20:20:52,846 - => Stage 1 client 0 epoch 7/50, ce loss: 1.4304, train anchor loss: 0.1374, total loss: 1.4991, clean acc: 0.5253, eval anchor loss: 0.1450, backdoor acc: 0.0000
2026-04-28 20:22:05,719 - => Stage 1 client 0 epoch 8/50, ce loss: 1.3983, train anchor loss: 0.1381, total loss: 1.4674, clean acc: 0.5391, eval anchor loss: 0.1321, backdoor acc: 0.0000
2026-04-28 20:23:18,698 - => Stage 1 client 0 epoch 9/50, ce loss: 1.3707, train anchor loss: 0.1397, total loss: 1.4405, clean acc: 0.5298, eval anchor loss: 0.1487, backdoor acc: 0.0000
2026-04-28 20:24:31,572 - => Stage 1 client 0 epoch 10/50, ce loss: 1.3557, train anchor loss: 0.1400, total loss: 1.4257, clean acc: 0.5371, eval anchor loss: 0.1378, backdoor acc: 0.0000
2026-04-28 20:25:44,605 - => Stage 1 client 0 epoch 11/50, ce loss: 1.3289, train anchor loss: 0.1393, total loss: 1.3985, clean acc: 0.5510, eval anchor loss: 0.1389, backdoor acc: 0.0000
2026-04-28 20:26:57,722 - => Stage 1 client 0 epoch 12/50, ce loss: 1.3030, train anchor loss: 0.1406, total loss: 1.3734, clean acc: 0.5558, eval anchor loss: 0.1483, backdoor acc: 0.0000
2026-04-28 20:28:10,616 - => Stage 1 client 0 epoch 13/50, ce loss: 1.2937, train anchor loss: 0.1407, total loss: 1.3641, clean acc: 0.5558, eval anchor loss: 0.1475, backdoor acc: 0.0000
2026-04-28 20:29:23,806 - => Stage 1 client 0 epoch 14/50, ce loss: 1.2674, train anchor loss: 0.1412, total loss: 1.3381, clean acc: 0.5660, eval anchor loss: 0.1421, backdoor acc: 0.0000
2026-04-28 20:30:36,548 - => Stage 1 client 0 epoch 15/50, ce loss: 1.2614, train anchor loss: 0.1413, total loss: 1.3320, clean acc: 0.5790, eval anchor loss: 0.1400, backdoor acc: 0.0000
2026-04-28 20:31:49,398 - => Stage 1 client 0 epoch 16/50, ce loss: 1.2398, train anchor loss: 0.1403, total loss: 1.3099, clean acc: 0.5741, eval anchor loss: 0.1509, backdoor acc: 0.0000
2026-04-28 20:33:02,465 - => Stage 1 client 0 epoch 17/50, ce loss: 1.2223, train anchor loss: 0.1406, total loss: 1.2926, clean acc: 0.5837, eval anchor loss: 0.1492, backdoor acc: 0.0000
2026-04-28 20:34:15,643 - => Stage 1 client 0 epoch 18/50, ce loss: 1.2103, train anchor loss: 0.1399, total loss: 1.2803, clean acc: 0.5922, eval anchor loss: 0.1510, backdoor acc: 0.0000
2026-04-28 20:35:27,430 - => Stage 1 client 0 epoch 19/50, ce loss: 1.1961, train anchor loss: 0.1400, total loss: 1.2661, clean acc: 0.5910, eval anchor loss: 0.1369, backdoor acc: 0.0000
2026-04-28 20:36:40,225 - => Stage 1 client 0 epoch 20/50, ce loss: 1.1808, train anchor loss: 0.1392, total loss: 1.2504, clean acc: 0.6034, eval anchor loss: 0.1437, backdoor acc: 0.0000
2026-04-28 20:37:53,089 - => Stage 1 client 0 epoch 21/50, ce loss: 1.1726, train anchor loss: 0.1396, total loss: 1.2423, clean acc: 0.6006, eval anchor loss: 0.1418, backdoor acc: 0.0000
2026-04-28 20:39:05,965 - => Stage 1 client 0 epoch 22/50, ce loss: 1.1567, train anchor loss: 0.1394, total loss: 1.2264, clean acc: 0.6010, eval anchor loss: 0.1520, backdoor acc: 0.0000
2026-04-28 20:40:18,802 - => Stage 1 client 0 epoch 23/50, ce loss: 1.1518, train anchor loss: 0.1399, total loss: 1.2218, clean acc: 0.5996, eval anchor loss: 0.1481, backdoor acc: 0.0000
2026-04-28 20:41:31,653 - => Stage 1 client 0 epoch 24/50, ce loss: 1.1410, train anchor loss: 0.1396, total loss: 1.2108, clean acc: 0.6166, eval anchor loss: 0.1465, backdoor acc: 0.0000
2026-04-28 20:42:44,699 - => Stage 1 client 0 epoch 25/50, ce loss: 1.1283, train anchor loss: 0.1396, total loss: 1.1981, clean acc: 0.6123, eval anchor loss: 0.1439, backdoor acc: 0.0000
2026-04-28 20:43:57,472 - => Stage 1 client 0 epoch 26/50, ce loss: 1.1249, train anchor loss: 0.1398, total loss: 1.1948, clean acc: 0.6079, eval anchor loss: 0.1466, backdoor acc: 0.0000
2026-04-28 20:45:10,318 - => Stage 1 client 0 epoch 27/50, ce loss: 1.1036, train anchor loss: 0.1386, total loss: 1.1729, clean acc: 0.6073, eval anchor loss: 0.1512, backdoor acc: 0.0000
2026-04-28 20:46:23,064 - => Stage 1 client 0 epoch 28/50, ce loss: 1.1007, train anchor loss: 0.1393, total loss: 1.1704, clean acc: 0.6147, eval anchor loss: 0.1470, backdoor acc: 0.0000
2026-04-28 20:47:36,008 - => Stage 1 client 0 epoch 29/50, ce loss: 1.0919, train anchor loss: 0.1388, total loss: 1.1613, clean acc: 0.6277, eval anchor loss: 0.1388, backdoor acc: 0.0000
2026-04-28 20:48:48,799 - => Stage 1 client 0 epoch 30/50, ce loss: 1.0901, train anchor loss: 0.1394, total loss: 1.1598, clean acc: 0.6246, eval anchor loss: 0.1452, backdoor acc: 0.0000
2026-04-28 20:50:01,629 - => Stage 1 client 0 epoch 31/50, ce loss: 1.0703, train anchor loss: 0.1380, total loss: 1.1393, clean acc: 0.6289, eval anchor loss: 0.1414, backdoor acc: 0.0000
2026-04-28 20:51:13,643 - => Stage 1 client 0 epoch 32/50, ce loss: 1.0703, train anchor loss: 0.1382, total loss: 1.1394, clean acc: 0.6284, eval anchor loss: 0.1422, backdoor acc: 0.0000
2026-04-28 20:52:26,546 - => Stage 1 client 0 epoch 33/50, ce loss: 1.0569, train anchor loss: 0.1377, total loss: 1.1257, clean acc: 0.6316, eval anchor loss: 0.1480, backdoor acc: 0.0000
2026-04-28 20:53:39,348 - => Stage 1 client 0 epoch 34/50, ce loss: 1.0565, train anchor loss: 0.1383, total loss: 1.1257, clean acc: 0.6227, eval anchor loss: 0.1401, backdoor acc: 0.0000
2026-04-28 20:54:52,032 - => Stage 1 client 0 epoch 35/50, ce loss: 1.0439, train anchor loss: 0.1375, total loss: 1.1127, clean acc: 0.6339, eval anchor loss: 0.1446, backdoor acc: 0.0000
2026-04-28 20:56:04,946 - => Stage 1 client 0 epoch 36/50, ce loss: 1.0331, train anchor loss: 0.1381, total loss: 1.1021, clean acc: 0.6395, eval anchor loss: 0.1438, backdoor acc: 0.0000
2026-04-28 20:57:17,812 - => Stage 1 client 0 epoch 37/50, ce loss: 1.0229, train anchor loss: 0.1376, total loss: 1.0917, clean acc: 0.6427, eval anchor loss: 0.1393, backdoor acc: 0.0000
2026-04-28 20:58:30,705 - => Stage 1 client 0 epoch 38/50, ce loss: 1.0309, train anchor loss: 0.1380, total loss: 1.0999, clean acc: 0.6378, eval anchor loss: 0.1461, backdoor acc: 0.0000
2026-04-28 20:59:43,372 - => Stage 1 client 0 epoch 39/50, ce loss: 1.0132, train anchor loss: 0.1369, total loss: 1.0817, clean acc: 0.6429, eval anchor loss: 0.1448, backdoor acc: 0.0000
2026-04-28 21:00:56,265 - => Stage 1 client 0 epoch 40/50, ce loss: 1.0090, train anchor loss: 0.1363, total loss: 1.0772, clean acc: 0.6436, eval anchor loss: 0.1461, backdoor acc: 0.0000
2026-04-28 21:02:09,143 - => Stage 1 client 0 epoch 41/50, ce loss: 1.0095, train anchor loss: 0.1372, total loss: 1.0781, clean acc: 0.6416, eval anchor loss: 0.1426, backdoor acc: 0.0000
2026-04-28 21:03:22,014 - => Stage 1 client 0 epoch 42/50, ce loss: 0.9932, train anchor loss: 0.1356, total loss: 1.0610, clean acc: 0.6385, eval anchor loss: 0.1465, backdoor acc: 0.0000
2026-04-28 21:04:35,438 - => Stage 1 client 0 epoch 43/50, ce loss: 0.9905, train anchor loss: 0.1360, total loss: 1.0585, clean acc: 0.6485, eval anchor loss: 0.1428, backdoor acc: 0.0000
2026-04-28 21:05:48,588 - => Stage 1 client 0 epoch 44/50, ce loss: 0.9844, train anchor loss: 0.1355, total loss: 1.0522, clean acc: 0.6385, eval anchor loss: 0.1429, backdoor acc: 0.0000
2026-04-28 21:07:01,545 - => Stage 1 client 0 epoch 45/50, ce loss: 0.9782, train anchor loss: 0.1352, total loss: 1.0458, clean acc: 0.6426, eval anchor loss: 0.1544, backdoor acc: 0.0000
2026-04-28 21:08:14,688 - => Stage 1 client 0 epoch 46/50, ce loss: 0.9729, train anchor loss: 0.1359, total loss: 1.0408, clean acc: 0.6495, eval anchor loss: 0.1439, backdoor acc: 0.0000
2026-04-28 21:09:27,478 - => Stage 1 client 0 epoch 47/50, ce loss: 0.9703, train anchor loss: 0.1354, total loss: 1.0380, clean acc: 0.6470, eval anchor loss: 0.1438, backdoor acc: 0.0000
2026-04-28 21:10:40,616 - => Stage 1 client 0 epoch 48/50, ce loss: 0.9697, train anchor loss: 0.1344, total loss: 1.0369, clean acc: 0.6464, eval anchor loss: 0.1503, backdoor acc: 0.0000
2026-04-28 21:11:53,494 - => Stage 1 client 0 epoch 49/50, ce loss: 0.9583, train anchor loss: 0.1348, total loss: 1.0257, clean acc: 0.6434, eval anchor loss: 0.1510, backdoor acc: 0.0000
2026-04-28 21:13:06,618 - => Stage 1 client 0 epoch 50/50, ce loss: 0.9478, train anchor loss: 0.1334, total loss: 1.0145, clean acc: 0.6476, eval anchor loss: 0.1468, backdoor acc: 0.0000
2026-04-28 21:13:07,194 - => Stage 1 final summary for passive client 0: best epoch: 46, clean acc: 0.6495, anchor loss: 0.1439, backdoor acc: 0.0000
2026-04-28 21:13:07,237 - => Stage 1 start for passive client 1
2026-04-28 21:13:07,238 - => Stage 1 early stop for passive client 1: patience=10, min_delta=0.000100
2026-04-28 21:14:19,679 - => Stage 1 client 1 epoch 1/50, ce loss: 1.7224, train anchor loss: 1.0584, total loss: 2.2516, clean acc: 0.4673, eval anchor loss: 0.4607, backdoor acc: 0.0000
2026-04-28 21:15:32,788 - => Stage 1 client 1 epoch 2/50, ce loss: 1.5518, train anchor loss: 0.2633, total loss: 1.6835, clean acc: 0.4824, eval anchor loss: 0.1661, backdoor acc: 0.0000
2026-04-28 21:16:45,526 - => Stage 1 client 1 epoch 3/50, ce loss: 1.4329, train anchor loss: 0.1474, total loss: 1.5066, clean acc: 0.5316, eval anchor loss: 0.1474, backdoor acc: 0.0000
2026-04-28 21:17:58,676 - => Stage 1 client 1 epoch 4/50, ce loss: 1.3608, train anchor loss: 0.1403, total loss: 1.4309, clean acc: 0.5494, eval anchor loss: 0.1387, backdoor acc: 0.0000
2026-04-28 21:19:11,882 - => Stage 1 client 1 epoch 5/50, ce loss: 1.3131, train anchor loss: 0.1397, total loss: 1.3829, clean acc: 0.5693, eval anchor loss: 0.1368, backdoor acc: 0.0000
2026-04-28 21:20:24,659 - => Stage 1 client 1 epoch 6/50, ce loss: 1.2553, train anchor loss: 0.1390, total loss: 1.3249, clean acc: 0.5765, eval anchor loss: 0.1404, backdoor acc: 0.0000
2026-04-28 21:21:37,685 - => Stage 1 client 1 epoch 7/50, ce loss: 1.2284, train anchor loss: 0.1386, total loss: 1.2976, clean acc: 0.5904, eval anchor loss: 0.1390, backdoor acc: 0.0000
2026-04-28 21:22:50,914 - => Stage 1 client 1 epoch 8/50, ce loss: 1.1983, train anchor loss: 0.1386, total loss: 1.2676, clean acc: 0.6020, eval anchor loss: 0.1324, backdoor acc: 0.0000
2026-04-28 21:24:03,863 - => Stage 1 client 1 epoch 9/50, ce loss: 1.1601, train anchor loss: 0.1384, total loss: 1.2293, clean acc: 0.6177, eval anchor loss: 0.1338, backdoor acc: 0.0000
2026-04-28 21:25:16,768 - => Stage 1 client 1 epoch 10/50, ce loss: 1.1336, train anchor loss: 0.1382, total loss: 1.2027, clean acc: 0.6283, eval anchor loss: 0.1409, backdoor acc: 0.0000
2026-04-28 21:26:29,572 - => Stage 1 client 1 epoch 11/50, ce loss: 1.1036, train anchor loss: 0.1370, total loss: 1.1721, clean acc: 0.6267, eval anchor loss: 0.1438, backdoor acc: 0.0000
2026-04-28 21:27:42,685 - => Stage 1 client 1 epoch 12/50, ce loss: 1.0845, train anchor loss: 0.1377, total loss: 1.1534, clean acc: 0.6430, eval anchor loss: 0.1348, backdoor acc: 0.0000
2026-04-28 21:28:55,475 - => Stage 1 client 1 epoch 13/50, ce loss: 1.0651, train anchor loss: 0.1377, total loss: 1.1340, clean acc: 0.6397, eval anchor loss: 0.1431, backdoor acc: 0.0000
2026-04-28 21:30:08,444 - => Stage 1 client 1 epoch 14/50, ce loss: 1.0402, train anchor loss: 0.1363, total loss: 1.1084, clean acc: 0.6422, eval anchor loss: 0.1375, backdoor acc: 0.0000
2026-04-28 21:31:21,384 - => Stage 1 client 1 epoch 15/50, ce loss: 1.0356, train anchor loss: 0.1364, total loss: 1.1039, clean acc: 0.6618, eval anchor loss: 0.1308, backdoor acc: 0.0000
2026-04-28 21:32:34,472 - => Stage 1 client 1 epoch 16/50, ce loss: 1.0156, train anchor loss: 0.1354, total loss: 1.0833, clean acc: 0.6635, eval anchor loss: 0.1332, backdoor acc: 0.0000
2026-04-28 21:33:47,539 - => Stage 1 client 1 epoch 17/50, ce loss: 0.9834, train anchor loss: 0.1338, total loss: 1.0503, clean acc: 0.6440, eval anchor loss: 0.1533, backdoor acc: 0.0000
2026-04-28 21:35:00,321 - => Stage 1 client 1 epoch 18/50, ce loss: 0.9755, train anchor loss: 0.1341, total loss: 1.0426, clean acc: 0.6660, eval anchor loss: 0.1341, backdoor acc: 0.0000
2026-04-28 21:36:13,139 - => Stage 1 client 1 epoch 19/50, ce loss: 0.9632, train anchor loss: 0.1336, total loss: 1.0300, clean acc: 0.6663, eval anchor loss: 0.1418, backdoor acc: 0.0000
2026-04-28 21:37:26,069 - => Stage 1 client 1 epoch 20/50, ce loss: 0.9459, train anchor loss: 0.1318, total loss: 1.0118, clean acc: 0.6820, eval anchor loss: 0.1279, backdoor acc: 0.0000
2026-04-28 21:38:39,100 - => Stage 1 client 1 epoch 21/50, ce loss: 0.9329, train anchor loss: 0.1318, total loss: 0.9988, clean acc: 0.6744, eval anchor loss: 0.1346, backdoor acc: 0.0000
2026-04-28 21:39:51,956 - => Stage 1 client 1 epoch 22/50, ce loss: 0.9148, train anchor loss: 0.1300, total loss: 0.9798, clean acc: 0.6776, eval anchor loss: 0.1376, backdoor acc: 0.0000
2026-04-28 21:41:04,927 - => Stage 1 client 1 epoch 23/50, ce loss: 0.9076, train anchor loss: 0.1299, total loss: 0.9726, clean acc: 0.6913, eval anchor loss: 0.1331, backdoor acc: 0.0000
2026-04-28 21:42:17,872 - => Stage 1 client 1 epoch 24/50, ce loss: 0.8940, train anchor loss: 0.1301, total loss: 0.9590, clean acc: 0.6875, eval anchor loss: 0.1356, backdoor acc: 0.0000
2026-04-28 21:43:30,758 - => Stage 1 client 1 epoch 25/50, ce loss: 0.8817, train anchor loss: 0.1284, total loss: 0.9459, clean acc: 0.6801, eval anchor loss: 0.1340, backdoor acc: 0.0000
2026-04-28 21:44:42,680 - => Stage 1 client 1 epoch 26/50, ce loss: 0.8692, train anchor loss: 0.1278, total loss: 0.9331, clean acc: 0.6842, eval anchor loss: 0.1343, backdoor acc: 0.0000
2026-04-28 21:45:55,458 - => Stage 1 client 1 epoch 27/50, ce loss: 0.8560, train anchor loss: 0.1272, total loss: 0.9196, clean acc: 0.6933, eval anchor loss: 0.1338, backdoor acc: 0.0000
2026-04-28 21:47:08,596 - => Stage 1 client 1 epoch 28/50, ce loss: 0.8548, train anchor loss: 0.1278, total loss: 0.9187, clean acc: 0.6804, eval anchor loss: 0.1387, backdoor acc: 0.0000
2026-04-28 21:48:21,593 - => Stage 1 client 1 epoch 29/50, ce loss: 0.8431, train anchor loss: 0.1265, total loss: 0.9063, clean acc: 0.6970, eval anchor loss: 0.1363, backdoor acc: 0.0000
2026-04-28 21:49:34,455 - => Stage 1 client 1 epoch 30/50, ce loss: 0.8235, train anchor loss: 0.1258, total loss: 0.8864, clean acc: 0.7001, eval anchor loss: 0.1386, backdoor acc: 0.0000
2026-04-28 21:50:47,318 - => Stage 1 client 1 epoch 31/50, ce loss: 0.8102, train anchor loss: 0.1251, total loss: 0.8727, clean acc: 0.6911, eval anchor loss: 0.1358, backdoor acc: 0.0000
2026-04-28 21:52:00,130 - => Stage 1 client 1 epoch 32/50, ce loss: 0.8068, train anchor loss: 0.1248, total loss: 0.8692, clean acc: 0.6941, eval anchor loss: 0.1412, backdoor acc: 0.0000
2026-04-28 21:53:13,048 - => Stage 1 client 1 epoch 33/50, ce loss: 0.8061, train anchor loss: 0.1236, total loss: 0.8679, clean acc: 0.6995, eval anchor loss: 0.1326, backdoor acc: 0.0000
2026-04-28 21:54:26,008 - => Stage 1 client 1 epoch 34/50, ce loss: 0.7852, train anchor loss: 0.1238, total loss: 0.8471, clean acc: 0.6981, eval anchor loss: 0.1380, backdoor acc: 0.0000
2026-04-28 21:55:39,093 - => Stage 1 client 1 epoch 35/50, ce loss: 0.7803, train anchor loss: 0.1228, total loss: 0.8417, clean acc: 0.6949, eval anchor loss: 0.1418, backdoor acc: 0.0000
2026-04-28 21:56:51,964 - => Stage 1 client 1 epoch 36/50, ce loss: 0.7699, train anchor loss: 0.1213, total loss: 0.8306, clean acc: 0.7055, eval anchor loss: 0.1349, backdoor acc: 0.0000
2026-04-28 21:58:04,960 - => Stage 1 client 1 epoch 37/50, ce loss: 0.7602, train anchor loss: 0.1211, total loss: 0.8207, clean acc: 0.7003, eval anchor loss: 0.1375, backdoor acc: 0.0000
2026-04-28 21:59:17,817 - => Stage 1 client 1 epoch 38/50, ce loss: 0.7519, train anchor loss: 0.1206, total loss: 0.8122, clean acc: 0.6953, eval anchor loss: 0.1386, backdoor acc: 0.0000
2026-04-28 22:00:30,659 - => Stage 1 client 1 epoch 39/50, ce loss: 0.7501, train anchor loss: 0.1212, total loss: 0.8106, clean acc: 0.6915, eval anchor loss: 0.1418, backdoor acc: 0.0000
2026-04-28 22:01:43,654 - => Stage 1 client 1 epoch 40/50, ce loss: 0.7395, train anchor loss: 0.1195, total loss: 0.7992, clean acc: 0.7140, eval anchor loss: 0.1391, backdoor acc: 0.0000
2026-04-28 22:02:56,894 - => Stage 1 client 1 epoch 41/50, ce loss: 0.7234, train anchor loss: 0.1194, total loss: 0.7831, clean acc: 0.7059, eval anchor loss: 0.1416, backdoor acc: 0.0000
2026-04-28 22:04:10,082 - => Stage 1 client 1 epoch 42/50, ce loss: 0.7185, train anchor loss: 0.1179, total loss: 0.7774, clean acc: 0.7078, eval anchor loss: 0.1371, backdoor acc: 0.0000
2026-04-28 22:05:22,908 - => Stage 1 client 1 epoch 43/50, ce loss: 0.7129, train anchor loss: 0.1174, total loss: 0.7716, clean acc: 0.7135, eval anchor loss: 0.1338, backdoor acc: 0.0000
2026-04-28 22:06:35,833 - => Stage 1 client 1 epoch 44/50, ce loss: 0.7015, train anchor loss: 0.1168, total loss: 0.7600, clean acc: 0.7073, eval anchor loss: 0.1377, backdoor acc: 0.0000
2026-04-28 22:07:48,896 - => Stage 1 client 1 epoch 45/50, ce loss: 0.6966, train anchor loss: 0.1158, total loss: 0.7545, clean acc: 0.7085, eval anchor loss: 0.1438, backdoor acc: 0.0000
2026-04-28 22:09:02,299 - => Stage 1 client 1 epoch 46/50, ce loss: 0.6888, train anchor loss: 0.1162, total loss: 0.7469, clean acc: 0.7067, eval anchor loss: 0.1431, backdoor acc: 0.0000
2026-04-28 22:10:15,022 - => Stage 1 client 1 epoch 47/50, ce loss: 0.6921, train anchor loss: 0.1157, total loss: 0.7499, clean acc: 0.7096, eval anchor loss: 0.1378, backdoor acc: 0.0000
2026-04-28 22:11:28,106 - => Stage 1 client 1 epoch 48/50, ce loss: 0.6715, train anchor loss: 0.1150, total loss: 0.7289, clean acc: 0.7114, eval anchor loss: 0.1403, backdoor acc: 0.0000
2026-04-28 22:12:41,326 - => Stage 1 client 1 epoch 49/50, ce loss: 0.6625, train anchor loss: 0.1139, total loss: 0.7194, clean acc: 0.7127, eval anchor loss: 0.1439, backdoor acc: 0.0000
2026-04-28 22:13:54,554 - => Stage 1 client 1 epoch 50/50, ce loss: 0.6598, train anchor loss: 0.1133, total loss: 0.7164, clean acc: 0.7100, eval anchor loss: 0.1439, backdoor acc: 0.0000
2026-04-28 22:13:54,891 - => Stage 1 early stop triggered for passive client 1 at epoch 50/50; best clean acc: 0.7140 at epoch 40
2026-04-28 22:13:55,135 - => Stage 1 final summary for passive client 1: best epoch: 40, clean acc: 0.7140, anchor loss: 0.1391, backdoor acc: 0.0000
2026-04-28 22:13:55,158 - => Stage 1 start for passive client 2
2026-04-28 22:13:55,158 - => Stage 1 early stop for passive client 2: patience=10, min_delta=0.000100
2026-04-28 22:15:16,071 - => Stage 1 client 2 epoch 1/50, ce loss: 1.9123, train anchor loss: 1.1547, total loss: 2.4897, clean acc: 0.3834, eval anchor loss: 0.5157, backdoor acc: 0.2100
2026-04-28 22:16:37,040 - => Stage 1 client 2 epoch 2/50, ce loss: 1.7870, train anchor loss: 0.2847, total loss: 1.9293, clean acc: 0.4148, eval anchor loss: 0.1619, backdoor acc: 0.1471
2026-04-28 22:17:58,186 - => Stage 1 client 2 epoch 3/50, ce loss: 1.6937, train anchor loss: 0.1426, total loss: 1.7650, clean acc: 0.4587, eval anchor loss: 0.1189, backdoor acc: 0.2807
2026-04-28 22:19:18,938 - => Stage 1 client 2 epoch 4/50, ce loss: 1.6348, train anchor loss: 0.1364, total loss: 1.7030, clean acc: 0.4600, eval anchor loss: 0.1289, backdoor acc: 0.6081
2026-04-28 22:20:39,456 - => Stage 1 client 2 epoch 5/50, ce loss: 1.5850, train anchor loss: 0.1372, total loss: 1.6536, clean acc: 0.4736, eval anchor loss: 0.1264, backdoor acc: 0.9608
2026-04-28 22:22:00,213 - => Stage 1 client 2 epoch 6/50, ce loss: 1.5472, train anchor loss: 0.1394, total loss: 1.6169, clean acc: 0.4933, eval anchor loss: 0.1404, backdoor acc: 0.9836
2026-04-28 22:23:20,834 - => Stage 1 client 2 epoch 7/50, ce loss: 1.5195, train anchor loss: 0.1404, total loss: 1.5897, clean acc: 0.5101, eval anchor loss: 0.1444, backdoor acc: 0.9990
2026-04-28 22:24:41,638 - => Stage 1 client 2 epoch 8/50, ce loss: 1.4774, train anchor loss: 0.1418, total loss: 1.5483, clean acc: 0.5047, eval anchor loss: 0.1460, backdoor acc: 0.9997
2026-04-28 22:26:02,446 - => Stage 1 client 2 epoch 9/50, ce loss: 1.4552, train anchor loss: 0.1437, total loss: 1.5270, clean acc: 0.5382, eval anchor loss: 0.1312, backdoor acc: 0.9999
2026-04-28 22:27:23,165 - => Stage 1 client 2 epoch 10/50, ce loss: 1.4354, train anchor loss: 0.1435, total loss: 1.5072, clean acc: 0.5383, eval anchor loss: 0.1415, backdoor acc: 0.9998
2026-04-28 22:28:43,954 - => Stage 1 client 2 epoch 11/50, ce loss: 1.4080, train anchor loss: 0.1442, total loss: 1.4802, clean acc: 0.5262, eval anchor loss: 0.1505, backdoor acc: 1.0000
2026-04-28 22:30:04,626 - => Stage 1 client 2 epoch 12/50, ce loss: 1.3921, train anchor loss: 0.1447, total loss: 1.4645, clean acc: 0.5284, eval anchor loss: 0.1392, backdoor acc: 1.0000
2026-04-28 22:31:25,364 - => Stage 1 client 2 epoch 13/50, ce loss: 1.3866, train anchor loss: 0.1454, total loss: 1.4593, clean acc: 0.5609, eval anchor loss: 0.1370, backdoor acc: 1.0000
2026-04-28 22:32:46,195 - => Stage 1 client 2 epoch 14/50, ce loss: 1.3649, train anchor loss: 0.1454, total loss: 1.4376, clean acc: 0.5493, eval anchor loss: 0.1395, backdoor acc: 0.9998
2026-04-28 22:34:06,742 - => Stage 1 client 2 epoch 15/50, ce loss: 1.3430, train anchor loss: 0.1446, total loss: 1.4153, clean acc: 0.5691, eval anchor loss: 0.1351, backdoor acc: 1.0000
2026-04-28 22:35:27,589 - => Stage 1 client 2 epoch 16/50, ce loss: 1.3388, train anchor loss: 0.1464, total loss: 1.4120, clean acc: 0.5681, eval anchor loss: 0.1380, backdoor acc: 1.0000
2026-04-28 22:36:48,339 - => Stage 1 client 2 epoch 17/50, ce loss: 1.3188, train anchor loss: 0.1457, total loss: 1.3916, clean acc: 0.5705, eval anchor loss: 0.1454, backdoor acc: 1.0000
2026-04-28 22:38:09,330 - => Stage 1 client 2 epoch 18/50, ce loss: 1.3220, train anchor loss: 0.1452, total loss: 1.3946, clean acc: 0.5776, eval anchor loss: 0.1396, backdoor acc: 1.0000
2026-04-28 22:39:29,866 - => Stage 1 client 2 epoch 19/50, ce loss: 1.3064, train anchor loss: 0.1455, total loss: 1.3791, clean acc: 0.5760, eval anchor loss: 0.1442, backdoor acc: 1.0000
2026-04-28 22:40:50,355 - => Stage 1 client 2 epoch 20/50, ce loss: 1.2909, train anchor loss: 0.1464, total loss: 1.3641, clean acc: 0.5837, eval anchor loss: 0.1390, backdoor acc: 1.0000
2026-04-28 22:42:11,104 - => Stage 1 client 2 epoch 21/50, ce loss: 1.2770, train anchor loss: 0.1467, total loss: 1.3503, clean acc: 0.5872, eval anchor loss: 0.1364, backdoor acc: 1.0000
2026-04-28 22:43:32,197 - => Stage 1 client 2 epoch 22/50, ce loss: 1.2713, train anchor loss: 0.1461, total loss: 1.3444, clean acc: 0.5907, eval anchor loss: 0.1396, backdoor acc: 1.0000
2026-04-28 22:44:52,944 - => Stage 1 client 2 epoch 23/50, ce loss: 1.2616, train anchor loss: 0.1463, total loss: 1.3347, clean acc: 0.5848, eval anchor loss: 0.1429, backdoor acc: 1.0000
2026-04-28 22:46:14,229 - => Stage 1 client 2 epoch 24/50, ce loss: 1.2511, train anchor loss: 0.1459, total loss: 1.3241, clean acc: 0.5973, eval anchor loss: 0.1477, backdoor acc: 1.0000
2026-04-28 22:47:34,832 - => Stage 1 client 2 epoch 25/50, ce loss: 1.2320, train anchor loss: 0.1455, total loss: 1.3047, clean acc: 0.5936, eval anchor loss: 0.1419, backdoor acc: 1.0000
2026-04-28 22:48:55,688 - => Stage 1 client 2 epoch 26/50, ce loss: 1.2207, train anchor loss: 0.1455, total loss: 1.2934, clean acc: 0.5932, eval anchor loss: 0.1364, backdoor acc: 1.0000
2026-04-28 22:50:16,530 - => Stage 1 client 2 epoch 27/50, ce loss: 1.2197, train anchor loss: 0.1461, total loss: 1.2927, clean acc: 0.5999, eval anchor loss: 0.1382, backdoor acc: 1.0000
2026-04-28 22:51:37,395 - => Stage 1 client 2 epoch 28/50, ce loss: 1.2198, train anchor loss: 0.1461, total loss: 1.2929, clean acc: 0.5877, eval anchor loss: 0.1454, backdoor acc: 1.0000
2026-04-28 22:52:57,658 - => Stage 1 client 2 epoch 29/50, ce loss: 1.2083, train anchor loss: 0.1457, total loss: 1.2812, clean acc: 0.6020, eval anchor loss: 0.1383, backdoor acc: 1.0000
2026-04-28 22:54:18,600 - => Stage 1 client 2 epoch 30/50, ce loss: 1.2004, train anchor loss: 0.1454, total loss: 1.2731, clean acc: 0.6014, eval anchor loss: 0.1424, backdoor acc: 1.0000
2026-04-28 22:55:39,059 - => Stage 1 client 2 epoch 31/50, ce loss: 1.1893, train anchor loss: 0.1450, total loss: 1.2618, clean acc: 0.6015, eval anchor loss: 0.1438, backdoor acc: 1.0000
2026-04-28 22:56:59,917 - => Stage 1 client 2 epoch 32/50, ce loss: 1.1882, train anchor loss: 0.1459, total loss: 1.2611, clean acc: 0.6162, eval anchor loss: 0.1430, backdoor acc: 1.0000
2026-04-28 22:58:20,153 - => Stage 1 client 2 epoch 33/50, ce loss: 1.1771, train anchor loss: 0.1458, total loss: 1.2500, clean acc: 0.6219, eval anchor loss: 0.1412, backdoor acc: 1.0000
2026-04-28 22:59:40,930 - => Stage 1 client 2 epoch 34/50, ce loss: 1.1683, train anchor loss: 0.1452, total loss: 1.2409, clean acc: 0.6117, eval anchor loss: 0.1433, backdoor acc: 1.0000
2026-04-28 23:01:02,079 - => Stage 1 client 2 epoch 35/50, ce loss: 1.1625, train anchor loss: 0.1448, total loss: 1.2349, clean acc: 0.6198, eval anchor loss: 0.1459, backdoor acc: 1.0000
2026-04-28 23:02:22,699 - => Stage 1 client 2 epoch 36/50, ce loss: 1.1553, train anchor loss: 0.1464, total loss: 1.2285, clean acc: 0.6041, eval anchor loss: 0.1489, backdoor acc: 1.0000
2026-04-28 23:03:43,300 - => Stage 1 client 2 epoch 37/50, ce loss: 1.1544, train anchor loss: 0.1456, total loss: 1.2271, clean acc: 0.6200, eval anchor loss: 0.1437, backdoor acc: 1.0000
2026-04-28 23:05:04,403 - => Stage 1 client 2 epoch 38/50, ce loss: 1.1466, train anchor loss: 0.1459, total loss: 1.2195, clean acc: 0.6133, eval anchor loss: 0.1458, backdoor acc: 1.0000
2026-04-28 23:06:25,093 - => Stage 1 client 2 epoch 39/50, ce loss: 1.1455, train anchor loss: 0.1451, total loss: 1.2181, clean acc: 0.6198, eval anchor loss: 0.1456, backdoor acc: 1.0000
2026-04-28 23:07:46,031 - => Stage 1 client 2 epoch 40/50, ce loss: 1.1349, train anchor loss: 0.1444, total loss: 1.2071, clean acc: 0.6159, eval anchor loss: 0.1438, backdoor acc: 1.0000
2026-04-28 23:09:06,779 - => Stage 1 client 2 epoch 41/50, ce loss: 1.1275, train anchor loss: 0.1446, total loss: 1.1998, clean acc: 0.6103, eval anchor loss: 0.1486, backdoor acc: 0.9999
2026-04-28 23:10:27,540 - => Stage 1 client 2 epoch 42/50, ce loss: 1.1174, train anchor loss: 0.1445, total loss: 1.1897, clean acc: 0.6267, eval anchor loss: 0.1455, backdoor acc: 1.0000
2026-04-28 23:11:48,054 - => Stage 1 client 2 epoch 43/50, ce loss: 1.1148, train anchor loss: 0.1435, total loss: 1.1866, clean acc: 0.6096, eval anchor loss: 0.1522, backdoor acc: 1.0000
2026-04-28 23:13:08,981 - => Stage 1 client 2 epoch 44/50, ce loss: 1.1046, train anchor loss: 0.1433, total loss: 1.1763, clean acc: 0.6171, eval anchor loss: 0.1423, backdoor acc: 1.0000
2026-04-28 23:14:29,572 - => Stage 1 client 2 epoch 45/50, ce loss: 1.1058, train anchor loss: 0.1441, total loss: 1.1779, clean acc: 0.6181, eval anchor loss: 0.1497, backdoor acc: 1.0000
2026-04-28 23:15:50,140 - => Stage 1 client 2 epoch 46/50, ce loss: 1.1039, train anchor loss: 0.1429, total loss: 1.1754, clean acc: 0.6248, eval anchor loss: 0.1468, backdoor acc: 1.0000
2026-04-28 23:17:10,511 - => Stage 1 client 2 epoch 47/50, ce loss: 1.0966, train anchor loss: 0.1440, total loss: 1.1685, clean acc: 0.6268, eval anchor loss: 0.1412, backdoor acc: 1.0000
2026-04-28 23:18:31,320 - => Stage 1 client 2 epoch 48/50, ce loss: 1.0867, train anchor loss: 0.1436, total loss: 1.1585, clean acc: 0.6324, eval anchor loss: 0.1424, backdoor acc: 1.0000
2026-04-28 23:19:52,092 - => Stage 1 client 2 epoch 49/50, ce loss: 1.0852, train anchor loss: 0.1435, total loss: 1.1570, clean acc: 0.6281, eval anchor loss: 0.1427, backdoor acc: 1.0000
2026-04-28 23:21:13,065 - => Stage 1 client 2 epoch 50/50, ce loss: 1.0732, train anchor loss: 0.1425, total loss: 1.1445, clean acc: 0.6259, eval anchor loss: 0.1569, backdoor acc: 1.0000
2026-04-28 23:21:13,639 - => Stage 1 final summary for passive client 2: best epoch: 48, clean acc: 0.6324, anchor loss: 0.1424, backdoor acc: 1.0000
2026-04-28 23:21:14,112 - => Stage 1 metrics were also saved to './results/AVGuard/threeclient_full_avguard_fixed_lambda_anchor_theta_supp_sensitivity/theta_supp_0.25/CIFAR10/stage1/anchor_stage1\stage1_metrics.json'
2026-04-28 23:21:14,113 - => Saved stage1 passive-party local models and anchors to './results/AVGuard/threeclient_full_avguard_fixed_lambda_anchor_theta_supp_sensitivity/theta_supp_0.25/CIFAR10/stage1/anchor_stage1'
2026-04-28 23:21:14,146 - => Saved anchor artifact to './results/AVGuard/threeclient_full_avguard_fixed_lambda_anchor_theta_supp_sensitivity/theta_supp_0.25/CIFAR10/stage1/anchor_bank.pt'
2026-04-28 23:21:14,146 - => Stage 3 is ready; it will use Stage 1 client reliability from the loaded anchor state when available. Stage 2 client anchor-loss stats are optional diagnostics.
