2026-04-20 18:47:23,301 - Namespace(config='', data_dir='./dataset/', dataset='IEEE_CIS_FRAUD', device=0, results_dir='./results/AVGuard/lambda_anchor_sensitivity/IEEE_CIS_FRAUD/lambda_anchor_0.5/stage2', seed=100, epoch=50, batch_size=256, client_num=3, pretrained_checkpoint='./results/AVGuard/lambda_anchor_sensitivity/IEEE_CIS_FRAUD/lambda_anchor_0.5/stage2\\latest_checkpoint.pth.tar', test_checkpoint=None, resume_latest=True, lr=0.001, start_epoch=0, print_steps=10, early_stop=10, attack='LFBA', target_label=None, poison_rate=0.25, poison_dimensions=30, trigger_feature_clip=1.0, attack_client_num=2, feature_extractor='', select_rate=0.3, lfba_poison_source='gradient', random_select=False, poison_all=False, anchor_idx=1001, pretrain_stage=0, mode='train', defense='anchor', defense_scheme='AVGuard', enable_stage1=True, force_stage1_retrain=False, enable_anchor_loss=True, lambda_anchor=0.5, lambda_stage1_anchor=0.5, anchor_pretrain_epochs=30, anchor_pretrain_early_stop=5, anchor_pretrain_min_delta=0.0001, anchor_scale=1.0, anchor_margin=0.0, anchor_bank_path='./results/AVGuard/lambda_anchor_sensitivity/IEEE_CIS_FRAUD/stage1/anchor_artifact.pt', anchor_stage1_dir='./results/AVGuard/lambda_anchor_sensitivity/IEEE_CIS_FRAUD/stage1/anchor_stage1', anchor_ema_momentum=1.0, anchor_ema_update_freq=1, stage3_enable_joint_weighted_voting=True, stage3_enable_static_reliability=True, gamma=2.0, theta_supp=0.15, enable_conservative_correction=False, tau_corr=0.0, top_k=4, stage3_debug_batches=0, stage3_debug_max_samples=8, original_dataset='IEEE-CIS-FRAUD', attack_target_label=None, anchor_margin_auto_adjusted=False, requested_anchor_margin=0.0)
2026-04-20 18:47:23,302 - => Canonicalized dataset name from 'IEEE-CIS-FRAUD' to 'IEEE_CIS_FRAUD'; legacy NUS-WIDE aliases now share the unified NUSWIDE entry
2026-04-20 18:47:23,303 - => Defense scheme: AVGuard
2026-04-20 18:47:23,303 - => LFBA poison-set source: gradient
2026-04-20 18:47:23,303 - => Python executable: D:\python3\generative-compression-master1\KAVF\python.exe
2026-04-20 18:47:23,304 - => Torch version: 2.7.1+cu126, compiled CUDA: 12.6, cuda available: True, visible GPU count: 1
2026-04-20 18:47:23,304 - => Using GPU cuda:0 (NVIDIA GeForce RTX 4080)
2026-04-20 18:47:23,304 - => Preparing data...
2026-04-20 18:47:24,391 - => IEEE-CIS-Fraud directory: ./dataset/data_raw\processed\IEEE-CIS-Fraud
2026-04-20 18:47:24,392 - => IEEE-CIS-Fraud feature dim: 432, train samples: 49591, test samples: 12398
2026-04-20 18:47:24,403 - => Resolved LFBA attack target label=1 from training anchor_idx=1001
2026-04-20 18:47:24,512 - => No checkpoint found at './results/AVGuard/lambda_anchor_sensitivity/IEEE_CIS_FRAUD/lambda_anchor_0.5/stage2\latest_checkpoint.pth.tar'
2026-04-20 18:47:24,540 - => Loading stage1 local models and anchors from './results/AVGuard/lambda_anchor_sensitivity/IEEE_CIS_FRAUD/stage1/anchor_stage1/stage1_artifact.pt'
2026-04-20 18:47:24,666 - => Stage 3 is ready; it will use Stage 1 client reliability from the loaded anchor state when available. Stage 2 client anchor-loss stats are optional diagnostics.
2026-04-20 18:47:24,672 - =>Add Trigger to Test Data
2026-04-20 18:47:25,497 - Add Trigger to 8265 Bad Samples, 4133 Clean Samples (1.00)
2026-04-20 18:47:25,498 - => Start Training with LFBA...
2026-04-20 18:47:25,498 - => Enter Stage 2: joint VFL training starts from stage1 passive local backbones with frozen anchor heads
2026-04-20 18:47:25,498 - => Stage 2 anchor loss enabled: True
2026-04-20 18:47:25,499 - => Stage 2 loss form: total_loss=(1-lambda_anchor)*CE + lambda_anchor*anchor_loss with lambda_anchor=0.5000
2026-04-20 18:47:25,499 - => Stage 2 EMA anchor calibration disabled: momentum=1.0000 makes anchor updates a no-op, update_freq=1 epoch(s)
2026-04-20 18:47:25,499 - => Stage 2 latest checkpoint path: './results/AVGuard/lambda_anchor_sensitivity/IEEE_CIS_FRAUD/lambda_anchor_0.5/stage2\latest_checkpoint.pth.tar'
2026-04-20 18:47:25,500 - => Stage 2 best checkpoint path: './results/AVGuard/lambda_anchor_sensitivity/IEEE_CIS_FRAUD/lambda_anchor_0.5/stage2\best_checkpoint.pth.tar'
2026-04-20 18:47:25,500 - => Stage 2 best checkpoint compatibility alias path: './results/AVGuard/lambda_anchor_sensitivity/IEEE_CIS_FRAUD/lambda_anchor_0.5/stage2\best_clean_checkpoint.pth.tar'
2026-04-20 18:47:25,500 - => Stage 2 best checkpoint metric: mean(clean_acc, detection_recall, correction_rate)
2026-04-20 18:47:25,506 - => Start Training for Injecting Backdoor...
2026-04-20 18:47:25,914 - Epoch: 1, 1/194: VFL loss: 0.6861, total loss: 0.4545, anchor loss: 0.2230, VFL train accuracy: 0.6875
2026-04-20 18:47:26,301 - Epoch: 1, 11/194: VFL loss: 0.5105, total loss: 0.3734, anchor loss: 0.2363, VFL train accuracy: 0.7759
2026-04-20 18:47:26,600 - Epoch: 1, 21/194: VFL loss: 0.4806, total loss: 0.3597, anchor loss: 0.2388, VFL train accuracy: 0.7954
2026-04-20 18:47:26,837 - Epoch: 1, 31/194: VFL loss: 0.4507, total loss: 0.3423, anchor loss: 0.2338, VFL train accuracy: 0.8093
2026-04-20 18:47:27,074 - Epoch: 1, 41/194: VFL loss: 0.4272, total loss: 0.3305, anchor loss: 0.2337, VFL train accuracy: 0.8200
2026-04-20 18:47:27,309 - Epoch: 1, 51/194: VFL loss: 0.4071, total loss: 0.3203, anchor loss: 0.2336, VFL train accuracy: 0.8300
2026-04-20 18:47:27,546 - Epoch: 1, 61/194: VFL loss: 0.3968, total loss: 0.3153, anchor loss: 0.2338, VFL train accuracy: 0.8373
2026-04-20 18:47:27,783 - Epoch: 1, 71/194: VFL loss: 0.3876, total loss: 0.3110, anchor loss: 0.2344, VFL train accuracy: 0.8430
2026-04-20 18:47:28,020 - Epoch: 1, 81/194: VFL loss: 0.3797, total loss: 0.3069, anchor loss: 0.2342, VFL train accuracy: 0.8478
2026-04-20 18:47:28,260 - Epoch: 1, 91/194: VFL loss: 0.3713, total loss: 0.3022, anchor loss: 0.2331, VFL train accuracy: 0.8518
2026-04-20 18:47:28,496 - Epoch: 1, 101/194: VFL loss: 0.3659, total loss: 0.2993, anchor loss: 0.2327, VFL train accuracy: 0.8550
2026-04-20 18:47:28,733 - Epoch: 1, 111/194: VFL loss: 0.3605, total loss: 0.2961, anchor loss: 0.2317, VFL train accuracy: 0.8581
2026-04-20 18:47:28,970 - Epoch: 1, 121/194: VFL loss: 0.3578, total loss: 0.2948, anchor loss: 0.2318, VFL train accuracy: 0.8597
2026-04-20 18:47:29,206 - Epoch: 1, 131/194: VFL loss: 0.3550, total loss: 0.2930, anchor loss: 0.2311, VFL train accuracy: 0.8617
2026-04-20 18:47:29,443 - Epoch: 1, 141/194: VFL loss: 0.3537, total loss: 0.2927, anchor loss: 0.2317, VFL train accuracy: 0.8627
2026-04-20 18:47:29,679 - Epoch: 1, 151/194: VFL loss: 0.3508, total loss: 0.2913, anchor loss: 0.2319, VFL train accuracy: 0.8641
2026-04-20 18:47:29,916 - Epoch: 1, 161/194: VFL loss: 0.3469, total loss: 0.2890, anchor loss: 0.2311, VFL train accuracy: 0.8656
2026-04-20 18:47:30,153 - Epoch: 1, 171/194: VFL loss: 0.3449, total loss: 0.2879, anchor loss: 0.2308, VFL train accuracy: 0.8666
2026-04-20 18:47:30,389 - Epoch: 1, 181/194: VFL loss: 0.3429, total loss: 0.2866, anchor loss: 0.2303, VFL train accuracy: 0.8676
2026-04-20 18:47:30,625 - Epoch: 1, 191/194: VFL loss: 0.3419, total loss: 0.2862, anchor loss: 0.2305, VFL train accuracy: 0.8680
2026-04-20 18:47:30,703 - => Recorded Stage 2 client anchor losses for epoch 1 to './results/AVGuard/lambda_anchor_sensitivity/IEEE_CIS_FRAUD/lambda_anchor_0.5/stage2\stage2_final_epoch_client_anchor_losses.json': {0: 0.222346, 1: 0.181507, 2: 0.288021}
2026-04-20 18:47:30,712 - => Stage 2 EMA anchor update skipped at epoch 1 because momentum=1.0000 disables EMA; eligible classes per client {0: 2, 1: 2, 2: 2}
2026-04-20 18:47:30,713 - => Stage 2 Epoch 1 Training Summary: VFL loss: 0.3421, total loss: 0.2864, anchor loss: 0.2307, VFL train accuracy: 0.8678
2026-04-20 18:47:30,713 - => Test ASR...
2026-04-20 18:47:30,721 - =>Add Trigger to Test Data
2026-04-20 18:47:31,630 - Add Trigger to 8265 Bad Samples, 4133 Clean Samples (1.00)
2026-04-20 18:47:33,607 - => Test Epoch: 1, main task samples: 12398, attack samples: 12398, test loss: 0.3580, clean acc: 0.8234, Top-2: 1.0000, ASR: 0.1431, RAC: 0.7649, test target accuracy: 0.7515, stage3 final accuracy: 0.8234, stage3 final target accuracy: 0.5809, stage3 final asr: 0.1431, anchor loss: 0.2459
2026-04-20 18:47:33,608 - => Stage 3 Detection Summary: recall: 0.4337, precision: 0.3081, f1: 0.3603, false positive rate: 0.1171, correction rate: 0.4337
2026-04-20 18:47:33,608 - => Stage 3 Debug (clean): suspicious=1452/12398, correction_applied=1451, prediction_changed=1451, skipped_tied_vote=0, skipped_low_margin=0, skipped_other=1
2026-04-20 18:47:33,608 - => Stage 3 Debug (poison-valid): suspicious=956/8265, correction_applied=956, prediction_changed=956, skipped_tied_vote=0, skipped_low_margin=0, skipped_other=0
2026-04-20 18:47:33,609 - => Stage 3 Debug (attack-success): suspicious=742/1711, correction_applied=742, prediction_changed=742, corrected_to_true=742
2026-04-20 18:47:33,609 - => Stage 2 checkpoint score: mean(clean_acc=0.8234, recall=0.4337, correction_rate=0.4337) = 0.5636
2026-04-20 18:47:33,609 - => Save best checkpoint model...
2026-04-20 18:47:33,700 - => End Epoch: 1, early stop epochs: 0, best epoch: 1, best clean acc: 0.8234, best Top-2: 1.0000, best ASR: 0.1431, best RAC: 0.7649, anchor loss: 0.2459, best checkpoint score: 0.5636
2026-04-20 18:47:33,701 - => Stage 3 Detection Summary: recall: 0.4337, precision: 0.3081, f1: 0.3603, false positive rate: 0.1171, correction rate: 0.4337
2026-04-20 18:47:33,713 - => Rebuilt LFBA poison set from cached gradients: anchor label=1, poison samples=12397, same-label poison samples=12397, consistent rate=1.0000
2026-04-20 18:47:33,731 - => LFBA current anchor-derived target label: 1
2026-04-20 18:47:33,750 - =>Add Trigger to Train Data
2026-04-20 18:47:34,177 - Add Trigger to 12397 Bad Samples, 37194 Clean Samples (0.25)
2026-04-20 18:47:34,185 - => Start Training for Injecting Backdoor...
2026-04-20 18:47:34,236 - Epoch: 2, 1/194: VFL loss: 0.2985, total loss: 0.2471, anchor loss: 0.1957, VFL train accuracy: 0.8789
2026-04-20 18:47:34,532 - Epoch: 2, 11/194: VFL loss: 0.2227, total loss: 0.2149, anchor loss: 0.2070, VFL train accuracy: 0.9215
2026-04-20 18:47:34,766 - Epoch: 2, 21/194: VFL loss: 0.2073, total loss: 0.2069, anchor loss: 0.2064, VFL train accuracy: 0.9321
2026-04-20 18:47:35,002 - Epoch: 2, 31/194: VFL loss: 0.1917, total loss: 0.1982, anchor loss: 0.2046, VFL train accuracy: 0.9372
2026-04-20 18:47:35,237 - Epoch: 2, 41/194: VFL loss: 0.1788, total loss: 0.1892, anchor loss: 0.1996, VFL train accuracy: 0.9399
2026-04-20 18:47:35,475 - Epoch: 2, 51/194: VFL loss: 0.1753, total loss: 0.1879, anchor loss: 0.2005, VFL train accuracy: 0.9415
2026-04-20 18:47:35,710 - Epoch: 2, 61/194: VFL loss: 0.1727, total loss: 0.1861, anchor loss: 0.1994, VFL train accuracy: 0.9422
2026-04-20 18:47:35,935 - Epoch: 2, 71/194: VFL loss: 0.1701, total loss: 0.1843, anchor loss: 0.1985, VFL train accuracy: 0.9429
2026-04-20 18:47:36,156 - Epoch: 2, 81/194: VFL loss: 0.1682, total loss: 0.1834, anchor loss: 0.1985, VFL train accuracy: 0.9433
2026-04-20 18:47:36,375 - Epoch: 2, 91/194: VFL loss: 0.1648, total loss: 0.1808, anchor loss: 0.1969, VFL train accuracy: 0.9450
2026-04-20 18:47:36,593 - Epoch: 2, 101/194: VFL loss: 0.1626, total loss: 0.1795, anchor loss: 0.1965, VFL train accuracy: 0.9459
2026-04-20 18:47:36,811 - Epoch: 2, 111/194: VFL loss: 0.1613, total loss: 0.1787, anchor loss: 0.1960, VFL train accuracy: 0.9463
2026-04-20 18:47:37,029 - Epoch: 2, 121/194: VFL loss: 0.1597, total loss: 0.1776, anchor loss: 0.1956, VFL train accuracy: 0.9470
2026-04-20 18:47:37,247 - Epoch: 2, 131/194: VFL loss: 0.1599, total loss: 0.1780, anchor loss: 0.1961, VFL train accuracy: 0.9468
2026-04-20 18:47:37,465 - Epoch: 2, 141/194: VFL loss: 0.1593, total loss: 0.1777, anchor loss: 0.1961, VFL train accuracy: 0.9469
2026-04-20 18:47:37,683 - Epoch: 2, 151/194: VFL loss: 0.1580, total loss: 0.1768, anchor loss: 0.1956, VFL train accuracy: 0.9474
2026-04-20 18:47:37,901 - Epoch: 2, 161/194: VFL loss: 0.1570, total loss: 0.1764, anchor loss: 0.1958, VFL train accuracy: 0.9477
2026-04-20 18:47:38,119 - Epoch: 2, 171/194: VFL loss: 0.1561, total loss: 0.1760, anchor loss: 0.1958, VFL train accuracy: 0.9480
2026-04-20 18:47:38,337 - Epoch: 2, 181/194: VFL loss: 0.1555, total loss: 0.1754, anchor loss: 0.1954, VFL train accuracy: 0.9482
2026-04-20 18:47:38,554 - Epoch: 2, 191/194: VFL loss: 0.1554, total loss: 0.1756, anchor loss: 0.1959, VFL train accuracy: 0.9484
2026-04-20 18:47:38,641 - => Recorded Stage 2 client anchor losses for epoch 2 to './results/AVGuard/lambda_anchor_sensitivity/IEEE_CIS_FRAUD/lambda_anchor_0.5/stage2\stage2_final_epoch_client_anchor_losses.json': {0: 0.209283, 1: 0.180326, 2: 0.198061}
2026-04-20 18:47:38,643 - => Stage 2 EMA anchor update skipped at epoch 2 because momentum=1.0000 disables EMA; eligible classes per client {0: 2, 1: 2, 2: 2}
2026-04-20 18:47:38,644 - => Stage 2 Epoch 2 Training Summary: VFL loss: 0.1559, total loss: 0.1759, anchor loss: 0.1959, VFL train accuracy: 0.9482
2026-04-20 18:47:38,645 - => Test ASR...
2026-04-20 18:47:38,653 - =>Add Trigger to Test Data
2026-04-20 18:47:39,651 - Add Trigger to 8265 Bad Samples, 4133 Clean Samples (1.00)
2026-04-20 18:47:41,720 - => Test Epoch: 2, main task samples: 12398, attack samples: 12398, test loss: 0.3776, clean acc: 0.8277, Top-2: 1.0000, ASR: 0.1258, RAC: 0.7713, test target accuracy: 0.7041, stage3 final accuracy: 0.8277, stage3 final target accuracy: 0.5657, stage3 final asr: 0.1258, anchor loss: 0.2451
2026-04-20 18:47:41,721 - => Stage 3 Detection Summary: recall: 0.8740, precision: 0.8629, f1: 0.8684, false positive rate: 0.0922, correction rate: 0.8739
2026-04-20 18:47:41,722 - => Stage 3 Debug (clean): suspicious=1143/12398, correction_applied=1139, prediction_changed=1139, skipped_tied_vote=0, skipped_low_margin=0, skipped_other=4
2026-04-20 18:47:41,722 - => Stage 3 Debug (poison-valid): suspicious=7201/8265, correction_applied=7200, prediction_changed=7200, skipped_tied_vote=0, skipped_low_margin=0, skipped_other=1
2026-04-20 18:47:41,722 - => Stage 3 Debug (attack-success): suspicious=7200/8238, correction_applied=7199, prediction_changed=7199, corrected_to_true=7199
2026-04-20 18:47:41,723 - => Stage 2 checkpoint score: mean(clean_acc=0.8277, recall=0.8740, correction_rate=0.8739) = 0.8585
2026-04-20 18:47:41,723 - => Save best checkpoint model...
2026-04-20 18:47:41,871 - => End Epoch: 2, early stop epochs: 0, best epoch: 2, best clean acc: 0.8277, best Top-2: 1.0000, best ASR: 0.1258, best RAC: 0.7713, anchor loss: 0.2451, best checkpoint score: 0.8585
2026-04-20 18:47:41,872 - => Stage 3 Detection Summary: recall: 0.8740, precision: 0.8629, f1: 0.8684, false positive rate: 0.0922, correction rate: 0.8739
2026-04-20 18:47:41,919 - => LFBA current anchor-derived target label: 1
2026-04-20 18:47:41,941 - =>Add Trigger to Train Data
2026-04-20 18:47:42,429 - Add Trigger to 12397 Bad Samples, 37194 Clean Samples (0.25)
2026-04-20 18:47:42,445 - => Start Training for Injecting Backdoor...
2026-04-20 18:47:42,508 - Epoch: 3, 1/194: VFL loss: 0.2415, total loss: 0.2245, anchor loss: 0.2075, VFL train accuracy: 0.9297
2026-04-20 18:47:42,776 - Epoch: 3, 11/194: VFL loss: 0.2503, total loss: 0.2275, anchor loss: 0.2047, VFL train accuracy: 0.9126
2026-04-20 18:47:42,995 - Epoch: 3, 21/194: VFL loss: 0.2380, total loss: 0.2169, anchor loss: 0.1957, VFL train accuracy: 0.9193
2026-04-20 18:47:43,221 - Epoch: 3, 31/194: VFL loss: 0.2422, total loss: 0.2202, anchor loss: 0.1982, VFL train accuracy: 0.9165
2026-04-20 18:47:43,444 - Epoch: 3, 41/194: VFL loss: 0.2374, total loss: 0.2175, anchor loss: 0.1977, VFL train accuracy: 0.9182
2026-04-20 18:47:43,662 - Epoch: 3, 51/194: VFL loss: 0.2413, total loss: 0.2207, anchor loss: 0.2001, VFL train accuracy: 0.9174
2026-04-20 18:47:43,881 - Epoch: 3, 61/194: VFL loss: 0.2418, total loss: 0.2205, anchor loss: 0.1993, VFL train accuracy: 0.9172
2026-04-20 18:47:44,099 - Epoch: 3, 71/194: VFL loss: 0.2409, total loss: 0.2198, anchor loss: 0.1988, VFL train accuracy: 0.9169
2026-04-20 18:47:44,322 - Epoch: 3, 81/194: VFL loss: 0.2396, total loss: 0.2188, anchor loss: 0.1981, VFL train accuracy: 0.9177
2026-04-20 18:47:44,540 - Epoch: 3, 91/194: VFL loss: 0.2403, total loss: 0.2196, anchor loss: 0.1990, VFL train accuracy: 0.9173
2026-04-20 18:47:44,759 - Epoch: 3, 101/194: VFL loss: 0.2417, total loss: 0.2206, anchor loss: 0.1996, VFL train accuracy: 0.9165
2026-04-20 18:47:44,978 - Epoch: 3, 111/194: VFL loss: 0.2410, total loss: 0.2205, anchor loss: 0.2000, VFL train accuracy: 0.9162
2026-04-20 18:47:45,196 - Epoch: 3, 121/194: VFL loss: 0.2399, total loss: 0.2198, anchor loss: 0.1996, VFL train accuracy: 0.9165
2026-04-20 18:47:45,413 - Epoch: 3, 131/194: VFL loss: 0.2383, total loss: 0.2187, anchor loss: 0.1991, VFL train accuracy: 0.9172
2026-04-20 18:47:45,632 - Epoch: 3, 141/194: VFL loss: 0.2383, total loss: 0.2188, anchor loss: 0.1993, VFL train accuracy: 0.9169
2026-04-20 18:47:45,850 - Epoch: 3, 151/194: VFL loss: 0.2382, total loss: 0.2187, anchor loss: 0.1992, VFL train accuracy: 0.9165
2026-04-20 18:47:46,069 - Epoch: 3, 161/194: VFL loss: 0.2387, total loss: 0.2192, anchor loss: 0.1998, VFL train accuracy: 0.9161
2026-04-20 18:47:46,288 - Epoch: 3, 171/194: VFL loss: 0.2383, total loss: 0.2191, anchor loss: 0.1999, VFL train accuracy: 0.9161
2026-04-20 18:47:46,507 - Epoch: 3, 181/194: VFL loss: 0.2376, total loss: 0.2185, anchor loss: 0.1994, VFL train accuracy: 0.9163
2026-04-20 18:47:46,725 - Epoch: 3, 191/194: VFL loss: 0.2367, total loss: 0.2180, anchor loss: 0.1993, VFL train accuracy: 0.9166
2026-04-20 18:47:46,811 - => Recorded Stage 2 client anchor losses for epoch 3 to './results/AVGuard/lambda_anchor_sensitivity/IEEE_CIS_FRAUD/lambda_anchor_0.5/stage2\stage2_final_epoch_client_anchor_losses.json': {0: 0.202602, 1: 0.179399, 2: 0.216585}
2026-04-20 18:47:46,813 - => Stage 2 EMA anchor update skipped at epoch 3 because momentum=1.0000 disables EMA; eligible classes per client {0: 2, 1: 2, 2: 2}
2026-04-20 18:47:46,813 - => Stage 2 Epoch 3 Training Summary: VFL loss: 0.2372, total loss: 0.2184, anchor loss: 0.1995, VFL train accuracy: 0.9165
2026-04-20 18:47:46,814 - => Test ASR...
2026-04-20 18:47:46,824 - =>Add Trigger to Test Data
2026-04-20 18:47:47,796 - Add Trigger to 8265 Bad Samples, 4133 Clean Samples (1.00)
2026-04-20 18:47:49,714 - => Test Epoch: 3, main task samples: 12398, attack samples: 12398, test loss: 0.3560, clean acc: 0.8263, Top-2: 1.0000, ASR: 0.1166, RAC: 0.7744, test target accuracy: 0.6685, stage3 final accuracy: 0.8263, stage3 final target accuracy: 0.5565, stage3 final asr: 0.1166, anchor loss: 0.2434
2026-04-20 18:47:49,715 - => Stage 3 Detection Summary: recall: 0.8829, precision: 0.8738, f1: 0.8784, false positive rate: 0.0847, correction rate: 0.8829
2026-04-20 18:47:49,715 - => Stage 3 Debug (clean): suspicious=1050/12398, correction_applied=1049, prediction_changed=1049, skipped_tied_vote=0, skipped_low_margin=0, skipped_other=1
2026-04-20 18:47:49,715 - => Stage 3 Debug (poison-valid): suspicious=7271/8265, correction_applied=7271, prediction_changed=7271, skipped_tied_vote=0, skipped_low_margin=0, skipped_other=0
2026-04-20 18:47:49,716 - => Stage 3 Debug (attack-success): suspicious=7271/8235, correction_applied=7271, prediction_changed=7271, corrected_to_true=7271
2026-04-20 18:47:49,716 - => Stage 2 checkpoint score: mean(clean_acc=0.8263, recall=0.8829, correction_rate=0.8829) = 0.8641
2026-04-20 18:47:49,716 - => Save best checkpoint model...
2026-04-20 18:47:49,854 - => End Epoch: 3, early stop epochs: 0, best epoch: 3, best clean acc: 0.8263, best Top-2: 1.0000, best ASR: 0.1166, best RAC: 0.7744, anchor loss: 0.2434, best checkpoint score: 0.8641
2026-04-20 18:47:49,856 - => Stage 3 Detection Summary: recall: 0.8829, precision: 0.8738, f1: 0.8784, false positive rate: 0.0847, correction rate: 0.8829
2026-04-20 18:47:49,898 - => LFBA current anchor-derived target label: 1
2026-04-20 18:47:49,919 - =>Add Trigger to Train Data
2026-04-20 18:47:50,403 - Add Trigger to 12397 Bad Samples, 37194 Clean Samples (0.25)
2026-04-20 18:47:50,420 - => Start Training for Injecting Backdoor...
2026-04-20 18:47:50,481 - Epoch: 4, 1/194: VFL loss: 0.1328, total loss: 0.1592, anchor loss: 0.1857, VFL train accuracy: 0.9648
2026-04-20 18:47:50,751 - Epoch: 4, 11/194: VFL loss: 0.1339, total loss: 0.1596, anchor loss: 0.1852, VFL train accuracy: 0.9620
2026-04-20 18:47:50,994 - Epoch: 4, 21/194: VFL loss: 0.1383, total loss: 0.1623, anchor loss: 0.1862, VFL train accuracy: 0.9568
2026-04-20 18:47:51,218 - Epoch: 4, 31/194: VFL loss: 0.1387, total loss: 0.1642, anchor loss: 0.1898, VFL train accuracy: 0.9554
2026-04-20 18:47:51,440 - Epoch: 4, 41/194: VFL loss: 0.1411, total loss: 0.1661, anchor loss: 0.1911, VFL train accuracy: 0.9537
2026-04-20 18:47:51,659 - Epoch: 4, 51/194: VFL loss: 0.1411, total loss: 0.1666, anchor loss: 0.1920, VFL train accuracy: 0.9541
2026-04-20 18:47:51,877 - Epoch: 4, 61/194: VFL loss: 0.1427, total loss: 0.1674, anchor loss: 0.1922, VFL train accuracy: 0.9539
2026-04-20 18:47:52,095 - Epoch: 4, 71/194: VFL loss: 0.1428, total loss: 0.1669, anchor loss: 0.1910, VFL train accuracy: 0.9536
2026-04-20 18:47:52,318 - Epoch: 4, 81/194: VFL loss: 0.1421, total loss: 0.1662, anchor loss: 0.1902, VFL train accuracy: 0.9538
2026-04-20 18:47:52,537 - Epoch: 4, 91/194: VFL loss: 0.1427, total loss: 0.1668, anchor loss: 0.1909, VFL train accuracy: 0.9531
2026-04-20 18:47:52,756 - Epoch: 4, 101/194: VFL loss: 0.1433, total loss: 0.1670, anchor loss: 0.1907, VFL train accuracy: 0.9524
2026-04-20 18:47:52,974 - Epoch: 4, 111/194: VFL loss: 0.1447, total loss: 0.1678, anchor loss: 0.1909, VFL train accuracy: 0.9519
2026-04-20 18:47:53,193 - Epoch: 4, 121/194: VFL loss: 0.1441, total loss: 0.1677, anchor loss: 0.1912, VFL train accuracy: 0.9521
2026-04-20 18:47:53,512 - Epoch: 4, 131/194: VFL loss: 0.1444, total loss: 0.1678, anchor loss: 0.1912, VFL train accuracy: 0.9518
2026-04-20 18:47:53,732 - Epoch: 4, 141/194: VFL loss: 0.1431, total loss: 0.1671, anchor loss: 0.1912, VFL train accuracy: 0.9522
2026-04-20 18:47:53,951 - Epoch: 4, 151/194: VFL loss: 0.1437, total loss: 0.1677, anchor loss: 0.1917, VFL train accuracy: 0.9523
2026-04-20 18:47:54,170 - Epoch: 4, 161/194: VFL loss: 0.1453, total loss: 0.1690, anchor loss: 0.1928, VFL train accuracy: 0.9516
2026-04-20 18:47:54,387 - Epoch: 4, 171/194: VFL loss: 0.1458, total loss: 0.1693, anchor loss: 0.1928, VFL train accuracy: 0.9515
2026-04-20 18:47:54,606 - Epoch: 4, 181/194: VFL loss: 0.1455, total loss: 0.1690, anchor loss: 0.1925, VFL train accuracy: 0.9516
2026-04-20 18:47:54,824 - Epoch: 4, 191/194: VFL loss: 0.1451, total loss: 0.1690, anchor loss: 0.1928, VFL train accuracy: 0.9517
2026-04-20 18:47:54,909 - => Recorded Stage 2 client anchor losses for epoch 4 to './results/AVGuard/lambda_anchor_sensitivity/IEEE_CIS_FRAUD/lambda_anchor_0.5/stage2\stage2_final_epoch_client_anchor_losses.json': {0: 0.198867, 1: 0.17906, 2: 0.200748}
2026-04-20 18:47:54,912 - => Stage 2 EMA anchor update skipped at epoch 4 because momentum=1.0000 disables EMA; eligible classes per client {0: 2, 1: 2, 2: 2}
2026-04-20 18:47:54,912 - => Stage 2 Epoch 4 Training Summary: VFL loss: 0.1456, total loss: 0.1692, anchor loss: 0.1929, VFL train accuracy: 0.9515
2026-04-20 18:47:54,913 - => Test ASR...
2026-04-20 18:47:54,924 - =>Add Trigger to Test Data
2026-04-20 18:47:55,895 - Add Trigger to 8265 Bad Samples, 4133 Clean Samples (1.00)
2026-04-20 18:47:57,812 - => Test Epoch: 4, main task samples: 12398, attack samples: 12398, test loss: 0.3859, clean acc: 0.8313, Top-2: 1.0000, ASR: 0.1268, RAC: 0.7755, test target accuracy: 0.7065, stage3 final accuracy: 0.8313, stage3 final target accuracy: 0.5802, stage3 final asr: 0.1268, anchor loss: 0.2430
2026-04-20 18:47:57,813 - => Stage 3 Detection Summary: recall: 0.8728, precision: 0.8534, f1: 0.8630, false positive rate: 0.0996, correction rate: 0.8728
2026-04-20 18:47:57,813 - => Stage 3 Debug (clean): suspicious=1235/12398, correction_applied=1234, prediction_changed=1234, skipped_tied_vote=0, skipped_low_margin=0, skipped_other=1
2026-04-20 18:47:57,813 - => Stage 3 Debug (poison-valid): suspicious=7188/8265, correction_applied=7188, prediction_changed=7188, skipped_tied_vote=0, skipped_low_margin=0, skipped_other=0
2026-04-20 18:47:57,814 - => Stage 3 Debug (attack-success): suspicious=7188/8236, correction_applied=7188, prediction_changed=7188, corrected_to_true=7188
2026-04-20 18:47:57,814 - => Stage 2 checkpoint score: mean(clean_acc=0.8313, recall=0.8728, correction_rate=0.8728) = 0.8590
2026-04-20 18:47:57,864 - => End Epoch: 4, early stop epochs: 1, best epoch: 3, best clean acc: 0.8263, best Top-2: 1.0000, best ASR: 0.1166, best RAC: 0.7744, anchor loss: 0.2434, best checkpoint score: 0.8641
2026-04-20 18:47:57,865 - => Stage 3 Detection Summary: recall: 0.8829, precision: 0.8738, f1: 0.8784, false positive rate: 0.0847, correction rate: 0.8829
2026-04-20 18:47:57,896 - => LFBA current anchor-derived target label: 1
2026-04-20 18:47:57,919 - =>Add Trigger to Train Data
2026-04-20 18:47:58,404 - Add Trigger to 12397 Bad Samples, 37194 Clean Samples (0.25)
2026-04-20 18:47:58,420 - => Start Training for Injecting Backdoor...
2026-04-20 18:47:58,493 - Epoch: 5, 1/194: VFL loss: 0.2879, total loss: 0.2541, anchor loss: 0.2202, VFL train accuracy: 0.9141
2026-04-20 18:47:58,777 - Epoch: 5, 11/194: VFL loss: 0.2470, total loss: 0.2253, anchor loss: 0.2036, VFL train accuracy: 0.9162
2026-04-20 18:47:59,001 - Epoch: 5, 21/194: VFL loss: 0.2374, total loss: 0.2185, anchor loss: 0.1996, VFL train accuracy: 0.9204
2026-04-20 18:47:59,220 - Epoch: 5, 31/194: VFL loss: 0.2354, total loss: 0.2178, anchor loss: 0.2001, VFL train accuracy: 0.9199
2026-04-20 18:47:59,451 - Epoch: 5, 41/194: VFL loss: 0.2351, total loss: 0.2176, anchor loss: 0.2001, VFL train accuracy: 0.9188
2026-04-20 18:47:59,668 - Epoch: 5, 51/194: VFL loss: 0.2325, total loss: 0.2158, anchor loss: 0.1991, VFL train accuracy: 0.9191
2026-04-20 18:47:59,887 - Epoch: 5, 61/194: VFL loss: 0.2321, total loss: 0.2155, anchor loss: 0.1989, VFL train accuracy: 0.9185
2026-04-20 18:48:00,106 - Epoch: 5, 71/194: VFL loss: 0.2326, total loss: 0.2156, anchor loss: 0.1987, VFL train accuracy: 0.9187
2026-04-20 18:48:00,326 - Epoch: 5, 81/194: VFL loss: 0.2293, total loss: 0.2130, anchor loss: 0.1966, VFL train accuracy: 0.9202
2026-04-20 18:48:00,581 - Epoch: 5, 91/194: VFL loss: 0.2287, total loss: 0.2126, anchor loss: 0.1964, VFL train accuracy: 0.9202
2026-04-20 18:48:00,799 - Epoch: 5, 101/194: VFL loss: 0.2288, total loss: 0.2128, anchor loss: 0.1969, VFL train accuracy: 0.9203
2026-04-20 18:48:01,020 - Epoch: 5, 111/194: VFL loss: 0.2295, total loss: 0.2135, anchor loss: 0.1975, VFL train accuracy: 0.9198
2026-04-20 18:48:01,239 - Epoch: 5, 121/194: VFL loss: 0.2286, total loss: 0.2128, anchor loss: 0.1970, VFL train accuracy: 0.9198
2026-04-20 18:48:01,457 - Epoch: 5, 131/194: VFL loss: 0.2290, total loss: 0.2132, anchor loss: 0.1974, VFL train accuracy: 0.9194
2026-04-20 18:48:01,675 - Epoch: 5, 141/194: VFL loss: 0.2284, total loss: 0.2128, anchor loss: 0.1972, VFL train accuracy: 0.9195
2026-04-20 18:48:01,894 - Epoch: 5, 151/194: VFL loss: 0.2272, total loss: 0.2118, anchor loss: 0.1965, VFL train accuracy: 0.9199
2026-04-20 18:48:02,112 - Epoch: 5, 161/194: VFL loss: 0.2270, total loss: 0.2118, anchor loss: 0.1965, VFL train accuracy: 0.9201
2026-04-20 18:48:02,330 - Epoch: 5, 171/194: VFL loss: 0.2266, total loss: 0.2117, anchor loss: 0.1968, VFL train accuracy: 0.9203
2026-04-20 18:48:02,548 - Epoch: 5, 181/194: VFL loss: 0.2272, total loss: 0.2120, anchor loss: 0.1967, VFL train accuracy: 0.9200
2026-04-20 18:48:02,766 - Epoch: 5, 191/194: VFL loss: 0.2281, total loss: 0.2125, anchor loss: 0.1969, VFL train accuracy: 0.9195
2026-04-20 18:48:02,851 - => Recorded Stage 2 client anchor losses for epoch 5 to './results/AVGuard/lambda_anchor_sensitivity/IEEE_CIS_FRAUD/lambda_anchor_0.5/stage2\stage2_final_epoch_client_anchor_losses.json': {0: 0.198365, 1: 0.178861, 2: 0.213147}
2026-04-20 18:48:02,854 - => Stage 2 EMA anchor update skipped at epoch 5 because momentum=1.0000 disables EMA; eligible classes per client {0: 2, 1: 2, 2: 2}
2026-04-20 18:48:02,854 - => Stage 2 Epoch 5 Training Summary: VFL loss: 0.2280, total loss: 0.2124, anchor loss: 0.1968, VFL train accuracy: 0.9195
2026-04-20 18:48:02,855 - => Test ASR...
2026-04-20 18:48:02,867 - =>Add Trigger to Test Data
2026-04-20 18:48:03,848 - Add Trigger to 8265 Bad Samples, 4133 Clean Samples (1.00)
2026-04-20 18:48:05,833 - => Test Epoch: 5, main task samples: 12398, attack samples: 12398, test loss: 0.3586, clean acc: 0.8234, Top-2: 1.0000, ASR: 0.0935, RAC: 0.7813, test target accuracy: 0.6402, stage3 final accuracy: 0.8234, stage3 final target accuracy: 0.5308, stage3 final asr: 0.0935, anchor loss: 0.2425
2026-04-20 18:48:05,834 - => Stage 3 Detection Summary: recall: 0.9063, precision: 0.8867, f1: 0.8964, false positive rate: 0.0769, correction rate: 0.9063
2026-04-20 18:48:05,834 - => Stage 3 Debug (clean): suspicious=953/12398, correction_applied=951, prediction_changed=951, skipped_tied_vote=0, skipped_low_margin=0, skipped_other=2
2026-04-20 18:48:05,835 - => Stage 3 Debug (poison-valid): suspicious=7470/8265, correction_applied=7470, prediction_changed=7470, skipped_tied_vote=0, skipped_low_margin=0, skipped_other=0
2026-04-20 18:48:05,835 - => Stage 3 Debug (attack-success): suspicious=7469/8241, correction_applied=7469, prediction_changed=7469, corrected_to_true=7469
2026-04-20 18:48:05,835 - => Stage 2 checkpoint score: mean(clean_acc=0.8234, recall=0.9063, correction_rate=0.9063) = 0.8787
2026-04-20 18:48:05,836 - => Save best checkpoint model...
2026-04-20 18:48:05,983 - => End Epoch: 5, early stop epochs: 0, best epoch: 5, best clean acc: 0.8234, best Top-2: 1.0000, best ASR: 0.0935, best RAC: 0.7813, anchor loss: 0.2425, best checkpoint score: 0.8787
2026-04-20 18:48:05,984 - => Stage 3 Detection Summary: recall: 0.9063, precision: 0.8867, f1: 0.8964, false positive rate: 0.0769, correction rate: 0.9063
2026-04-20 18:48:06,022 - => LFBA current anchor-derived target label: 1
2026-04-20 18:48:06,044 - =>Add Trigger to Train Data
2026-04-20 18:48:06,563 - Add Trigger to 12397 Bad Samples, 37194 Clean Samples (0.25)
2026-04-20 18:48:06,569 - => Start Training for Injecting Backdoor...
2026-04-20 18:48:06,618 - Epoch: 6, 1/194: VFL loss: 0.1739, total loss: 0.1885, anchor loss: 0.2030, VFL train accuracy: 0.9453
2026-04-20 18:48:06,896 - Epoch: 6, 11/194: VFL loss: 0.1354, total loss: 0.1646, anchor loss: 0.1937, VFL train accuracy: 0.9585
2026-04-20 18:48:07,126 - Epoch: 6, 21/194: VFL loss: 0.1422, total loss: 0.1680, anchor loss: 0.1937, VFL train accuracy: 0.9548
2026-04-20 18:48:07,359 - Epoch: 6, 31/194: VFL loss: 0.1420, total loss: 0.1678, anchor loss: 0.1935, VFL train accuracy: 0.9549
2026-04-20 18:48:07,578 - Epoch: 6, 41/194: VFL loss: 0.1403, total loss: 0.1666, anchor loss: 0.1929, VFL train accuracy: 0.9543
2026-04-20 18:48:07,796 - Epoch: 6, 51/194: VFL loss: 0.1357, total loss: 0.1631, anchor loss: 0.1904, VFL train accuracy: 0.9558
2026-04-20 18:48:08,015 - Epoch: 6, 61/194: VFL loss: 0.1340, total loss: 0.1619, anchor loss: 0.1898, VFL train accuracy: 0.9558
2026-04-20 18:48:08,234 - Epoch: 6, 71/194: VFL loss: 0.1356, total loss: 0.1627, anchor loss: 0.1898, VFL train accuracy: 0.9553
2026-04-20 18:48:08,472 - Epoch: 6, 81/194: VFL loss: 0.1362, total loss: 0.1633, anchor loss: 0.1903, VFL train accuracy: 0.9555
2026-04-20 18:48:08,690 - Epoch: 6, 91/194: VFL loss: 0.1359, total loss: 0.1631, anchor loss: 0.1903, VFL train accuracy: 0.9556
2026-04-20 18:48:08,909 - Epoch: 6, 101/194: VFL loss: 0.1358, total loss: 0.1631, anchor loss: 0.1904, VFL train accuracy: 0.9556
2026-04-20 18:48:09,128 - Epoch: 6, 111/194: VFL loss: 0.1359, total loss: 0.1632, anchor loss: 0.1905, VFL train accuracy: 0.9556
2026-04-20 18:48:09,347 - Epoch: 6, 121/194: VFL loss: 0.1367, total loss: 0.1635, anchor loss: 0.1903, VFL train accuracy: 0.9551
2026-04-20 18:48:09,565 - Epoch: 6, 131/194: VFL loss: 0.1357, total loss: 0.1629, anchor loss: 0.1900, VFL train accuracy: 0.9555
2026-04-20 18:48:09,784 - Epoch: 6, 141/194: VFL loss: 0.1370, total loss: 0.1638, anchor loss: 0.1907, VFL train accuracy: 0.9552
2026-04-20 18:48:10,004 - Epoch: 6, 151/194: VFL loss: 0.1375, total loss: 0.1642, anchor loss: 0.1909, VFL train accuracy: 0.9550
2026-04-20 18:48:10,223 - Epoch: 6, 161/194: VFL loss: 0.1383, total loss: 0.1647, anchor loss: 0.1912, VFL train accuracy: 0.9546
2026-04-20 18:48:10,441 - Epoch: 6, 171/194: VFL loss: 0.1389, total loss: 0.1651, anchor loss: 0.1912, VFL train accuracy: 0.9542
2026-04-20 18:48:10,660 - Epoch: 6, 181/194: VFL loss: 0.1388, total loss: 0.1650, anchor loss: 0.1911, VFL train accuracy: 0.9543
2026-04-20 18:48:10,879 - Epoch: 6, 191/194: VFL loss: 0.1389, total loss: 0.1650, anchor loss: 0.1911, VFL train accuracy: 0.9542
2026-04-20 18:48:10,964 - => Recorded Stage 2 client anchor losses for epoch 6 to './results/AVGuard/lambda_anchor_sensitivity/IEEE_CIS_FRAUD/lambda_anchor_0.5/stage2\stage2_final_epoch_client_anchor_losses.json': {0: 0.194669, 1: 0.179282, 2: 0.199901}
2026-04-20 18:48:10,966 - => Stage 2 EMA anchor update skipped at epoch 6 because momentum=1.0000 disables EMA; eligible classes per client {0: 2, 1: 2, 2: 2}
2026-04-20 18:48:10,967 - => Stage 2 Epoch 6 Training Summary: VFL loss: 0.1390, total loss: 0.1652, anchor loss: 0.1913, VFL train accuracy: 0.9542
2026-04-20 18:48:10,967 - => Test ASR...
2026-04-20 18:48:10,979 - =>Add Trigger to Test Data
2026-04-20 18:48:11,951 - Add Trigger to 8265 Bad Samples, 4133 Clean Samples (1.00)
2026-04-20 18:48:13,869 - => Test Epoch: 6, main task samples: 12398, attack samples: 12398, test loss: 0.3802, clean acc: 0.8299, Top-2: 1.0000, ASR: 0.1528, RAC: 0.7700, test target accuracy: 0.7089, stage3 final accuracy: 0.8299, stage3 final target accuracy: 0.6158, stage3 final asr: 0.1528, anchor loss: 0.2454
2026-04-20 18:48:13,869 - => Stage 3 Detection Summary: recall: 0.8467, precision: 0.8672, f1: 0.8568, false positive rate: 0.0861, correction rate: 0.8467
2026-04-20 18:48:13,870 - => Stage 3 Debug (clean): suspicious=1068/12398, correction_applied=1068, prediction_changed=1068, skipped_tied_vote=0, skipped_low_margin=0, skipped_other=0
2026-04-20 18:48:13,870 - => Stage 3 Debug (poison-valid): suspicious=6976/8265, correction_applied=6976, prediction_changed=6976, skipped_tied_vote=0, skipped_low_margin=0, skipped_other=0
2026-04-20 18:48:13,870 - => Stage 3 Debug (attack-success): suspicious=6976/8239, correction_applied=6976, prediction_changed=6976, corrected_to_true=6976
2026-04-20 18:48:13,871 - => Stage 2 checkpoint score: mean(clean_acc=0.8299, recall=0.8467, correction_rate=0.8467) = 0.8411
2026-04-20 18:48:13,918 - => End Epoch: 6, early stop epochs: 1, best epoch: 5, best clean acc: 0.8234, best Top-2: 1.0000, best ASR: 0.0935, best RAC: 0.7813, anchor loss: 0.2425, best checkpoint score: 0.8787
2026-04-20 18:48:13,919 - => Stage 3 Detection Summary: recall: 0.9063, precision: 0.8867, f1: 0.8964, false positive rate: 0.0769, correction rate: 0.9063
2026-04-20 18:48:13,959 - => LFBA current anchor-derived target label: 1
2026-04-20 18:48:13,981 - =>Add Trigger to Train Data
2026-04-20 18:48:14,470 - Add Trigger to 12397 Bad Samples, 37194 Clean Samples (0.25)
2026-04-20 18:48:14,485 - => Start Training for Injecting Backdoor...
2026-04-20 18:48:14,548 - Epoch: 7, 1/194: VFL loss: 0.2044, total loss: 0.1929, anchor loss: 0.1814, VFL train accuracy: 0.9258
2026-04-20 18:48:14,817 - Epoch: 7, 11/194: VFL loss: 0.2137, total loss: 0.2038, anchor loss: 0.1938, VFL train accuracy: 0.9215
2026-04-20 18:48:15,036 - Epoch: 7, 21/194: VFL loss: 0.2086, total loss: 0.1986, anchor loss: 0.1886, VFL train accuracy: 0.9224
2026-04-20 18:48:15,256 - Epoch: 7, 31/194: VFL loss: 0.2131, total loss: 0.2029, anchor loss: 0.1926, VFL train accuracy: 0.9219
2026-04-20 18:48:15,477 - Epoch: 7, 41/194: VFL loss: 0.2109, total loss: 0.2008, anchor loss: 0.1907, VFL train accuracy: 0.9246
2026-04-20 18:48:15,695 - Epoch: 7, 51/194: VFL loss: 0.2112, total loss: 0.2011, anchor loss: 0.1910, VFL train accuracy: 0.9249
2026-04-20 18:48:15,914 - Epoch: 7, 61/194: VFL loss: 0.2132, total loss: 0.2027, anchor loss: 0.1921, VFL train accuracy: 0.9246
2026-04-20 18:48:16,133 - Epoch: 7, 71/194: VFL loss: 0.2134, total loss: 0.2031, anchor loss: 0.1929, VFL train accuracy: 0.9241
2026-04-20 18:48:16,351 - Epoch: 7, 81/194: VFL loss: 0.2135, total loss: 0.2029, anchor loss: 0.1923, VFL train accuracy: 0.9247
2026-04-20 18:48:16,574 - Epoch: 7, 91/194: VFL loss: 0.2163, total loss: 0.2048, anchor loss: 0.1932, VFL train accuracy: 0.9238
2026-04-20 18:48:16,793 - Epoch: 7, 101/194: VFL loss: 0.2179, total loss: 0.2058, anchor loss: 0.1936, VFL train accuracy: 0.9233
2026-04-20 18:48:17,012 - Epoch: 7, 111/194: VFL loss: 0.2159, total loss: 0.2041, anchor loss: 0.1924, VFL train accuracy: 0.9242
2026-04-20 18:48:17,230 - Epoch: 7, 121/194: VFL loss: 0.2180, total loss: 0.2055, anchor loss: 0.1931, VFL train accuracy: 0.9237
2026-04-20 18:48:17,449 - Epoch: 7, 131/194: VFL loss: 0.2180, total loss: 0.2054, anchor loss: 0.1928, VFL train accuracy: 0.9238
2026-04-20 18:48:17,666 - Epoch: 7, 141/194: VFL loss: 0.2169, total loss: 0.2046, anchor loss: 0.1923, VFL train accuracy: 0.9240
2026-04-20 18:48:17,885 - Epoch: 7, 151/194: VFL loss: 0.2177, total loss: 0.2051, anchor loss: 0.1926, VFL train accuracy: 0.9236
2026-04-20 18:48:18,103 - Epoch: 7, 161/194: VFL loss: 0.2186, total loss: 0.2059, anchor loss: 0.1932, VFL train accuracy: 0.9232
2026-04-20 18:48:18,322 - Epoch: 7, 171/194: VFL loss: 0.2197, total loss: 0.2066, anchor loss: 0.1935, VFL train accuracy: 0.9226
2026-04-20 18:48:18,541 - Epoch: 7, 181/194: VFL loss: 0.2192, total loss: 0.2064, anchor loss: 0.1936, VFL train accuracy: 0.9226
2026-04-20 18:48:18,759 - Epoch: 7, 191/194: VFL loss: 0.2189, total loss: 0.2062, anchor loss: 0.1934, VFL train accuracy: 0.9226
2026-04-20 18:48:18,845 - => Recorded Stage 2 client anchor losses for epoch 7 to './results/AVGuard/lambda_anchor_sensitivity/IEEE_CIS_FRAUD/lambda_anchor_0.5/stage2\stage2_final_epoch_client_anchor_losses.json': {0: 0.191335, 1: 0.178446, 2: 0.210408}
2026-04-20 18:48:18,847 - => Stage 2 EMA anchor update skipped at epoch 7 because momentum=1.0000 disables EMA; eligible classes per client {0: 2, 1: 2, 2: 2}
2026-04-20 18:48:18,848 - => Stage 2 Epoch 7 Training Summary: VFL loss: 0.2184, total loss: 0.2059, anchor loss: 0.1934, VFL train accuracy: 0.9227
2026-04-20 18:48:18,848 - => Test ASR...
2026-04-20 18:48:18,860 - =>Add Trigger to Test Data
2026-04-20 18:48:19,841 - Add Trigger to 8265 Bad Samples, 4133 Clean Samples (1.00)
2026-04-20 18:48:21,914 - => Test Epoch: 7, main task samples: 12398, attack samples: 12398, test loss: 0.3589, clean acc: 0.8284, Top-2: 1.0000, ASR: 0.1097, RAC: 0.7797, test target accuracy: 0.6550, stage3 final accuracy: 0.8284, stage3 final target accuracy: 0.5587, stage3 final asr: 0.1097, anchor loss: 0.2409
2026-04-20 18:48:21,915 - => Stage 3 Detection Summary: recall: 0.8901, precision: 0.8877, f1: 0.8889, false positive rate: 0.0749, correction rate: 0.8900
2026-04-20 18:48:21,915 - => Stage 3 Debug (clean): suspicious=928/12398, correction_applied=924, prediction_changed=924, skipped_tied_vote=0, skipped_low_margin=0, skipped_other=4
2026-04-20 18:48:21,916 - => Stage 3 Debug (poison-valid): suspicious=7337/8265, correction_applied=7336, prediction_changed=7336, skipped_tied_vote=0, skipped_low_margin=0, skipped_other=1
2026-04-20 18:48:21,916 - => Stage 3 Debug (attack-success): suspicious=7337/8243, correction_applied=7336, prediction_changed=7336, corrected_to_true=7336
2026-04-20 18:48:21,916 - => Stage 2 checkpoint score: mean(clean_acc=0.8284, recall=0.8901, correction_rate=0.8900) = 0.8695
2026-04-20 18:48:21,967 - => End Epoch: 7, early stop epochs: 2, best epoch: 5, best clean acc: 0.8234, best Top-2: 1.0000, best ASR: 0.0935, best RAC: 0.7813, anchor loss: 0.2425, best checkpoint score: 0.8787
2026-04-20 18:48:21,967 - => Stage 3 Detection Summary: recall: 0.9063, precision: 0.8867, f1: 0.8964, false positive rate: 0.0769, correction rate: 0.9063
2026-04-20 18:48:21,999 - => LFBA current anchor-derived target label: 1
2026-04-20 18:48:22,020 - =>Add Trigger to Train Data
2026-04-20 18:48:22,510 - Add Trigger to 12397 Bad Samples, 37194 Clean Samples (0.25)
2026-04-20 18:48:22,525 - => Start Training for Injecting Backdoor...
2026-04-20 18:48:22,596 - Epoch: 8, 1/194: VFL loss: 0.1222, total loss: 0.1588, anchor loss: 0.1955, VFL train accuracy: 0.9688
2026-04-20 18:48:22,872 - Epoch: 8, 11/194: VFL loss: 0.1203, total loss: 0.1518, anchor loss: 0.1833, VFL train accuracy: 0.9627
2026-04-20 18:48:23,090 - Epoch: 8, 21/194: VFL loss: 0.1279, total loss: 0.1555, anchor loss: 0.1832, VFL train accuracy: 0.9596
2026-04-20 18:48:23,321 - Epoch: 8, 31/194: VFL loss: 0.1279, total loss: 0.1557, anchor loss: 0.1835, VFL train accuracy: 0.9596
2026-04-20 18:48:23,540 - Epoch: 8, 41/194: VFL loss: 0.1220, total loss: 0.1519, anchor loss: 0.1819, VFL train accuracy: 0.9607
2026-04-20 18:48:23,758 - Epoch: 8, 51/194: VFL loss: 0.1219, total loss: 0.1527, anchor loss: 0.1835, VFL train accuracy: 0.9602
2026-04-20 18:48:23,976 - Epoch: 8, 61/194: VFL loss: 0.1221, total loss: 0.1531, anchor loss: 0.1841, VFL train accuracy: 0.9597
2026-04-20 18:48:24,194 - Epoch: 8, 71/194: VFL loss: 0.1253, total loss: 0.1550, anchor loss: 0.1846, VFL train accuracy: 0.9587
2026-04-20 18:48:24,412 - Epoch: 8, 81/194: VFL loss: 0.1254, total loss: 0.1559, anchor loss: 0.1863, VFL train accuracy: 0.9581
2026-04-20 18:48:24,634 - Epoch: 8, 91/194: VFL loss: 0.1276, total loss: 0.1574, anchor loss: 0.1873, VFL train accuracy: 0.9570
2026-04-20 18:48:24,852 - Epoch: 8, 101/194: VFL loss: 0.1275, total loss: 0.1572, anchor loss: 0.1869, VFL train accuracy: 0.9569
2026-04-20 18:48:25,071 - Epoch: 8, 111/194: VFL loss: 0.1294, total loss: 0.1584, anchor loss: 0.1874, VFL train accuracy: 0.9564
2026-04-20 18:48:25,288 - Epoch: 8, 121/194: VFL loss: 0.1297, total loss: 0.1587, anchor loss: 0.1878, VFL train accuracy: 0.9565
2026-04-20 18:48:25,507 - Epoch: 8, 131/194: VFL loss: 0.1299, total loss: 0.1589, anchor loss: 0.1879, VFL train accuracy: 0.9565
2026-04-20 18:48:25,725 - Epoch: 8, 141/194: VFL loss: 0.1309, total loss: 0.1595, anchor loss: 0.1881, VFL train accuracy: 0.9560
2026-04-20 18:48:25,943 - Epoch: 8, 151/194: VFL loss: 0.1311, total loss: 0.1596, anchor loss: 0.1881, VFL train accuracy: 0.9556
2026-04-20 18:48:26,162 - Epoch: 8, 161/194: VFL loss: 0.1302, total loss: 0.1590, anchor loss: 0.1877, VFL train accuracy: 0.9559
2026-04-20 18:48:26,380 - Epoch: 8, 171/194: VFL loss: 0.1307, total loss: 0.1594, anchor loss: 0.1882, VFL train accuracy: 0.9558
2026-04-20 18:48:26,598 - Epoch: 8, 181/194: VFL loss: 0.1316, total loss: 0.1602, anchor loss: 0.1889, VFL train accuracy: 0.9555
2026-04-20 18:48:26,816 - Epoch: 8, 191/194: VFL loss: 0.1317, total loss: 0.1604, anchor loss: 0.1890, VFL train accuracy: 0.9556
2026-04-20 18:48:26,901 - => Recorded Stage 2 client anchor losses for epoch 8 to './results/AVGuard/lambda_anchor_sensitivity/IEEE_CIS_FRAUD/lambda_anchor_0.5/stage2\stage2_final_epoch_client_anchor_losses.json': {0: 0.187489, 1: 0.177864, 2: 0.201149}
2026-04-20 18:48:26,903 - => Stage 2 EMA anchor update skipped at epoch 8 because momentum=1.0000 disables EMA; eligible classes per client {0: 2, 1: 2, 2: 2}
2026-04-20 18:48:26,904 - => Stage 2 Epoch 8 Training Summary: VFL loss: 0.1314, total loss: 0.1601, anchor loss: 0.1888, VFL train accuracy: 0.9556
2026-04-20 18:48:26,904 - => Test ASR...
2026-04-20 18:48:26,916 - =>Add Trigger to Test Data
2026-04-20 18:48:27,890 - Add Trigger to 8265 Bad Samples, 4133 Clean Samples (1.00)
2026-04-20 18:48:29,820 - => Test Epoch: 8, main task samples: 12398, attack samples: 12398, test loss: 0.4330, clean acc: 0.8239, Top-2: 1.0000, ASR: 0.1003, RAC: 0.7798, test target accuracy: 0.6826, stage3 final accuracy: 0.8239, stage3 final target accuracy: 0.5400, stage3 final asr: 0.1003, anchor loss: 0.2410
2026-04-20 18:48:29,821 - => Stage 3 Detection Summary: recall: 0.8993, precision: 0.8740, f1: 0.8865, false positive rate: 0.0861, correction rate: 0.8993
2026-04-20 18:48:29,821 - => Stage 3 Debug (clean): suspicious=1067/12398, correction_applied=1066, prediction_changed=1066, skipped_tied_vote=0, skipped_low_margin=0, skipped_other=1
2026-04-20 18:48:29,822 - => Stage 3 Debug (poison-valid): suspicious=7402/8265, correction_applied=7402, prediction_changed=7402, skipped_tied_vote=0, skipped_low_margin=0, skipped_other=0
2026-04-20 18:48:29,822 - => Stage 3 Debug (attack-success): suspicious=7402/8231, correction_applied=7402, prediction_changed=7402, corrected_to_true=7402
2026-04-20 18:48:29,823 - => Stage 2 checkpoint score: mean(clean_acc=0.8239, recall=0.8993, correction_rate=0.8993) = 0.8742
2026-04-20 18:48:29,873 - => End Epoch: 8, early stop epochs: 3, best epoch: 5, best clean acc: 0.8234, best Top-2: 1.0000, best ASR: 0.0935, best RAC: 0.7813, anchor loss: 0.2425, best checkpoint score: 0.8787
2026-04-20 18:48:29,874 - => Stage 3 Detection Summary: recall: 0.9063, precision: 0.8867, f1: 0.8964, false positive rate: 0.0769, correction rate: 0.9063
2026-04-20 18:48:29,911 - => LFBA current anchor-derived target label: 1
2026-04-20 18:48:29,933 - =>Add Trigger to Train Data
2026-04-20 18:48:30,422 - Add Trigger to 12397 Bad Samples, 37194 Clean Samples (0.25)
2026-04-20 18:48:30,438 - => Start Training for Injecting Backdoor...
2026-04-20 18:48:30,493 - Epoch: 9, 1/194: VFL loss: 0.1984, total loss: 0.1809, anchor loss: 0.1634, VFL train accuracy: 0.9453
2026-04-20 18:48:30,780 - Epoch: 9, 11/194: VFL loss: 0.2162, total loss: 0.2026, anchor loss: 0.1889, VFL train accuracy: 0.9286
2026-04-20 18:48:30,999 - Epoch: 9, 21/194: VFL loss: 0.2102, total loss: 0.1997, anchor loss: 0.1892, VFL train accuracy: 0.9276
2026-04-20 18:48:31,218 - Epoch: 9, 31/194: VFL loss: 0.2112, total loss: 0.2012, anchor loss: 0.1912, VFL train accuracy: 0.9274
2026-04-20 18:48:31,438 - Epoch: 9, 41/194: VFL loss: 0.2072, total loss: 0.1986, anchor loss: 0.1900, VFL train accuracy: 0.9290
2026-04-20 18:48:31,657 - Epoch: 9, 51/194: VFL loss: 0.2064, total loss: 0.1980, anchor loss: 0.1895, VFL train accuracy: 0.9285
2026-04-20 18:48:31,875 - Epoch: 9, 61/194: VFL loss: 0.2115, total loss: 0.2019, anchor loss: 0.1922, VFL train accuracy: 0.9253
2026-04-20 18:48:32,174 - Epoch: 9, 71/194: VFL loss: 0.2108, total loss: 0.2010, anchor loss: 0.1913, VFL train accuracy: 0.9261
2026-04-20 18:48:32,393 - Epoch: 9, 81/194: VFL loss: 0.2100, total loss: 0.2005, anchor loss: 0.1911, VFL train accuracy: 0.9259
2026-04-20 18:48:32,613 - Epoch: 9, 91/194: VFL loss: 0.2098, total loss: 0.2006, anchor loss: 0.1915, VFL train accuracy: 0.9257
2026-04-20 18:48:32,832 - Epoch: 9, 101/194: VFL loss: 0.2091, total loss: 0.2000, anchor loss: 0.1909, VFL train accuracy: 0.9256
2026-04-20 18:48:33,050 - Epoch: 9, 111/194: VFL loss: 0.2102, total loss: 0.2013, anchor loss: 0.1924, VFL train accuracy: 0.9248
2026-04-20 18:48:33,269 - Epoch: 9, 121/194: VFL loss: 0.2100, total loss: 0.2010, anchor loss: 0.1920, VFL train accuracy: 0.9249
2026-04-20 18:48:33,487 - Epoch: 9, 131/194: VFL loss: 0.2094, total loss: 0.2004, anchor loss: 0.1915, VFL train accuracy: 0.9253
2026-04-20 18:48:33,705 - Epoch: 9, 141/194: VFL loss: 0.2086, total loss: 0.1997, anchor loss: 0.1909, VFL train accuracy: 0.9257
2026-04-20 18:48:33,924 - Epoch: 9, 151/194: VFL loss: 0.2091, total loss: 0.2000, anchor loss: 0.1910, VFL train accuracy: 0.9256
2026-04-20 18:48:34,144 - Epoch: 9, 161/194: VFL loss: 0.2094, total loss: 0.2002, anchor loss: 0.1911, VFL train accuracy: 0.9253
2026-04-20 18:48:34,361 - Epoch: 9, 171/194: VFL loss: 0.2093, total loss: 0.2000, anchor loss: 0.1907, VFL train accuracy: 0.9256
2026-04-20 18:48:34,580 - Epoch: 9, 181/194: VFL loss: 0.2095, total loss: 0.2001, anchor loss: 0.1908, VFL train accuracy: 0.9256
2026-04-20 18:48:34,799 - Epoch: 9, 191/194: VFL loss: 0.2087, total loss: 0.1997, anchor loss: 0.1906, VFL train accuracy: 0.9258
2026-04-20 18:48:34,884 - => Recorded Stage 2 client anchor losses for epoch 9 to './results/AVGuard/lambda_anchor_sensitivity/IEEE_CIS_FRAUD/lambda_anchor_0.5/stage2\stage2_final_epoch_client_anchor_losses.json': {0: 0.1851, 1: 0.177348, 2: 0.209105}
2026-04-20 18:48:34,886 - => Stage 2 EMA anchor update skipped at epoch 9 because momentum=1.0000 disables EMA; eligible classes per client {0: 2, 1: 2, 2: 2}
2026-04-20 18:48:34,886 - => Stage 2 Epoch 9 Training Summary: VFL loss: 0.2083, total loss: 0.1994, anchor loss: 0.1905, VFL train accuracy: 0.9259
2026-04-20 18:48:34,887 - => Test ASR...
2026-04-20 18:48:34,897 - =>Add Trigger to Test Data
2026-04-20 18:48:35,867 - Add Trigger to 8265 Bad Samples, 4133 Clean Samples (1.00)
2026-04-20 18:48:37,797 - => Test Epoch: 9, main task samples: 12398, attack samples: 12398, test loss: 0.3681, clean acc: 0.8281, Top-2: 1.0000, ASR: 0.1189, RAC: 0.7782, test target accuracy: 0.6782, stage3 final accuracy: 0.8281, stage3 final target accuracy: 0.5725, stage3 final asr: 0.1189, anchor loss: 0.2424
2026-04-20 18:48:37,798 - => Stage 3 Detection Summary: recall: 0.8806, precision: 0.8699, f1: 0.8752, false positive rate: 0.0875, correction rate: 0.8806
2026-04-20 18:48:37,798 - => Stage 3 Debug (clean): suspicious=1085/12398, correction_applied=1077, prediction_changed=1077, skipped_tied_vote=0, skipped_low_margin=0, skipped_other=8
2026-04-20 18:48:37,799 - => Stage 3 Debug (poison-valid): suspicious=7253/8265, correction_applied=7253, prediction_changed=7253, skipped_tied_vote=0, skipped_low_margin=0, skipped_other=0
2026-04-20 18:48:37,799 - => Stage 3 Debug (attack-success): suspicious=7253/8236, correction_applied=7253, prediction_changed=7253, corrected_to_true=7253
2026-04-20 18:48:37,799 - => Stage 2 checkpoint score: mean(clean_acc=0.8281, recall=0.8806, correction_rate=0.8806) = 0.8631
2026-04-20 18:48:37,849 - => End Epoch: 9, early stop epochs: 4, best epoch: 5, best clean acc: 0.8234, best Top-2: 1.0000, best ASR: 0.0935, best RAC: 0.7813, anchor loss: 0.2425, best checkpoint score: 0.8787
2026-04-20 18:48:37,850 - => Stage 3 Detection Summary: recall: 0.9063, precision: 0.8867, f1: 0.8964, false positive rate: 0.0769, correction rate: 0.9063
2026-04-20 18:48:37,890 - => LFBA current anchor-derived target label: 1
2026-04-20 18:48:37,910 - =>Add Trigger to Train Data
2026-04-20 18:48:38,402 - Add Trigger to 12397 Bad Samples, 37194 Clean Samples (0.25)
2026-04-20 18:48:38,417 - => Start Training for Injecting Backdoor...
2026-04-20 18:48:38,486 - Epoch: 10, 1/194: VFL loss: 0.1388, total loss: 0.1595, anchor loss: 0.1802, VFL train accuracy: 0.9375
2026-04-20 18:48:38,758 - Epoch: 10, 11/194: VFL loss: 0.1202, total loss: 0.1534, anchor loss: 0.1865, VFL train accuracy: 0.9567
2026-04-20 18:48:38,977 - Epoch: 10, 21/194: VFL loss: 0.1176, total loss: 0.1523, anchor loss: 0.1870, VFL train accuracy: 0.9600
2026-04-20 18:48:39,196 - Epoch: 10, 31/194: VFL loss: 0.1182, total loss: 0.1519, anchor loss: 0.1856, VFL train accuracy: 0.9607
2026-04-20 18:48:39,416 - Epoch: 10, 41/194: VFL loss: 0.1184, total loss: 0.1521, anchor loss: 0.1859, VFL train accuracy: 0.9609
2026-04-20 18:48:39,634 - Epoch: 10, 51/194: VFL loss: 0.1208, total loss: 0.1538, anchor loss: 0.1868, VFL train accuracy: 0.9596
2026-04-20 18:48:39,853 - Epoch: 10, 61/194: VFL loss: 0.1215, total loss: 0.1540, anchor loss: 0.1865, VFL train accuracy: 0.9593
2026-04-20 18:48:40,077 - Epoch: 10, 71/194: VFL loss: 0.1242, total loss: 0.1551, anchor loss: 0.1859, VFL train accuracy: 0.9582
2026-04-20 18:48:40,298 - Epoch: 10, 81/194: VFL loss: 0.1243, total loss: 0.1550, anchor loss: 0.1858, VFL train accuracy: 0.9584
2026-04-20 18:48:40,516 - Epoch: 10, 91/194: VFL loss: 0.1255, total loss: 0.1560, anchor loss: 0.1865, VFL train accuracy: 0.9578
2026-04-20 18:48:40,750 - Epoch: 10, 101/194: VFL loss: 0.1247, total loss: 0.1555, anchor loss: 0.1862, VFL train accuracy: 0.9579
2026-04-20 18:48:40,969 - Epoch: 10, 111/194: VFL loss: 0.1249, total loss: 0.1554, anchor loss: 0.1860, VFL train accuracy: 0.9575
2026-04-20 18:48:41,187 - Epoch: 10, 121/194: VFL loss: 0.1248, total loss: 0.1552, anchor loss: 0.1856, VFL train accuracy: 0.9574
2026-04-20 18:48:41,405 - Epoch: 10, 131/194: VFL loss: 0.1266, total loss: 0.1567, anchor loss: 0.1868, VFL train accuracy: 0.9567
2026-04-20 18:48:41,624 - Epoch: 10, 141/194: VFL loss: 0.1269, total loss: 0.1568, anchor loss: 0.1867, VFL train accuracy: 0.9566
2026-04-20 18:48:41,842 - Epoch: 10, 151/194: VFL loss: 0.1270, total loss: 0.1571, anchor loss: 0.1872, VFL train accuracy: 0.9566
2026-04-20 18:48:42,061 - Epoch: 10, 161/194: VFL loss: 0.1273, total loss: 0.1574, anchor loss: 0.1876, VFL train accuracy: 0.9567
2026-04-20 18:48:42,279 - Epoch: 10, 171/194: VFL loss: 0.1283, total loss: 0.1581, anchor loss: 0.1879, VFL train accuracy: 0.9565
2026-04-20 18:48:42,498 - Epoch: 10, 181/194: VFL loss: 0.1281, total loss: 0.1580, anchor loss: 0.1879, VFL train accuracy: 0.9567
2026-04-20 18:48:42,716 - Epoch: 10, 191/194: VFL loss: 0.1285, total loss: 0.1582, anchor loss: 0.1879, VFL train accuracy: 0.9567
2026-04-20 18:48:42,801 - => Recorded Stage 2 client anchor losses for epoch 10 to './results/AVGuard/lambda_anchor_sensitivity/IEEE_CIS_FRAUD/lambda_anchor_0.5/stage2\stage2_final_epoch_client_anchor_losses.json': {0: 0.185591, 1: 0.177304, 2: 0.200761}
2026-04-20 18:48:42,804 - => Stage 2 EMA anchor update skipped at epoch 10 because momentum=1.0000 disables EMA; eligible classes per client {0: 2, 1: 2, 2: 2}
2026-04-20 18:48:42,804 - => Stage 2 Epoch 10 Training Summary: VFL loss: 0.1284, total loss: 0.1581, anchor loss: 0.1879, VFL train accuracy: 0.9567
2026-04-20 18:48:42,805 - => Test ASR...
2026-04-20 18:48:42,816 - =>Add Trigger to Test Data
2026-04-20 18:48:43,788 - Add Trigger to 8265 Bad Samples, 4133 Clean Samples (1.00)
2026-04-20 18:48:45,712 - => Test Epoch: 10, main task samples: 12398, attack samples: 12398, test loss: 0.4111, clean acc: 0.8263, Top-2: 1.0000, ASR: 0.1149, RAC: 0.7751, test target accuracy: 0.6881, stage3 final accuracy: 0.8263, stage3 final target accuracy: 0.5553, stage3 final asr: 0.1149, anchor loss: 0.2440
2026-04-20 18:48:45,713 - => Stage 3 Detection Summary: recall: 0.8847, precision: 0.8694, f1: 0.8770, false positive rate: 0.0883, correction rate: 0.8847
2026-04-20 18:48:45,714 - => Stage 3 Debug (clean): suspicious=1095/12398, correction_applied=1091, prediction_changed=1091, skipped_tied_vote=0, skipped_low_margin=0, skipped_other=4
2026-04-20 18:48:45,714 - => Stage 3 Debug (poison-valid): suspicious=7288/8265, correction_applied=7288, prediction_changed=7288, skipped_tied_vote=0, skipped_low_margin=0, skipped_other=0
2026-04-20 18:48:45,714 - => Stage 3 Debug (attack-success): suspicious=7288/8238, correction_applied=7288, prediction_changed=7288, corrected_to_true=7288
2026-04-20 18:48:45,715 - => Stage 2 checkpoint score: mean(clean_acc=0.8263, recall=0.8847, correction_rate=0.8847) = 0.8652
2026-04-20 18:48:45,767 - => End Epoch: 10, early stop epochs: 5, best epoch: 5, best clean acc: 0.8234, best Top-2: 1.0000, best ASR: 0.0935, best RAC: 0.7813, anchor loss: 0.2425, best checkpoint score: 0.8787
2026-04-20 18:48:45,768 - => Stage 3 Detection Summary: recall: 0.9063, precision: 0.8867, f1: 0.8964, false positive rate: 0.0769, correction rate: 0.9063
2026-04-20 18:48:45,801 - => LFBA current anchor-derived target label: 1
2026-04-20 18:48:45,824 - =>Add Trigger to Train Data
2026-04-20 18:48:46,311 - Add Trigger to 12397 Bad Samples, 37194 Clean Samples (0.25)
2026-04-20 18:48:46,327 - => Start Training for Injecting Backdoor...
2026-04-20 18:48:46,394 - Epoch: 11, 1/194: VFL loss: 0.1995, total loss: 0.1898, anchor loss: 0.1802, VFL train accuracy: 0.9453
2026-04-20 18:48:46,672 - Epoch: 11, 11/194: VFL loss: 0.2148, total loss: 0.2046, anchor loss: 0.1945, VFL train accuracy: 0.9297
2026-04-20 18:48:46,903 - Epoch: 11, 21/194: VFL loss: 0.2134, total loss: 0.2048, anchor loss: 0.1962, VFL train accuracy: 0.9262
2026-04-20 18:48:47,122 - Epoch: 11, 31/194: VFL loss: 0.2075, total loss: 0.2005, anchor loss: 0.1935, VFL train accuracy: 0.9288
2026-04-20 18:48:47,342 - Epoch: 11, 41/194: VFL loss: 0.2083, total loss: 0.2011, anchor loss: 0.1939, VFL train accuracy: 0.9265
2026-04-20 18:48:47,560 - Epoch: 11, 51/194: VFL loss: 0.2043, total loss: 0.1978, anchor loss: 0.1913, VFL train accuracy: 0.9282
2026-04-20 18:48:47,779 - Epoch: 11, 61/194: VFL loss: 0.2019, total loss: 0.1958, anchor loss: 0.1896, VFL train accuracy: 0.9289
2026-04-20 18:48:47,997 - Epoch: 11, 71/194: VFL loss: 0.2012, total loss: 0.1951, anchor loss: 0.1890, VFL train accuracy: 0.9291
2026-04-20 18:48:48,216 - Epoch: 11, 81/194: VFL loss: 0.2001, total loss: 0.1943, anchor loss: 0.1885, VFL train accuracy: 0.9293
2026-04-20 18:48:48,542 - Epoch: 11, 91/194: VFL loss: 0.2014, total loss: 0.1955, anchor loss: 0.1896, VFL train accuracy: 0.9284
2026-04-20 18:48:48,763 - Epoch: 11, 101/194: VFL loss: 0.2027, total loss: 0.1961, anchor loss: 0.1896, VFL train accuracy: 0.9280
2026-04-20 18:48:48,982 - Epoch: 11, 111/194: VFL loss: 0.2019, total loss: 0.1958, anchor loss: 0.1897, VFL train accuracy: 0.9282
2026-04-20 18:48:49,201 - Epoch: 11, 121/194: VFL loss: 0.2014, total loss: 0.1952, anchor loss: 0.1889, VFL train accuracy: 0.9284
2026-04-20 18:48:49,419 - Epoch: 11, 131/194: VFL loss: 0.2029, total loss: 0.1961, anchor loss: 0.1894, VFL train accuracy: 0.9278
2026-04-20 18:48:49,638 - Epoch: 11, 141/194: VFL loss: 0.2015, total loss: 0.1952, anchor loss: 0.1889, VFL train accuracy: 0.9283
2026-04-20 18:48:49,855 - Epoch: 11, 151/194: VFL loss: 0.2004, total loss: 0.1945, anchor loss: 0.1885, VFL train accuracy: 0.9286
2026-04-20 18:48:50,073 - Epoch: 11, 161/194: VFL loss: 0.1996, total loss: 0.1938, anchor loss: 0.1880, VFL train accuracy: 0.9288
2026-04-20 18:48:50,291 - Epoch: 11, 171/194: VFL loss: 0.2007, total loss: 0.1947, anchor loss: 0.1887, VFL train accuracy: 0.9282
2026-04-20 18:48:50,510 - Epoch: 11, 181/194: VFL loss: 0.2003, total loss: 0.1944, anchor loss: 0.1886, VFL train accuracy: 0.9285
2026-04-20 18:48:50,728 - Epoch: 11, 191/194: VFL loss: 0.2006, total loss: 0.1946, anchor loss: 0.1887, VFL train accuracy: 0.9284
2026-04-20 18:48:50,813 - => Recorded Stage 2 client anchor losses for epoch 11 to './results/AVGuard/lambda_anchor_sensitivity/IEEE_CIS_FRAUD/lambda_anchor_0.5/stage2\stage2_final_epoch_client_anchor_losses.json': {0: 0.179793, 1: 0.176478, 2: 0.209509}
2026-04-20 18:48:50,815 - => Stage 2 EMA anchor update skipped at epoch 11 because momentum=1.0000 disables EMA; eligible classes per client {0: 2, 1: 2, 2: 2}
2026-04-20 18:48:50,815 - => Stage 2 Epoch 11 Training Summary: VFL loss: 0.2006, total loss: 0.1946, anchor loss: 0.1886, VFL train accuracy: 0.9283
2026-04-20 18:48:50,815 - => Test ASR...
2026-04-20 18:48:50,825 - =>Add Trigger to Test Data
2026-04-20 18:48:51,788 - Add Trigger to 8265 Bad Samples, 4133 Clean Samples (1.00)
2026-04-20 18:48:53,706 - => Test Epoch: 11, main task samples: 12398, attack samples: 12398, test loss: 0.3539, clean acc: 0.8311, Top-2: 1.0000, ASR: 0.1142, RAC: 0.7860, test target accuracy: 0.6743, stage3 final accuracy: 0.8311, stage3 final target accuracy: 0.5865, stage3 final asr: 0.1142, anchor loss: 0.2391
2026-04-20 18:48:53,706 - => Stage 3 Detection Summary: recall: 0.8853, precision: 0.8714, f1: 0.8783, false positive rate: 0.0867, correction rate: 0.8853
2026-04-20 18:48:53,707 - => Stage 3 Debug (clean): suspicious=1075/12398, correction_applied=1074, prediction_changed=1074, skipped_tied_vote=0, skipped_low_margin=0, skipped_other=1
2026-04-20 18:48:53,707 - => Stage 3 Debug (poison-valid): suspicious=7284/8265, correction_applied=7284, prediction_changed=7284, skipped_tied_vote=0, skipped_low_margin=0, skipped_other=0
2026-04-20 18:48:53,707 - => Stage 3 Debug (attack-success): suspicious=7284/8228, correction_applied=7284, prediction_changed=7284, corrected_to_true=7284
2026-04-20 18:48:53,708 - => Stage 2 checkpoint score: mean(clean_acc=0.8311, recall=0.8853, correction_rate=0.8853) = 0.8672
2026-04-20 18:48:53,756 - => End Epoch: 11, early stop epochs: 6, best epoch: 5, best clean acc: 0.8234, best Top-2: 1.0000, best ASR: 0.0935, best RAC: 0.7813, anchor loss: 0.2425, best checkpoint score: 0.8787
2026-04-20 18:48:53,757 - => Stage 3 Detection Summary: recall: 0.9063, precision: 0.8867, f1: 0.8964, false positive rate: 0.0769, correction rate: 0.9063
2026-04-20 18:48:53,793 - => LFBA current anchor-derived target label: 1
2026-04-20 18:48:53,814 - =>Add Trigger to Train Data
2026-04-20 18:48:54,302 - Add Trigger to 12397 Bad Samples, 37194 Clean Samples (0.25)
2026-04-20 18:48:54,317 - => Start Training for Injecting Backdoor...
2026-04-20 18:48:54,378 - Epoch: 12, 1/194: VFL loss: 0.1108, total loss: 0.1440, anchor loss: 0.1772, VFL train accuracy: 0.9766
2026-04-20 18:48:54,650 - Epoch: 12, 11/194: VFL loss: 0.1211, total loss: 0.1516, anchor loss: 0.1820, VFL train accuracy: 0.9645
2026-04-20 18:48:54,868 - Epoch: 12, 21/194: VFL loss: 0.1161, total loss: 0.1506, anchor loss: 0.1852, VFL train accuracy: 0.9656
2026-04-20 18:48:55,087 - Epoch: 12, 31/194: VFL loss: 0.1191, total loss: 0.1522, anchor loss: 0.1853, VFL train accuracy: 0.9638
2026-04-20 18:48:55,307 - Epoch: 12, 41/194: VFL loss: 0.1190, total loss: 0.1520, anchor loss: 0.1851, VFL train accuracy: 0.9629
2026-04-20 18:48:55,525 - Epoch: 12, 51/194: VFL loss: 0.1180, total loss: 0.1505, anchor loss: 0.1831, VFL train accuracy: 0.9629
2026-04-20 18:48:55,744 - Epoch: 12, 61/194: VFL loss: 0.1198, total loss: 0.1517, anchor loss: 0.1837, VFL train accuracy: 0.9620
2026-04-20 18:48:55,962 - Epoch: 12, 71/194: VFL loss: 0.1191, total loss: 0.1511, anchor loss: 0.1831, VFL train accuracy: 0.9617
2026-04-20 18:48:56,181 - Epoch: 12, 81/194: VFL loss: 0.1204, total loss: 0.1521, anchor loss: 0.1839, VFL train accuracy: 0.9613
2026-04-20 18:48:56,399 - Epoch: 12, 91/194: VFL loss: 0.1206, total loss: 0.1522, anchor loss: 0.1837, VFL train accuracy: 0.9610
2026-04-20 18:48:56,617 - Epoch: 12, 101/194: VFL loss: 0.1203, total loss: 0.1522, anchor loss: 0.1840, VFL train accuracy: 0.9606
2026-04-20 18:48:56,839 - Epoch: 12, 111/194: VFL loss: 0.1205, total loss: 0.1520, anchor loss: 0.1835, VFL train accuracy: 0.9604
2026-04-20 18:48:57,057 - Epoch: 12, 121/194: VFL loss: 0.1210, total loss: 0.1523, anchor loss: 0.1835, VFL train accuracy: 0.9601
2026-04-20 18:48:57,276 - Epoch: 12, 131/194: VFL loss: 0.1215, total loss: 0.1527, anchor loss: 0.1839, VFL train accuracy: 0.9598
2026-04-20 18:48:57,495 - Epoch: 12, 141/194: VFL loss: 0.1217, total loss: 0.1530, anchor loss: 0.1843, VFL train accuracy: 0.9596
2026-04-20 18:48:57,713 - Epoch: 12, 151/194: VFL loss: 0.1212, total loss: 0.1527, anchor loss: 0.1842, VFL train accuracy: 0.9597
2026-04-20 18:48:57,931 - Epoch: 12, 161/194: VFL loss: 0.1213, total loss: 0.1530, anchor loss: 0.1846, VFL train accuracy: 0.9597
2026-04-20 18:48:58,150 - Epoch: 12, 171/194: VFL loss: 0.1213, total loss: 0.1529, anchor loss: 0.1846, VFL train accuracy: 0.9595
2026-04-20 18:48:58,368 - Epoch: 12, 181/194: VFL loss: 0.1206, total loss: 0.1525, anchor loss: 0.1845, VFL train accuracy: 0.9596
2026-04-20 18:48:58,586 - Epoch: 12, 191/194: VFL loss: 0.1205, total loss: 0.1526, anchor loss: 0.1846, VFL train accuracy: 0.9595
2026-04-20 18:48:58,671 - => Recorded Stage 2 client anchor losses for epoch 12 to './results/AVGuard/lambda_anchor_sensitivity/IEEE_CIS_FRAUD/lambda_anchor_0.5/stage2\stage2_final_epoch_client_anchor_losses.json': {0: 0.178996, 1: 0.177011, 2: 0.198067}
2026-04-20 18:48:58,673 - => Stage 2 EMA anchor update skipped at epoch 12 because momentum=1.0000 disables EMA; eligible classes per client {0: 2, 1: 2, 2: 2}
2026-04-20 18:48:58,674 - => Stage 2 Epoch 12 Training Summary: VFL loss: 0.1206, total loss: 0.1527, anchor loss: 0.1847, VFL train accuracy: 0.9594
2026-04-20 18:48:58,674 - => Test ASR...
2026-04-20 18:48:58,685 - =>Add Trigger to Test Data
2026-04-20 18:48:59,654 - Add Trigger to 8265 Bad Samples, 4133 Clean Samples (1.00)
2026-04-20 18:49:01,633 - => Test Epoch: 12, main task samples: 12398, attack samples: 12398, test loss: 0.4115, clean acc: 0.8305, Top-2: 1.0000, ASR: 0.1116, RAC: 0.7829, test target accuracy: 0.6717, stage3 final accuracy: 0.8305, stage3 final target accuracy: 0.5720, stage3 final asr: 0.1116, anchor loss: 0.2443
2026-04-20 18:49:01,634 - => Stage 3 Detection Summary: recall: 0.8880, precision: 0.8857, f1: 0.8869, false positive rate: 0.0760, correction rate: 0.8879
2026-04-20 18:49:01,635 - => Stage 3 Debug (clean): suspicious=942/12398, correction_applied=939, prediction_changed=939, skipped_tied_vote=0, skipped_low_margin=0, skipped_other=3
2026-04-20 18:49:01,636 - => Stage 3 Debug (poison-valid): suspicious=7302/8265, correction_applied=7301, prediction_changed=7301, skipped_tied_vote=0, skipped_low_margin=0, skipped_other=1
2026-04-20 18:49:01,637 - => Stage 3 Debug (attack-success): suspicious=7302/8223, correction_applied=7301, prediction_changed=7301, corrected_to_true=7301
2026-04-20 18:49:01,638 - => Stage 2 checkpoint score: mean(clean_acc=0.8305, recall=0.8880, correction_rate=0.8879) = 0.8688
2026-04-20 18:49:01,691 - => End Epoch: 12, early stop epochs: 7, best epoch: 5, best clean acc: 0.8234, best Top-2: 1.0000, best ASR: 0.0935, best RAC: 0.7813, anchor loss: 0.2425, best checkpoint score: 0.8787
2026-04-20 18:49:01,692 - => Stage 3 Detection Summary: recall: 0.9063, precision: 0.8867, f1: 0.8964, false positive rate: 0.0769, correction rate: 0.9063
2026-04-20 18:49:01,722 - => LFBA current anchor-derived target label: 1
2026-04-20 18:49:01,745 - =>Add Trigger to Train Data
2026-04-20 18:49:02,232 - Add Trigger to 12397 Bad Samples, 37194 Clean Samples (0.25)
2026-04-20 18:49:02,247 - => Start Training for Injecting Backdoor...
2026-04-20 18:49:02,295 - Epoch: 13, 1/194: VFL loss: 0.1393, total loss: 0.1535, anchor loss: 0.1677, VFL train accuracy: 0.9492
2026-04-20 18:49:02,599 - Epoch: 13, 11/194: VFL loss: 0.1887, total loss: 0.1849, anchor loss: 0.1812, VFL train accuracy: 0.9308
2026-04-20 18:49:02,832 - Epoch: 13, 21/194: VFL loss: 0.1888, total loss: 0.1855, anchor loss: 0.1823, VFL train accuracy: 0.9315
2026-04-20 18:49:03,065 - Epoch: 13, 31/194: VFL loss: 0.1867, total loss: 0.1839, anchor loss: 0.1810, VFL train accuracy: 0.9322
2026-04-20 18:49:03,298 - Epoch: 13, 41/194: VFL loss: 0.1903, total loss: 0.1864, anchor loss: 0.1825, VFL train accuracy: 0.9317
2026-04-20 18:49:03,524 - Epoch: 13, 51/194: VFL loss: 0.1895, total loss: 0.1860, anchor loss: 0.1825, VFL train accuracy: 0.9325
2026-04-20 18:49:03,750 - Epoch: 13, 61/194: VFL loss: 0.1898, total loss: 0.1860, anchor loss: 0.1822, VFL train accuracy: 0.9322
2026-04-20 18:49:03,976 - Epoch: 13, 71/194: VFL loss: 0.1889, total loss: 0.1855, anchor loss: 0.1822, VFL train accuracy: 0.9323
2026-04-20 18:49:04,200 - Epoch: 13, 81/194: VFL loss: 0.1926, total loss: 0.1881, anchor loss: 0.1835, VFL train accuracy: 0.9308
2026-04-20 18:49:04,419 - Epoch: 13, 91/194: VFL loss: 0.1940, total loss: 0.1890, anchor loss: 0.1840, VFL train accuracy: 0.9305
2026-04-20 18:49:04,637 - Epoch: 13, 101/194: VFL loss: 0.1940, total loss: 0.1891, anchor loss: 0.1842, VFL train accuracy: 0.9307
2026-04-20 18:49:04,858 - Epoch: 13, 111/194: VFL loss: 0.1940, total loss: 0.1892, anchor loss: 0.1844, VFL train accuracy: 0.9306
2026-04-20 18:49:05,077 - Epoch: 13, 121/194: VFL loss: 0.1937, total loss: 0.1890, anchor loss: 0.1843, VFL train accuracy: 0.9308
2026-04-20 18:49:05,296 - Epoch: 13, 131/194: VFL loss: 0.1944, total loss: 0.1896, anchor loss: 0.1848, VFL train accuracy: 0.9303
2026-04-20 18:49:05,515 - Epoch: 13, 141/194: VFL loss: 0.1942, total loss: 0.1898, anchor loss: 0.1853, VFL train accuracy: 0.9303
2026-04-20 18:49:05,733 - Epoch: 13, 151/194: VFL loss: 0.1956, total loss: 0.1908, anchor loss: 0.1860, VFL train accuracy: 0.9292
2026-04-20 18:49:05,952 - Epoch: 13, 161/194: VFL loss: 0.1960, total loss: 0.1911, anchor loss: 0.1862, VFL train accuracy: 0.9292
2026-04-20 18:49:06,170 - Epoch: 13, 171/194: VFL loss: 0.1949, total loss: 0.1903, anchor loss: 0.1857, VFL train accuracy: 0.9297
2026-04-20 18:49:06,389 - Epoch: 13, 181/194: VFL loss: 0.1958, total loss: 0.1910, anchor loss: 0.1861, VFL train accuracy: 0.9297
2026-04-20 18:49:06,607 - Epoch: 13, 191/194: VFL loss: 0.1963, total loss: 0.1914, anchor loss: 0.1865, VFL train accuracy: 0.9294
2026-04-20 18:49:06,693 - => Recorded Stage 2 client anchor losses for epoch 13 to './results/AVGuard/lambda_anchor_sensitivity/IEEE_CIS_FRAUD/lambda_anchor_0.5/stage2\stage2_final_epoch_client_anchor_losses.json': {0: 0.17779, 1: 0.176609, 2: 0.206227}
2026-04-20 18:49:06,696 - => Stage 2 EMA anchor update skipped at epoch 13 because momentum=1.0000 disables EMA; eligible classes per client {0: 2, 1: 2, 2: 2}
2026-04-20 18:49:06,696 - => Stage 2 Epoch 13 Training Summary: VFL loss: 0.1971, total loss: 0.1920, anchor loss: 0.1870, VFL train accuracy: 0.9292
2026-04-20 18:49:06,697 - => Test ASR...
2026-04-20 18:49:06,709 - =>Add Trigger to Test Data
2026-04-20 18:49:07,688 - Add Trigger to 8265 Bad Samples, 4133 Clean Samples (1.00)
2026-04-20 18:49:09,667 - => Test Epoch: 13, main task samples: 12398, attack samples: 12398, test loss: 0.3816, clean acc: 0.8309, Top-2: 1.0000, ASR: 0.1667, RAC: 0.7554, test target accuracy: 0.7631, stage3 final accuracy: 0.8309, stage3 final target accuracy: 0.5998, stage3 final asr: 0.1667, anchor loss: 0.2457
2026-04-20 18:49:09,668 - => Stage 3 Detection Summary: recall: 0.8326, precision: 0.8285, f1: 0.8306, false positive rate: 0.1142, correction rate: 0.8325
2026-04-20 18:49:09,669 - => Stage 3 Debug (clean): suspicious=1416/12398, correction_applied=1410, prediction_changed=1410, skipped_tied_vote=0, skipped_low_margin=0, skipped_other=6
2026-04-20 18:49:09,669 - => Stage 3 Debug (poison-valid): suspicious=6847/8265, correction_applied=6846, prediction_changed=6846, skipped_tied_vote=0, skipped_low_margin=0, skipped_other=1
2026-04-20 18:49:09,669 - => Stage 3 Debug (attack-success): suspicious=6846/8222, correction_applied=6845, prediction_changed=6845, corrected_to_true=6845
2026-04-20 18:49:09,670 - => Stage 2 checkpoint score: mean(clean_acc=0.8309, recall=0.8326, correction_rate=0.8325) = 0.8320
2026-04-20 18:49:09,718 - => End Epoch: 13, early stop epochs: 8, best epoch: 5, best clean acc: 0.8234, best Top-2: 1.0000, best ASR: 0.0935, best RAC: 0.7813, anchor loss: 0.2425, best checkpoint score: 0.8787
2026-04-20 18:49:09,719 - => Stage 3 Detection Summary: recall: 0.9063, precision: 0.8867, f1: 0.8964, false positive rate: 0.0769, correction rate: 0.9063
2026-04-20 18:49:09,744 - => LFBA current anchor-derived target label: 1
2026-04-20 18:49:09,766 - =>Add Trigger to Train Data
2026-04-20 18:49:10,281 - Add Trigger to 12397 Bad Samples, 37194 Clean Samples (0.25)
2026-04-20 18:49:10,290 - => Start Training for Injecting Backdoor...
2026-04-20 18:49:10,351 - Epoch: 14, 1/194: VFL loss: 0.1764, total loss: 0.1784, anchor loss: 0.1805, VFL train accuracy: 0.9453
2026-04-20 18:49:10,638 - Epoch: 14, 11/194: VFL loss: 0.1401, total loss: 0.1623, anchor loss: 0.1846, VFL train accuracy: 0.9517
2026-04-20 18:49:10,858 - Epoch: 14, 21/194: VFL loss: 0.1293, total loss: 0.1571, anchor loss: 0.1848, VFL train accuracy: 0.9554
2026-04-20 18:49:11,079 - Epoch: 14, 31/194: VFL loss: 0.1242, total loss: 0.1520, anchor loss: 0.1799, VFL train accuracy: 0.9573
2026-04-20 18:49:11,299 - Epoch: 14, 41/194: VFL loss: 0.1211, total loss: 0.1501, anchor loss: 0.1791, VFL train accuracy: 0.9589
2026-04-20 18:49:11,517 - Epoch: 14, 51/194: VFL loss: 0.1196, total loss: 0.1494, anchor loss: 0.1791, VFL train accuracy: 0.9598
2026-04-20 18:49:11,735 - Epoch: 14, 61/194: VFL loss: 0.1179, total loss: 0.1488, anchor loss: 0.1797, VFL train accuracy: 0.9609
2026-04-20 18:49:11,959 - Epoch: 14, 71/194: VFL loss: 0.1174, total loss: 0.1483, anchor loss: 0.1793, VFL train accuracy: 0.9608
2026-04-20 18:49:12,177 - Epoch: 14, 81/194: VFL loss: 0.1179, total loss: 0.1492, anchor loss: 0.1805, VFL train accuracy: 0.9607
2026-04-20 18:49:12,402 - Epoch: 14, 91/194: VFL loss: 0.1177, total loss: 0.1496, anchor loss: 0.1814, VFL train accuracy: 0.9609
2026-04-20 18:49:12,621 - Epoch: 14, 101/194: VFL loss: 0.1159, total loss: 0.1486, anchor loss: 0.1814, VFL train accuracy: 0.9612
2026-04-20 18:49:12,839 - Epoch: 14, 111/194: VFL loss: 0.1167, total loss: 0.1495, anchor loss: 0.1824, VFL train accuracy: 0.9609
2026-04-20 18:49:13,062 - Epoch: 14, 121/194: VFL loss: 0.1171, total loss: 0.1499, anchor loss: 0.1828, VFL train accuracy: 0.9609
2026-04-20 18:49:13,280 - Epoch: 14, 131/194: VFL loss: 0.1170, total loss: 0.1498, anchor loss: 0.1825, VFL train accuracy: 0.9608
2026-04-20 18:49:13,499 - Epoch: 14, 141/194: VFL loss: 0.1165, total loss: 0.1496, anchor loss: 0.1826, VFL train accuracy: 0.9609
2026-04-20 18:49:13,718 - Epoch: 14, 151/194: VFL loss: 0.1163, total loss: 0.1494, anchor loss: 0.1826, VFL train accuracy: 0.9608
2026-04-20 18:49:13,936 - Epoch: 14, 161/194: VFL loss: 0.1156, total loss: 0.1492, anchor loss: 0.1827, VFL train accuracy: 0.9611
2026-04-20 18:49:14,155 - Epoch: 14, 171/194: VFL loss: 0.1151, total loss: 0.1487, anchor loss: 0.1824, VFL train accuracy: 0.9613
2026-04-20 18:49:14,374 - Epoch: 14, 181/194: VFL loss: 0.1160, total loss: 0.1494, anchor loss: 0.1827, VFL train accuracy: 0.9610
2026-04-20 18:49:14,592 - Epoch: 14, 191/194: VFL loss: 0.1159, total loss: 0.1493, anchor loss: 0.1827, VFL train accuracy: 0.9608
2026-04-20 18:49:14,678 - => Recorded Stage 2 client anchor losses for epoch 14 to './results/AVGuard/lambda_anchor_sensitivity/IEEE_CIS_FRAUD/lambda_anchor_0.5/stage2\stage2_final_epoch_client_anchor_losses.json': {0: 0.175226, 1: 0.176272, 2: 0.196547}
2026-04-20 18:49:14,680 - => Stage 2 EMA anchor update skipped at epoch 14 because momentum=1.0000 disables EMA; eligible classes per client {0: 2, 1: 2, 2: 2}
2026-04-20 18:49:14,680 - => Stage 2 Epoch 14 Training Summary: VFL loss: 0.1160, total loss: 0.1493, anchor loss: 0.1827, VFL train accuracy: 0.9607
2026-04-20 18:49:14,681 - => Test ASR...
2026-04-20 18:49:14,690 - =>Add Trigger to Test Data
2026-04-20 18:49:15,658 - Add Trigger to 8265 Bad Samples, 4133 Clean Samples (1.00)
2026-04-20 18:49:17,673 - => Test Epoch: 14, main task samples: 12398, attack samples: 12398, test loss: 0.4272, clean acc: 0.8280, Top-2: 1.0000, ASR: 0.1250, RAC: 0.7667, test target accuracy: 0.7121, stage3 final accuracy: 0.8280, stage3 final target accuracy: 0.5500, stage3 final asr: 0.1250, anchor loss: 0.2397
2026-04-20 18:49:17,673 - => Stage 3 Detection Summary: recall: 0.8746, precision: 0.8648, f1: 0.8697, false positive rate: 0.0906, correction rate: 0.8745
2026-04-20 18:49:17,674 - => Stage 3 Debug (clean): suspicious=1123/12398, correction_applied=1122, prediction_changed=1122, skipped_tied_vote=0, skipped_low_margin=0, skipped_other=1
2026-04-20 18:49:17,674 - => Stage 3 Debug (poison-valid): suspicious=7193/8265, correction_applied=7192, prediction_changed=7192, skipped_tied_vote=0, skipped_low_margin=0, skipped_other=1
2026-04-20 18:49:17,674 - => Stage 3 Debug (attack-success): suspicious=7192/8223, correction_applied=7191, prediction_changed=7191, corrected_to_true=7191
2026-04-20 18:49:17,675 - => Stage 2 checkpoint score: mean(clean_acc=0.8280, recall=0.8746, correction_rate=0.8745) = 0.8591
2026-04-20 18:49:17,725 - => End Epoch: 14, early stop epochs: 9, best epoch: 5, best clean acc: 0.8234, best Top-2: 1.0000, best ASR: 0.0935, best RAC: 0.7813, anchor loss: 0.2425, best checkpoint score: 0.8787
2026-04-20 18:49:17,726 - => Stage 3 Detection Summary: recall: 0.9063, precision: 0.8867, f1: 0.8964, false positive rate: 0.0769, correction rate: 0.9063
2026-04-20 18:49:17,763 - => LFBA current anchor-derived target label: 1
2026-04-20 18:49:17,786 - =>Add Trigger to Train Data
2026-04-20 18:49:18,272 - Add Trigger to 12397 Bad Samples, 37194 Clean Samples (0.25)
2026-04-20 18:49:18,288 - => Start Training for Injecting Backdoor...
2026-04-20 18:49:18,347 - Epoch: 15, 1/194: VFL loss: 0.2012, total loss: 0.1905, anchor loss: 0.1799, VFL train accuracy: 0.9414
2026-04-20 18:49:18,627 - Epoch: 15, 11/194: VFL loss: 0.1975, total loss: 0.1894, anchor loss: 0.1814, VFL train accuracy: 0.9322
2026-04-20 18:49:18,845 - Epoch: 15, 21/194: VFL loss: 0.2065, total loss: 0.1957, anchor loss: 0.1850, VFL train accuracy: 0.9314
2026-04-20 18:49:19,063 - Epoch: 15, 31/194: VFL loss: 0.1989, total loss: 0.1910, anchor loss: 0.1831, VFL train accuracy: 0.9318
2026-04-20 18:49:19,281 - Epoch: 15, 41/194: VFL loss: 0.1962, total loss: 0.1904, anchor loss: 0.1846, VFL train accuracy: 0.9315
2026-04-20 18:49:19,499 - Epoch: 15, 51/194: VFL loss: 0.1948, total loss: 0.1895, anchor loss: 0.1841, VFL train accuracy: 0.9316
2026-04-20 18:49:19,717 - Epoch: 15, 61/194: VFL loss: 0.1949, total loss: 0.1895, anchor loss: 0.1841, VFL train accuracy: 0.9318
2026-04-20 18:49:19,941 - Epoch: 15, 71/194: VFL loss: 0.1916, total loss: 0.1869, anchor loss: 0.1822, VFL train accuracy: 0.9330
2026-04-20 18:49:20,160 - Epoch: 15, 81/194: VFL loss: 0.1921, total loss: 0.1873, anchor loss: 0.1825, VFL train accuracy: 0.9324
2026-04-20 18:49:20,380 - Epoch: 15, 91/194: VFL loss: 0.1896, total loss: 0.1855, anchor loss: 0.1814, VFL train accuracy: 0.9336
2026-04-20 18:49:20,598 - Epoch: 15, 101/194: VFL loss: 0.1909, total loss: 0.1866, anchor loss: 0.1823, VFL train accuracy: 0.9328
2026-04-20 18:49:20,844 - Epoch: 15, 111/194: VFL loss: 0.1904, total loss: 0.1863, anchor loss: 0.1822, VFL train accuracy: 0.9326
2026-04-20 18:49:21,071 - Epoch: 15, 121/194: VFL loss: 0.1919, total loss: 0.1874, anchor loss: 0.1829, VFL train accuracy: 0.9319
2026-04-20 18:49:21,289 - Epoch: 15, 131/194: VFL loss: 0.1907, total loss: 0.1863, anchor loss: 0.1819, VFL train accuracy: 0.9324
2026-04-20 18:49:21,507 - Epoch: 15, 141/194: VFL loss: 0.1911, total loss: 0.1868, anchor loss: 0.1824, VFL train accuracy: 0.9326
2026-04-20 18:49:21,726 - Epoch: 15, 151/194: VFL loss: 0.1920, total loss: 0.1876, anchor loss: 0.1831, VFL train accuracy: 0.9324
2026-04-20 18:49:21,944 - Epoch: 15, 161/194: VFL loss: 0.1915, total loss: 0.1873, anchor loss: 0.1832, VFL train accuracy: 0.9326
2026-04-20 18:49:22,163 - Epoch: 15, 171/194: VFL loss: 0.1909, total loss: 0.1871, anchor loss: 0.1833, VFL train accuracy: 0.9325
2026-04-20 18:49:22,387 - Epoch: 15, 181/194: VFL loss: 0.1913, total loss: 0.1874, anchor loss: 0.1835, VFL train accuracy: 0.9324
2026-04-20 18:49:22,605 - Epoch: 15, 191/194: VFL loss: 0.1906, total loss: 0.1870, anchor loss: 0.1833, VFL train accuracy: 0.9324
2026-04-20 18:49:22,690 - => Recorded Stage 2 client anchor losses for epoch 15 to './results/AVGuard/lambda_anchor_sensitivity/IEEE_CIS_FRAUD/lambda_anchor_0.5/stage2\stage2_final_epoch_client_anchor_losses.json': {0: 0.171754, 1: 0.176545, 2: 0.20191}
2026-04-20 18:49:22,693 - => Stage 2 EMA anchor update skipped at epoch 15 because momentum=1.0000 disables EMA; eligible classes per client {0: 2, 1: 2, 2: 2}
2026-04-20 18:49:22,693 - => Stage 2 Epoch 15 Training Summary: VFL loss: 0.1908, total loss: 0.1871, anchor loss: 0.1835, VFL train accuracy: 0.9324
2026-04-20 18:49:22,694 - => Test ASR...
2026-04-20 18:49:22,706 - =>Add Trigger to Test Data
2026-04-20 18:49:23,678 - Add Trigger to 8265 Bad Samples, 4133 Clean Samples (1.00)
2026-04-20 18:49:25,597 - => Test Epoch: 15, main task samples: 12398, attack samples: 12398, test loss: 0.3686, clean acc: 0.8281, Top-2: 1.0000, ASR: 0.1276, RAC: 0.7660, test target accuracy: 0.7205, stage3 final accuracy: 0.8281, stage3 final target accuracy: 0.5534, stage3 final asr: 0.1276, anchor loss: 0.2434
2026-04-20 18:49:25,598 - => Stage 3 Detection Summary: recall: 0.8718, precision: 0.8524, f1: 0.8620, false positive rate: 0.1001, correction rate: 0.8716
2026-04-20 18:49:25,598 - => Stage 3 Debug (clean): suspicious=1241/12398, correction_applied=1238, prediction_changed=1238, skipped_tied_vote=0, skipped_low_margin=0, skipped_other=3
2026-04-20 18:49:25,598 - => Stage 3 Debug (poison-valid): suspicious=7165/8265, correction_applied=7164, prediction_changed=7164, skipped_tied_vote=0, skipped_low_margin=0, skipped_other=1
2026-04-20 18:49:25,598 - => Stage 3 Debug (attack-success): suspicious=7165/8219, correction_applied=7164, prediction_changed=7164, corrected_to_true=7164
2026-04-20 18:49:25,599 - => Stage 2 checkpoint score: mean(clean_acc=0.8281, recall=0.8718, correction_rate=0.8716) = 0.8572
2026-04-20 18:49:25,649 - => End Epoch: 15, early stop epochs: 10, best epoch: 5, best clean acc: 0.8234, best Top-2: 1.0000, best ASR: 0.0935, best RAC: 0.7813, anchor loss: 0.2425, best checkpoint score: 0.8787
2026-04-20 18:49:25,650 - => Stage 3 Detection Summary: recall: 0.9063, precision: 0.8867, f1: 0.8964, false positive rate: 0.0769, correction rate: 0.9063
