2026-04-28 09:18:27,978 - Namespace(config='', data_dir='./dataset/data_raw/', dataset='CIFAR10', device=0, results_dir='./results/AVGuard/threeclient_full_avguard_fixed_lambda_anchor_theta_supp_sensitivity/theta_supp_0.15/CIFAR10/stage1', seed=100, epoch=100, batch_size=256, client_num=3, pretrained_checkpoint='./results/AVGuard/threeclient_full_avguard_fixed_lambda_anchor_theta_supp_sensitivity/theta_supp_0.15/CIFAR10/stage1\\latest_checkpoint.pth.tar', test_checkpoint=None, resume_latest=True, lr=0.001, start_epoch=0, print_steps=10, early_stop=20, attack='LFBA', target_label=None, poison_rate=0.05, poison_dimensions=5, trigger_feature_clip=1.0, attack_client_num=2, feature_extractor='', select_rate=0.5, lfba_poison_source='gradient', random_select=False, poison_all=False, anchor_idx=23470, pretrain_stage=0, mode='pretrain_anchor', defense='anchor', defense_scheme='AVGuard', enable_stage1=True, force_stage1_retrain=True, enable_anchor_loss=True, lambda_anchor=0.5, lambda_stage1_anchor=0.5, anchor_pretrain_epochs=50, anchor_pretrain_early_stop=10, anchor_pretrain_min_delta=0.0001, anchor_scale=16, anchor_margin=0, anchor_bank_path='./results/AVGuard/threeclient_full_avguard_fixed_lambda_anchor_theta_supp_sensitivity/theta_supp_0.15/CIFAR10/stage1/anchor_bank.pt', anchor_stage1_dir='./results/AVGuard/threeclient_full_avguard_fixed_lambda_anchor_theta_supp_sensitivity/theta_supp_0.15/CIFAR10/stage1/anchor_stage1', anchor_ema_momentum=1.0, anchor_ema_update_freq=1, stage3_enable_joint_weighted_voting=True, stage3_enable_static_reliability=True, disable_stage3_eval=False, gamma=2.0, theta_supp=0.15, stage3_required_support_count=2, enable_conservative_correction=False, tau_corr=0.0, top_k=4, stage3_debug_batches=0, stage3_debug_max_samples=8, original_dataset='CIFAR10', attack_target_label=None, anchor_margin_auto_adjusted=False, requested_anchor_margin=0)
2026-04-28 09:18:27,981 - => Defense scheme: AVGuard
2026-04-28 09:18:27,982 - => LFBA poison-set source: gradient
2026-04-28 09:18:27,982 - => Python executable: D:\python3\generative-compression-master1\KAVF\python.exe
2026-04-28 09:18:27,983 - => Torch version: 2.7.1+cu126, compiled CUDA: 12.6, cuda available: True, visible GPU count: 1
2026-04-28 09:18:27,984 - => Using GPU cuda:0 (NVIDIA GeForce RTX 4080)
2026-04-28 09:18:27,985 - => Preparing data...
2026-04-28 09:18:30,058 - => Resolved LFBA attack target label=6 from training anchor_idx=23470
2026-04-28 09:18:31,526 - => No checkpoint found at './results/AVGuard/threeclient_full_avguard_fixed_lambda_anchor_theta_supp_sensitivity/theta_supp_0.15/CIFAR10/stage1\latest_checkpoint.pth.tar'
2026-04-28 09:18:31,527 - => Enter Stage 1: passive local backbones are trained with active-party private two-layer MLP heads
2026-04-28 09:18:31,528 - => Stage 1 latest checkpoint path: './results/AVGuard/threeclient_full_avguard_fixed_lambda_anchor_theta_supp_sensitivity/theta_supp_0.15/CIFAR10/stage1\latest_checkpoint.pth.tar'
2026-04-28 09:18:31,847 - =>Add Trigger to Train Data
2026-04-28 09:18:31,869 - Add Trigger to 2500 Poison Samples, 47500 Clean Samples (0.05)
2026-04-28 09:18:31,892 - =>Add Trigger to Test Data
2026-04-28 09:18:31,973 - Add Trigger to 10000 Poison Samples, 0 Clean Samples (1.00)
2026-04-28 09:18:31,999 - => Stage 1 start for passive client 0
2026-04-28 09:18:31,999 - => Stage 1 early stop for passive client 0: patience=10, min_delta=0.000100
2026-04-28 09:19:45,666 - => Stage 1 client 0 epoch 1/50, ce loss: 1.8771, train anchor loss: 1.2299, total loss: 2.4920, clean acc: 0.4141, eval anchor loss: 0.5731, backdoor acc: 0.0000
2026-04-28 09:21:00,319 - => Stage 1 client 0 epoch 2/50, ce loss: 1.7329, train anchor loss: 0.3227, total loss: 1.8942, clean acc: 0.4232, eval anchor loss: 0.1724, backdoor acc: 0.0000
2026-04-28 09:22:14,759 - => Stage 1 client 0 epoch 3/50, ce loss: 1.6122, train anchor loss: 0.1488, total loss: 1.6866, clean acc: 0.4524, eval anchor loss: 0.1404, backdoor acc: 0.0000
2026-04-28 09:23:29,559 - => Stage 1 client 0 epoch 4/50, ce loss: 1.5566, train anchor loss: 0.1360, total loss: 1.6246, clean acc: 0.4907, eval anchor loss: 0.1326, backdoor acc: 0.0000
2026-04-28 09:24:44,049 - => Stage 1 client 0 epoch 5/50, ce loss: 1.5105, train anchor loss: 0.1364, total loss: 1.5787, clean acc: 0.5043, eval anchor loss: 0.1314, backdoor acc: 0.0000
2026-04-28 09:25:58,481 - => Stage 1 client 0 epoch 6/50, ce loss: 1.4660, train anchor loss: 0.1379, total loss: 1.5349, clean acc: 0.4984, eval anchor loss: 0.1443, backdoor acc: 0.0000
2026-04-28 09:27:13,064 - => Stage 1 client 0 epoch 7/50, ce loss: 1.4349, train anchor loss: 0.1384, total loss: 1.5041, clean acc: 0.5199, eval anchor loss: 0.1508, backdoor acc: 0.0000
2026-04-28 09:28:27,663 - => Stage 1 client 0 epoch 8/50, ce loss: 1.3997, train anchor loss: 0.1393, total loss: 1.4694, clean acc: 0.5358, eval anchor loss: 0.1348, backdoor acc: 0.0000
2026-04-28 09:29:42,467 - => Stage 1 client 0 epoch 9/50, ce loss: 1.3760, train anchor loss: 0.1395, total loss: 1.4457, clean acc: 0.5309, eval anchor loss: 0.1457, backdoor acc: 0.0000
2026-04-28 09:30:58,750 - => Stage 1 client 0 epoch 10/50, ce loss: 1.3562, train anchor loss: 0.1408, total loss: 1.4266, clean acc: 0.5338, eval anchor loss: 0.1458, backdoor acc: 0.0000
2026-04-28 09:32:15,629 - => Stage 1 client 0 epoch 11/50, ce loss: 1.3327, train anchor loss: 0.1403, total loss: 1.4029, clean acc: 0.5495, eval anchor loss: 0.1439, backdoor acc: 0.0000
2026-04-28 09:33:31,927 - => Stage 1 client 0 epoch 12/50, ce loss: 1.3137, train anchor loss: 0.1410, total loss: 1.3842, clean acc: 0.5614, eval anchor loss: 0.1414, backdoor acc: 0.0000
2026-04-28 09:34:48,197 - => Stage 1 client 0 epoch 13/50, ce loss: 1.2949, train anchor loss: 0.1410, total loss: 1.3654, clean acc: 0.5712, eval anchor loss: 0.1421, backdoor acc: 0.0000
2026-04-28 09:36:05,157 - => Stage 1 client 0 epoch 14/50, ce loss: 1.2697, train anchor loss: 0.1415, total loss: 1.3404, clean acc: 0.5737, eval anchor loss: 0.1447, backdoor acc: 0.0000
2026-04-28 09:37:22,482 - => Stage 1 client 0 epoch 15/50, ce loss: 1.2586, train anchor loss: 0.1419, total loss: 1.3296, clean acc: 0.5839, eval anchor loss: 0.1389, backdoor acc: 0.0000
2026-04-28 09:38:39,845 - => Stage 1 client 0 epoch 16/50, ce loss: 1.2400, train anchor loss: 0.1411, total loss: 1.3106, clean acc: 0.5776, eval anchor loss: 0.1463, backdoor acc: 0.0000
2026-04-28 09:39:56,526 - => Stage 1 client 0 epoch 17/50, ce loss: 1.2314, train anchor loss: 0.1403, total loss: 1.3016, clean acc: 0.5825, eval anchor loss: 0.1445, backdoor acc: 0.0000
2026-04-28 09:41:13,111 - => Stage 1 client 0 epoch 18/50, ce loss: 1.2184, train anchor loss: 0.1409, total loss: 1.2888, clean acc: 0.5934, eval anchor loss: 0.1479, backdoor acc: 0.0000
2026-04-28 09:42:29,609 - => Stage 1 client 0 epoch 19/50, ce loss: 1.2063, train anchor loss: 0.1397, total loss: 1.2761, clean acc: 0.5942, eval anchor loss: 0.1396, backdoor acc: 0.0000
2026-04-28 09:43:46,359 - => Stage 1 client 0 epoch 20/50, ce loss: 1.1848, train anchor loss: 0.1402, total loss: 1.2549, clean acc: 0.5886, eval anchor loss: 0.1471, backdoor acc: 0.0000
2026-04-28 09:45:02,784 - => Stage 1 client 0 epoch 21/50, ce loss: 1.1826, train anchor loss: 0.1403, total loss: 1.2528, clean acc: 0.6001, eval anchor loss: 0.1428, backdoor acc: 0.0000
2026-04-28 09:46:19,692 - => Stage 1 client 0 epoch 22/50, ce loss: 1.1671, train anchor loss: 0.1398, total loss: 1.2370, clean acc: 0.6030, eval anchor loss: 0.1455, backdoor acc: 0.0000
2026-04-28 09:47:36,278 - => Stage 1 client 0 epoch 23/50, ce loss: 1.1601, train anchor loss: 0.1402, total loss: 1.2302, clean acc: 0.6008, eval anchor loss: 0.1491, backdoor acc: 0.0000
2026-04-28 09:48:53,112 - => Stage 1 client 0 epoch 24/50, ce loss: 1.1407, train anchor loss: 0.1408, total loss: 1.2111, clean acc: 0.6139, eval anchor loss: 0.1518, backdoor acc: 0.0000
2026-04-28 09:50:09,545 - => Stage 1 client 0 epoch 25/50, ce loss: 1.1395, train anchor loss: 0.1402, total loss: 1.2096, clean acc: 0.6099, eval anchor loss: 0.1404, backdoor acc: 0.0000
2026-04-28 09:51:26,388 - => Stage 1 client 0 epoch 26/50, ce loss: 1.1317, train anchor loss: 0.1407, total loss: 1.2020, clean acc: 0.6089, eval anchor loss: 0.1464, backdoor acc: 0.0000
2026-04-28 09:52:42,954 - => Stage 1 client 0 epoch 27/50, ce loss: 1.1172, train anchor loss: 0.1392, total loss: 1.1868, clean acc: 0.6153, eval anchor loss: 0.1495, backdoor acc: 0.0000
2026-04-28 09:53:59,420 - => Stage 1 client 0 epoch 28/50, ce loss: 1.1070, train anchor loss: 0.1400, total loss: 1.1770, clean acc: 0.6155, eval anchor loss: 0.1460, backdoor acc: 0.0000
2026-04-28 09:55:16,055 - => Stage 1 client 0 epoch 29/50, ce loss: 1.1030, train anchor loss: 0.1400, total loss: 1.1730, clean acc: 0.6119, eval anchor loss: 0.1418, backdoor acc: 0.0000
2026-04-28 09:56:32,482 - => Stage 1 client 0 epoch 30/50, ce loss: 1.0937, train anchor loss: 0.1396, total loss: 1.1635, clean acc: 0.6210, eval anchor loss: 0.1462, backdoor acc: 0.0000
2026-04-28 09:57:49,072 - => Stage 1 client 0 epoch 31/50, ce loss: 1.0890, train anchor loss: 0.1391, total loss: 1.1586, clean acc: 0.6266, eval anchor loss: 0.1423, backdoor acc: 0.0000
2026-04-28 09:59:05,653 - => Stage 1 client 0 epoch 32/50, ce loss: 1.0758, train anchor loss: 0.1396, total loss: 1.1456, clean acc: 0.6218, eval anchor loss: 0.1455, backdoor acc: 0.0000
2026-04-28 10:00:21,366 - => Stage 1 client 0 epoch 33/50, ce loss: 1.0638, train anchor loss: 0.1390, total loss: 1.1333, clean acc: 0.6265, eval anchor loss: 0.1479, backdoor acc: 0.0000
2026-04-28 10:01:36,666 - => Stage 1 client 0 epoch 34/50, ce loss: 1.0635, train anchor loss: 0.1391, total loss: 1.1331, clean acc: 0.6281, eval anchor loss: 0.1411, backdoor acc: 0.0000
2026-04-28 10:02:52,396 - => Stage 1 client 0 epoch 35/50, ce loss: 1.0522, train anchor loss: 0.1390, total loss: 1.1218, clean acc: 0.6273, eval anchor loss: 0.1429, backdoor acc: 0.0000
2026-04-28 10:04:08,917 - => Stage 1 client 0 epoch 36/50, ce loss: 1.0430, train anchor loss: 0.1380, total loss: 1.1120, clean acc: 0.6372, eval anchor loss: 0.1429, backdoor acc: 0.0000
2026-04-28 10:05:25,620 - => Stage 1 client 0 epoch 37/50, ce loss: 1.0379, train anchor loss: 0.1384, total loss: 1.1071, clean acc: 0.6225, eval anchor loss: 0.1443, backdoor acc: 0.0000
2026-04-28 10:06:42,241 - => Stage 1 client 0 epoch 38/50, ce loss: 1.0338, train anchor loss: 0.1381, total loss: 1.1029, clean acc: 0.6332, eval anchor loss: 0.1485, backdoor acc: 0.0000
2026-04-28 10:07:59,231 - => Stage 1 client 0 epoch 39/50, ce loss: 1.0251, train anchor loss: 0.1378, total loss: 1.0940, clean acc: 0.6360, eval anchor loss: 0.1426, backdoor acc: 0.0000
2026-04-28 10:09:15,217 - => Stage 1 client 0 epoch 40/50, ce loss: 1.0198, train anchor loss: 0.1376, total loss: 1.0885, clean acc: 0.6288, eval anchor loss: 0.1486, backdoor acc: 0.0000
2026-04-28 10:10:31,406 - => Stage 1 client 0 epoch 41/50, ce loss: 1.0128, train anchor loss: 0.1376, total loss: 1.0816, clean acc: 0.6470, eval anchor loss: 0.1417, backdoor acc: 0.0000
2026-04-28 10:11:47,774 - => Stage 1 client 0 epoch 42/50, ce loss: 0.9999, train anchor loss: 0.1365, total loss: 1.0681, clean acc: 0.6398, eval anchor loss: 0.1438, backdoor acc: 0.0000
2026-04-28 10:13:04,292 - => Stage 1 client 0 epoch 43/50, ce loss: 0.9960, train anchor loss: 0.1366, total loss: 1.0643, clean acc: 0.6370, eval anchor loss: 0.1477, backdoor acc: 0.0000
2026-04-28 10:14:21,539 - => Stage 1 client 0 epoch 44/50, ce loss: 0.9934, train anchor loss: 0.1363, total loss: 1.0616, clean acc: 0.6340, eval anchor loss: 0.1470, backdoor acc: 0.0000
2026-04-28 10:15:38,115 - => Stage 1 client 0 epoch 45/50, ce loss: 0.9792, train anchor loss: 0.1363, total loss: 1.0473, clean acc: 0.6367, eval anchor loss: 0.1544, backdoor acc: 0.0000
2026-04-28 10:16:54,855 - => Stage 1 client 0 epoch 46/50, ce loss: 0.9870, train anchor loss: 0.1367, total loss: 1.0553, clean acc: 0.6471, eval anchor loss: 0.1447, backdoor acc: 0.0000
2026-04-28 10:18:11,144 - => Stage 1 client 0 epoch 47/50, ce loss: 0.9716, train anchor loss: 0.1362, total loss: 1.0397, clean acc: 0.6567, eval anchor loss: 0.1416, backdoor acc: 0.0000
2026-04-28 10:19:27,651 - => Stage 1 client 0 epoch 48/50, ce loss: 0.9735, train anchor loss: 0.1352, total loss: 1.0411, clean acc: 0.6436, eval anchor loss: 0.1512, backdoor acc: 0.0000
2026-04-28 10:20:44,910 - => Stage 1 client 0 epoch 49/50, ce loss: 0.9631, train anchor loss: 0.1337, total loss: 1.0300, clean acc: 0.6319, eval anchor loss: 0.1508, backdoor acc: 0.0000
2026-04-28 10:22:01,562 - => Stage 1 client 0 epoch 50/50, ce loss: 0.9632, train anchor loss: 0.1351, total loss: 1.0307, clean acc: 0.6462, eval anchor loss: 0.1454, backdoor acc: 0.0000
2026-04-28 10:22:02,147 - => Stage 1 final summary for passive client 0: best epoch: 47, clean acc: 0.6567, anchor loss: 0.1416, backdoor acc: 0.0000
2026-04-28 10:22:02,168 - => Stage 1 start for passive client 1
2026-04-28 10:22:02,169 - => Stage 1 early stop for passive client 1: patience=10, min_delta=0.000100
2026-04-28 10:23:18,265 - => Stage 1 client 1 epoch 1/50, ce loss: 1.7185, train anchor loss: 1.0577, total loss: 2.2474, clean acc: 0.4825, eval anchor loss: 0.4521, backdoor acc: 0.0000
2026-04-28 10:24:34,608 - => Stage 1 client 1 epoch 2/50, ce loss: 1.5481, train anchor loss: 0.2608, total loss: 1.6785, clean acc: 0.4940, eval anchor loss: 0.1704, backdoor acc: 0.0000
2026-04-28 10:25:52,208 - => Stage 1 client 1 epoch 3/50, ce loss: 1.4251, train anchor loss: 0.1466, total loss: 1.4984, clean acc: 0.5377, eval anchor loss: 0.1464, backdoor acc: 0.0000
2026-04-28 10:27:08,696 - => Stage 1 client 1 epoch 4/50, ce loss: 1.3571, train anchor loss: 0.1394, total loss: 1.4268, clean acc: 0.5565, eval anchor loss: 0.1414, backdoor acc: 0.0000
2026-04-28 10:28:25,308 - => Stage 1 client 1 epoch 5/50, ce loss: 1.3061, train anchor loss: 0.1398, total loss: 1.3760, clean acc: 0.5684, eval anchor loss: 0.1401, backdoor acc: 0.0000
2026-04-28 10:29:39,778 - => Stage 1 client 1 epoch 6/50, ce loss: 1.2563, train anchor loss: 0.1384, total loss: 1.3255, clean acc: 0.5864, eval anchor loss: 0.1290, backdoor acc: 0.0000
2026-04-28 10:30:56,240 - => Stage 1 client 1 epoch 7/50, ce loss: 1.2181, train anchor loss: 0.1390, total loss: 1.2876, clean acc: 0.5901, eval anchor loss: 0.1464, backdoor acc: 0.0000
2026-04-28 10:32:13,758 - => Stage 1 client 1 epoch 8/50, ce loss: 1.1851, train anchor loss: 0.1395, total loss: 1.2548, clean acc: 0.6170, eval anchor loss: 0.1360, backdoor acc: 0.0000
2026-04-28 10:33:30,667 - => Stage 1 client 1 epoch 9/50, ce loss: 1.1550, train anchor loss: 0.1383, total loss: 1.2241, clean acc: 0.6091, eval anchor loss: 0.1364, backdoor acc: 0.0000
2026-04-28 10:34:45,502 - => Stage 1 client 1 epoch 10/50, ce loss: 1.1373, train anchor loss: 0.1384, total loss: 1.2065, clean acc: 0.6362, eval anchor loss: 0.1377, backdoor acc: 0.0000
2026-04-28 10:36:01,729 - => Stage 1 client 1 epoch 11/50, ce loss: 1.1076, train anchor loss: 0.1383, total loss: 1.1767, clean acc: 0.6315, eval anchor loss: 0.1407, backdoor acc: 0.0000
2026-04-28 10:37:18,289 - => Stage 1 client 1 epoch 12/50, ce loss: 1.0840, train anchor loss: 0.1380, total loss: 1.1530, clean acc: 0.6367, eval anchor loss: 0.1361, backdoor acc: 0.0000
2026-04-28 10:38:35,397 - => Stage 1 client 1 epoch 13/50, ce loss: 1.0645, train anchor loss: 0.1374, total loss: 1.1332, clean acc: 0.6475, eval anchor loss: 0.1372, backdoor acc: 0.0000
2026-04-28 10:39:51,616 - => Stage 1 client 1 epoch 14/50, ce loss: 1.0404, train anchor loss: 0.1360, total loss: 1.1084, clean acc: 0.6478, eval anchor loss: 0.1323, backdoor acc: 0.0000
2026-04-28 10:41:08,486 - => Stage 1 client 1 epoch 15/50, ce loss: 1.0293, train anchor loss: 0.1358, total loss: 1.0973, clean acc: 0.6474, eval anchor loss: 0.1385, backdoor acc: 0.0000
2026-04-28 10:42:25,291 - => Stage 1 client 1 epoch 16/50, ce loss: 1.0077, train anchor loss: 0.1353, total loss: 1.0753, clean acc: 0.6605, eval anchor loss: 0.1348, backdoor acc: 0.0000
2026-04-28 10:43:42,170 - => Stage 1 client 1 epoch 17/50, ce loss: 0.9879, train anchor loss: 0.1341, total loss: 1.0549, clean acc: 0.6481, eval anchor loss: 0.1467, backdoor acc: 0.0000
2026-04-28 10:44:58,397 - => Stage 1 client 1 epoch 18/50, ce loss: 0.9771, train anchor loss: 0.1336, total loss: 1.0439, clean acc: 0.6671, eval anchor loss: 0.1363, backdoor acc: 0.0000
2026-04-28 10:46:14,992 - => Stage 1 client 1 epoch 19/50, ce loss: 0.9636, train anchor loss: 0.1337, total loss: 1.0304, clean acc: 0.6714, eval anchor loss: 0.1300, backdoor acc: 0.0000
2026-04-28 10:47:31,430 - => Stage 1 client 1 epoch 20/50, ce loss: 0.9435, train anchor loss: 0.1321, total loss: 1.0095, clean acc: 0.6744, eval anchor loss: 0.1346, backdoor acc: 0.0000
2026-04-28 10:48:48,495 - => Stage 1 client 1 epoch 21/50, ce loss: 0.9321, train anchor loss: 0.1322, total loss: 0.9982, clean acc: 0.6683, eval anchor loss: 0.1351, backdoor acc: 0.0000
2026-04-28 10:50:05,553 - => Stage 1 client 1 epoch 22/50, ce loss: 0.9163, train anchor loss: 0.1309, total loss: 0.9817, clean acc: 0.6753, eval anchor loss: 0.1324, backdoor acc: 0.0000
2026-04-28 10:51:21,798 - => Stage 1 client 1 epoch 23/50, ce loss: 0.8985, train anchor loss: 0.1297, total loss: 0.9634, clean acc: 0.6841, eval anchor loss: 0.1308, backdoor acc: 0.0000
2026-04-28 10:52:38,709 - => Stage 1 client 1 epoch 24/50, ce loss: 0.8981, train anchor loss: 0.1303, total loss: 0.9632, clean acc: 0.6874, eval anchor loss: 0.1365, backdoor acc: 0.0000
2026-04-28 10:53:55,323 - => Stage 1 client 1 epoch 25/50, ce loss: 0.8835, train anchor loss: 0.1292, total loss: 0.9480, clean acc: 0.6872, eval anchor loss: 0.1333, backdoor acc: 0.0000
2026-04-28 10:55:12,559 - => Stage 1 client 1 epoch 26/50, ce loss: 0.8648, train anchor loss: 0.1278, total loss: 0.9286, clean acc: 0.6841, eval anchor loss: 0.1429, backdoor acc: 0.0000
2026-04-28 10:56:29,680 - => Stage 1 client 1 epoch 27/50, ce loss: 0.8564, train anchor loss: 0.1275, total loss: 0.9202, clean acc: 0.6917, eval anchor loss: 0.1328, backdoor acc: 0.0000
2026-04-28 10:57:46,387 - => Stage 1 client 1 epoch 28/50, ce loss: 0.8539, train anchor loss: 0.1282, total loss: 0.9180, clean acc: 0.6840, eval anchor loss: 0.1356, backdoor acc: 0.0000
2026-04-28 10:59:03,308 - => Stage 1 client 1 epoch 29/50, ce loss: 0.8461, train anchor loss: 0.1269, total loss: 0.9095, clean acc: 0.6800, eval anchor loss: 0.1412, backdoor acc: 0.0000
2026-04-28 11:00:19,522 - => Stage 1 client 1 epoch 30/50, ce loss: 0.8315, train anchor loss: 0.1263, total loss: 0.8947, clean acc: 0.6957, eval anchor loss: 0.1376, backdoor acc: 0.0000
2026-04-28 11:01:35,405 - => Stage 1 client 1 epoch 31/50, ce loss: 0.8126, train anchor loss: 0.1242, total loss: 0.8747, clean acc: 0.6927, eval anchor loss: 0.1357, backdoor acc: 0.0000
2026-04-28 11:02:52,273 - => Stage 1 client 1 epoch 32/50, ce loss: 0.7999, train anchor loss: 0.1246, total loss: 0.8622, clean acc: 0.6936, eval anchor loss: 0.1429, backdoor acc: 0.0000
2026-04-28 11:04:09,775 - => Stage 1 client 1 epoch 33/50, ce loss: 0.8021, train anchor loss: 0.1250, total loss: 0.8646, clean acc: 0.7002, eval anchor loss: 0.1386, backdoor acc: 0.0000
2026-04-28 11:05:26,564 - => Stage 1 client 1 epoch 34/50, ce loss: 0.7972, train anchor loss: 0.1243, total loss: 0.8594, clean acc: 0.6943, eval anchor loss: 0.1374, backdoor acc: 0.0000
2026-04-28 11:06:43,443 - => Stage 1 client 1 epoch 35/50, ce loss: 0.7750, train anchor loss: 0.1229, total loss: 0.8365, clean acc: 0.7045, eval anchor loss: 0.1388, backdoor acc: 0.0000
2026-04-28 11:08:00,496 - => Stage 1 client 1 epoch 36/50, ce loss: 0.7647, train anchor loss: 0.1213, total loss: 0.8253, clean acc: 0.7071, eval anchor loss: 0.1369, backdoor acc: 0.0000
2026-04-28 11:09:17,814 - => Stage 1 client 1 epoch 37/50, ce loss: 0.7622, train anchor loss: 0.1216, total loss: 0.8230, clean acc: 0.7063, eval anchor loss: 0.1358, backdoor acc: 0.0000
2026-04-28 11:10:35,000 - => Stage 1 client 1 epoch 38/50, ce loss: 0.7569, train anchor loss: 0.1219, total loss: 0.8179, clean acc: 0.7090, eval anchor loss: 0.1356, backdoor acc: 0.0000
2026-04-28 11:11:52,295 - => Stage 1 client 1 epoch 39/50, ce loss: 0.7444, train anchor loss: 0.1210, total loss: 0.8049, clean acc: 0.6960, eval anchor loss: 0.1383, backdoor acc: 0.0000
2026-04-28 11:13:08,585 - => Stage 1 client 1 epoch 40/50, ce loss: 0.7365, train anchor loss: 0.1196, total loss: 0.7963, clean acc: 0.7086, eval anchor loss: 0.1383, backdoor acc: 0.0000
2026-04-28 11:14:26,249 - => Stage 1 client 1 epoch 41/50, ce loss: 0.7179, train anchor loss: 0.1192, total loss: 0.7775, clean acc: 0.7098, eval anchor loss: 0.1405, backdoor acc: 0.0000
2026-04-28 11:15:43,690 - => Stage 1 client 1 epoch 42/50, ce loss: 0.7176, train anchor loss: 0.1185, total loss: 0.7769, clean acc: 0.7120, eval anchor loss: 0.1369, backdoor acc: 0.0000
2026-04-28 11:17:00,913 - => Stage 1 client 1 epoch 43/50, ce loss: 0.7110, train anchor loss: 0.1180, total loss: 0.7700, clean acc: 0.7100, eval anchor loss: 0.1331, backdoor acc: 0.0000
2026-04-28 11:18:18,702 - => Stage 1 client 1 epoch 44/50, ce loss: 0.6986, train anchor loss: 0.1165, total loss: 0.7569, clean acc: 0.7107, eval anchor loss: 0.1392, backdoor acc: 0.0000
2026-04-28 11:19:35,491 - => Stage 1 client 1 epoch 45/50, ce loss: 0.6938, train anchor loss: 0.1163, total loss: 0.7520, clean acc: 0.7129, eval anchor loss: 0.1413, backdoor acc: 0.0000
2026-04-28 11:20:53,075 - => Stage 1 client 1 epoch 46/50, ce loss: 0.6924, train anchor loss: 0.1165, total loss: 0.7506, clean acc: 0.7082, eval anchor loss: 0.1412, backdoor acc: 0.0000
2026-04-28 11:22:09,130 - => Stage 1 client 1 epoch 47/50, ce loss: 0.6875, train anchor loss: 0.1165, total loss: 0.7457, clean acc: 0.7101, eval anchor loss: 0.1378, backdoor acc: 0.0000
2026-04-28 11:23:25,629 - => Stage 1 client 1 epoch 48/50, ce loss: 0.6678, train anchor loss: 0.1151, total loss: 0.7253, clean acc: 0.7104, eval anchor loss: 0.1431, backdoor acc: 0.0000
2026-04-28 11:24:41,949 - => Stage 1 client 1 epoch 49/50, ce loss: 0.6672, train anchor loss: 0.1143, total loss: 0.7244, clean acc: 0.7123, eval anchor loss: 0.1387, backdoor acc: 0.0000
2026-04-28 11:25:58,324 - => Stage 1 client 1 epoch 50/50, ce loss: 0.6582, train anchor loss: 0.1136, total loss: 0.7150, clean acc: 0.7090, eval anchor loss: 0.1484, backdoor acc: 0.0000
2026-04-28 11:25:58,917 - => Stage 1 final summary for passive client 1: best epoch: 45, clean acc: 0.7129, anchor loss: 0.1413, backdoor acc: 0.0000
2026-04-28 11:25:58,954 - => Stage 1 start for passive client 2
2026-04-28 11:25:58,954 - => Stage 1 early stop for passive client 2: patience=10, min_delta=0.000100
2026-04-28 11:27:21,387 - => Stage 1 client 2 epoch 1/50, ce loss: 1.9109, train anchor loss: 1.1508, total loss: 2.4863, clean acc: 0.3920, eval anchor loss: 0.5145, backdoor acc: 0.1488
2026-04-28 11:28:45,844 - => Stage 1 client 2 epoch 2/50, ce loss: 1.7937, train anchor loss: 0.2871, total loss: 1.9372, clean acc: 0.4207, eval anchor loss: 0.1577, backdoor acc: 0.1024
2026-04-28 11:30:10,705 - => Stage 1 client 2 epoch 3/50, ce loss: 1.6915, train anchor loss: 0.1434, total loss: 1.7632, clean acc: 0.4383, eval anchor loss: 0.1261, backdoor acc: 0.1354
2026-04-28 11:31:33,143 - => Stage 1 client 2 epoch 4/50, ce loss: 1.6418, train anchor loss: 0.1358, total loss: 1.7097, clean acc: 0.4679, eval anchor loss: 0.1279, backdoor acc: 0.3029
2026-04-28 11:32:58,523 - => Stage 1 client 2 epoch 5/50, ce loss: 1.5916, train anchor loss: 0.1366, total loss: 1.6598, clean acc: 0.4673, eval anchor loss: 0.1325, backdoor acc: 0.7588
2026-04-28 11:34:23,082 - => Stage 1 client 2 epoch 6/50, ce loss: 1.5549, train anchor loss: 0.1386, total loss: 1.6242, clean acc: 0.4787, eval anchor loss: 0.1421, backdoor acc: 0.8981
2026-04-28 11:35:47,398 - => Stage 1 client 2 epoch 7/50, ce loss: 1.5268, train anchor loss: 0.1399, total loss: 1.5967, clean acc: 0.5131, eval anchor loss: 0.1441, backdoor acc: 0.9929
2026-04-28 11:37:10,890 - => Stage 1 client 2 epoch 8/50, ce loss: 1.4829, train anchor loss: 0.1419, total loss: 1.5538, clean acc: 0.5086, eval anchor loss: 0.1375, backdoor acc: 0.9968
2026-04-28 11:38:35,488 - => Stage 1 client 2 epoch 9/50, ce loss: 1.4649, train anchor loss: 0.1444, total loss: 1.5371, clean acc: 0.5301, eval anchor loss: 0.1342, backdoor acc: 0.9980
2026-04-28 11:39:57,582 - => Stage 1 client 2 epoch 10/50, ce loss: 1.4436, train anchor loss: 0.1439, total loss: 1.5156, clean acc: 0.5377, eval anchor loss: 0.1335, backdoor acc: 0.9984
2026-04-28 11:41:21,928 - => Stage 1 client 2 epoch 11/50, ce loss: 1.4155, train anchor loss: 0.1435, total loss: 1.4873, clean acc: 0.5268, eval anchor loss: 0.1486, backdoor acc: 0.9999
2026-04-28 11:42:46,479 - => Stage 1 client 2 epoch 12/50, ce loss: 1.3976, train anchor loss: 0.1445, total loss: 1.4699, clean acc: 0.5490, eval anchor loss: 0.1364, backdoor acc: 1.0000
2026-04-28 11:44:10,864 - => Stage 1 client 2 epoch 13/50, ce loss: 1.3918, train anchor loss: 0.1450, total loss: 1.4644, clean acc: 0.5530, eval anchor loss: 0.1376, backdoor acc: 1.0000
2026-04-28 11:45:35,773 - => Stage 1 client 2 epoch 14/50, ce loss: 1.3627, train anchor loss: 0.1461, total loss: 1.4358, clean acc: 0.5520, eval anchor loss: 0.1432, backdoor acc: 1.0000
2026-04-28 11:46:59,461 - => Stage 1 client 2 epoch 15/50, ce loss: 1.3482, train anchor loss: 0.1449, total loss: 1.4207, clean acc: 0.5669, eval anchor loss: 0.1341, backdoor acc: 1.0000
2026-04-28 11:48:24,259 - => Stage 1 client 2 epoch 16/50, ce loss: 1.3401, train anchor loss: 0.1456, total loss: 1.4128, clean acc: 0.5616, eval anchor loss: 0.1408, backdoor acc: 0.9999
2026-04-28 11:49:48,718 - => Stage 1 client 2 epoch 17/50, ce loss: 1.3218, train anchor loss: 0.1465, total loss: 1.3950, clean acc: 0.5704, eval anchor loss: 0.1403, backdoor acc: 1.0000
2026-04-28 11:51:12,488 - => Stage 1 client 2 epoch 18/50, ce loss: 1.3147, train anchor loss: 0.1452, total loss: 1.3873, clean acc: 0.5742, eval anchor loss: 0.1400, backdoor acc: 1.0000
2026-04-28 11:52:36,587 - => Stage 1 client 2 epoch 19/50, ce loss: 1.3112, train anchor loss: 0.1461, total loss: 1.3843, clean acc: 0.5725, eval anchor loss: 0.1426, backdoor acc: 1.0000
2026-04-28 11:54:01,151 - => Stage 1 client 2 epoch 20/50, ce loss: 1.2923, train anchor loss: 0.1466, total loss: 1.3656, clean acc: 0.5806, eval anchor loss: 0.1415, backdoor acc: 1.0000
2026-04-28 11:55:25,181 - => Stage 1 client 2 epoch 21/50, ce loss: 1.2803, train anchor loss: 0.1472, total loss: 1.3539, clean acc: 0.5794, eval anchor loss: 0.1374, backdoor acc: 1.0000
2026-04-28 11:56:49,304 - => Stage 1 client 2 epoch 22/50, ce loss: 1.2698, train anchor loss: 0.1460, total loss: 1.3429, clean acc: 0.5872, eval anchor loss: 0.1371, backdoor acc: 1.0000
2026-04-28 11:58:12,674 - => Stage 1 client 2 epoch 23/50, ce loss: 1.2655, train anchor loss: 0.1459, total loss: 1.3385, clean acc: 0.5793, eval anchor loss: 0.1484, backdoor acc: 1.0000
2026-04-28 11:59:36,531 - => Stage 1 client 2 epoch 24/50, ce loss: 1.2524, train anchor loss: 0.1462, total loss: 1.3256, clean acc: 0.6009, eval anchor loss: 0.1396, backdoor acc: 1.0000
2026-04-28 12:01:01,012 - => Stage 1 client 2 epoch 25/50, ce loss: 1.2346, train anchor loss: 0.1452, total loss: 1.3072, clean acc: 0.5895, eval anchor loss: 0.1444, backdoor acc: 1.0000
2026-04-28 12:02:24,934 - => Stage 1 client 2 epoch 26/50, ce loss: 1.2250, train anchor loss: 0.1458, total loss: 1.2979, clean acc: 0.5984, eval anchor loss: 0.1371, backdoor acc: 1.0000
2026-04-28 12:03:48,771 - => Stage 1 client 2 epoch 27/50, ce loss: 1.2212, train anchor loss: 0.1455, total loss: 1.2939, clean acc: 0.5938, eval anchor loss: 0.1432, backdoor acc: 1.0000
2026-04-28 12:05:13,240 - => Stage 1 client 2 epoch 28/50, ce loss: 1.2162, train anchor loss: 0.1459, total loss: 1.2892, clean acc: 0.5946, eval anchor loss: 0.1446, backdoor acc: 1.0000
2026-04-28 12:06:37,081 - => Stage 1 client 2 epoch 29/50, ce loss: 1.2049, train anchor loss: 0.1460, total loss: 1.2779, clean acc: 0.6082, eval anchor loss: 0.1365, backdoor acc: 1.0000
2026-04-28 12:08:01,471 - => Stage 1 client 2 epoch 30/50, ce loss: 1.1978, train anchor loss: 0.1456, total loss: 1.2705, clean acc: 0.6069, eval anchor loss: 0.1445, backdoor acc: 1.0000
2026-04-28 12:09:25,635 - => Stage 1 client 2 epoch 31/50, ce loss: 1.1910, train anchor loss: 0.1457, total loss: 1.2638, clean acc: 0.6115, eval anchor loss: 0.1386, backdoor acc: 1.0000
2026-04-28 12:10:49,652 - => Stage 1 client 2 epoch 32/50, ce loss: 1.1867, train anchor loss: 0.1459, total loss: 1.2597, clean acc: 0.6066, eval anchor loss: 0.1452, backdoor acc: 1.0000
2026-04-28 12:12:13,376 - => Stage 1 client 2 epoch 33/50, ce loss: 1.1776, train anchor loss: 0.1457, total loss: 1.2505, clean acc: 0.6111, eval anchor loss: 0.1500, backdoor acc: 1.0000
2026-04-28 12:13:37,920 - => Stage 1 client 2 epoch 34/50, ce loss: 1.1647, train anchor loss: 0.1453, total loss: 1.2374, clean acc: 0.6111, eval anchor loss: 0.1443, backdoor acc: 1.0000
2026-04-28 12:15:02,200 - => Stage 1 client 2 epoch 35/50, ce loss: 1.1659, train anchor loss: 0.1452, total loss: 1.2385, clean acc: 0.6181, eval anchor loss: 0.1428, backdoor acc: 1.0000
2026-04-28 12:16:25,130 - => Stage 1 client 2 epoch 36/50, ce loss: 1.1527, train anchor loss: 0.1456, total loss: 1.2255, clean acc: 0.6129, eval anchor loss: 0.1421, backdoor acc: 1.0000
2026-04-28 12:17:49,295 - => Stage 1 client 2 epoch 37/50, ce loss: 1.1519, train anchor loss: 0.1450, total loss: 1.2244, clean acc: 0.6174, eval anchor loss: 0.1406, backdoor acc: 1.0000
2026-04-28 12:19:13,550 - => Stage 1 client 2 epoch 38/50, ce loss: 1.1489, train anchor loss: 0.1456, total loss: 1.2217, clean acc: 0.6121, eval anchor loss: 0.1470, backdoor acc: 1.0000
2026-04-28 12:20:37,519 - => Stage 1 client 2 epoch 39/50, ce loss: 1.1387, train anchor loss: 0.1452, total loss: 1.2114, clean acc: 0.6175, eval anchor loss: 0.1467, backdoor acc: 1.0000
2026-04-28 12:22:01,693 - => Stage 1 client 2 epoch 40/50, ce loss: 1.1291, train anchor loss: 0.1445, total loss: 1.2014, clean acc: 0.6165, eval anchor loss: 0.1416, backdoor acc: 1.0000
2026-04-28 12:23:25,784 - => Stage 1 client 2 epoch 41/50, ce loss: 1.1241, train anchor loss: 0.1442, total loss: 1.1962, clean acc: 0.6223, eval anchor loss: 0.1490, backdoor acc: 1.0000
2026-04-28 12:24:50,448 - => Stage 1 client 2 epoch 42/50, ce loss: 1.1194, train anchor loss: 0.1448, total loss: 1.1918, clean acc: 0.6263, eval anchor loss: 0.1475, backdoor acc: 1.0000
2026-04-28 12:26:14,713 - => Stage 1 client 2 epoch 43/50, ce loss: 1.1098, train anchor loss: 0.1437, total loss: 1.1816, clean acc: 0.6155, eval anchor loss: 0.1492, backdoor acc: 1.0000
2026-04-28 12:27:38,557 - => Stage 1 client 2 epoch 44/50, ce loss: 1.1043, train anchor loss: 0.1442, total loss: 1.1764, clean acc: 0.6146, eval anchor loss: 0.1457, backdoor acc: 1.0000
2026-04-28 12:29:02,779 - => Stage 1 client 2 epoch 45/50, ce loss: 1.1024, train anchor loss: 0.1442, total loss: 1.1745, clean acc: 0.6133, eval anchor loss: 0.1527, backdoor acc: 1.0000
2026-04-28 12:30:27,617 - => Stage 1 client 2 epoch 46/50, ce loss: 1.1015, train anchor loss: 0.1430, total loss: 1.1730, clean acc: 0.6209, eval anchor loss: 0.1447, backdoor acc: 1.0000
2026-04-28 12:31:51,856 - => Stage 1 client 2 epoch 47/50, ce loss: 1.0924, train anchor loss: 0.1439, total loss: 1.1643, clean acc: 0.6273, eval anchor loss: 0.1428, backdoor acc: 1.0000
2026-04-28 12:33:16,352 - => Stage 1 client 2 epoch 48/50, ce loss: 1.0803, train anchor loss: 0.1429, total loss: 1.1518, clean acc: 0.6358, eval anchor loss: 0.1428, backdoor acc: 1.0000
2026-04-28 12:34:40,627 - => Stage 1 client 2 epoch 49/50, ce loss: 1.0789, train anchor loss: 0.1432, total loss: 1.1505, clean acc: 0.6351, eval anchor loss: 0.1375, backdoor acc: 1.0000
2026-04-28 12:36:03,683 - => Stage 1 client 2 epoch 50/50, ce loss: 1.0768, train anchor loss: 0.1432, total loss: 1.1484, clean acc: 0.6214, eval anchor loss: 0.1556, backdoor acc: 1.0000
2026-04-28 12:36:04,253 - => Stage 1 final summary for passive client 2: best epoch: 48, clean acc: 0.6358, anchor loss: 0.1428, backdoor acc: 1.0000
2026-04-28 12:36:04,703 - => Stage 1 metrics were also saved to './results/AVGuard/threeclient_full_avguard_fixed_lambda_anchor_theta_supp_sensitivity/theta_supp_0.15/CIFAR10/stage1/anchor_stage1\stage1_metrics.json'
2026-04-28 12:36:04,704 - => Saved stage1 passive-party local models and anchors to './results/AVGuard/threeclient_full_avguard_fixed_lambda_anchor_theta_supp_sensitivity/theta_supp_0.15/CIFAR10/stage1/anchor_stage1'
2026-04-28 12:36:04,744 - => Saved anchor artifact to './results/AVGuard/threeclient_full_avguard_fixed_lambda_anchor_theta_supp_sensitivity/theta_supp_0.15/CIFAR10/stage1/anchor_bank.pt'
2026-04-28 12:36:04,745 - => Stage 3 is ready; it will use Stage 1 client reliability from the loaded anchor state when available. Stage 2 client anchor-loss stats are optional diagnostics.
