2026-04-27 11:49:17,903 - Namespace(config='', data_dir='./dataset/data_raw/', dataset='CIFAR10', device=0, results_dir='results\\AVGuard\\fourclient_full_avguard_fixed_lambda_anchor\\CIFAR10\\stage3_tau_corr_sweep\\tau_0.02', seed=100, epoch=100, batch_size=256, client_num=4, pretrained_checkpoint=None, test_checkpoint='results/AVGuard/fourclient_full_avguard_fixed_lambda_anchor/CIFAR10/stage2/best_checkpoint.pth.tar', resume_latest=True, lr=0.001, start_epoch=0, print_steps=10, early_stop=20, attack='LFBA', target_label=None, poison_rate=0.05, poison_dimensions=5, trigger_feature_clip=1.0, attack_client_num=3, feature_extractor='', select_rate=0.5, lfba_poison_source='gradient', random_select=False, poison_all=False, anchor_idx=23470, pretrain_stage=0, mode='test', defense='anchor', defense_scheme='AVGuard', enable_stage1=True, force_stage1_retrain=False, enable_anchor_loss=True, lambda_anchor=0.5, lambda_stage1_anchor=0.5, anchor_pretrain_epochs=40, anchor_pretrain_early_stop=5, anchor_pretrain_min_delta=0.0001, anchor_scale=1.0, anchor_margin=0.0, anchor_bank_path='./results/AVGuard/fourclient_full_avguard_fixed_lambda_anchor/CIFAR10/stage1/anchor_bank.pt', anchor_stage1_dir='./results/AVGuard/fourclient_full_avguard_fixed_lambda_anchor/CIFAR10/stage1/anchor_stage1', anchor_ema_momentum=1.0, anchor_ema_update_freq=1, stage3_enable_joint_weighted_voting=True, stage3_enable_static_reliability=True, disable_stage3_eval=False, gamma=2.0, theta_supp=0.15, enable_conservative_correction=True, tau_corr=0.02, top_k=4, stage3_debug_batches=0, stage3_debug_max_samples=8, original_dataset='CIFAR10', attack_target_label=None, anchor_margin_auto_adjusted=False, requested_anchor_margin=0.0)
2026-04-27 11:49:17,905 - => Defense scheme: AVGuard
2026-04-27 11:49:17,906 - => LFBA poison-set source: gradient
2026-04-27 11:49:17,906 - => Python executable: D:\python3\generative-compression-master1\KAVF\python.exe
2026-04-27 11:49:17,906 - => Torch version: 2.7.1+cu126, compiled CUDA: 12.6, cuda available: True, visible GPU count: 1
2026-04-27 11:49:17,907 - => Using GPU cuda:0 (NVIDIA GeForce RTX 4080)
2026-04-27 11:49:17,907 - => Preparing data...
2026-04-27 11:49:20,227 - => Resolved LFBA attack target label=6 from training anchor_idx=23470
2026-04-27 11:49:22,209 - => Loading checkpoint 'results/AVGuard/fourclient_full_avguard_fixed_lambda_anchor/CIFAR10/stage2/best_checkpoint.pth.tar'
2026-04-27 11:49:23,155 - => checkpoint 'results/AVGuard/fourclient_full_avguard_fixed_lambda_anchor/CIFAR10/stage2/best_checkpoint.pth.tar' requires full pickle loading; falling back to weights_only=False
2026-04-27 11:49:23,888 - => Loaded checkpoint 'results/AVGuard/fourclient_full_avguard_fixed_lambda_anchor/CIFAR10/stage2/best_checkpoint.pth.tar' (epoch 28, best clean accuracy: 0.5336)
2026-04-27 11:49:23,888 - => Loading anchor defense state from checkpoint
2026-04-27 11:49:23,991 - => Stage 3 is ready; it will use Stage 1 client reliability from the loaded anchor state when available. Stage 2 client anchor-loss stats are optional diagnostics.
2026-04-27 11:49:24,012 - =>Add Trigger to Test Data
2026-04-27 11:49:24,129 - Add Trigger to 9000 Poison Samples, 1000 Clean Samples (1.00)
2026-04-27 11:49:24,156 - => Restored LFBA runtime state: cached_features=50000, poison_indexes=2500, anchor_label=6
2026-04-27 11:49:24,157 - => Test ASR...
2026-04-27 11:49:24,204 - =>Add Trigger to Test Data
2026-04-27 11:49:24,328 - Add Trigger to 9000 Poison Samples, 1000 Clean Samples (1.00)
2026-04-27 11:49:39,852 - => Test Epoch: 28, main task samples: 10000, attack samples: 10000, test loss: 0.5611, clean acc: 0.5381, Top-4: 0.9812, ASR: 0.0211, RAC: 0.7310, test target accuracy: 0.8320, stage3 final accuracy: 0.5381, stage3 final target accuracy: 0.6340, stage3 final asr: 0.0211, anchor loss: 0.1184
2026-04-27 11:49:39,852 - => Stage 3 Detection Summary: recall: 0.9919, precision: 0.6235, f1: 0.7657, false positive rate: 0.5155, correction rate: 0.7471
2026-04-27 11:49:39,853 - => Stage 3 Debug (clean): suspicious=5155/10000, correction_applied=5006, prediction_changed=5006, skipped_tied_vote=0, skipped_low_margin=111, skipped_other=38
2026-04-27 11:49:39,853 - => Stage 3 Debug (poison-valid): suspicious=8714/9000, correction_applied=8658, prediction_changed=8658, skipped_tied_vote=0, skipped_low_margin=56, skipped_other=0
2026-04-27 11:49:39,854 - => Stage 3 Debug (attack-success): suspicious=8648/8719, correction_applied=8592, prediction_changed=8592, corrected_to_true=6461
