2026-04-21 13:36:27,004 - Namespace(config='', data_dir='./dataset/', dataset='IEEE_CIS_FRAUD', device=0, results_dir='./results/AVGuard/fourclient_full_avguard_fixed_lambda_anchor/IEEE_CIS_FRAUD/stage1', seed=100, epoch=100, batch_size=256, client_num=4, pretrained_checkpoint='./results/AVGuard/fourclient_full_avguard_fixed_lambda_anchor/IEEE_CIS_FRAUD/stage1\\latest_checkpoint.pth.tar', test_checkpoint=None, resume_latest=True, lr=0.001, start_epoch=0, print_steps=10, early_stop=20, attack='LFBA', target_label=None, poison_rate=0.25, poison_dimensions=30, trigger_feature_clip=1.0, attack_client_num=3, feature_extractor='', select_rate=0.3, lfba_poison_source='gradient', random_select=False, poison_all=False, anchor_idx=1001, pretrain_stage=0, mode='pretrain_anchor', defense='anchor', defense_scheme='AVGuard', enable_stage1=True, force_stage1_retrain=True, enable_anchor_loss=True, lambda_anchor=0.5, lambda_stage1_anchor=0.5, anchor_pretrain_epochs=20, anchor_pretrain_early_stop=5, anchor_pretrain_min_delta=0.0001, anchor_scale=1.0, anchor_margin=0.0, anchor_bank_path='./results/AVGuard/fourclient_full_avguard_fixed_lambda_anchor/IEEE_CIS_FRAUD/stage1/anchor_artifact.pt', anchor_stage1_dir='./results/AVGuard/fourclient_full_avguard_fixed_lambda_anchor/IEEE_CIS_FRAUD/stage1/anchor_stage1', anchor_ema_momentum=1.0, anchor_ema_update_freq=1, stage3_enable_joint_weighted_voting=True, stage3_enable_static_reliability=True, gamma=2.0, theta_supp=0.15, enable_conservative_correction=False, tau_corr=0.0, top_k=4, stage3_debug_batches=0, stage3_debug_max_samples=8, original_dataset='IEEE-CIS-FRAUD', attack_target_label=None, anchor_margin_auto_adjusted=False, requested_anchor_margin=0.0)
2026-04-21 13:36:27,006 - => Canonicalized dataset name from 'IEEE-CIS-FRAUD' to 'IEEE_CIS_FRAUD'; legacy NUS-WIDE aliases now share the unified NUSWIDE entry
2026-04-21 13:36:27,007 - => Defense scheme: AVGuard
2026-04-21 13:36:27,008 - => LFBA poison-set source: gradient
2026-04-21 13:36:27,008 - => Python executable: D:\python3\generative-compression-master1\KAVF\python.exe
2026-04-21 13:36:27,009 - => Torch version: 2.7.1+cu126, compiled CUDA: 12.6, cuda available: True, visible GPU count: 1
2026-04-21 13:36:27,010 - => Using GPU cuda:0 (NVIDIA GeForce RTX 4080)
2026-04-21 13:36:27,010 - => Preparing data...
2026-04-21 13:36:28,170 - => IEEE-CIS-Fraud directory: ./dataset/data_raw\processed\IEEE-CIS-Fraud
2026-04-21 13:36:28,171 - => IEEE-CIS-Fraud feature dim: 432, train samples: 49591, test samples: 12398
2026-04-21 13:36:28,182 - => Resolved LFBA attack target label=1 from training anchor_idx=1001
2026-04-21 13:36:28,296 - => No checkpoint found at './results/AVGuard/fourclient_full_avguard_fixed_lambda_anchor/IEEE_CIS_FRAUD/stage1\latest_checkpoint.pth.tar'
2026-04-21 13:36:28,296 - => Enter Stage 1: passive local backbones are trained with active-party private two-layer MLP heads
2026-04-21 13:36:28,296 - => Stage 1 latest checkpoint path: './results/AVGuard/fourclient_full_avguard_fixed_lambda_anchor/IEEE_CIS_FRAUD/stage1\latest_checkpoint.pth.tar'
2026-04-21 13:36:28,374 - =>Add Trigger to Train Data
2026-04-21 13:36:29,072 - Add Trigger to 12397 Bad Samples, 37194 Clean Samples (0.25)
2026-04-21 13:36:29,075 - =>Add Trigger to Test Data
2026-04-21 13:36:29,528 - Add Trigger to 12398 Bad Samples, 0 Clean Samples (1.00)
2026-04-21 13:36:29,537 - => Stage 1 start for passive client 0
2026-04-21 13:36:29,537 - => Stage 1 early stop for passive client 0: patience=5, min_delta=0.000100
2026-04-21 13:36:33,672 - => Stage 1 client 0 epoch 1/20, ce loss: 0.5808, train anchor loss: 0.4413, total loss: 0.8015, clean acc: 0.7835, eval anchor loss: 0.2033, backdoor acc: 0.0000
2026-04-21 13:36:37,283 - => Stage 1 client 0 epoch 2/20, ce loss: 0.5702, train anchor loss: 0.1801, total loss: 0.6603, clean acc: 0.7958, eval anchor loss: 0.1973, backdoor acc: 0.0000
2026-04-21 13:36:40,965 - => Stage 1 client 0 epoch 3/20, ce loss: 0.5524, train anchor loss: 0.1918, total loss: 0.6483, clean acc: 0.8053, eval anchor loss: 0.2036, backdoor acc: 0.0000
2026-04-21 13:36:44,457 - => Stage 1 client 0 epoch 4/20, ce loss: 0.5338, train anchor loss: 0.2050, total loss: 0.6363, clean acc: 0.8177, eval anchor loss: 0.2050, backdoor acc: 0.0000
2026-04-21 13:36:48,069 - => Stage 1 client 0 epoch 5/20, ce loss: 0.5192, train anchor loss: 0.2135, total loss: 0.6259, clean acc: 0.8217, eval anchor loss: 0.2212, backdoor acc: 0.0000
2026-04-21 13:36:51,521 - => Stage 1 client 0 epoch 6/20, ce loss: 0.5077, train anchor loss: 0.2214, total loss: 0.6184, clean acc: 0.8232, eval anchor loss: 0.2246, backdoor acc: 0.0000
2026-04-21 13:36:54,987 - => Stage 1 client 0 epoch 7/20, ce loss: 0.4965, train anchor loss: 0.2266, total loss: 0.6098, clean acc: 0.8232, eval anchor loss: 0.2308, backdoor acc: 0.0000
2026-04-21 13:36:58,407 - => Stage 1 client 0 epoch 8/20, ce loss: 0.4894, train anchor loss: 0.2295, total loss: 0.6041, clean acc: 0.8296, eval anchor loss: 0.2369, backdoor acc: 0.0000
2026-04-21 13:37:01,920 - => Stage 1 client 0 epoch 9/20, ce loss: 0.4832, train anchor loss: 0.2296, total loss: 0.5980, clean acc: 0.8301, eval anchor loss: 0.2415, backdoor acc: 0.0000
2026-04-21 13:37:05,344 - => Stage 1 client 0 epoch 10/20, ce loss: 0.4758, train anchor loss: 0.2309, total loss: 0.5912, clean acc: 0.8340, eval anchor loss: 0.2374, backdoor acc: 0.0000
2026-04-21 13:37:08,871 - => Stage 1 client 0 epoch 11/20, ce loss: 0.4685, train anchor loss: 0.2296, total loss: 0.5833, clean acc: 0.8360, eval anchor loss: 0.2559, backdoor acc: 0.0000
2026-04-21 13:37:12,358 - => Stage 1 client 0 epoch 12/20, ce loss: 0.4643, train anchor loss: 0.2331, total loss: 0.5809, clean acc: 0.8392, eval anchor loss: 0.2512, backdoor acc: 0.0000
2026-04-21 13:37:16,084 - => Stage 1 client 0 epoch 13/20, ce loss: 0.4628, train anchor loss: 0.2334, total loss: 0.5795, clean acc: 0.8409, eval anchor loss: 0.2433, backdoor acc: 0.0000
2026-04-21 13:37:19,630 - => Stage 1 client 0 epoch 14/20, ce loss: 0.4579, train anchor loss: 0.2301, total loss: 0.5729, clean acc: 0.8404, eval anchor loss: 0.2573, backdoor acc: 0.0000
2026-04-21 13:37:23,110 - => Stage 1 client 0 epoch 15/20, ce loss: 0.4547, train anchor loss: 0.2313, total loss: 0.5704, clean acc: 0.8413, eval anchor loss: 0.2534, backdoor acc: 0.0000
2026-04-21 13:37:26,582 - => Stage 1 client 0 epoch 16/20, ce loss: 0.4506, train anchor loss: 0.2287, total loss: 0.5649, clean acc: 0.8439, eval anchor loss: 0.2568, backdoor acc: 0.0000
2026-04-21 13:37:30,129 - => Stage 1 client 0 epoch 17/20, ce loss: 0.4473, train anchor loss: 0.2274, total loss: 0.5610, clean acc: 0.8384, eval anchor loss: 0.2639, backdoor acc: 0.0000
2026-04-21 13:37:33,787 - => Stage 1 client 0 epoch 18/20, ce loss: 0.4435, train anchor loss: 0.2252, total loss: 0.5561, clean acc: 0.8383, eval anchor loss: 0.2673, backdoor acc: 0.0000
2026-04-21 13:37:37,312 - => Stage 1 client 0 epoch 19/20, ce loss: 0.4406, train anchor loss: 0.2242, total loss: 0.5526, clean acc: 0.8394, eval anchor loss: 0.2764, backdoor acc: 0.0000
2026-04-21 13:37:40,805 - => Stage 1 client 0 epoch 20/20, ce loss: 0.4391, train anchor loss: 0.2238, total loss: 0.5510, clean acc: 0.8469, eval anchor loss: 0.2686, backdoor acc: 0.0000
2026-04-21 13:37:40,834 - => Stage 1 final summary for passive client 0: best epoch: 20, clean acc: 0.8469, anchor loss: 0.2686, backdoor acc: 0.0000
2026-04-21 13:37:40,837 - => Stage 1 start for passive client 1
2026-04-21 13:37:40,837 - => Stage 1 early stop for passive client 1: patience=5, min_delta=0.000100
2026-04-21 13:37:44,267 - => Stage 1 client 1 epoch 1/20, ce loss: 0.5574, train anchor loss: 0.8651, total loss: 0.9900, clean acc: 0.7813, eval anchor loss: 0.2588, backdoor acc: 0.0000
2026-04-21 13:37:47,759 - => Stage 1 client 1 epoch 2/20, ce loss: 0.5755, train anchor loss: 0.1907, total loss: 0.6709, clean acc: 0.7849, eval anchor loss: 0.1694, backdoor acc: 0.0000
2026-04-21 13:37:51,187 - => Stage 1 client 1 epoch 3/20, ce loss: 0.5785, train anchor loss: 0.1652, total loss: 0.6611, clean acc: 0.7909, eval anchor loss: 0.1722, backdoor acc: 0.0000
2026-04-21 13:37:54,721 - => Stage 1 client 1 epoch 4/20, ce loss: 0.5692, train anchor loss: 0.1761, total loss: 0.6572, clean acc: 0.7925, eval anchor loss: 0.1818, backdoor acc: 0.0000
2026-04-21 13:37:58,303 - => Stage 1 client 1 epoch 5/20, ce loss: 0.5600, train anchor loss: 0.1868, total loss: 0.6534, clean acc: 0.7901, eval anchor loss: 0.1867, backdoor acc: 0.0000
2026-04-21 13:38:01,930 - => Stage 1 client 1 epoch 6/20, ce loss: 0.5536, train anchor loss: 0.1942, total loss: 0.6507, clean acc: 0.7879, eval anchor loss: 0.1994, backdoor acc: 0.0000
2026-04-21 13:38:05,490 - => Stage 1 client 1 epoch 7/20, ce loss: 0.5465, train anchor loss: 0.2010, total loss: 0.6470, clean acc: 0.7970, eval anchor loss: 0.2108, backdoor acc: 0.0000
2026-04-21 13:38:09,063 - => Stage 1 client 1 epoch 8/20, ce loss: 0.5420, train anchor loss: 0.2055, total loss: 0.6448, clean acc: 0.7968, eval anchor loss: 0.1997, backdoor acc: 0.0000
2026-04-21 13:38:12,565 - => Stage 1 client 1 epoch 9/20, ce loss: 0.5405, train anchor loss: 0.2075, total loss: 0.6442, clean acc: 0.7982, eval anchor loss: 0.2140, backdoor acc: 0.0000
2026-04-21 13:38:16,099 - => Stage 1 client 1 epoch 10/20, ce loss: 0.5359, train anchor loss: 0.2108, total loss: 0.6413, clean acc: 0.7971, eval anchor loss: 0.2092, backdoor acc: 0.0000
2026-04-21 13:38:19,539 - => Stage 1 client 1 epoch 11/20, ce loss: 0.5340, train anchor loss: 0.2119, total loss: 0.6399, clean acc: 0.7986, eval anchor loss: 0.2192, backdoor acc: 0.0000
2026-04-21 13:38:23,066 - => Stage 1 client 1 epoch 12/20, ce loss: 0.5305, train anchor loss: 0.2146, total loss: 0.6378, clean acc: 0.7976, eval anchor loss: 0.2237, backdoor acc: 0.0000
2026-04-21 13:38:26,620 - => Stage 1 client 1 epoch 13/20, ce loss: 0.5291, train anchor loss: 0.2156, total loss: 0.6369, clean acc: 0.8014, eval anchor loss: 0.2233, backdoor acc: 0.0000
2026-04-21 13:38:30,023 - => Stage 1 client 1 epoch 14/20, ce loss: 0.5269, train anchor loss: 0.2167, total loss: 0.6352, clean acc: 0.8002, eval anchor loss: 0.2404, backdoor acc: 0.0000
2026-04-21 13:38:33,566 - => Stage 1 client 1 epoch 15/20, ce loss: 0.5255, train anchor loss: 0.2187, total loss: 0.6349, clean acc: 0.8005, eval anchor loss: 0.2326, backdoor acc: 0.0000
2026-04-21 13:38:37,145 - => Stage 1 client 1 epoch 16/20, ce loss: 0.5224, train anchor loss: 0.2213, total loss: 0.6331, clean acc: 0.7995, eval anchor loss: 0.2294, backdoor acc: 0.0000
2026-04-21 13:38:40,717 - => Stage 1 client 1 epoch 17/20, ce loss: 0.5215, train anchor loss: 0.2208, total loss: 0.6319, clean acc: 0.8030, eval anchor loss: 0.2365, backdoor acc: 0.0000
2026-04-21 13:38:44,313 - => Stage 1 client 1 epoch 18/20, ce loss: 0.5190, train anchor loss: 0.2213, total loss: 0.6296, clean acc: 0.8034, eval anchor loss: 0.2423, backdoor acc: 0.0000
2026-04-21 13:38:48,010 - => Stage 1 client 1 epoch 19/20, ce loss: 0.5187, train anchor loss: 0.2226, total loss: 0.6300, clean acc: 0.8047, eval anchor loss: 0.2387, backdoor acc: 0.0000
2026-04-21 13:38:51,547 - => Stage 1 client 1 epoch 20/20, ce loss: 0.5189, train anchor loss: 0.2223, total loss: 0.6300, clean acc: 0.8024, eval anchor loss: 0.2395, backdoor acc: 0.0000
2026-04-21 13:38:51,573 - => Stage 1 final summary for passive client 1: best epoch: 19, clean acc: 0.8047, anchor loss: 0.2387, backdoor acc: 0.0000
2026-04-21 13:38:51,576 - => Stage 1 start for passive client 2
2026-04-21 13:38:51,577 - => Stage 1 early stop for passive client 2: patience=5, min_delta=0.000100
2026-04-21 13:38:55,033 - => Stage 1 client 2 epoch 1/20, ce loss: 0.6284, train anchor loss: 0.5440, total loss: 0.9004, clean acc: 0.7646, eval anchor loss: 0.1632, backdoor acc: 0.0000
2026-04-21 13:38:58,586 - => Stage 1 client 2 epoch 2/20, ce loss: 0.6371, train anchor loss: 0.1111, total loss: 0.6926, clean acc: 0.7646, eval anchor loss: 0.0864, backdoor acc: 0.0000
2026-04-21 13:39:02,318 - => Stage 1 client 2 epoch 3/20, ce loss: 0.6453, train anchor loss: 0.0858, total loss: 0.6882, clean acc: 0.7657, eval anchor loss: 0.0845, backdoor acc: 0.0000
2026-04-21 13:39:05,832 - => Stage 1 client 2 epoch 4/20, ce loss: 0.6434, train anchor loss: 0.0887, total loss: 0.6878, clean acc: 0.7658, eval anchor loss: 0.0898, backdoor acc: 0.0000
2026-04-21 13:39:09,365 - => Stage 1 client 2 epoch 5/20, ce loss: 0.6410, train anchor loss: 0.0924, total loss: 0.6872, clean acc: 0.7667, eval anchor loss: 0.0899, backdoor acc: 0.0000
2026-04-21 13:39:12,728 - => Stage 1 client 2 epoch 6/20, ce loss: 0.6394, train anchor loss: 0.0945, total loss: 0.6867, clean acc: 0.7652, eval anchor loss: 0.1002, backdoor acc: 0.0000
2026-04-21 13:39:16,185 - => Stage 1 client 2 epoch 7/20, ce loss: 0.6372, train anchor loss: 0.0983, total loss: 0.6864, clean acc: 0.7658, eval anchor loss: 0.1042, backdoor acc: 0.0000
2026-04-21 13:39:19,677 - => Stage 1 client 2 epoch 8/20, ce loss: 0.6355, train anchor loss: 0.1011, total loss: 0.6860, clean acc: 0.7628, eval anchor loss: 0.1097, backdoor acc: 0.0000
2026-04-21 13:39:23,167 - => Stage 1 client 2 epoch 9/20, ce loss: 0.6331, train anchor loss: 0.1052, total loss: 0.6857, clean acc: 0.7648, eval anchor loss: 0.0995, backdoor acc: 0.0000
2026-04-21 13:39:26,670 - => Stage 1 client 2 epoch 10/20, ce loss: 0.6330, train anchor loss: 0.1049, total loss: 0.6855, clean acc: 0.7681, eval anchor loss: 0.0996, backdoor acc: 0.0000
2026-04-21 13:39:30,242 - => Stage 1 client 2 epoch 11/20, ce loss: 0.6317, train anchor loss: 0.1065, total loss: 0.6849, clean acc: 0.7679, eval anchor loss: 0.1060, backdoor acc: 0.0000
2026-04-21 13:39:33,906 - => Stage 1 client 2 epoch 12/20, ce loss: 0.6306, train anchor loss: 0.1084, total loss: 0.6848, clean acc: 0.7675, eval anchor loss: 0.1090, backdoor acc: 0.0000
2026-04-21 13:39:37,428 - => Stage 1 client 2 epoch 13/20, ce loss: 0.6291, train anchor loss: 0.1110, total loss: 0.6846, clean acc: 0.7687, eval anchor loss: 0.1085, backdoor acc: 0.0000
2026-04-21 13:39:40,892 - => Stage 1 client 2 epoch 14/20, ce loss: 0.6277, train anchor loss: 0.1128, total loss: 0.6842, clean acc: 0.7686, eval anchor loss: 0.1046, backdoor acc: 0.0000
2026-04-21 13:39:44,497 - => Stage 1 client 2 epoch 15/20, ce loss: 0.6279, train anchor loss: 0.1116, total loss: 0.6837, clean acc: 0.7700, eval anchor loss: 0.1145, backdoor acc: 0.0000
2026-04-21 13:39:48,182 - => Stage 1 client 2 epoch 16/20, ce loss: 0.6255, train anchor loss: 0.1159, total loss: 0.6835, clean acc: 0.7684, eval anchor loss: 0.1203, backdoor acc: 0.0000
2026-04-21 13:39:51,713 - => Stage 1 client 2 epoch 17/20, ce loss: 0.6246, train anchor loss: 0.1171, total loss: 0.6831, clean acc: 0.7680, eval anchor loss: 0.1181, backdoor acc: 0.0000
2026-04-21 13:39:55,184 - => Stage 1 client 2 epoch 18/20, ce loss: 0.6253, train anchor loss: 0.1151, total loss: 0.6829, clean acc: 0.7692, eval anchor loss: 0.1310, backdoor acc: 0.0000
2026-04-21 13:39:58,740 - => Stage 1 client 2 epoch 19/20, ce loss: 0.6222, train anchor loss: 0.1211, total loss: 0.6827, clean acc: 0.7672, eval anchor loss: 0.1193, backdoor acc: 0.0000
2026-04-21 13:40:02,419 - => Stage 1 client 2 epoch 20/20, ce loss: 0.6216, train anchor loss: 0.1216, total loss: 0.6824, clean acc: 0.7692, eval anchor loss: 0.1154, backdoor acc: 0.0000
2026-04-21 13:40:02,434 - => Stage 1 early stop triggered for passive client 2 at epoch 20/20; best clean acc: 0.7700 at epoch 15
2026-04-21 13:40:02,447 - => Stage 1 final summary for passive client 2: best epoch: 15, clean acc: 0.7700, anchor loss: 0.1145, backdoor acc: 0.0000
2026-04-21 13:40:02,450 - => Stage 1 start for passive client 3
2026-04-21 13:40:02,450 - => Stage 1 early stop for passive client 3: patience=5, min_delta=0.000100
2026-04-21 13:40:06,433 - => Stage 1 client 3 epoch 1/20, ce loss: 0.6801, train anchor loss: 0.2571, total loss: 0.8087, clean acc: 0.7482, eval anchor loss: 0.0776, backdoor acc: 1.0000
2026-04-21 13:40:10,268 - => Stage 1 client 3 epoch 2/20, ce loss: 0.6003, train anchor loss: 0.1137, total loss: 0.6572, clean acc: 0.7646, eval anchor loss: 0.1845, backdoor acc: 1.0000
2026-04-21 13:40:14,017 - => Stage 1 client 3 epoch 3/20, ce loss: 0.5465, train anchor loss: 0.1730, total loss: 0.6330, clean acc: 0.7705, eval anchor loss: 0.2360, backdoor acc: 1.0000
2026-04-21 13:40:17,802 - => Stage 1 client 3 epoch 4/20, ce loss: 0.5218, train anchor loss: 0.2034, total loss: 0.6235, clean acc: 0.7785, eval anchor loss: 0.2629, backdoor acc: 0.9996
2026-04-21 13:40:21,576 - => Stage 1 client 3 epoch 5/20, ce loss: 0.5091, train anchor loss: 0.2168, total loss: 0.6175, clean acc: 0.7782, eval anchor loss: 0.2677, backdoor acc: 0.9995
2026-04-21 13:40:25,352 - => Stage 1 client 3 epoch 6/20, ce loss: 0.5020, train anchor loss: 0.2186, total loss: 0.6113, clean acc: 0.7657, eval anchor loss: 0.2938, backdoor acc: 0.9996
2026-04-21 13:40:29,189 - => Stage 1 client 3 epoch 7/20, ce loss: 0.4978, train anchor loss: 0.2235, total loss: 0.6096, clean acc: 0.7808, eval anchor loss: 0.2884, backdoor acc: 0.9995
2026-04-21 13:40:33,048 - => Stage 1 client 3 epoch 8/20, ce loss: 0.4940, train anchor loss: 0.2270, total loss: 0.6075, clean acc: 0.7879, eval anchor loss: 0.2845, backdoor acc: 0.9995
2026-04-21 13:40:36,838 - => Stage 1 client 3 epoch 9/20, ce loss: 0.4916, train anchor loss: 0.2314, total loss: 0.6073, clean acc: 0.7771, eval anchor loss: 0.2948, backdoor acc: 0.9993
2026-04-21 13:40:40,697 - => Stage 1 client 3 epoch 10/20, ce loss: 0.4861, train anchor loss: 0.2301, total loss: 0.6011, clean acc: 0.7865, eval anchor loss: 0.3059, backdoor acc: 0.9994
2026-04-21 13:40:44,491 - => Stage 1 client 3 epoch 11/20, ce loss: 0.4831, train anchor loss: 0.2328, total loss: 0.5995, clean acc: 0.7858, eval anchor loss: 0.2995, backdoor acc: 0.9994
2026-04-21 13:40:48,222 - => Stage 1 client 3 epoch 12/20, ce loss: 0.4853, train anchor loss: 0.2363, total loss: 0.6035, clean acc: 0.7892, eval anchor loss: 0.2857, backdoor acc: 0.9987
2026-04-21 13:40:52,018 - => Stage 1 client 3 epoch 13/20, ce loss: 0.4833, train anchor loss: 0.2348, total loss: 0.6007, clean acc: 0.7897, eval anchor loss: 0.2808, backdoor acc: 0.9992
2026-04-21 13:40:55,806 - => Stage 1 client 3 epoch 14/20, ce loss: 0.4806, train anchor loss: 0.2318, total loss: 0.5965, clean acc: 0.7762, eval anchor loss: 0.3174, backdoor acc: 0.9993
2026-04-21 13:40:59,648 - => Stage 1 client 3 epoch 15/20, ce loss: 0.4828, train anchor loss: 0.2342, total loss: 0.5999, clean acc: 0.7867, eval anchor loss: 0.2921, backdoor acc: 0.9993
2026-04-21 13:41:03,408 - => Stage 1 client 3 epoch 16/20, ce loss: 0.4798, train anchor loss: 0.2333, total loss: 0.5964, clean acc: 0.7741, eval anchor loss: 0.3193, backdoor acc: 0.9993
2026-04-21 13:41:07,182 - => Stage 1 client 3 epoch 17/20, ce loss: 0.4815, train anchor loss: 0.2360, total loss: 0.5995, clean acc: 0.7707, eval anchor loss: 0.3165, backdoor acc: 0.9985
2026-04-21 13:41:11,146 - => Stage 1 client 3 epoch 18/20, ce loss: 0.4812, train anchor loss: 0.2333, total loss: 0.5978, clean acc: 0.7678, eval anchor loss: 0.3503, backdoor acc: 0.9987
2026-04-21 13:41:11,165 - => Stage 1 early stop triggered for passive client 3 at epoch 18/20; best clean acc: 0.7897 at epoch 13
2026-04-21 13:41:11,178 - => Stage 1 final summary for passive client 3: best epoch: 13, clean acc: 0.7897, anchor loss: 0.2808, backdoor acc: 0.9992
2026-04-21 13:41:11,207 - => Stage 1 metrics were also saved to './results/AVGuard/fourclient_full_avguard_fixed_lambda_anchor/IEEE_CIS_FRAUD/stage1/anchor_stage1\stage1_metrics.json'
2026-04-21 13:41:11,207 - => Saved stage1 passive-party local models and anchors to './results/AVGuard/fourclient_full_avguard_fixed_lambda_anchor/IEEE_CIS_FRAUD/stage1/anchor_stage1'
2026-04-21 13:41:11,211 - => Saved anchor artifact to './results/AVGuard/fourclient_full_avguard_fixed_lambda_anchor/IEEE_CIS_FRAUD/stage1/anchor_artifact.pt'
2026-04-21 13:41:11,212 - => Stage 3 is ready; it will use Stage 1 client reliability from the loaded anchor state when available. Stage 2 client anchor-loss stats are optional diagnostics.
