2026-04-03 11:29:42,555 - Namespace(config='', data_dir='./dataset/data_raw/', dataset='CIFAR10', device=0, results_dir='./results/AVGuard/CIFAR10/oracle_attack/CIFAR10_anchor_stage1_3clients_oracle_label', seed=100, epoch=100, batch_size=256, client_num=3, pretrained_checkpoint='./results/AVGuard/CIFAR10/oracle_attack/CIFAR10_anchor_stage1_3clients_oracle_label\\latest_checkpoint.pth.tar', test_checkpoint=None, resume_latest=True, lr=0.001, start_epoch=0, print_steps=10, early_stop=20, attack='LFBA', target_label=None, poison_rate=0.1, poison_dimensions=5, trigger_feature_clip=1.0, attack_client_num=2, feature_extractor='', select_rate=0.5, lfba_poison_source='oracle_label', random_select=False, poison_all=False, anchor_idx=23470, pretrain_stage=0, mode='pretrain_anchor', defense='anchor', defense_scheme='AVGuard', force_stage1_retrain=True, enable_anchor_loss=True, lambda_anchor=0.1, lambda_stage1_anchor=0.3, anchor_pretrain_epochs=50, anchor_pretrain_early_stop=5, anchor_pretrain_min_delta=0.0001, anchor_scale=16.0, anchor_margin=0.0, anchor_bank_path='./results/AVGuard/CIFAR10/oracle_attack/CIFAR10_anchor_stage1_3clients_oracle_label/anchor_bank.pt', anchor_stage1_dir='./results/AVGuard/CIFAR10/oracle_attack/CIFAR10_anchor_stage1_3clients_oracle_label/anchor_stage1', anchor_ema_momentum=0.995, anchor_ema_update_freq=1, gamma=2.0, theta_supp=0.15, enable_conservative_correction=False, tau_corr=0.0, top_k=4, stage3_debug_batches=0, stage3_debug_max_samples=8, original_dataset='CIFAR10', attack_target_label=None, anchor_margin_auto_adjusted=False, requested_anchor_margin=0.0)
2026-04-03 11:29:42,556 - => Defense scheme: AVGuard
2026-04-03 11:29:42,556 - => LFBA poison-set source: oracle_label
2026-04-03 11:29:42,557 - => Python executable: D:\Code\Miniconda\envs\backdoor\python.exe
2026-04-03 11:29:42,557 - => Torch version: 2.5.1+cu121, compiled CUDA: 12.1, cuda available: True, visible GPU count: 1
2026-04-03 11:29:42,557 - => Using GPU cuda:0 (NVIDIA GeForce RTX 4060 Laptop GPU)
2026-04-03 11:29:42,557 - => Preparing data...
2026-04-03 11:29:44,798 - => Resolved LFBA attack target label=6 from training anchor_idx=23470
2026-04-03 11:29:45,535 - => No checkpoint found at './results/AVGuard/CIFAR10/oracle_attack/CIFAR10_anchor_stage1_3clients_oracle_label\latest_checkpoint.pth.tar'
2026-04-03 11:29:45,536 - => Enter Stage 1: passive local backbones are trained with active-party private two-layer MLP heads
2026-04-03 11:29:45,536 - => Stage 1 latest checkpoint path: './results/AVGuard/CIFAR10/oracle_attack/CIFAR10_anchor_stage1_3clients_oracle_label\latest_checkpoint.pth.tar'
2026-04-03 11:29:45,717 - =>Add Trigger to Train Data
2026-04-03 11:29:45,786 - Add Trigger to 5000 Poison Samples, 45000 Clean Samples (0.10)
2026-04-03 11:29:45,799 - =>Add Trigger to Test Data
2026-04-03 11:29:45,889 - Add Trigger to 10000 Poison Samples, 0 Clean Samples (1.00)
2026-04-03 11:29:45,920 - => Stage 1 start for passive client 0
2026-04-03 11:29:45,921 - => Stage 1 early stop for passive client 0: patience=5, min_delta=0.000100
2026-04-03 11:31:01,202 - => Stage 1 client 0 epoch 1/50, ce loss: 1.8824, train anchor loss: 1.4859, total loss: 2.3282, clean acc: 0.4159, eval anchor loss: 0.9837, backdoor acc: 0.0000
2026-04-03 11:32:16,733 - => Stage 1 client 0 epoch 2/50, ce loss: 1.7422, train anchor loss: 0.6986, total loss: 1.9518, clean acc: 0.4142, eval anchor loss: 0.4308, backdoor acc: 0.0000
2026-04-03 11:33:31,553 - => Stage 1 client 0 epoch 3/50, ce loss: 1.6123, train anchor loss: 0.2961, total loss: 1.7011, clean acc: 0.4462, eval anchor loss: 0.2125, backdoor acc: 0.0000
2026-04-03 11:34:46,770 - => Stage 1 client 0 epoch 4/50, ce loss: 1.5495, train anchor loss: 0.1771, total loss: 1.6027, clean acc: 0.4787, eval anchor loss: 0.1669, backdoor acc: 0.0000
2026-04-03 11:36:01,732 - => Stage 1 client 0 epoch 5/50, ce loss: 1.5006, train anchor loss: 0.1546, total loss: 1.5470, clean acc: 0.4873, eval anchor loss: 0.1500, backdoor acc: 0.0000
2026-04-03 11:37:16,582 - => Stage 1 client 0 epoch 6/50, ce loss: 1.4622, train anchor loss: 0.1518, total loss: 1.5077, clean acc: 0.5079, eval anchor loss: 0.1632, backdoor acc: 0.0000
2026-04-03 11:38:31,184 - => Stage 1 client 0 epoch 7/50, ce loss: 1.4246, train anchor loss: 0.1504, total loss: 1.4698, clean acc: 0.5197, eval anchor loss: 0.1612, backdoor acc: 0.0000
2026-04-03 11:39:45,903 - => Stage 1 client 0 epoch 8/50, ce loss: 1.3964, train anchor loss: 0.1512, total loss: 1.4418, clean acc: 0.5400, eval anchor loss: 0.1553, backdoor acc: 0.0000
2026-04-03 11:41:09,733 - => Stage 1 client 0 epoch 9/50, ce loss: 1.3701, train anchor loss: 0.1524, total loss: 1.4158, clean acc: 0.5305, eval anchor loss: 0.1544, backdoor acc: 0.0000
2026-04-03 11:42:36,093 - => Stage 1 client 0 epoch 10/50, ce loss: 1.3421, train anchor loss: 0.1527, total loss: 1.3879, clean acc: 0.5510, eval anchor loss: 0.1449, backdoor acc: 0.0000
2026-04-03 11:44:01,130 - => Stage 1 client 0 epoch 11/50, ce loss: 1.3202, train anchor loss: 0.1518, total loss: 1.3658, clean acc: 0.5514, eval anchor loss: 0.1575, backdoor acc: 0.0000
2026-04-03 11:45:26,486 - => Stage 1 client 0 epoch 12/50, ce loss: 1.2983, train anchor loss: 0.1532, total loss: 1.3442, clean acc: 0.5633, eval anchor loss: 0.1588, backdoor acc: 0.0000
2026-04-03 11:46:52,949 - => Stage 1 client 0 epoch 13/50, ce loss: 1.2786, train anchor loss: 0.1532, total loss: 1.3246, clean acc: 0.5652, eval anchor loss: 0.1578, backdoor acc: 0.0000
2026-04-03 11:48:19,937 - => Stage 1 client 0 epoch 14/50, ce loss: 1.2581, train anchor loss: 0.1543, total loss: 1.3044, clean acc: 0.5676, eval anchor loss: 0.1592, backdoor acc: 0.0000
2026-04-03 11:49:45,943 - => Stage 1 client 0 epoch 15/50, ce loss: 1.2493, train anchor loss: 0.1557, total loss: 1.2960, clean acc: 0.5769, eval anchor loss: 0.1526, backdoor acc: 0.0000
2026-04-03 11:51:11,296 - => Stage 1 client 0 epoch 16/50, ce loss: 1.2291, train anchor loss: 0.1535, total loss: 1.2752, clean acc: 0.5741, eval anchor loss: 0.1597, backdoor acc: 0.0000
2026-04-03 11:52:37,177 - => Stage 1 client 0 epoch 17/50, ce loss: 1.2078, train anchor loss: 0.1524, total loss: 1.2535, clean acc: 0.5854, eval anchor loss: 0.1597, backdoor acc: 0.0000
2026-04-03 11:54:03,204 - => Stage 1 client 0 epoch 18/50, ce loss: 1.1976, train anchor loss: 0.1552, total loss: 1.2442, clean acc: 0.5918, eval anchor loss: 0.1576, backdoor acc: 0.0000
2026-04-03 11:55:35,666 - => Stage 1 client 0 epoch 19/50, ce loss: 1.1882, train anchor loss: 0.1537, total loss: 1.2343, clean acc: 0.5964, eval anchor loss: 0.1503, backdoor acc: 0.0000
2026-04-03 11:57:18,224 - => Stage 1 client 0 epoch 20/50, ce loss: 1.1753, train anchor loss: 0.1527, total loss: 1.2211, clean acc: 0.5976, eval anchor loss: 0.1529, backdoor acc: 0.0000
2026-04-03 11:59:02,071 - => Stage 1 client 0 epoch 21/50, ce loss: 1.1669, train anchor loss: 0.1535, total loss: 1.2129, clean acc: 0.5973, eval anchor loss: 0.1567, backdoor acc: 0.0000
2026-04-03 12:00:44,939 - => Stage 1 client 0 epoch 22/50, ce loss: 1.1468, train anchor loss: 0.1537, total loss: 1.1929, clean acc: 0.6037, eval anchor loss: 0.1699, backdoor acc: 0.0000
2026-04-03 12:02:28,031 - => Stage 1 client 0 epoch 23/50, ce loss: 1.1428, train anchor loss: 0.1540, total loss: 1.1890, clean acc: 0.5923, eval anchor loss: 0.1645, backdoor acc: 0.0000
2026-04-03 12:04:11,154 - => Stage 1 client 0 epoch 24/50, ce loss: 1.1253, train anchor loss: 0.1545, total loss: 1.1716, clean acc: 0.6076, eval anchor loss: 0.1646, backdoor acc: 0.0000
2026-04-03 12:05:54,474 - => Stage 1 client 0 epoch 25/50, ce loss: 1.1221, train anchor loss: 0.1550, total loss: 1.1686, clean acc: 0.6094, eval anchor loss: 0.1551, backdoor acc: 0.0000
2026-04-03 12:07:36,023 - => Stage 1 client 0 epoch 26/50, ce loss: 1.1134, train anchor loss: 0.1542, total loss: 1.1597, clean acc: 0.6161, eval anchor loss: 0.1606, backdoor acc: 0.0000
2026-04-03 12:09:38,964 - => Stage 1 client 0 epoch 27/50, ce loss: 1.0978, train anchor loss: 0.1536, total loss: 1.1439, clean acc: 0.6203, eval anchor loss: 0.1582, backdoor acc: 0.0000
2026-04-03 12:11:39,694 - => Stage 1 client 0 epoch 28/50, ce loss: 1.0972, train anchor loss: 0.1535, total loss: 1.1433, clean acc: 0.6201, eval anchor loss: 0.1623, backdoor acc: 0.0000
2026-04-03 12:13:40,578 - => Stage 1 client 0 epoch 29/50, ce loss: 1.0795, train anchor loss: 0.1529, total loss: 1.1254, clean acc: 0.6136, eval anchor loss: 0.1589, backdoor acc: 0.0000
2026-04-03 12:15:43,545 - => Stage 1 client 0 epoch 30/50, ce loss: 1.0746, train anchor loss: 0.1535, total loss: 1.1206, clean acc: 0.6211, eval anchor loss: 0.1595, backdoor acc: 0.0000
2026-04-03 12:17:47,405 - => Stage 1 client 0 epoch 31/50, ce loss: 1.0664, train anchor loss: 0.1522, total loss: 1.1120, clean acc: 0.6229, eval anchor loss: 0.1627, backdoor acc: 0.0000
2026-04-03 12:19:48,479 - => Stage 1 client 0 epoch 32/50, ce loss: 1.0535, train anchor loss: 0.1529, total loss: 1.0994, clean acc: 0.6217, eval anchor loss: 0.1569, backdoor acc: 0.0000
2026-04-03 12:21:50,685 - => Stage 1 client 0 epoch 33/50, ce loss: 1.0443, train anchor loss: 0.1525, total loss: 1.0900, clean acc: 0.6274, eval anchor loss: 0.1603, backdoor acc: 0.0000
2026-04-03 12:23:52,627 - => Stage 1 client 0 epoch 34/50, ce loss: 1.0459, train anchor loss: 0.1517, total loss: 1.0914, clean acc: 0.6271, eval anchor loss: 0.1563, backdoor acc: 0.0000
2026-04-03 12:25:50,569 - => Stage 1 client 0 epoch 35/50, ce loss: 1.0338, train anchor loss: 0.1524, total loss: 1.0795, clean acc: 0.6190, eval anchor loss: 0.1634, backdoor acc: 0.0000
2026-04-03 12:27:51,368 - => Stage 1 client 0 epoch 36/50, ce loss: 1.0210, train anchor loss: 0.1513, total loss: 1.0664, clean acc: 0.6332, eval anchor loss: 0.1612, backdoor acc: 0.0000
2026-04-03 12:29:51,071 - => Stage 1 client 0 epoch 37/50, ce loss: 1.0207, train anchor loss: 0.1523, total loss: 1.0664, clean acc: 0.6275, eval anchor loss: 0.1570, backdoor acc: 0.0000
2026-04-03 12:31:47,393 - => Stage 1 client 0 epoch 38/50, ce loss: 1.0217, train anchor loss: 0.1520, total loss: 1.0673, clean acc: 0.6375, eval anchor loss: 0.1662, backdoor acc: 0.0000
2026-04-03 12:33:11,329 - => Stage 1 client 0 epoch 39/50, ce loss: 1.0089, train anchor loss: 0.1507, total loss: 1.0541, clean acc: 0.6403, eval anchor loss: 0.1581, backdoor acc: 0.0000
2026-04-03 12:34:12,861 - => Stage 1 client 0 epoch 40/50, ce loss: 0.9998, train anchor loss: 0.1514, total loss: 1.0452, clean acc: 0.6381, eval anchor loss: 0.1581, backdoor acc: 0.0000
2026-04-03 12:35:12,255 - => Stage 1 client 0 epoch 41/50, ce loss: 0.9924, train anchor loss: 0.1517, total loss: 1.0379, clean acc: 0.6450, eval anchor loss: 0.1552, backdoor acc: 0.0000
2026-04-03 12:36:11,802 - => Stage 1 client 0 epoch 42/50, ce loss: 0.9858, train anchor loss: 0.1503, total loss: 1.0309, clean acc: 0.6383, eval anchor loss: 0.1603, backdoor acc: 0.0000
2026-04-03 12:37:09,692 - => Stage 1 client 0 epoch 43/50, ce loss: 0.9811, train anchor loss: 0.1500, total loss: 1.0261, clean acc: 0.6357, eval anchor loss: 0.1631, backdoor acc: 0.0000
2026-04-03 12:38:07,491 - => Stage 1 client 0 epoch 44/50, ce loss: 0.9741, train anchor loss: 0.1500, total loss: 1.0191, clean acc: 0.6425, eval anchor loss: 0.1581, backdoor acc: 0.0000
2026-04-03 12:39:07,000 - => Stage 1 client 0 epoch 45/50, ce loss: 0.9591, train anchor loss: 0.1494, total loss: 1.0039, clean acc: 0.6396, eval anchor loss: 0.1772, backdoor acc: 0.0000
2026-04-03 12:40:05,890 - => Stage 1 client 0 epoch 46/50, ce loss: 0.9700, train anchor loss: 0.1505, total loss: 1.0152, clean acc: 0.6411, eval anchor loss: 0.1614, backdoor acc: 0.0000
2026-04-03 12:40:06,308 - => Stage 1 early stop triggered for passive client 0 at epoch 46/50; best clean acc: 0.6450 at epoch 41
2026-04-03 12:40:06,550 - => Stage 1 final summary for passive client 0: best epoch: 41, clean acc: 0.6450, anchor loss: 0.1552, backdoor acc: 0.0000
2026-04-03 12:40:06,568 - => Stage 1 start for passive client 1
2026-04-03 12:40:06,568 - => Stage 1 early stop for passive client 1: patience=5, min_delta=0.000100
2026-04-03 12:41:05,694 - => Stage 1 client 1 epoch 1/50, ce loss: 1.7077, train anchor loss: 1.2532, total loss: 2.0837, clean acc: 0.4378, eval anchor loss: 0.8125, backdoor acc: 0.0000
2026-04-03 12:42:07,618 - => Stage 1 client 1 epoch 2/50, ce loss: 1.5796, train anchor loss: 0.5520, total loss: 1.7452, clean acc: 0.4906, eval anchor loss: 0.3302, backdoor acc: 0.0000
2026-04-03 12:43:06,559 - => Stage 1 client 1 epoch 3/50, ce loss: 1.4128, train anchor loss: 0.2443, total loss: 1.4861, clean acc: 0.5408, eval anchor loss: 0.1755, backdoor acc: 0.0000
2026-04-03 12:44:04,744 - => Stage 1 client 1 epoch 4/50, ce loss: 1.3581, train anchor loss: 0.1695, total loss: 1.4089, clean acc: 0.5518, eval anchor loss: 0.1533, backdoor acc: 0.0000
2026-04-03 12:45:04,993 - => Stage 1 client 1 epoch 5/50, ce loss: 1.2930, train anchor loss: 0.1565, total loss: 1.3400, clean acc: 0.5750, eval anchor loss: 0.1521, backdoor acc: 0.0000
2026-04-03 12:46:04,862 - => Stage 1 client 1 epoch 6/50, ce loss: 1.2549, train anchor loss: 0.1527, total loss: 1.3007, clean acc: 0.5851, eval anchor loss: 0.1522, backdoor acc: 0.0000
2026-04-03 12:47:05,146 - => Stage 1 client 1 epoch 7/50, ce loss: 1.2201, train anchor loss: 0.1517, total loss: 1.2657, clean acc: 0.5821, eval anchor loss: 0.1579, backdoor acc: 0.0000
2026-04-03 12:48:04,119 - => Stage 1 client 1 epoch 8/50, ce loss: 1.1926, train anchor loss: 0.1515, total loss: 1.2381, clean acc: 0.5925, eval anchor loss: 0.1542, backdoor acc: 0.0000
2026-04-03 12:49:03,348 - => Stage 1 client 1 epoch 9/50, ce loss: 1.1553, train anchor loss: 0.1517, total loss: 1.2008, clean acc: 0.6077, eval anchor loss: 0.1507, backdoor acc: 0.0000
2026-04-03 12:50:04,455 - => Stage 1 client 1 epoch 10/50, ce loss: 1.1353, train anchor loss: 0.1511, total loss: 1.1806, clean acc: 0.6223, eval anchor loss: 0.1439, backdoor acc: 0.0000
2026-04-03 12:51:04,869 - => Stage 1 client 1 epoch 11/50, ce loss: 1.1088, train anchor loss: 0.1496, total loss: 1.1537, clean acc: 0.6272, eval anchor loss: 0.1521, backdoor acc: 0.0000
2026-04-03 12:52:02,929 - => Stage 1 client 1 epoch 12/50, ce loss: 1.0881, train anchor loss: 0.1498, total loss: 1.1330, clean acc: 0.6223, eval anchor loss: 0.1509, backdoor acc: 0.0000
2026-04-03 12:53:02,434 - => Stage 1 client 1 epoch 13/50, ce loss: 1.0668, train anchor loss: 0.1491, total loss: 1.1116, clean acc: 0.6419, eval anchor loss: 0.1529, backdoor acc: 0.0000
2026-04-03 12:54:00,678 - => Stage 1 client 1 epoch 14/50, ce loss: 1.0493, train anchor loss: 0.1488, total loss: 1.0940, clean acc: 0.6505, eval anchor loss: 0.1482, backdoor acc: 0.0000
2026-04-03 12:54:59,720 - => Stage 1 client 1 epoch 15/50, ce loss: 1.0212, train anchor loss: 0.1477, total loss: 1.0655, clean acc: 0.6424, eval anchor loss: 0.1614, backdoor acc: 0.0000
2026-04-03 12:56:01,119 - => Stage 1 client 1 epoch 16/50, ce loss: 1.0018, train anchor loss: 0.1481, total loss: 1.0462, clean acc: 0.6596, eval anchor loss: 0.1507, backdoor acc: 0.0000
2026-04-03 12:57:03,187 - => Stage 1 client 1 epoch 17/50, ce loss: 0.9903, train anchor loss: 0.1482, total loss: 1.0348, clean acc: 0.6688, eval anchor loss: 0.1510, backdoor acc: 0.0000
2026-04-03 12:58:01,048 - => Stage 1 client 1 epoch 18/50, ce loss: 0.9693, train anchor loss: 0.1466, total loss: 1.0132, clean acc: 0.6659, eval anchor loss: 0.1427, backdoor acc: 0.0000
2026-04-03 12:59:02,634 - => Stage 1 client 1 epoch 19/50, ce loss: 0.9607, train anchor loss: 0.1458, total loss: 1.0044, clean acc: 0.6674, eval anchor loss: 0.1509, backdoor acc: 0.0000
2026-04-03 13:00:00,512 - => Stage 1 client 1 epoch 20/50, ce loss: 0.9539, train anchor loss: 0.1464, total loss: 0.9978, clean acc: 0.6716, eval anchor loss: 0.1562, backdoor acc: 0.0000
2026-04-03 13:01:00,163 - => Stage 1 client 1 epoch 21/50, ce loss: 0.9335, train anchor loss: 0.1453, total loss: 0.9771, clean acc: 0.6602, eval anchor loss: 0.1587, backdoor acc: 0.0000
2026-04-03 13:01:59,052 - => Stage 1 client 1 epoch 22/50, ce loss: 0.9177, train anchor loss: 0.1438, total loss: 0.9608, clean acc: 0.6811, eval anchor loss: 0.1455, backdoor acc: 0.0000
2026-04-03 13:03:02,611 - => Stage 1 client 1 epoch 23/50, ce loss: 0.9088, train anchor loss: 0.1426, total loss: 0.9516, clean acc: 0.6772, eval anchor loss: 0.1530, backdoor acc: 0.0000
2026-04-03 13:04:08,231 - => Stage 1 client 1 epoch 24/50, ce loss: 0.8936, train anchor loss: 0.1420, total loss: 0.9362, clean acc: 0.6847, eval anchor loss: 0.1426, backdoor acc: 0.0000
2026-04-03 13:05:08,531 - => Stage 1 client 1 epoch 25/50, ce loss: 0.8795, train anchor loss: 0.1416, total loss: 0.9220, clean acc: 0.6783, eval anchor loss: 0.1461, backdoor acc: 0.0000
2026-04-03 13:06:06,327 - => Stage 1 client 1 epoch 26/50, ce loss: 0.8669, train anchor loss: 0.1406, total loss: 0.9091, clean acc: 0.6780, eval anchor loss: 0.1557, backdoor acc: 0.0000
2026-04-03 13:07:05,054 - => Stage 1 client 1 epoch 27/50, ce loss: 0.8588, train anchor loss: 0.1404, total loss: 0.9009, clean acc: 0.6901, eval anchor loss: 0.1499, backdoor acc: 0.0000
2026-04-03 13:08:02,391 - => Stage 1 client 1 epoch 28/50, ce loss: 0.8451, train anchor loss: 0.1411, total loss: 0.8874, clean acc: 0.6871, eval anchor loss: 0.1489, backdoor acc: 0.0000
2026-04-03 13:09:00,172 - => Stage 1 client 1 epoch 29/50, ce loss: 0.8365, train anchor loss: 0.1394, total loss: 0.8783, clean acc: 0.6922, eval anchor loss: 0.1464, backdoor acc: 0.0000
2026-04-03 13:09:57,648 - => Stage 1 client 1 epoch 30/50, ce loss: 0.8193, train anchor loss: 0.1387, total loss: 0.8609, clean acc: 0.6893, eval anchor loss: 0.1489, backdoor acc: 0.0000
2026-04-03 13:10:56,801 - => Stage 1 client 1 epoch 31/50, ce loss: 0.8176, train anchor loss: 0.1382, total loss: 0.8591, clean acc: 0.6932, eval anchor loss: 0.1456, backdoor acc: 0.0000
2026-04-03 13:12:41,344 - => Stage 1 client 1 epoch 32/50, ce loss: 0.8018, train anchor loss: 0.1381, total loss: 0.8432, clean acc: 0.6877, eval anchor loss: 0.1548, backdoor acc: 0.0000
2026-04-03 13:14:28,879 - => Stage 1 client 1 epoch 33/50, ce loss: 0.8034, train anchor loss: 0.1374, total loss: 0.8446, clean acc: 0.6943, eval anchor loss: 0.1525, backdoor acc: 0.0000
2026-04-03 13:16:16,942 - => Stage 1 client 1 epoch 34/50, ce loss: 0.7897, train anchor loss: 0.1367, total loss: 0.8307, clean acc: 0.6916, eval anchor loss: 0.1577, backdoor acc: 0.0000
2026-04-03 13:18:03,872 - => Stage 1 client 1 epoch 35/50, ce loss: 0.7739, train anchor loss: 0.1347, total loss: 0.8143, clean acc: 0.6901, eval anchor loss: 0.1521, backdoor acc: 0.0000
2026-04-03 13:19:51,779 - => Stage 1 client 1 epoch 36/50, ce loss: 0.7662, train anchor loss: 0.1359, total loss: 0.8070, clean acc: 0.7005, eval anchor loss: 0.1549, backdoor acc: 0.0000
2026-04-03 13:21:39,066 - => Stage 1 client 1 epoch 37/50, ce loss: 0.7604, train anchor loss: 0.1347, total loss: 0.8009, clean acc: 0.6942, eval anchor loss: 0.1524, backdoor acc: 0.0000
2026-04-03 13:23:26,576 - => Stage 1 client 1 epoch 38/50, ce loss: 0.7503, train anchor loss: 0.1344, total loss: 0.7907, clean acc: 0.7008, eval anchor loss: 0.1499, backdoor acc: 0.0000
2026-04-03 13:25:13,264 - => Stage 1 client 1 epoch 39/50, ce loss: 0.7453, train anchor loss: 0.1325, total loss: 0.7851, clean acc: 0.7015, eval anchor loss: 0.1544, backdoor acc: 0.0000
2026-04-03 13:27:00,275 - => Stage 1 client 1 epoch 40/50, ce loss: 0.7277, train anchor loss: 0.1314, total loss: 0.7672, clean acc: 0.7042, eval anchor loss: 0.1545, backdoor acc: 0.0000
2026-04-03 13:28:48,621 - => Stage 1 client 1 epoch 41/50, ce loss: 0.7213, train anchor loss: 0.1318, total loss: 0.7608, clean acc: 0.7027, eval anchor loss: 0.1510, backdoor acc: 0.0000
2026-04-03 13:30:36,174 - => Stage 1 client 1 epoch 42/50, ce loss: 0.7153, train anchor loss: 0.1326, total loss: 0.7551, clean acc: 0.7021, eval anchor loss: 0.1495, backdoor acc: 0.0000
2026-04-03 13:32:24,448 - => Stage 1 client 1 epoch 43/50, ce loss: 0.7095, train anchor loss: 0.1322, total loss: 0.7491, clean acc: 0.7075, eval anchor loss: 0.1568, backdoor acc: 0.0000
2026-04-03 13:34:12,434 - => Stage 1 client 1 epoch 44/50, ce loss: 0.7067, train anchor loss: 0.1317, total loss: 0.7462, clean acc: 0.7008, eval anchor loss: 0.1586, backdoor acc: 0.0000
2026-04-03 13:36:00,681 - => Stage 1 client 1 epoch 45/50, ce loss: 0.6928, train anchor loss: 0.1303, total loss: 0.7319, clean acc: 0.7089, eval anchor loss: 0.1557, backdoor acc: 0.0000
2026-04-03 13:37:48,342 - => Stage 1 client 1 epoch 46/50, ce loss: 0.6835, train anchor loss: 0.1299, total loss: 0.7224, clean acc: 0.7047, eval anchor loss: 0.1540, backdoor acc: 0.0000
2026-04-03 13:39:36,287 - => Stage 1 client 1 epoch 47/50, ce loss: 0.6750, train anchor loss: 0.1288, total loss: 0.7136, clean acc: 0.7120, eval anchor loss: 0.1506, backdoor acc: 0.0000
2026-04-03 13:41:24,195 - => Stage 1 client 1 epoch 48/50, ce loss: 0.6633, train anchor loss: 0.1282, total loss: 0.7017, clean acc: 0.7054, eval anchor loss: 0.1580, backdoor acc: 0.0000
2026-04-03 13:43:12,354 - => Stage 1 client 1 epoch 49/50, ce loss: 0.6601, train anchor loss: 0.1278, total loss: 0.6985, clean acc: 0.7106, eval anchor loss: 0.1627, backdoor acc: 0.0000
2026-04-03 13:44:59,296 - => Stage 1 client 1 epoch 50/50, ce loss: 0.6530, train anchor loss: 0.1274, total loss: 0.6912, clean acc: 0.7111, eval anchor loss: 0.1589, backdoor acc: 0.0000
2026-04-03 13:45:00,277 - => Stage 1 final summary for passive client 1: best epoch: 47, clean acc: 0.7120, anchor loss: 0.1506, backdoor acc: 0.0000
2026-04-03 13:45:00,303 - => Stage 1 start for passive client 2
2026-04-03 13:45:00,305 - => Stage 1 early stop for passive client 2: patience=5, min_delta=0.000100
2026-04-03 13:47:04,478 - => Stage 1 client 2 epoch 1/50, ce loss: 1.8986, train anchor loss: 1.3849, total loss: 2.3140, clean acc: 0.3763, eval anchor loss: 0.9256, backdoor acc: 0.4492
2026-04-03 13:49:05,393 - => Stage 1 client 2 epoch 2/50, ce loss: 1.7886, train anchor loss: 0.6258, total loss: 1.9764, clean acc: 0.3910, eval anchor loss: 0.3803, backdoor acc: 0.9928
2026-04-03 13:51:04,517 - => Stage 1 client 2 epoch 3/50, ce loss: 1.6556, train anchor loss: 0.2605, total loss: 1.7337, clean acc: 0.4518, eval anchor loss: 0.1815, backdoor acc: 1.0000
2026-04-03 13:53:05,508 - => Stage 1 client 2 epoch 4/50, ce loss: 1.6043, train anchor loss: 0.1757, total loss: 1.6570, clean acc: 0.4635, eval anchor loss: 0.1582, backdoor acc: 1.0000
2026-04-03 13:55:05,362 - => Stage 1 client 2 epoch 5/50, ce loss: 1.5739, train anchor loss: 0.1626, total loss: 1.6226, clean acc: 0.4876, eval anchor loss: 0.1595, backdoor acc: 1.0000
2026-04-03 13:57:05,323 - => Stage 1 client 2 epoch 6/50, ce loss: 1.5336, train anchor loss: 0.1618, total loss: 1.5821, clean acc: 0.4948, eval anchor loss: 0.1651, backdoor acc: 1.0000
2026-04-03 13:59:05,257 - => Stage 1 client 2 epoch 7/50, ce loss: 1.5035, train anchor loss: 0.1631, total loss: 1.5525, clean acc: 0.5074, eval anchor loss: 0.1561, backdoor acc: 1.0000
2026-04-03 14:01:05,412 - => Stage 1 client 2 epoch 8/50, ce loss: 1.4810, train anchor loss: 0.1651, total loss: 1.5306, clean acc: 0.5108, eval anchor loss: 0.1605, backdoor acc: 1.0000
2026-04-03 14:03:05,693 - => Stage 1 client 2 epoch 9/50, ce loss: 1.4620, train anchor loss: 0.1655, total loss: 1.5116, clean acc: 0.5199, eval anchor loss: 0.1601, backdoor acc: 1.0000
2026-04-03 14:05:04,495 - => Stage 1 client 2 epoch 10/50, ce loss: 1.4318, train anchor loss: 0.1652, total loss: 1.4814, clean acc: 0.5304, eval anchor loss: 0.1508, backdoor acc: 1.0000
2026-04-03 14:07:03,404 - => Stage 1 client 2 epoch 11/50, ce loss: 1.4211, train anchor loss: 0.1664, total loss: 1.4710, clean acc: 0.5160, eval anchor loss: 0.1719, backdoor acc: 1.0000
2026-04-03 14:09:02,911 - => Stage 1 client 2 epoch 12/50, ce loss: 1.3964, train anchor loss: 0.1675, total loss: 1.4467, clean acc: 0.5391, eval anchor loss: 0.1504, backdoor acc: 1.0000
2026-04-03 14:11:01,904 - => Stage 1 client 2 epoch 13/50, ce loss: 1.3874, train anchor loss: 0.1673, total loss: 1.4376, clean acc: 0.5480, eval anchor loss: 0.1632, backdoor acc: 1.0000
2026-04-03 14:13:01,368 - => Stage 1 client 2 epoch 14/50, ce loss: 1.3678, train anchor loss: 0.1672, total loss: 1.4179, clean acc: 0.5432, eval anchor loss: 0.1632, backdoor acc: 1.0000
2026-04-03 14:15:00,399 - => Stage 1 client 2 epoch 15/50, ce loss: 1.3614, train anchor loss: 0.1681, total loss: 1.4119, clean acc: 0.5469, eval anchor loss: 0.1665, backdoor acc: 1.0000
2026-04-03 14:17:00,869 - => Stage 1 client 2 epoch 16/50, ce loss: 1.3515, train anchor loss: 0.1694, total loss: 1.4023, clean acc: 0.5641, eval anchor loss: 0.1572, backdoor acc: 1.0000
2026-04-03 14:19:00,496 - => Stage 1 client 2 epoch 17/50, ce loss: 1.3359, train anchor loss: 0.1696, total loss: 1.3868, clean acc: 0.5644, eval anchor loss: 0.1729, backdoor acc: 1.0000
2026-04-03 14:21:00,543 - => Stage 1 client 2 epoch 18/50, ce loss: 1.3241, train anchor loss: 0.1694, total loss: 1.3749, clean acc: 0.5680, eval anchor loss: 0.1617, backdoor acc: 1.0000
2026-04-03 14:23:00,971 - => Stage 1 client 2 epoch 19/50, ce loss: 1.3152, train anchor loss: 0.1692, total loss: 1.3659, clean acc: 0.5625, eval anchor loss: 0.1609, backdoor acc: 1.0000
2026-04-03 14:25:00,498 - => Stage 1 client 2 epoch 20/50, ce loss: 1.3088, train anchor loss: 0.1697, total loss: 1.3597, clean acc: 0.5769, eval anchor loss: 0.1694, backdoor acc: 1.0000
2026-04-03 14:26:59,495 - => Stage 1 client 2 epoch 21/50, ce loss: 1.2947, train anchor loss: 0.1698, total loss: 1.3456, clean acc: 0.5702, eval anchor loss: 0.1694, backdoor acc: 1.0000
2026-04-03 14:28:59,481 - => Stage 1 client 2 epoch 22/50, ce loss: 1.2860, train anchor loss: 0.1706, total loss: 1.3371, clean acc: 0.5708, eval anchor loss: 0.1679, backdoor acc: 1.0000
2026-04-03 14:30:58,942 - => Stage 1 client 2 epoch 23/50, ce loss: 1.2751, train anchor loss: 0.1694, total loss: 1.3259, clean acc: 0.5800, eval anchor loss: 0.1731, backdoor acc: 1.0000
2026-04-03 14:32:58,367 - => Stage 1 client 2 epoch 24/50, ce loss: 1.2721, train anchor loss: 0.1699, total loss: 1.3230, clean acc: 0.5668, eval anchor loss: 0.1708, backdoor acc: 1.0000
2026-04-03 14:34:57,587 - => Stage 1 client 2 epoch 25/50, ce loss: 1.2620, train anchor loss: 0.1701, total loss: 1.3130, clean acc: 0.5876, eval anchor loss: 0.1717, backdoor acc: 1.0000
2026-04-03 14:36:56,984 - => Stage 1 client 2 epoch 26/50, ce loss: 1.2490, train anchor loss: 0.1708, total loss: 1.3002, clean acc: 0.5962, eval anchor loss: 0.1646, backdoor acc: 1.0000
2026-04-03 14:38:56,130 - => Stage 1 client 2 epoch 27/50, ce loss: 1.2467, train anchor loss: 0.1712, total loss: 1.2981, clean acc: 0.5873, eval anchor loss: 0.1687, backdoor acc: 1.0000
2026-04-03 14:40:56,692 - => Stage 1 client 2 epoch 28/50, ce loss: 1.2330, train anchor loss: 0.1708, total loss: 1.2843, clean acc: 0.5957, eval anchor loss: 0.1704, backdoor acc: 1.0000
2026-04-03 14:42:48,319 - => Stage 1 client 2 epoch 29/50, ce loss: 1.2284, train anchor loss: 0.1697, total loss: 1.2793, clean acc: 0.5972, eval anchor loss: 0.1642, backdoor acc: 1.0000
2026-04-03 14:44:47,145 - => Stage 1 client 2 epoch 30/50, ce loss: 1.2254, train anchor loss: 0.1701, total loss: 1.2765, clean acc: 0.6014, eval anchor loss: 0.1642, backdoor acc: 1.0000
2026-04-03 14:46:45,943 - => Stage 1 client 2 epoch 31/50, ce loss: 1.2245, train anchor loss: 0.1702, total loss: 1.2755, clean acc: 0.6029, eval anchor loss: 0.1613, backdoor acc: 1.0000
2026-04-03 14:48:48,877 - => Stage 1 client 2 epoch 32/50, ce loss: 1.2108, train anchor loss: 0.1693, total loss: 1.2616, clean acc: 0.6070, eval anchor loss: 0.1762, backdoor acc: 1.0000
2026-04-03 14:50:46,723 - => Stage 1 client 2 epoch 33/50, ce loss: 1.2064, train anchor loss: 0.1703, total loss: 1.2575, clean acc: 0.5991, eval anchor loss: 0.1738, backdoor acc: 1.0000
2026-04-03 14:52:45,084 - => Stage 1 client 2 epoch 34/50, ce loss: 1.1925, train anchor loss: 0.1689, total loss: 1.2431, clean acc: 0.6065, eval anchor loss: 0.1723, backdoor acc: 1.0000
2026-04-03 14:54:44,390 - => Stage 1 client 2 epoch 35/50, ce loss: 1.1916, train anchor loss: 0.1694, total loss: 1.2424, clean acc: 0.6156, eval anchor loss: 0.1569, backdoor acc: 1.0000
2026-04-03 14:56:44,195 - => Stage 1 client 2 epoch 36/50, ce loss: 1.1830, train anchor loss: 0.1685, total loss: 1.2335, clean acc: 0.6179, eval anchor loss: 0.1679, backdoor acc: 1.0000
2026-04-03 14:58:28,870 - => Stage 1 client 2 epoch 37/50, ce loss: 1.1808, train anchor loss: 0.1711, total loss: 1.2322, clean acc: 0.6141, eval anchor loss: 0.1718, backdoor acc: 1.0000
2026-04-03 15:00:27,647 - => Stage 1 client 2 epoch 38/50, ce loss: 1.1715, train anchor loss: 0.1690, total loss: 1.2222, clean acc: 0.6059, eval anchor loss: 0.1692, backdoor acc: 1.0000
2026-04-03 15:02:28,165 - => Stage 1 client 2 epoch 39/50, ce loss: 1.1715, train anchor loss: 0.1694, total loss: 1.2223, clean acc: 0.6198, eval anchor loss: 0.1683, backdoor acc: 1.0000
2026-04-03 15:04:27,918 - => Stage 1 client 2 epoch 40/50, ce loss: 1.1570, train anchor loss: 0.1698, total loss: 1.2079, clean acc: 0.6030, eval anchor loss: 0.1732, backdoor acc: 1.0000
2026-04-03 15:06:26,796 - => Stage 1 client 2 epoch 41/50, ce loss: 1.1594, train anchor loss: 0.1692, total loss: 1.2102, clean acc: 0.6206, eval anchor loss: 0.1696, backdoor acc: 1.0000
2026-04-03 15:08:26,125 - => Stage 1 client 2 epoch 42/50, ce loss: 1.1500, train anchor loss: 0.1698, total loss: 1.2009, clean acc: 0.6063, eval anchor loss: 0.1713, backdoor acc: 1.0000
2026-04-03 15:10:24,605 - => Stage 1 client 2 epoch 43/50, ce loss: 1.1417, train anchor loss: 0.1696, total loss: 1.1926, clean acc: 0.6162, eval anchor loss: 0.1732, backdoor acc: 1.0000
2026-04-03 15:12:23,374 - => Stage 1 client 2 epoch 44/50, ce loss: 1.1425, train anchor loss: 0.1719, total loss: 1.1940, clean acc: 0.6069, eval anchor loss: 0.1732, backdoor acc: 1.0000
2026-04-03 15:14:22,548 - => Stage 1 client 2 epoch 45/50, ce loss: 1.1369, train anchor loss: 0.1693, total loss: 1.1877, clean acc: 0.6204, eval anchor loss: 0.1670, backdoor acc: 0.9999
2026-04-03 15:16:23,229 - => Stage 1 client 2 epoch 46/50, ce loss: 1.1313, train anchor loss: 0.1685, total loss: 1.1819, clean acc: 0.6200, eval anchor loss: 0.1661, backdoor acc: 1.0000
2026-04-03 15:16:23,999 - => Stage 1 early stop triggered for passive client 2 at epoch 46/50; best clean acc: 0.6206 at epoch 41
2026-04-03 15:16:24,434 - => Stage 1 final summary for passive client 2: best epoch: 41, clean acc: 0.6206, anchor loss: 0.1696, backdoor acc: 1.0000
2026-04-03 15:16:25,290 - => Stage 1 metrics were also saved to './results/AVGuard/CIFAR10/oracle_attack/CIFAR10_anchor_stage1_3clients_oracle_label/anchor_stage1\stage1_metrics.json'
2026-04-03 15:16:25,290 - => Saved stage1 passive-party local models and anchors to './results/AVGuard/CIFAR10/oracle_attack/CIFAR10_anchor_stage1_3clients_oracle_label/anchor_stage1'
2026-04-03 15:16:25,347 - => Saved anchor artifact to './results/AVGuard/CIFAR10/oracle_attack/CIFAR10_anchor_stage1_3clients_oracle_label/anchor_bank.pt'
2026-04-03 15:16:25,347 - => Stage 3 is ready; it will use Stage 1 client reliability from the loaded anchor state when available. Stage 2 client anchor-loss stats are optional diagnostics.
