2026-04-21 23:45:44,071 - Namespace(config='', data_dir='./dataset/data_raw/', dataset='CIFAR10', device=0, results_dir='./results/AVGuard/cifar10_ablation_rerun_scale16/lambda_stage1_anchor_sensitivity/lambda_0.3/stage1', seed=100, epoch=100, batch_size=256, client_num=3, pretrained_checkpoint='./results/AVGuard/cifar10_ablation_rerun_scale16/lambda_stage1_anchor_sensitivity/lambda_0.3/stage1\\latest_checkpoint.pth.tar', test_checkpoint=None, resume_latest=True, lr=0.001, start_epoch=0, print_steps=10, early_stop=20, attack='LFBA', target_label=None, poison_rate=0.1, poison_dimensions=5, trigger_feature_clip=1.0, attack_client_num=2, feature_extractor='', select_rate=0.5, lfba_poison_source='gradient', random_select=False, poison_all=False, anchor_idx=23470, pretrain_stage=0, mode='pretrain_anchor', defense='anchor', defense_scheme='AVGuard', enable_stage1=True, force_stage1_retrain=True, enable_anchor_loss=True, lambda_anchor=0.1, lambda_stage1_anchor=0.3, anchor_pretrain_epochs=50, anchor_pretrain_early_stop=5, anchor_pretrain_min_delta=0.0001, anchor_scale=16.0, anchor_margin=0.0, anchor_bank_path='./results/AVGuard/cifar10_ablation_rerun_scale16/lambda_stage1_anchor_sensitivity/lambda_0.3/stage1/anchor_bank.pt', anchor_stage1_dir='./results/AVGuard/cifar10_ablation_rerun_scale16/lambda_stage1_anchor_sensitivity/lambda_0.3/stage1/anchor_stage1', anchor_ema_momentum=1.0, anchor_ema_update_freq=1, stage3_enable_joint_weighted_voting=True, stage3_enable_static_reliability=True, gamma=2.0, theta_supp=0.15, enable_conservative_correction=False, tau_corr=0.0, top_k=4, stage3_debug_batches=0, stage3_debug_max_samples=8, original_dataset='CIFAR10', attack_target_label=None, anchor_margin_auto_adjusted=False, requested_anchor_margin=0.0)
2026-04-21 23:45:44,073 - => Defense scheme: AVGuard
2026-04-21 23:45:44,073 - => LFBA poison-set source: gradient
2026-04-21 23:45:44,073 - => Python executable: D:\python3\generative-compression-master1\KAVF\python.exe
2026-04-21 23:45:44,074 - => Torch version: 2.7.1+cu126, compiled CUDA: 12.6, cuda available: True, visible GPU count: 1
2026-04-21 23:45:44,074 - => Using GPU cuda:0 (NVIDIA GeForce RTX 4080)
2026-04-21 23:45:44,074 - => Preparing data...
2026-04-21 23:45:45,843 - => Resolved LFBA attack target label=6 from training anchor_idx=23470
2026-04-21 23:45:47,054 - => No checkpoint found at './results/AVGuard/cifar10_ablation_rerun_scale16/lambda_stage1_anchor_sensitivity/lambda_0.3/stage1\latest_checkpoint.pth.tar'
2026-04-21 23:45:47,055 - => Enter Stage 1: passive local backbones are trained with active-party private two-layer MLP heads
2026-04-21 23:45:47,056 - => Stage 1 latest checkpoint path: './results/AVGuard/cifar10_ablation_rerun_scale16/lambda_stage1_anchor_sensitivity/lambda_0.3/stage1\latest_checkpoint.pth.tar'
2026-04-21 23:45:47,324 - =>Add Trigger to Train Data
2026-04-21 23:45:47,359 - Add Trigger to 5000 Poison Samples, 45000 Clean Samples (0.10)
2026-04-21 23:45:47,379 - =>Add Trigger to Test Data
2026-04-21 23:45:47,445 - Add Trigger to 10000 Poison Samples, 0 Clean Samples (1.00)
2026-04-21 23:45:47,466 - => Stage 1 start for passive client 0
2026-04-21 23:45:47,466 - => Stage 1 early stop for passive client 0: patience=5, min_delta=0.000100
2026-04-21 23:46:53,386 - => Stage 1 client 0 epoch 1/50, ce loss: 1.8743, train anchor loss: 1.4524, total loss: 2.3100, clean acc: 0.4209, eval anchor loss: 0.9347, backdoor acc: 0.0000
2026-04-21 23:47:57,807 - => Stage 1 client 0 epoch 2/50, ce loss: 1.7444, train anchor loss: 0.6703, total loss: 1.9455, clean acc: 0.4128, eval anchor loss: 0.4140, backdoor acc: 0.0000
2026-04-21 23:49:02,308 - => Stage 1 client 0 epoch 3/50, ce loss: 1.6084, train anchor loss: 0.2954, total loss: 1.6970, clean acc: 0.4489, eval anchor loss: 0.2125, backdoor acc: 0.0000
2026-04-21 23:50:06,853 - => Stage 1 client 0 epoch 4/50, ce loss: 1.5501, train anchor loss: 0.1792, total loss: 1.6039, clean acc: 0.4869, eval anchor loss: 0.1594, backdoor acc: 0.0000
2026-04-21 23:51:11,428 - => Stage 1 client 0 epoch 5/50, ce loss: 1.5017, train anchor loss: 0.1550, total loss: 1.5482, clean acc: 0.4968, eval anchor loss: 0.1473, backdoor acc: 0.0000
2026-04-21 23:52:16,779 - => Stage 1 client 0 epoch 6/50, ce loss: 1.4597, train anchor loss: 0.1517, total loss: 1.5052, clean acc: 0.5066, eval anchor loss: 0.1546, backdoor acc: 0.0000
2026-04-21 23:53:21,422 - => Stage 1 client 0 epoch 7/50, ce loss: 1.4267, train anchor loss: 0.1514, total loss: 1.4721, clean acc: 0.5237, eval anchor loss: 0.1580, backdoor acc: 0.0000
2026-04-21 23:54:25,995 - => Stage 1 client 0 epoch 8/50, ce loss: 1.4001, train anchor loss: 0.1510, total loss: 1.4454, clean acc: 0.5376, eval anchor loss: 0.1488, backdoor acc: 0.0000
2026-04-21 23:55:30,757 - => Stage 1 client 0 epoch 9/50, ce loss: 1.3723, train anchor loss: 0.1520, total loss: 1.4179, clean acc: 0.5286, eval anchor loss: 0.1534, backdoor acc: 0.0000
2026-04-21 23:56:35,433 - => Stage 1 client 0 epoch 10/50, ce loss: 1.3465, train anchor loss: 0.1527, total loss: 1.3923, clean acc: 0.5413, eval anchor loss: 0.1534, backdoor acc: 0.0000
2026-04-21 23:57:40,022 - => Stage 1 client 0 epoch 11/50, ce loss: 1.3237, train anchor loss: 0.1527, total loss: 1.3695, clean acc: 0.5439, eval anchor loss: 0.1661, backdoor acc: 0.0000
2026-04-21 23:58:44,612 - => Stage 1 client 0 epoch 12/50, ce loss: 1.3010, train anchor loss: 0.1545, total loss: 1.3474, clean acc: 0.5498, eval anchor loss: 0.1584, backdoor acc: 0.0000
2026-04-21 23:59:48,913 - => Stage 1 client 0 epoch 13/50, ce loss: 1.2852, train anchor loss: 0.1540, total loss: 1.3314, clean acc: 0.5670, eval anchor loss: 0.1545, backdoor acc: 0.0000
2026-04-22 00:00:53,523 - => Stage 1 client 0 epoch 14/50, ce loss: 1.2591, train anchor loss: 0.1544, total loss: 1.3055, clean acc: 0.5644, eval anchor loss: 0.1702, backdoor acc: 0.0000
2026-04-22 00:01:57,997 - => Stage 1 client 0 epoch 15/50, ce loss: 1.2524, train anchor loss: 0.1550, total loss: 1.2989, clean acc: 0.5690, eval anchor loss: 0.1584, backdoor acc: 0.0000
2026-04-22 00:03:02,685 - => Stage 1 client 0 epoch 16/50, ce loss: 1.2304, train anchor loss: 0.1544, total loss: 1.2767, clean acc: 0.5790, eval anchor loss: 0.1629, backdoor acc: 0.0000
2026-04-22 00:04:07,081 - => Stage 1 client 0 epoch 17/50, ce loss: 1.2116, train anchor loss: 0.1544, total loss: 1.2579, clean acc: 0.5775, eval anchor loss: 0.1646, backdoor acc: 0.0000
2026-04-22 00:05:11,500 - => Stage 1 client 0 epoch 18/50, ce loss: 1.1994, train anchor loss: 0.1549, total loss: 1.2458, clean acc: 0.5935, eval anchor loss: 0.1637, backdoor acc: 0.0000
2026-04-22 00:06:16,622 - => Stage 1 client 0 epoch 19/50, ce loss: 1.1955, train anchor loss: 0.1554, total loss: 1.2422, clean acc: 0.6003, eval anchor loss: 0.1494, backdoor acc: 0.0000
2026-04-22 00:07:20,855 - => Stage 1 client 0 epoch 20/50, ce loss: 1.1747, train anchor loss: 0.1541, total loss: 1.2209, clean acc: 0.5964, eval anchor loss: 0.1544, backdoor acc: 0.0000
2026-04-22 00:08:26,592 - => Stage 1 client 0 epoch 21/50, ce loss: 1.1663, train anchor loss: 0.1541, total loss: 1.2125, clean acc: 0.6066, eval anchor loss: 0.1515, backdoor acc: 0.0000
2026-04-22 00:09:31,254 - => Stage 1 client 0 epoch 22/50, ce loss: 1.1491, train anchor loss: 0.1531, total loss: 1.1950, clean acc: 0.5979, eval anchor loss: 0.1637, backdoor acc: 0.0000
2026-04-22 00:10:35,789 - => Stage 1 client 0 epoch 23/50, ce loss: 1.1446, train anchor loss: 0.1543, total loss: 1.1909, clean acc: 0.5973, eval anchor loss: 0.1621, backdoor acc: 0.0000
2026-04-22 00:11:40,306 - => Stage 1 client 0 epoch 24/50, ce loss: 1.1263, train anchor loss: 0.1549, total loss: 1.1728, clean acc: 0.6016, eval anchor loss: 0.1656, backdoor acc: 0.0000
2026-04-22 00:12:44,853 - => Stage 1 client 0 epoch 25/50, ce loss: 1.1262, train anchor loss: 0.1545, total loss: 1.1725, clean acc: 0.6069, eval anchor loss: 0.1564, backdoor acc: 0.0000
2026-04-22 00:13:49,430 - => Stage 1 client 0 epoch 26/50, ce loss: 1.1139, train anchor loss: 0.1533, total loss: 1.1599, clean acc: 0.6118, eval anchor loss: 0.1613, backdoor acc: 0.0000
2026-04-22 00:14:54,426 - => Stage 1 client 0 epoch 27/50, ce loss: 1.1057, train anchor loss: 0.1539, total loss: 1.1519, clean acc: 0.6177, eval anchor loss: 0.1703, backdoor acc: 0.0000
2026-04-22 00:15:59,039 - => Stage 1 client 0 epoch 28/50, ce loss: 1.1013, train anchor loss: 0.1538, total loss: 1.1474, clean acc: 0.6178, eval anchor loss: 0.1649, backdoor acc: 0.0000
2026-04-22 00:17:03,616 - => Stage 1 client 0 epoch 29/50, ce loss: 1.0822, train anchor loss: 0.1529, total loss: 1.1281, clean acc: 0.6194, eval anchor loss: 0.1585, backdoor acc: 0.0000
2026-04-22 00:18:10,230 - => Stage 1 client 0 epoch 30/50, ce loss: 1.0772, train anchor loss: 0.1537, total loss: 1.1233, clean acc: 0.6219, eval anchor loss: 0.1639, backdoor acc: 0.0000
2026-04-22 00:19:14,713 - => Stage 1 client 0 epoch 31/50, ce loss: 1.0686, train anchor loss: 0.1519, total loss: 1.1142, clean acc: 0.6284, eval anchor loss: 0.1604, backdoor acc: 0.0000
2026-04-22 00:20:19,784 - => Stage 1 client 0 epoch 32/50, ce loss: 1.0608, train anchor loss: 0.1531, total loss: 1.1067, clean acc: 0.6225, eval anchor loss: 0.1639, backdoor acc: 0.0000
2026-04-22 00:21:24,427 - => Stage 1 client 0 epoch 33/50, ce loss: 1.0531, train anchor loss: 0.1523, total loss: 1.0988, clean acc: 0.6279, eval anchor loss: 0.1653, backdoor acc: 0.0000
2026-04-22 00:22:28,660 - => Stage 1 client 0 epoch 34/50, ce loss: 1.0454, train anchor loss: 0.1519, total loss: 1.0909, clean acc: 0.6368, eval anchor loss: 0.1540, backdoor acc: 0.0000
2026-04-22 00:23:33,017 - => Stage 1 client 0 epoch 35/50, ce loss: 1.0353, train anchor loss: 0.1532, total loss: 1.0813, clean acc: 0.6216, eval anchor loss: 0.1614, backdoor acc: 0.0000
2026-04-22 00:24:37,817 - => Stage 1 client 0 epoch 36/50, ce loss: 1.0225, train anchor loss: 0.1520, total loss: 1.0681, clean acc: 0.6356, eval anchor loss: 0.1589, backdoor acc: 0.0000
2026-04-22 00:25:42,381 - => Stage 1 client 0 epoch 37/50, ce loss: 1.0235, train anchor loss: 0.1533, total loss: 1.0695, clean acc: 0.6242, eval anchor loss: 0.1603, backdoor acc: 0.0000
2026-04-22 00:26:46,773 - => Stage 1 client 0 epoch 38/50, ce loss: 1.0216, train anchor loss: 0.1517, total loss: 1.0671, clean acc: 0.6343, eval anchor loss: 0.1639, backdoor acc: 0.0000
2026-04-22 00:27:51,282 - => Stage 1 client 0 epoch 39/50, ce loss: 1.0065, train anchor loss: 0.1516, total loss: 1.0520, clean acc: 0.6443, eval anchor loss: 0.1607, backdoor acc: 0.0000
2026-04-22 00:28:55,727 - => Stage 1 client 0 epoch 40/50, ce loss: 1.0023, train anchor loss: 0.1504, total loss: 1.0474, clean acc: 0.6415, eval anchor loss: 0.1622, backdoor acc: 0.0000
2026-04-22 00:30:00,244 - => Stage 1 client 0 epoch 41/50, ce loss: 0.9950, train anchor loss: 0.1507, total loss: 1.0402, clean acc: 0.6404, eval anchor loss: 0.1612, backdoor acc: 0.0000
2026-04-22 00:31:04,915 - => Stage 1 client 0 epoch 42/50, ce loss: 0.9884, train anchor loss: 0.1505, total loss: 1.0335, clean acc: 0.6387, eval anchor loss: 0.1631, backdoor acc: 0.0000
2026-04-22 00:32:09,494 - => Stage 1 client 0 epoch 43/50, ce loss: 0.9888, train anchor loss: 0.1500, total loss: 1.0338, clean acc: 0.6377, eval anchor loss: 0.1646, backdoor acc: 0.0000
2026-04-22 00:33:13,811 - => Stage 1 client 0 epoch 44/50, ce loss: 0.9819, train anchor loss: 0.1501, total loss: 1.0269, clean acc: 0.6449, eval anchor loss: 0.1562, backdoor acc: 0.0000
2026-04-22 00:34:18,396 - => Stage 1 client 0 epoch 45/50, ce loss: 0.9624, train anchor loss: 0.1493, total loss: 1.0071, clean acc: 0.6338, eval anchor loss: 0.1707, backdoor acc: 0.0000
2026-04-22 00:35:22,922 - => Stage 1 client 0 epoch 46/50, ce loss: 0.9699, train anchor loss: 0.1500, total loss: 1.0149, clean acc: 0.6349, eval anchor loss: 0.1661, backdoor acc: 0.0000
2026-04-22 00:36:27,493 - => Stage 1 client 0 epoch 47/50, ce loss: 0.9588, train anchor loss: 0.1500, total loss: 1.0038, clean acc: 0.6389, eval anchor loss: 0.1633, backdoor acc: 0.0000
2026-04-22 00:37:31,977 - => Stage 1 client 0 epoch 48/50, ce loss: 0.9630, train anchor loss: 0.1501, total loss: 1.0080, clean acc: 0.6432, eval anchor loss: 0.1809, backdoor acc: 0.0000
2026-04-22 00:38:36,341 - => Stage 1 client 0 epoch 49/50, ce loss: 0.9570, train anchor loss: 0.1496, total loss: 1.0019, clean acc: 0.6348, eval anchor loss: 0.1650, backdoor acc: 0.0000
2026-04-22 00:38:36,721 - => Stage 1 early stop triggered for passive client 0 at epoch 49/50; best clean acc: 0.6449 at epoch 44
2026-04-22 00:38:36,977 - => Stage 1 final summary for passive client 0: best epoch: 44, clean acc: 0.6449, anchor loss: 0.1562, backdoor acc: 0.0000
2026-04-22 00:38:37,016 - => Stage 1 start for passive client 1
2026-04-22 00:38:37,016 - => Stage 1 early stop for passive client 1: patience=5, min_delta=0.000100
2026-04-22 00:39:41,247 - => Stage 1 client 1 epoch 1/50, ce loss: 1.7180, train anchor loss: 1.2707, total loss: 2.0992, clean acc: 0.4410, eval anchor loss: 0.8084, backdoor acc: 0.0000
2026-04-22 00:40:45,833 - => Stage 1 client 1 epoch 2/50, ce loss: 1.5657, train anchor loss: 0.5384, total loss: 1.7273, clean acc: 0.4981, eval anchor loss: 0.3113, backdoor acc: 0.0000
2026-04-22 00:41:50,376 - => Stage 1 client 1 epoch 3/50, ce loss: 1.4275, train anchor loss: 0.2350, total loss: 1.4980, clean acc: 0.5201, eval anchor loss: 0.1882, backdoor acc: 0.0000
2026-04-22 00:42:54,833 - => Stage 1 client 1 epoch 4/50, ce loss: 1.3558, train anchor loss: 0.1683, total loss: 1.4062, clean acc: 0.5417, eval anchor loss: 0.1712, backdoor acc: 0.0000
2026-04-22 00:44:07,896 - => Stage 1 client 1 epoch 5/50, ce loss: 1.3092, train anchor loss: 0.1562, total loss: 1.3561, clean acc: 0.5748, eval anchor loss: 0.1544, backdoor acc: 0.0000
2026-04-22 00:45:25,586 - => Stage 1 client 1 epoch 6/50, ce loss: 1.2526, train anchor loss: 0.1546, total loss: 1.2990, clean acc: 0.5961, eval anchor loss: 0.1512, backdoor acc: 0.0000
2026-04-22 00:46:43,247 - => Stage 1 client 1 epoch 7/50, ce loss: 1.2172, train anchor loss: 0.1544, total loss: 1.2635, clean acc: 0.5872, eval anchor loss: 0.1521, backdoor acc: 0.0000
2026-04-22 00:47:48,628 - => Stage 1 client 1 epoch 8/50, ce loss: 1.1856, train anchor loss: 0.1521, total loss: 1.2313, clean acc: 0.6010, eval anchor loss: 0.1580, backdoor acc: 0.0000
2026-04-22 00:48:53,624 - => Stage 1 client 1 epoch 9/50, ce loss: 1.1585, train anchor loss: 0.1525, total loss: 1.2042, clean acc: 0.5968, eval anchor loss: 0.1590, backdoor acc: 0.0000
2026-04-22 00:49:58,472 - => Stage 1 client 1 epoch 10/50, ce loss: 1.1361, train anchor loss: 0.1517, total loss: 1.1816, clean acc: 0.6139, eval anchor loss: 0.1594, backdoor acc: 0.0000
2026-04-22 00:51:02,906 - => Stage 1 client 1 epoch 11/50, ce loss: 1.1174, train anchor loss: 0.1519, total loss: 1.1629, clean acc: 0.6249, eval anchor loss: 0.1514, backdoor acc: 0.0000
2026-04-22 00:52:07,508 - => Stage 1 client 1 epoch 12/50, ce loss: 1.0842, train anchor loss: 0.1506, total loss: 1.1294, clean acc: 0.6301, eval anchor loss: 0.1545, backdoor acc: 0.0000
2026-04-22 00:53:12,094 - => Stage 1 client 1 epoch 13/50, ce loss: 1.0577, train anchor loss: 0.1500, total loss: 1.1027, clean acc: 0.6435, eval anchor loss: 0.1507, backdoor acc: 0.0000
2026-04-22 00:54:16,910 - => Stage 1 client 1 epoch 14/50, ce loss: 1.0411, train anchor loss: 0.1498, total loss: 1.0861, clean acc: 0.6534, eval anchor loss: 0.1521, backdoor acc: 0.0000
2026-04-22 00:55:21,563 - => Stage 1 client 1 epoch 15/50, ce loss: 1.0184, train anchor loss: 0.1491, total loss: 1.0632, clean acc: 0.6512, eval anchor loss: 0.1481, backdoor acc: 0.0000
2026-04-22 00:56:26,257 - => Stage 1 client 1 epoch 16/50, ce loss: 1.0087, train anchor loss: 0.1489, total loss: 1.0534, clean acc: 0.6524, eval anchor loss: 0.1508, backdoor acc: 0.0000
2026-04-22 00:57:30,895 - => Stage 1 client 1 epoch 17/50, ce loss: 0.9894, train anchor loss: 0.1484, total loss: 1.0339, clean acc: 0.6524, eval anchor loss: 0.1473, backdoor acc: 0.0000
2026-04-22 00:58:35,456 - => Stage 1 client 1 epoch 18/50, ce loss: 0.9740, train anchor loss: 0.1471, total loss: 1.0182, clean acc: 0.6507, eval anchor loss: 0.1640, backdoor acc: 0.0000
2026-04-22 00:59:40,009 - => Stage 1 client 1 epoch 19/50, ce loss: 0.9667, train anchor loss: 0.1464, total loss: 1.0106, clean acc: 0.6554, eval anchor loss: 0.1551, backdoor acc: 0.0000
2026-04-22 01:00:44,419 - => Stage 1 client 1 epoch 20/50, ce loss: 0.9480, train anchor loss: 0.1457, total loss: 0.9917, clean acc: 0.6620, eval anchor loss: 0.1502, backdoor acc: 0.0000
2026-04-22 01:01:48,857 - => Stage 1 client 1 epoch 21/50, ce loss: 0.9374, train anchor loss: 0.1451, total loss: 0.9809, clean acc: 0.6728, eval anchor loss: 0.1477, backdoor acc: 0.0000
2026-04-22 01:02:53,460 - => Stage 1 client 1 epoch 22/50, ce loss: 0.9203, train anchor loss: 0.1444, total loss: 0.9637, clean acc: 0.6760, eval anchor loss: 0.1445, backdoor acc: 0.0000
2026-04-22 01:03:57,875 - => Stage 1 client 1 epoch 23/50, ce loss: 0.9024, train anchor loss: 0.1440, total loss: 0.9456, clean acc: 0.6752, eval anchor loss: 0.1520, backdoor acc: 0.0000
2026-04-22 01:05:02,464 - => Stage 1 client 1 epoch 24/50, ce loss: 0.8899, train anchor loss: 0.1423, total loss: 0.9326, clean acc: 0.6738, eval anchor loss: 0.1463, backdoor acc: 0.0000
2026-04-22 01:06:07,099 - => Stage 1 client 1 epoch 25/50, ce loss: 0.8869, train anchor loss: 0.1434, total loss: 0.9299, clean acc: 0.6808, eval anchor loss: 0.1488, backdoor acc: 0.0000
2026-04-22 01:07:11,571 - => Stage 1 client 1 epoch 26/50, ce loss: 0.8771, train anchor loss: 0.1423, total loss: 0.9198, clean acc: 0.6765, eval anchor loss: 0.1505, backdoor acc: 0.0000
2026-04-22 01:08:15,836 - => Stage 1 client 1 epoch 27/50, ce loss: 0.8555, train anchor loss: 0.1420, total loss: 0.8981, clean acc: 0.6838, eval anchor loss: 0.1513, backdoor acc: 0.0000
2026-04-22 01:09:20,509 - => Stage 1 client 1 epoch 28/50, ce loss: 0.8434, train anchor loss: 0.1415, total loss: 0.8858, clean acc: 0.6903, eval anchor loss: 0.1553, backdoor acc: 0.0000
2026-04-22 01:10:24,731 - => Stage 1 client 1 epoch 29/50, ce loss: 0.8382, train anchor loss: 0.1411, total loss: 0.8805, clean acc: 0.6868, eval anchor loss: 0.1502, backdoor acc: 0.0000
2026-04-22 01:11:29,349 - => Stage 1 client 1 epoch 30/50, ce loss: 0.8279, train anchor loss: 0.1401, total loss: 0.8699, clean acc: 0.6910, eval anchor loss: 0.1525, backdoor acc: 0.0000
2026-04-22 01:12:33,731 - => Stage 1 client 1 epoch 31/50, ce loss: 0.8184, train anchor loss: 0.1388, total loss: 0.8601, clean acc: 0.6916, eval anchor loss: 0.1527, backdoor acc: 0.0000
2026-04-22 01:13:38,321 - => Stage 1 client 1 epoch 32/50, ce loss: 0.8016, train anchor loss: 0.1382, total loss: 0.8431, clean acc: 0.6975, eval anchor loss: 0.1526, backdoor acc: 0.0000
2026-04-22 01:14:42,830 - => Stage 1 client 1 epoch 33/50, ce loss: 0.7988, train anchor loss: 0.1379, total loss: 0.8402, clean acc: 0.6830, eval anchor loss: 0.1539, backdoor acc: 0.0000
2026-04-22 01:15:47,566 - => Stage 1 client 1 epoch 34/50, ce loss: 0.7931, train anchor loss: 0.1379, total loss: 0.8344, clean acc: 0.6976, eval anchor loss: 0.1527, backdoor acc: 0.0000
2026-04-22 01:16:51,812 - => Stage 1 client 1 epoch 35/50, ce loss: 0.7800, train anchor loss: 0.1372, total loss: 0.8212, clean acc: 0.6944, eval anchor loss: 0.1495, backdoor acc: 0.0000
2026-04-22 01:17:56,771 - => Stage 1 client 1 epoch 36/50, ce loss: 0.7677, train anchor loss: 0.1355, total loss: 0.8083, clean acc: 0.6934, eval anchor loss: 0.1610, backdoor acc: 0.0000
2026-04-22 01:19:01,758 - => Stage 1 client 1 epoch 37/50, ce loss: 0.7571, train anchor loss: 0.1349, total loss: 0.7976, clean acc: 0.6941, eval anchor loss: 0.1591, backdoor acc: 0.0000
2026-04-22 01:19:02,137 - => Stage 1 early stop triggered for passive client 1 at epoch 37/50; best clean acc: 0.6975 at epoch 32
2026-04-22 01:19:02,355 - => Stage 1 final summary for passive client 1: best epoch: 32, clean acc: 0.6975, anchor loss: 0.1526, backdoor acc: 0.0000
2026-04-22 01:19:02,373 - => Stage 1 start for passive client 2
2026-04-22 01:19:02,373 - => Stage 1 early stop for passive client 2: patience=5, min_delta=0.000100
2026-04-22 01:20:12,841 - => Stage 1 client 2 epoch 1/50, ce loss: 1.8999, train anchor loss: 1.3753, total loss: 2.3125, clean acc: 0.3824, eval anchor loss: 0.9352, backdoor acc: 0.4247
2026-04-22 01:21:23,785 - => Stage 1 client 2 epoch 2/50, ce loss: 1.7752, train anchor loss: 0.6303, total loss: 1.9643, clean acc: 0.4058, eval anchor loss: 0.3636, backdoor acc: 0.9979
2026-04-22 01:22:34,688 - => Stage 1 client 2 epoch 3/50, ce loss: 1.6633, train anchor loss: 0.2592, total loss: 1.7411, clean acc: 0.4446, eval anchor loss: 0.1875, backdoor acc: 1.0000
2026-04-22 01:23:45,768 - => Stage 1 client 2 epoch 4/50, ce loss: 1.6105, train anchor loss: 0.1741, total loss: 1.6627, clean acc: 0.4804, eval anchor loss: 0.1570, backdoor acc: 1.0000
2026-04-22 01:24:56,674 - => Stage 1 client 2 epoch 5/50, ce loss: 1.5654, train anchor loss: 0.1633, total loss: 1.6143, clean acc: 0.4696, eval anchor loss: 0.1560, backdoor acc: 1.0000
2026-04-22 01:26:07,478 - => Stage 1 client 2 epoch 6/50, ce loss: 1.5454, train anchor loss: 0.1633, total loss: 1.5944, clean acc: 0.4968, eval anchor loss: 0.1601, backdoor acc: 1.0000
2026-04-22 01:27:18,403 - => Stage 1 client 2 epoch 7/50, ce loss: 1.5152, train anchor loss: 0.1622, total loss: 1.5639, clean acc: 0.5080, eval anchor loss: 0.1543, backdoor acc: 1.0000
2026-04-22 01:28:29,471 - => Stage 1 client 2 epoch 8/50, ce loss: 1.4865, train anchor loss: 0.1631, total loss: 1.5354, clean acc: 0.5123, eval anchor loss: 0.1522, backdoor acc: 1.0000
2026-04-22 01:29:40,362 - => Stage 1 client 2 epoch 9/50, ce loss: 1.4753, train anchor loss: 0.1655, total loss: 1.5249, clean acc: 0.5167, eval anchor loss: 0.1500, backdoor acc: 1.0000
2026-04-22 01:30:51,269 - => Stage 1 client 2 epoch 10/50, ce loss: 1.4488, train anchor loss: 0.1656, total loss: 1.4985, clean acc: 0.5292, eval anchor loss: 0.1573, backdoor acc: 1.0000
2026-04-22 01:32:02,113 - => Stage 1 client 2 epoch 11/50, ce loss: 1.4358, train anchor loss: 0.1659, total loss: 1.4855, clean acc: 0.5238, eval anchor loss: 0.1737, backdoor acc: 1.0000
2026-04-22 01:33:14,107 - => Stage 1 client 2 epoch 12/50, ce loss: 1.4241, train anchor loss: 0.1656, total loss: 1.4738, clean acc: 0.5281, eval anchor loss: 0.1722, backdoor acc: 1.0000
2026-04-22 01:34:25,347 - => Stage 1 client 2 epoch 13/50, ce loss: 1.4005, train anchor loss: 0.1680, total loss: 1.4509, clean acc: 0.5646, eval anchor loss: 0.1641, backdoor acc: 1.0000
2026-04-22 01:35:36,492 - => Stage 1 client 2 epoch 14/50, ce loss: 1.3858, train anchor loss: 0.1684, total loss: 1.4364, clean acc: 0.5637, eval anchor loss: 0.1623, backdoor acc: 1.0000
2026-04-22 01:36:46,931 - => Stage 1 client 2 epoch 15/50, ce loss: 1.3758, train anchor loss: 0.1684, total loss: 1.4264, clean acc: 0.5535, eval anchor loss: 0.1609, backdoor acc: 1.0000
2026-04-22 01:37:57,926 - => Stage 1 client 2 epoch 16/50, ce loss: 1.3690, train anchor loss: 0.1681, total loss: 1.4194, clean acc: 0.5483, eval anchor loss: 0.1517, backdoor acc: 1.0000
2026-04-22 01:39:08,431 - => Stage 1 client 2 epoch 17/50, ce loss: 1.3526, train anchor loss: 0.1681, total loss: 1.4030, clean acc: 0.5658, eval anchor loss: 0.1534, backdoor acc: 1.0000
2026-04-22 01:40:21,400 - => Stage 1 client 2 epoch 18/50, ce loss: 1.3343, train anchor loss: 0.1690, total loss: 1.3849, clean acc: 0.5645, eval anchor loss: 0.1603, backdoor acc: 1.0000
2026-04-22 01:41:31,985 - => Stage 1 client 2 epoch 19/50, ce loss: 1.3367, train anchor loss: 0.1692, total loss: 1.3874, clean acc: 0.5764, eval anchor loss: 0.1647, backdoor acc: 1.0000
2026-04-22 01:42:42,713 - => Stage 1 client 2 epoch 20/50, ce loss: 1.3152, train anchor loss: 0.1704, total loss: 1.3664, clean acc: 0.5762, eval anchor loss: 0.1643, backdoor acc: 1.0000
2026-04-22 01:43:53,390 - => Stage 1 client 2 epoch 21/50, ce loss: 1.3036, train anchor loss: 0.1688, total loss: 1.3542, clean acc: 0.5654, eval anchor loss: 0.1669, backdoor acc: 1.0000
2026-04-22 01:45:04,871 - => Stage 1 client 2 epoch 22/50, ce loss: 1.3061, train anchor loss: 0.1701, total loss: 1.3572, clean acc: 0.5754, eval anchor loss: 0.1682, backdoor acc: 1.0000
2026-04-22 01:46:15,446 - => Stage 1 client 2 epoch 23/50, ce loss: 1.2899, train anchor loss: 0.1693, total loss: 1.3407, clean acc: 0.5871, eval anchor loss: 0.1655, backdoor acc: 1.0000
2026-04-22 01:47:28,490 - => Stage 1 client 2 epoch 24/50, ce loss: 1.2788, train anchor loss: 0.1715, total loss: 1.3303, clean acc: 0.5760, eval anchor loss: 0.1780, backdoor acc: 1.0000
2026-04-22 01:48:39,137 - => Stage 1 client 2 epoch 25/50, ce loss: 1.2765, train anchor loss: 0.1701, total loss: 1.3275, clean acc: 0.5847, eval anchor loss: 0.1692, backdoor acc: 1.0000
2026-04-22 01:49:50,983 - => Stage 1 client 2 epoch 26/50, ce loss: 1.2708, train anchor loss: 0.1704, total loss: 1.3219, clean acc: 0.5799, eval anchor loss: 0.1728, backdoor acc: 1.0000
2026-04-22 01:51:01,865 - => Stage 1 client 2 epoch 27/50, ce loss: 1.2619, train anchor loss: 0.1707, total loss: 1.3131, clean acc: 0.5891, eval anchor loss: 0.1632, backdoor acc: 1.0000
2026-04-22 01:52:13,677 - => Stage 1 client 2 epoch 28/50, ce loss: 1.2453, train anchor loss: 0.1701, total loss: 1.2963, clean acc: 0.5936, eval anchor loss: 0.1687, backdoor acc: 1.0000
2026-04-22 01:53:25,016 - => Stage 1 client 2 epoch 29/50, ce loss: 1.2425, train anchor loss: 0.1708, total loss: 1.2938, clean acc: 0.5943, eval anchor loss: 0.1638, backdoor acc: 1.0000
2026-04-22 01:54:36,331 - => Stage 1 client 2 epoch 30/50, ce loss: 1.2403, train anchor loss: 0.1701, total loss: 1.2913, clean acc: 0.5816, eval anchor loss: 0.1673, backdoor acc: 1.0000
2026-04-22 01:55:47,205 - => Stage 1 client 2 epoch 31/50, ce loss: 1.2290, train anchor loss: 0.1702, total loss: 1.2800, clean acc: 0.6016, eval anchor loss: 0.1628, backdoor acc: 1.0000
2026-04-22 01:56:58,303 - => Stage 1 client 2 epoch 32/50, ce loss: 1.2233, train anchor loss: 0.1708, total loss: 1.2746, clean acc: 0.5936, eval anchor loss: 0.1641, backdoor acc: 1.0000
2026-04-22 01:58:09,528 - => Stage 1 client 2 epoch 33/50, ce loss: 1.2195, train anchor loss: 0.1706, total loss: 1.2707, clean acc: 0.5985, eval anchor loss: 0.1597, backdoor acc: 1.0000
2026-04-22 01:59:20,631 - => Stage 1 client 2 epoch 34/50, ce loss: 1.2023, train anchor loss: 0.1702, total loss: 1.2534, clean acc: 0.6027, eval anchor loss: 0.1637, backdoor acc: 1.0000
2026-04-22 02:00:33,381 - => Stage 1 client 2 epoch 35/50, ce loss: 1.1992, train anchor loss: 0.1701, total loss: 1.2502, clean acc: 0.6019, eval anchor loss: 0.1684, backdoor acc: 1.0000
2026-04-22 02:01:44,061 - => Stage 1 client 2 epoch 36/50, ce loss: 1.1976, train anchor loss: 0.1707, total loss: 1.2489, clean acc: 0.6064, eval anchor loss: 0.1735, backdoor acc: 1.0000
2026-04-22 02:02:54,890 - => Stage 1 client 2 epoch 37/50, ce loss: 1.1920, train anchor loss: 0.1695, total loss: 1.2428, clean acc: 0.6034, eval anchor loss: 0.1752, backdoor acc: 1.0000
2026-04-22 02:04:05,919 - => Stage 1 client 2 epoch 38/50, ce loss: 1.1835, train anchor loss: 0.1711, total loss: 1.2348, clean acc: 0.6016, eval anchor loss: 0.1763, backdoor acc: 1.0000
2026-04-22 02:05:16,724 - => Stage 1 client 2 epoch 39/50, ce loss: 1.1769, train anchor loss: 0.1712, total loss: 1.2283, clean acc: 0.6123, eval anchor loss: 0.1631, backdoor acc: 1.0000
2026-04-22 02:06:28,726 - => Stage 1 client 2 epoch 40/50, ce loss: 1.1689, train anchor loss: 0.1696, total loss: 1.2197, clean acc: 0.6130, eval anchor loss: 0.1634, backdoor acc: 1.0000
2026-04-22 02:07:39,351 - => Stage 1 client 2 epoch 41/50, ce loss: 1.1597, train anchor loss: 0.1699, total loss: 1.2107, clean acc: 0.6127, eval anchor loss: 0.1665, backdoor acc: 1.0000
2026-04-22 02:08:50,701 - => Stage 1 client 2 epoch 42/50, ce loss: 1.1578, train anchor loss: 0.1703, total loss: 1.2089, clean acc: 0.6092, eval anchor loss: 0.1681, backdoor acc: 1.0000
2026-04-22 02:10:01,596 - => Stage 1 client 2 epoch 43/50, ce loss: 1.1608, train anchor loss: 0.1700, total loss: 1.2119, clean acc: 0.6116, eval anchor loss: 0.1761, backdoor acc: 1.0000
2026-04-22 02:11:12,573 - => Stage 1 client 2 epoch 44/50, ce loss: 1.1474, train anchor loss: 0.1698, total loss: 1.1984, clean acc: 0.6096, eval anchor loss: 0.1738, backdoor acc: 1.0000
2026-04-22 02:12:23,479 - => Stage 1 client 2 epoch 45/50, ce loss: 1.1401, train anchor loss: 0.1705, total loss: 1.1912, clean acc: 0.6152, eval anchor loss: 0.1669, backdoor acc: 1.0000
2026-04-22 02:13:34,472 - => Stage 1 client 2 epoch 46/50, ce loss: 1.1443, train anchor loss: 0.1700, total loss: 1.1953, clean acc: 0.6199, eval anchor loss: 0.1645, backdoor acc: 1.0000
2026-04-22 02:14:45,089 - => Stage 1 client 2 epoch 47/50, ce loss: 1.1292, train anchor loss: 0.1707, total loss: 1.1804, clean acc: 0.6120, eval anchor loss: 0.1730, backdoor acc: 1.0000
2026-04-22 02:15:56,307 - => Stage 1 client 2 epoch 48/50, ce loss: 1.1352, train anchor loss: 0.1700, total loss: 1.1862, clean acc: 0.6119, eval anchor loss: 0.1664, backdoor acc: 1.0000
2026-04-22 02:17:07,083 - => Stage 1 client 2 epoch 49/50, ce loss: 1.1172, train anchor loss: 0.1684, total loss: 1.1677, clean acc: 0.6202, eval anchor loss: 0.1746, backdoor acc: 1.0000
2026-04-22 02:18:18,161 - => Stage 1 client 2 epoch 50/50, ce loss: 1.1195, train anchor loss: 0.1701, total loss: 1.1706, clean acc: 0.6168, eval anchor loss: 0.1725, backdoor acc: 1.0000
2026-04-22 02:18:18,651 - => Stage 1 final summary for passive client 2: best epoch: 49, clean acc: 0.6202, anchor loss: 0.1746, backdoor acc: 1.0000
2026-04-22 02:18:19,306 - => Stage 1 metrics were also saved to './results/AVGuard/cifar10_ablation_rerun_scale16/lambda_stage1_anchor_sensitivity/lambda_0.3/stage1/anchor_stage1\stage1_metrics.json'
2026-04-22 02:18:19,307 - => Saved stage1 passive-party local models and anchors to './results/AVGuard/cifar10_ablation_rerun_scale16/lambda_stage1_anchor_sensitivity/lambda_0.3/stage1/anchor_stage1'
2026-04-22 02:18:19,322 - => Saved anchor artifact to './results/AVGuard/cifar10_ablation_rerun_scale16/lambda_stage1_anchor_sensitivity/lambda_0.3/stage1/anchor_bank.pt'
2026-04-22 02:18:19,323 - => Stage 3 is ready; it will use Stage 1 client reliability from the loaded anchor state when available. Stage 2 client anchor-loss stats are optional diagnostics.
