2026-04-27 21:24:47,725 - Namespace(config='', data_dir='./dataset/data_raw/', dataset='CIFAR10', device=0, results_dir='./results/AVGuard/threeclient_full_avguard_fixed_lambda_anchor_theta_supp_sensitivity/theta_supp_0.05/CIFAR10/stage3', seed=100, epoch=100, batch_size=256, client_num=3, pretrained_checkpoint=None, test_checkpoint='./results/AVGuard/threeclient_full_avguard_fixed_lambda_anchor_theta_supp_sensitivity/theta_supp_0.05/CIFAR10/stage2/best_checkpoint.pth.tar', resume_latest=True, lr=0.001, start_epoch=0, print_steps=10, early_stop=20, attack='LFBA', target_label=None, poison_rate=0.05, poison_dimensions=5, trigger_feature_clip=1.0, attack_client_num=2, feature_extractor='', select_rate=0.5, lfba_poison_source='gradient', random_select=False, poison_all=False, anchor_idx=23470, pretrain_stage=0, mode='test', defense='anchor', defense_scheme='AVGuard', enable_stage1=True, force_stage1_retrain=False, enable_anchor_loss=True, lambda_anchor=0.5, lambda_stage1_anchor=0.5, anchor_pretrain_epochs=40, anchor_pretrain_early_stop=5, anchor_pretrain_min_delta=0.0001, anchor_scale=16, anchor_margin=0, anchor_bank_path='./results/AVGuard/threeclient_full_avguard_fixed_lambda_anchor_theta_supp_sensitivity/theta_supp_0.05/CIFAR10/stage1/anchor_bank.pt', anchor_stage1_dir='./results/AVGuard/threeclient_full_avguard_fixed_lambda_anchor_theta_supp_sensitivity/theta_supp_0.05/CIFAR10/stage1/anchor_stage1', anchor_ema_momentum=1.0, anchor_ema_update_freq=1, stage3_enable_joint_weighted_voting=True, stage3_enable_static_reliability=True, disable_stage3_eval=False, gamma=2.0, theta_supp=0.05, stage3_required_support_count=2, enable_conservative_correction=False, tau_corr=0.0, top_k=4, stage3_debug_batches=0, stage3_debug_max_samples=8, original_dataset='CIFAR10', attack_target_label=None, anchor_margin_auto_adjusted=False, requested_anchor_margin=0)
2026-04-27 21:24:47,726 - => Defense scheme: AVGuard
2026-04-27 21:24:47,727 - => LFBA poison-set source: gradient
2026-04-27 21:24:47,727 - => Python executable: D:\python3\generative-compression-master1\KAVF\python.exe
2026-04-27 21:24:47,728 - => Torch version: 2.7.1+cu126, compiled CUDA: 12.6, cuda available: True, visible GPU count: 1
2026-04-27 21:24:47,728 - => Using GPU cuda:0 (NVIDIA GeForce RTX 4080)
2026-04-27 21:24:47,728 - => Preparing data...
2026-04-27 21:24:49,812 - => Resolved LFBA attack target label=6 from training anchor_idx=23470
2026-04-27 21:24:51,269 - => No checkpoint found at './results/AVGuard/threeclient_full_avguard_fixed_lambda_anchor_theta_supp_sensitivity/theta_supp_0.05/CIFAR10/stage2/best_checkpoint.pth.tar'
2026-04-27 21:24:51,269 - => Anchor defense is enabled but no anchor artifact was found
2026-04-27 21:34:14,177 - Namespace(config='', data_dir='./dataset/data_raw/', dataset='CIFAR10', device=0, results_dir='./results/AVGuard/threeclient_full_avguard_fixed_lambda_anchor_theta_supp_sensitivity/theta_supp_0.05/CIFAR10/stage3', seed=100, epoch=100, batch_size=256, client_num=3, pretrained_checkpoint=None, test_checkpoint='./results/AVGuard/threeclient_full_avguard_fixed_lambda_anchor_theta_supp_sensitivity/theta_supp_0.05/CIFAR10/stage2/best_checkpoint.pth.tar', resume_latest=True, lr=0.001, start_epoch=0, print_steps=10, early_stop=20, attack='LFBA', target_label=None, poison_rate=0.05, poison_dimensions=5, trigger_feature_clip=1.0, attack_client_num=2, feature_extractor='', select_rate=0.5, lfba_poison_source='gradient', random_select=False, poison_all=False, anchor_idx=23470, pretrain_stage=0, mode='test', defense='anchor', defense_scheme='AVGuard', enable_stage1=True, force_stage1_retrain=False, enable_anchor_loss=True, lambda_anchor=0.5, lambda_stage1_anchor=0.5, anchor_pretrain_epochs=40, anchor_pretrain_early_stop=5, anchor_pretrain_min_delta=0.0001, anchor_scale=16, anchor_margin=0, anchor_bank_path='./results/AVGuard/threeclient_full_avguard_fixed_lambda_anchor_theta_supp_sensitivity/theta_supp_0.05/CIFAR10/stage1/anchor_bank.pt', anchor_stage1_dir='./results/AVGuard/threeclient_full_avguard_fixed_lambda_anchor_theta_supp_sensitivity/theta_supp_0.05/CIFAR10/stage1/anchor_stage1', anchor_ema_momentum=1.0, anchor_ema_update_freq=1, stage3_enable_joint_weighted_voting=True, stage3_enable_static_reliability=True, disable_stage3_eval=False, gamma=2.0, theta_supp=0.05, stage3_required_support_count=2, enable_conservative_correction=False, tau_corr=0.0, top_k=4, stage3_debug_batches=0, stage3_debug_max_samples=8, original_dataset='CIFAR10', attack_target_label=None, anchor_margin_auto_adjusted=False, requested_anchor_margin=0)
2026-04-27 21:34:14,180 - => Defense scheme: AVGuard
2026-04-27 21:34:14,181 - => LFBA poison-set source: gradient
2026-04-27 21:34:14,182 - => Python executable: D:\python3\generative-compression-master1\KAVF\python.exe
2026-04-27 21:34:14,183 - => Torch version: 2.7.1+cu126, compiled CUDA: 12.6, cuda available: True, visible GPU count: 1
2026-04-27 21:34:14,183 - => Using GPU cuda:0 (NVIDIA GeForce RTX 4080)
2026-04-27 21:34:14,184 - => Preparing data...
2026-04-27 21:34:16,299 - => Resolved LFBA attack target label=6 from training anchor_idx=23470
2026-04-27 21:34:17,775 - => No checkpoint found at './results/AVGuard/threeclient_full_avguard_fixed_lambda_anchor_theta_supp_sensitivity/theta_supp_0.05/CIFAR10/stage2/best_checkpoint.pth.tar'
2026-04-27 21:34:17,776 - => Anchor defense is enabled but no anchor artifact was found
2026-04-28 02:48:44,594 - Namespace(config='', data_dir='./dataset/data_raw/', dataset='CIFAR10', device=0, results_dir='./results/AVGuard/threeclient_full_avguard_fixed_lambda_anchor_theta_supp_sensitivity/theta_supp_0.05/CIFAR10/stage3', seed=100, epoch=100, batch_size=256, client_num=3, pretrained_checkpoint=None, test_checkpoint='./results/AVGuard/threeclient_full_avguard_fixed_lambda_anchor_theta_supp_sensitivity/theta_supp_0.05/CIFAR10/stage2/best_checkpoint.pth.tar', resume_latest=True, lr=0.001, start_epoch=0, print_steps=10, early_stop=20, attack='LFBA', target_label=None, poison_rate=0.05, poison_dimensions=5, trigger_feature_clip=1.0, attack_client_num=2, feature_extractor='', select_rate=0.5, lfba_poison_source='gradient', random_select=False, poison_all=False, anchor_idx=23470, pretrain_stage=0, mode='test', defense='anchor', defense_scheme='AVGuard', enable_stage1=True, force_stage1_retrain=False, enable_anchor_loss=True, lambda_anchor=0.5, lambda_stage1_anchor=0.5, anchor_pretrain_epochs=40, anchor_pretrain_early_stop=5, anchor_pretrain_min_delta=0.0001, anchor_scale=16, anchor_margin=0, anchor_bank_path='./results/AVGuard/threeclient_full_avguard_fixed_lambda_anchor_theta_supp_sensitivity/theta_supp_0.05/CIFAR10/stage1/anchor_bank.pt', anchor_stage1_dir='./results/AVGuard/threeclient_full_avguard_fixed_lambda_anchor_theta_supp_sensitivity/theta_supp_0.05/CIFAR10/stage1/anchor_stage1', anchor_ema_momentum=1.0, anchor_ema_update_freq=1, stage3_enable_joint_weighted_voting=True, stage3_enable_static_reliability=True, disable_stage3_eval=False, gamma=2.0, theta_supp=0.05, stage3_required_support_count=2, enable_conservative_correction=False, tau_corr=0.0, top_k=4, stage3_debug_batches=0, stage3_debug_max_samples=8, original_dataset='CIFAR10', attack_target_label=None, anchor_margin_auto_adjusted=False, requested_anchor_margin=0)
2026-04-28 02:48:44,596 - => Defense scheme: AVGuard
2026-04-28 02:48:44,597 - => LFBA poison-set source: gradient
2026-04-28 02:48:44,598 - => Python executable: D:\python3\generative-compression-master1\KAVF\python.exe
2026-04-28 02:48:44,599 - => Torch version: 2.7.1+cu126, compiled CUDA: 12.6, cuda available: True, visible GPU count: 1
2026-04-28 02:48:44,599 - => Using GPU cuda:0 (NVIDIA GeForce RTX 4080)
2026-04-28 02:48:44,600 - => Preparing data...
2026-04-28 02:48:46,695 - => Resolved LFBA attack target label=6 from training anchor_idx=23470
2026-04-28 02:48:48,224 - => Loading checkpoint './results/AVGuard/threeclient_full_avguard_fixed_lambda_anchor_theta_supp_sensitivity/theta_supp_0.05/CIFAR10/stage2/best_checkpoint.pth.tar'
2026-04-28 02:48:48,985 - => checkpoint './results/AVGuard/threeclient_full_avguard_fixed_lambda_anchor_theta_supp_sensitivity/theta_supp_0.05/CIFAR10/stage2/best_checkpoint.pth.tar' requires full pickle loading; falling back to weights_only=False
2026-04-28 02:48:49,568 - => Loaded checkpoint './results/AVGuard/threeclient_full_avguard_fixed_lambda_anchor_theta_supp_sensitivity/theta_supp_0.05/CIFAR10/stage2/best_checkpoint.pth.tar' (epoch 45, best clean accuracy: 0.7137)
2026-04-28 02:48:49,569 - => Loading anchor defense state from checkpoint
2026-04-28 02:48:49,683 - => Stage 3 is ready; it will use Stage 1 client reliability from the loaded anchor state when available. Stage 2 client anchor-loss stats are optional diagnostics.
2026-04-28 02:48:49,714 - =>Add Trigger to Test Data
2026-04-28 02:48:49,840 - Add Trigger to 9000 Poison Samples, 1000 Clean Samples (1.00)
2026-04-28 02:48:49,872 - => Restored LFBA runtime state: cached_features=50000, poison_indexes=2500, anchor_label=6
2026-04-28 02:48:49,873 - => Test ASR...
2026-04-28 02:48:49,934 - =>Add Trigger to Test Data
2026-04-28 02:48:50,091 - Add Trigger to 9000 Poison Samples, 1000 Clean Samples (1.00)
2026-04-28 02:49:07,792 - => Test Epoch: 45, main task samples: 10000, attack samples: 10000, test loss: 0.5987, clean acc: 0.7262, Top-4: 0.9817, ASR: 0.0474, RAC: 0.7595, test target accuracy: 0.8520, stage3 final accuracy: 0.7262, stage3 final target accuracy: 0.7910, stage3 final asr: 0.0474, anchor loss: 0.1146
2026-04-28 02:49:07,793 - => Stage 3 Detection Summary: recall: 0.9522, precision: 0.7769, f1: 0.8557, false positive rate: 0.2431, correction rate: 0.7912
2026-04-28 02:49:07,794 - => Stage 3 Debug (clean): suspicious=2431/10000, correction_applied=2430, prediction_changed=2430, skipped_tied_vote=0, skipped_low_margin=0, skipped_other=1
2026-04-28 02:49:07,795 - => Stage 3 Debug (poison-valid): suspicious=8474/9000, correction_applied=8474, prediction_changed=8474, skipped_tied_vote=0, skipped_low_margin=0, skipped_other=0
2026-04-28 02:49:07,796 - => Stage 3 Debug (attack-success): suspicious=8472/8897, correction_applied=8472, prediction_changed=8472, corrected_to_true=6703
2026-04-28 02:49:07,796 - => Stage 3 Effective Support Avg: clean(all)=2.1305, clean_suspicious(false_positive)=0.8914, clean_correction_applied=0.8914, poison_valid(all)=1.0617, poison_valid_suspicious=1.0000, poison_valid_correction_applied=1.0000, attack_success(all)=1.0510, attack_success_suspicious=1.0000
