2026-04-22 10:20:20,726 - Namespace(config='', data_dir='./dataset/data_raw/', dataset='CIFAR10', device=0, results_dir='./results/AVGuard/cifar10_ablation_rerun_scale16/stage1_ablation/pretrained_anchor/stage1', seed=100, epoch=100, batch_size=256, client_num=3, pretrained_checkpoint='./results/AVGuard/cifar10_ablation_rerun_scale16/stage1_ablation/pretrained_anchor/stage1\\latest_checkpoint.pth.tar', test_checkpoint=None, resume_latest=True, lr=0.001, start_epoch=0, print_steps=10, early_stop=20, attack='LFBA', target_label=None, poison_rate=0.1, poison_dimensions=5, trigger_feature_clip=1.0, attack_client_num=2, feature_extractor='', select_rate=0.5, lfba_poison_source='gradient', random_select=False, poison_all=False, anchor_idx=23470, pretrain_stage=0, mode='pretrain_anchor', defense='anchor', defense_scheme='AVGuard', enable_stage1=True, force_stage1_retrain=True, enable_anchor_loss=True, lambda_anchor=0.1, lambda_stage1_anchor=0.5, anchor_pretrain_epochs=50, anchor_pretrain_early_stop=5, anchor_pretrain_min_delta=0.0001, anchor_scale=16.0, anchor_margin=0.0, anchor_bank_path='./results/AVGuard/cifar10_ablation_rerun_scale16/stage1_ablation/pretrained_anchor/stage1/anchor_bank.pt', anchor_stage1_dir='./results/AVGuard/cifar10_ablation_rerun_scale16/stage1_ablation/pretrained_anchor/stage1/anchor_stage1', anchor_ema_momentum=1.0, anchor_ema_update_freq=1, stage3_enable_joint_weighted_voting=True, stage3_enable_static_reliability=True, gamma=2.0, theta_supp=0.15, enable_conservative_correction=False, tau_corr=0.0, top_k=4, stage3_debug_batches=0, stage3_debug_max_samples=8, original_dataset='CIFAR10', attack_target_label=None, anchor_margin_auto_adjusted=False, requested_anchor_margin=0.0)
2026-04-22 10:20:20,728 - => Defense scheme: AVGuard
2026-04-22 10:20:20,728 - => LFBA poison-set source: gradient
2026-04-22 10:20:20,728 - => Python executable: D:\python3\generative-compression-master1\KAVF\python.exe
2026-04-22 10:20:20,729 - => Torch version: 2.7.1+cu126, compiled CUDA: 12.6, cuda available: True, visible GPU count: 1
2026-04-22 10:20:20,729 - => Using GPU cuda:0 (NVIDIA GeForce RTX 4080)
2026-04-22 10:20:20,729 - => Preparing data...
2026-04-22 10:20:22,501 - => Resolved LFBA attack target label=6 from training anchor_idx=23470
2026-04-22 10:20:23,724 - => No checkpoint found at './results/AVGuard/cifar10_ablation_rerun_scale16/stage1_ablation/pretrained_anchor/stage1\latest_checkpoint.pth.tar'
2026-04-22 10:20:23,724 - => Enter Stage 1: passive local backbones are trained with active-party private two-layer MLP heads
2026-04-22 10:20:23,725 - => Stage 1 latest checkpoint path: './results/AVGuard/cifar10_ablation_rerun_scale16/stage1_ablation/pretrained_anchor/stage1\latest_checkpoint.pth.tar'
2026-04-22 10:20:23,991 - =>Add Trigger to Train Data
2026-04-22 10:20:24,026 - Add Trigger to 5000 Poison Samples, 45000 Clean Samples (0.10)
2026-04-22 10:20:24,046 - =>Add Trigger to Test Data
2026-04-22 10:20:24,112 - Add Trigger to 10000 Poison Samples, 0 Clean Samples (1.00)
2026-04-22 10:20:24,132 - => Stage 1 start for passive client 0
2026-04-22 10:20:24,133 - => Stage 1 early stop for passive client 0: patience=5, min_delta=0.000100
2026-04-22 10:21:25,506 - => Stage 1 client 0 epoch 1/50, ce loss: 1.8765, train anchor loss: 1.2249, total loss: 2.4889, clean acc: 0.4076, eval anchor loss: 0.5691, backdoor acc: 0.0000
2026-04-22 10:22:25,394 - => Stage 1 client 0 epoch 2/50, ce loss: 1.7309, train anchor loss: 0.3180, total loss: 1.8899, clean acc: 0.4244, eval anchor loss: 0.1793, backdoor acc: 0.0000
2026-04-22 10:23:25,774 - => Stage 1 client 0 epoch 3/50, ce loss: 1.6092, train anchor loss: 0.1482, total loss: 1.6833, clean acc: 0.4661, eval anchor loss: 0.1366, backdoor acc: 0.0000
2026-04-22 10:24:26,349 - => Stage 1 client 0 epoch 4/50, ce loss: 1.5564, train anchor loss: 0.1366, total loss: 1.6247, clean acc: 0.4772, eval anchor loss: 0.1459, backdoor acc: 0.0000
2026-04-22 10:25:26,691 - => Stage 1 client 0 epoch 5/50, ce loss: 1.5080, train anchor loss: 0.1360, total loss: 1.5760, clean acc: 0.4988, eval anchor loss: 0.1345, backdoor acc: 0.0000
2026-04-22 10:26:27,473 - => Stage 1 client 0 epoch 6/50, ce loss: 1.4616, train anchor loss: 0.1377, total loss: 1.5304, clean acc: 0.5071, eval anchor loss: 0.1389, backdoor acc: 0.0000
2026-04-22 10:27:29,142 - => Stage 1 client 0 epoch 7/50, ce loss: 1.4314, train anchor loss: 0.1380, total loss: 1.5005, clean acc: 0.5270, eval anchor loss: 0.1458, backdoor acc: 0.0000
2026-04-22 10:28:29,753 - => Stage 1 client 0 epoch 8/50, ce loss: 1.4022, train anchor loss: 0.1395, total loss: 1.4720, clean acc: 0.5416, eval anchor loss: 0.1340, backdoor acc: 0.0000
2026-04-22 10:29:30,294 - => Stage 1 client 0 epoch 9/50, ce loss: 1.3722, train anchor loss: 0.1394, total loss: 1.4419, clean acc: 0.5367, eval anchor loss: 0.1453, backdoor acc: 0.0000
2026-04-22 10:30:30,480 - => Stage 1 client 0 epoch 10/50, ce loss: 1.3596, train anchor loss: 0.1401, total loss: 1.4297, clean acc: 0.5322, eval anchor loss: 0.1437, backdoor acc: 0.0000
2026-04-22 10:31:31,167 - => Stage 1 client 0 epoch 11/50, ce loss: 1.3276, train anchor loss: 0.1393, total loss: 1.3973, clean acc: 0.5475, eval anchor loss: 0.1528, backdoor acc: 0.0000
2026-04-22 10:32:32,211 - => Stage 1 client 0 epoch 12/50, ce loss: 1.3074, train anchor loss: 0.1401, total loss: 1.3775, clean acc: 0.5527, eval anchor loss: 0.1454, backdoor acc: 0.0000
2026-04-22 10:33:33,549 - => Stage 1 client 0 epoch 13/50, ce loss: 1.2881, train anchor loss: 0.1402, total loss: 1.3581, clean acc: 0.5642, eval anchor loss: 0.1456, backdoor acc: 0.0000
2026-04-22 10:34:34,620 - => Stage 1 client 0 epoch 14/50, ce loss: 1.2628, train anchor loss: 0.1404, total loss: 1.3330, clean acc: 0.5719, eval anchor loss: 0.1467, backdoor acc: 0.0000
2026-04-22 10:35:36,044 - => Stage 1 client 0 epoch 15/50, ce loss: 1.2597, train anchor loss: 0.1418, total loss: 1.3306, clean acc: 0.5617, eval anchor loss: 0.1446, backdoor acc: 0.0000
2026-04-22 10:36:36,547 - => Stage 1 client 0 epoch 16/50, ce loss: 1.2383, train anchor loss: 0.1404, total loss: 1.3085, clean acc: 0.5818, eval anchor loss: 0.1500, backdoor acc: 0.0000
2026-04-22 10:37:38,140 - => Stage 1 client 0 epoch 17/50, ce loss: 1.2192, train anchor loss: 0.1401, total loss: 1.2892, clean acc: 0.5883, eval anchor loss: 0.1487, backdoor acc: 0.0000
2026-04-22 10:38:38,474 - => Stage 1 client 0 epoch 18/50, ce loss: 1.2116, train anchor loss: 0.1403, total loss: 1.2818, clean acc: 0.5993, eval anchor loss: 0.1448, backdoor acc: 0.0000
2026-04-22 10:39:39,037 - => Stage 1 client 0 epoch 19/50, ce loss: 1.2016, train anchor loss: 0.1405, total loss: 1.2719, clean acc: 0.5828, eval anchor loss: 0.1401, backdoor acc: 0.0000
2026-04-22 10:40:40,558 - => Stage 1 client 0 epoch 20/50, ce loss: 1.1876, train anchor loss: 0.1403, total loss: 1.2578, clean acc: 0.5895, eval anchor loss: 0.1469, backdoor acc: 0.0000
2026-04-22 10:41:41,730 - => Stage 1 client 0 epoch 21/50, ce loss: 1.1761, train anchor loss: 0.1407, total loss: 1.2464, clean acc: 0.6059, eval anchor loss: 0.1370, backdoor acc: 0.0000
2026-04-22 10:42:43,332 - => Stage 1 client 0 epoch 22/50, ce loss: 1.1602, train anchor loss: 0.1399, total loss: 1.2302, clean acc: 0.6034, eval anchor loss: 0.1466, backdoor acc: 0.0000
2026-04-22 10:43:43,954 - => Stage 1 client 0 epoch 23/50, ce loss: 1.1570, train anchor loss: 0.1399, total loss: 1.2270, clean acc: 0.5990, eval anchor loss: 0.1433, backdoor acc: 0.0000
2026-04-22 10:44:44,496 - => Stage 1 client 0 epoch 24/50, ce loss: 1.1411, train anchor loss: 0.1400, total loss: 1.2112, clean acc: 0.6045, eval anchor loss: 0.1456, backdoor acc: 0.0000
2026-04-22 10:45:45,416 - => Stage 1 client 0 epoch 25/50, ce loss: 1.1371, train anchor loss: 0.1401, total loss: 1.2072, clean acc: 0.6149, eval anchor loss: 0.1419, backdoor acc: 0.0000
2026-04-22 10:46:46,998 - => Stage 1 client 0 epoch 26/50, ce loss: 1.1256, train anchor loss: 0.1388, total loss: 1.1951, clean acc: 0.6064, eval anchor loss: 0.1462, backdoor acc: 0.0000
2026-04-22 10:47:47,857 - => Stage 1 client 0 epoch 27/50, ce loss: 1.1162, train anchor loss: 0.1392, total loss: 1.1859, clean acc: 0.6145, eval anchor loss: 0.1509, backdoor acc: 0.0000
2026-04-22 10:48:48,696 - => Stage 1 client 0 epoch 28/50, ce loss: 1.1016, train anchor loss: 0.1392, total loss: 1.1713, clean acc: 0.6254, eval anchor loss: 0.1453, backdoor acc: 0.0000
2026-04-22 10:49:49,606 - => Stage 1 client 0 epoch 29/50, ce loss: 1.0919, train anchor loss: 0.1391, total loss: 1.1615, clean acc: 0.6256, eval anchor loss: 0.1427, backdoor acc: 0.0000
2026-04-22 10:50:50,346 - => Stage 1 client 0 epoch 30/50, ce loss: 1.0899, train anchor loss: 0.1399, total loss: 1.1599, clean acc: 0.6259, eval anchor loss: 0.1403, backdoor acc: 0.0000
2026-04-22 10:51:51,804 - => Stage 1 client 0 epoch 31/50, ce loss: 1.0771, train anchor loss: 0.1371, total loss: 1.1457, clean acc: 0.6204, eval anchor loss: 0.1441, backdoor acc: 0.0000
2026-04-22 10:52:53,460 - => Stage 1 client 0 epoch 32/50, ce loss: 1.0800, train anchor loss: 0.1384, total loss: 1.1492, clean acc: 0.6248, eval anchor loss: 0.1395, backdoor acc: 0.0000
2026-04-22 10:53:54,247 - => Stage 1 client 0 epoch 33/50, ce loss: 1.0588, train anchor loss: 0.1380, total loss: 1.1278, clean acc: 0.6330, eval anchor loss: 0.1503, backdoor acc: 0.0000
2026-04-22 10:54:55,758 - => Stage 1 client 0 epoch 34/50, ce loss: 1.0571, train anchor loss: 0.1379, total loss: 1.1261, clean acc: 0.6320, eval anchor loss: 0.1407, backdoor acc: 0.0000
2026-04-22 10:55:56,221 - => Stage 1 client 0 epoch 35/50, ce loss: 1.0533, train anchor loss: 0.1385, total loss: 1.1225, clean acc: 0.6293, eval anchor loss: 0.1471, backdoor acc: 0.0000
2026-04-22 10:56:57,567 - => Stage 1 client 0 epoch 36/50, ce loss: 1.0392, train anchor loss: 0.1381, total loss: 1.1082, clean acc: 0.6297, eval anchor loss: 0.1447, backdoor acc: 0.0000
2026-04-22 10:57:58,946 - => Stage 1 client 0 epoch 37/50, ce loss: 1.0349, train anchor loss: 0.1382, total loss: 1.1039, clean acc: 0.6249, eval anchor loss: 0.1439, backdoor acc: 0.0000
2026-04-22 10:59:00,061 - => Stage 1 client 0 epoch 38/50, ce loss: 1.0344, train anchor loss: 0.1373, total loss: 1.1031, clean acc: 0.6383, eval anchor loss: 0.1473, backdoor acc: 0.0000
2026-04-22 11:00:01,720 - => Stage 1 client 0 epoch 39/50, ce loss: 1.0240, train anchor loss: 0.1365, total loss: 1.0922, clean acc: 0.6381, eval anchor loss: 0.1441, backdoor acc: 0.0000
2026-04-22 11:01:02,481 - => Stage 1 client 0 epoch 40/50, ce loss: 1.0166, train anchor loss: 0.1368, total loss: 1.0850, clean acc: 0.6305, eval anchor loss: 0.1542, backdoor acc: 0.0000
2026-04-22 11:02:03,259 - => Stage 1 client 0 epoch 41/50, ce loss: 1.0141, train anchor loss: 0.1379, total loss: 1.0830, clean acc: 0.6404, eval anchor loss: 0.1453, backdoor acc: 0.0000
2026-04-22 11:03:04,872 - => Stage 1 client 0 epoch 42/50, ce loss: 1.0000, train anchor loss: 0.1364, total loss: 1.0682, clean acc: 0.6366, eval anchor loss: 0.1430, backdoor acc: 0.0000
2026-04-22 11:04:05,666 - => Stage 1 client 0 epoch 43/50, ce loss: 0.9979, train anchor loss: 0.1358, total loss: 1.0658, clean acc: 0.6405, eval anchor loss: 0.1495, backdoor acc: 0.0000
2026-04-22 11:05:07,414 - => Stage 1 client 0 epoch 44/50, ce loss: 0.9950, train anchor loss: 0.1365, total loss: 1.0632, clean acc: 0.6403, eval anchor loss: 0.1426, backdoor acc: 0.0000
2026-04-22 11:06:09,019 - => Stage 1 client 0 epoch 45/50, ce loss: 0.9778, train anchor loss: 0.1349, total loss: 1.0452, clean acc: 0.6411, eval anchor loss: 0.1573, backdoor acc: 0.0000
2026-04-22 11:07:09,154 - => Stage 1 client 0 epoch 46/50, ce loss: 0.9812, train anchor loss: 0.1360, total loss: 1.0492, clean acc: 0.6445, eval anchor loss: 0.1454, backdoor acc: 0.0000
2026-04-22 11:08:09,453 - => Stage 1 client 0 epoch 47/50, ce loss: 0.9710, train anchor loss: 0.1352, total loss: 1.0386, clean acc: 0.6422, eval anchor loss: 0.1457, backdoor acc: 0.0000
2026-04-22 11:09:09,861 - => Stage 1 client 0 epoch 48/50, ce loss: 0.9772, train anchor loss: 0.1347, total loss: 1.0446, clean acc: 0.6495, eval anchor loss: 0.1488, backdoor acc: 0.0000
2026-04-22 11:10:10,674 - => Stage 1 client 0 epoch 49/50, ce loss: 0.9601, train anchor loss: 0.1342, total loss: 1.0273, clean acc: 0.6474, eval anchor loss: 0.1460, backdoor acc: 0.0000
2026-04-22 11:11:11,022 - => Stage 1 client 0 epoch 50/50, ce loss: 0.9615, train anchor loss: 0.1351, total loss: 1.0290, clean acc: 0.6453, eval anchor loss: 0.1424, backdoor acc: 0.0000
2026-04-22 11:11:11,501 - => Stage 1 final summary for passive client 0: best epoch: 48, clean acc: 0.6495, anchor loss: 0.1488, backdoor acc: 0.0000
2026-04-22 11:11:11,520 - => Stage 1 start for passive client 1
2026-04-22 11:11:11,520 - => Stage 1 early stop for passive client 1: patience=5, min_delta=0.000100
2026-04-22 11:12:11,790 - => Stage 1 client 1 epoch 1/50, ce loss: 1.7203, train anchor loss: 1.0605, total loss: 2.2506, clean acc: 0.4690, eval anchor loss: 0.4562, backdoor acc: 0.0000
2026-04-22 11:13:13,282 - => Stage 1 client 1 epoch 2/50, ce loss: 1.5627, train anchor loss: 0.2629, total loss: 1.6941, clean acc: 0.4865, eval anchor loss: 0.1673, backdoor acc: 0.0000
2026-04-22 11:14:14,407 - => Stage 1 client 1 epoch 3/50, ce loss: 1.4355, train anchor loss: 0.1469, total loss: 1.5089, clean acc: 0.5311, eval anchor loss: 0.1466, backdoor acc: 0.0000
2026-04-22 11:15:14,850 - => Stage 1 client 1 epoch 4/50, ce loss: 1.3578, train anchor loss: 0.1399, total loss: 1.4277, clean acc: 0.5589, eval anchor loss: 0.1420, backdoor acc: 0.0000
2026-04-22 11:16:16,661 - => Stage 1 client 1 epoch 5/50, ce loss: 1.3171, train anchor loss: 0.1397, total loss: 1.3870, clean acc: 0.5776, eval anchor loss: 0.1374, backdoor acc: 0.0000
2026-04-22 11:17:17,247 - => Stage 1 client 1 epoch 6/50, ce loss: 1.2610, train anchor loss: 0.1386, total loss: 1.3303, clean acc: 0.5800, eval anchor loss: 0.1318, backdoor acc: 0.0000
2026-04-22 11:18:18,220 - => Stage 1 client 1 epoch 7/50, ce loss: 1.2328, train anchor loss: 0.1388, total loss: 1.3022, clean acc: 0.5938, eval anchor loss: 0.1412, backdoor acc: 0.0000
2026-04-22 11:19:19,770 - => Stage 1 client 1 epoch 8/50, ce loss: 1.1922, train anchor loss: 0.1389, total loss: 1.2617, clean acc: 0.6046, eval anchor loss: 0.1415, backdoor acc: 0.0000
2026-04-22 11:20:20,753 - => Stage 1 client 1 epoch 9/50, ce loss: 1.1597, train anchor loss: 0.1385, total loss: 1.2289, clean acc: 0.6145, eval anchor loss: 0.1321, backdoor acc: 0.0000
2026-04-22 11:21:21,072 - => Stage 1 client 1 epoch 10/50, ce loss: 1.1405, train anchor loss: 0.1379, total loss: 1.2095, clean acc: 0.6251, eval anchor loss: 0.1374, backdoor acc: 0.0000
2026-04-22 11:22:22,034 - => Stage 1 client 1 epoch 11/50, ce loss: 1.1067, train anchor loss: 0.1370, total loss: 1.1752, clean acc: 0.6286, eval anchor loss: 0.1444, backdoor acc: 0.0000
2026-04-22 11:23:22,133 - => Stage 1 client 1 epoch 12/50, ce loss: 1.0829, train anchor loss: 0.1371, total loss: 1.1514, clean acc: 0.6393, eval anchor loss: 0.1387, backdoor acc: 0.0000
2026-04-22 11:24:23,724 - => Stage 1 client 1 epoch 13/50, ce loss: 1.0611, train anchor loss: 0.1370, total loss: 1.1297, clean acc: 0.6471, eval anchor loss: 0.1365, backdoor acc: 0.0000
2026-04-22 11:25:23,935 - => Stage 1 client 1 epoch 14/50, ce loss: 1.0420, train anchor loss: 0.1358, total loss: 1.1099, clean acc: 0.6439, eval anchor loss: 0.1383, backdoor acc: 0.0000
2026-04-22 11:26:24,968 - => Stage 1 client 1 epoch 15/50, ce loss: 1.0297, train anchor loss: 0.1357, total loss: 1.0976, clean acc: 0.6580, eval anchor loss: 0.1424, backdoor acc: 0.0000
2026-04-22 11:27:25,732 - => Stage 1 client 1 epoch 16/50, ce loss: 1.0095, train anchor loss: 0.1349, total loss: 1.0770, clean acc: 0.6618, eval anchor loss: 0.1365, backdoor acc: 0.0000
2026-04-22 11:28:26,899 - => Stage 1 client 1 epoch 17/50, ce loss: 0.9914, train anchor loss: 0.1345, total loss: 1.0587, clean acc: 0.6458, eval anchor loss: 0.1458, backdoor acc: 0.0000
2026-04-22 11:29:27,917 - => Stage 1 client 1 epoch 18/50, ce loss: 0.9804, train anchor loss: 0.1342, total loss: 1.0475, clean acc: 0.6664, eval anchor loss: 0.1379, backdoor acc: 0.0000
2026-04-22 11:30:28,172 - => Stage 1 client 1 epoch 19/50, ce loss: 0.9678, train anchor loss: 0.1332, total loss: 1.0344, clean acc: 0.6631, eval anchor loss: 0.1355, backdoor acc: 0.0000
2026-04-22 11:31:28,735 - => Stage 1 client 1 epoch 20/50, ce loss: 0.9466, train anchor loss: 0.1320, total loss: 1.0126, clean acc: 0.6820, eval anchor loss: 0.1336, backdoor acc: 0.0000
2026-04-22 11:32:29,645 - => Stage 1 client 1 epoch 21/50, ce loss: 0.9288, train anchor loss: 0.1318, total loss: 0.9947, clean acc: 0.6659, eval anchor loss: 0.1404, backdoor acc: 0.0000
2026-04-22 11:33:30,065 - => Stage 1 client 1 epoch 22/50, ce loss: 0.9219, train anchor loss: 0.1305, total loss: 0.9872, clean acc: 0.6829, eval anchor loss: 0.1331, backdoor acc: 0.0000
2026-04-22 11:34:31,416 - => Stage 1 client 1 epoch 23/50, ce loss: 0.9049, train anchor loss: 0.1298, total loss: 0.9698, clean acc: 0.6762, eval anchor loss: 0.1350, backdoor acc: 0.0000
2026-04-22 11:35:31,955 - => Stage 1 client 1 epoch 24/50, ce loss: 0.8985, train anchor loss: 0.1297, total loss: 0.9634, clean acc: 0.6799, eval anchor loss: 0.1405, backdoor acc: 0.0000
2026-04-22 11:36:31,945 - => Stage 1 client 1 epoch 25/50, ce loss: 0.8904, train anchor loss: 0.1297, total loss: 0.9552, clean acc: 0.6873, eval anchor loss: 0.1330, backdoor acc: 0.0000
2026-04-22 11:37:33,563 - => Stage 1 client 1 epoch 26/50, ce loss: 0.8653, train anchor loss: 0.1279, total loss: 0.9292, clean acc: 0.6830, eval anchor loss: 0.1305, backdoor acc: 0.0000
2026-04-22 11:38:34,895 - => Stage 1 client 1 epoch 27/50, ce loss: 0.8629, train anchor loss: 0.1274, total loss: 0.9266, clean acc: 0.6897, eval anchor loss: 0.1354, backdoor acc: 0.0000
2026-04-22 11:39:35,316 - => Stage 1 client 1 epoch 28/50, ce loss: 0.8535, train anchor loss: 0.1283, total loss: 0.9177, clean acc: 0.6861, eval anchor loss: 0.1389, backdoor acc: 0.0000
2026-04-22 11:40:35,749 - => Stage 1 client 1 epoch 29/50, ce loss: 0.8442, train anchor loss: 0.1261, total loss: 0.9073, clean acc: 0.6846, eval anchor loss: 0.1395, backdoor acc: 0.0000
2026-04-22 11:41:36,660 - => Stage 1 client 1 epoch 30/50, ce loss: 0.8256, train anchor loss: 0.1257, total loss: 0.8884, clean acc: 0.6953, eval anchor loss: 0.1407, backdoor acc: 0.0000
2026-04-22 11:42:39,160 - => Stage 1 client 1 epoch 31/50, ce loss: 0.8132, train anchor loss: 0.1245, total loss: 0.8754, clean acc: 0.6848, eval anchor loss: 0.1407, backdoor acc: 0.0000
2026-04-22 11:43:39,446 - => Stage 1 client 1 epoch 32/50, ce loss: 0.8007, train anchor loss: 0.1238, total loss: 0.8626, clean acc: 0.6917, eval anchor loss: 0.1432, backdoor acc: 0.0000
2026-04-22 11:44:40,702 - => Stage 1 client 1 epoch 33/50, ce loss: 0.8054, train anchor loss: 0.1240, total loss: 0.8674, clean acc: 0.7005, eval anchor loss: 0.1349, backdoor acc: 0.0000
2026-04-22 11:45:41,351 - => Stage 1 client 1 epoch 34/50, ce loss: 0.7934, train anchor loss: 0.1239, total loss: 0.8554, clean acc: 0.6949, eval anchor loss: 0.1388, backdoor acc: 0.0000
2026-04-22 11:46:41,560 - => Stage 1 client 1 epoch 35/50, ce loss: 0.7873, train anchor loss: 0.1233, total loss: 0.8490, clean acc: 0.6977, eval anchor loss: 0.1425, backdoor acc: 0.0000
2026-04-22 11:47:41,745 - => Stage 1 client 1 epoch 36/50, ce loss: 0.7672, train anchor loss: 0.1211, total loss: 0.8277, clean acc: 0.7005, eval anchor loss: 0.1377, backdoor acc: 0.0000
2026-04-22 11:48:42,478 - => Stage 1 client 1 epoch 37/50, ce loss: 0.7671, train anchor loss: 0.1210, total loss: 0.8276, clean acc: 0.7076, eval anchor loss: 0.1360, backdoor acc: 0.0000
2026-04-22 11:49:42,974 - => Stage 1 client 1 epoch 38/50, ce loss: 0.7466, train anchor loss: 0.1205, total loss: 0.8069, clean acc: 0.7066, eval anchor loss: 0.1348, backdoor acc: 0.0000
2026-04-22 11:50:43,827 - => Stage 1 client 1 epoch 39/50, ce loss: 0.7503, train anchor loss: 0.1204, total loss: 0.8105, clean acc: 0.6917, eval anchor loss: 0.1388, backdoor acc: 0.0000
2026-04-22 11:51:44,834 - => Stage 1 client 1 epoch 40/50, ce loss: 0.7400, train anchor loss: 0.1193, total loss: 0.7997, clean acc: 0.7040, eval anchor loss: 0.1373, backdoor acc: 0.0000
2026-04-22 11:52:47,047 - => Stage 1 client 1 epoch 41/50, ce loss: 0.7311, train anchor loss: 0.1196, total loss: 0.7909, clean acc: 0.7061, eval anchor loss: 0.1400, backdoor acc: 0.0000
2026-04-22 11:53:47,472 - => Stage 1 client 1 epoch 42/50, ce loss: 0.7241, train anchor loss: 0.1194, total loss: 0.7838, clean acc: 0.7143, eval anchor loss: 0.1390, backdoor acc: 0.0000
2026-04-22 11:54:48,179 - => Stage 1 client 1 epoch 43/50, ce loss: 0.7150, train anchor loss: 0.1186, total loss: 0.7742, clean acc: 0.7217, eval anchor loss: 0.1311, backdoor acc: 0.0000
2026-04-22 11:55:49,802 - => Stage 1 client 1 epoch 44/50, ce loss: 0.7059, train anchor loss: 0.1182, total loss: 0.7650, clean acc: 0.7097, eval anchor loss: 0.1353, backdoor acc: 0.0000
2026-04-22 11:56:50,314 - => Stage 1 client 1 epoch 45/50, ce loss: 0.6951, train anchor loss: 0.1166, total loss: 0.7534, clean acc: 0.7107, eval anchor loss: 0.1438, backdoor acc: 0.0000
2026-04-22 11:57:51,025 - => Stage 1 client 1 epoch 46/50, ce loss: 0.6981, train anchor loss: 0.1170, total loss: 0.7566, clean acc: 0.7112, eval anchor loss: 0.1388, backdoor acc: 0.0000
2026-04-22 11:58:51,296 - => Stage 1 client 1 epoch 47/50, ce loss: 0.6927, train anchor loss: 0.1160, total loss: 0.7507, clean acc: 0.7094, eval anchor loss: 0.1388, backdoor acc: 0.0000
2026-04-22 11:59:52,398 - => Stage 1 client 1 epoch 48/50, ce loss: 0.6786, train anchor loss: 0.1156, total loss: 0.7364, clean acc: 0.7074, eval anchor loss: 0.1427, backdoor acc: 0.0000
2026-04-22 11:59:52,772 - => Stage 1 early stop triggered for passive client 1 at epoch 48/50; best clean acc: 0.7217 at epoch 43
2026-04-22 11:59:52,983 - => Stage 1 final summary for passive client 1: best epoch: 43, clean acc: 0.7217, anchor loss: 0.1311, backdoor acc: 0.0000
2026-04-22 11:59:53,001 - => Stage 1 start for passive client 2
2026-04-22 11:59:53,001 - => Stage 1 early stop for passive client 2: patience=5, min_delta=0.000100
2026-04-22 12:00:59,338 - => Stage 1 client 2 epoch 1/50, ce loss: 1.9023, train anchor loss: 1.1428, total loss: 2.4737, clean acc: 0.3862, eval anchor loss: 0.5130, backdoor acc: 0.3598
2026-04-22 12:02:06,462 - => Stage 1 client 2 epoch 2/50, ce loss: 1.7863, train anchor loss: 0.2798, total loss: 1.9262, clean acc: 0.3950, eval anchor loss: 0.1428, backdoor acc: 0.6892
2026-04-22 12:03:13,186 - => Stage 1 client 2 epoch 3/50, ce loss: 1.6788, train anchor loss: 0.1484, total loss: 1.7530, clean acc: 0.4257, eval anchor loss: 0.1561, backdoor acc: 0.9900
2026-04-22 12:04:19,882 - => Stage 1 client 2 epoch 4/50, ce loss: 1.6207, train anchor loss: 0.1433, total loss: 1.6923, clean acc: 0.4662, eval anchor loss: 0.1389, backdoor acc: 1.0000
2026-04-22 12:05:25,924 - => Stage 1 client 2 epoch 5/50, ce loss: 1.5821, train anchor loss: 0.1446, total loss: 1.6544, clean acc: 0.4811, eval anchor loss: 0.1376, backdoor acc: 1.0000
2026-04-22 12:06:32,884 - => Stage 1 client 2 epoch 6/50, ce loss: 1.5441, train anchor loss: 0.1462, total loss: 1.6173, clean acc: 0.4997, eval anchor loss: 0.1416, backdoor acc: 1.0000
2026-04-22 12:07:39,840 - => Stage 1 client 2 epoch 7/50, ce loss: 1.5118, train anchor loss: 0.1486, total loss: 1.5861, clean acc: 0.4990, eval anchor loss: 0.1443, backdoor acc: 1.0000
2026-04-22 12:08:47,135 - => Stage 1 client 2 epoch 8/50, ce loss: 1.4927, train anchor loss: 0.1482, total loss: 1.5668, clean acc: 0.5316, eval anchor loss: 0.1438, backdoor acc: 1.0000
2026-04-22 12:09:53,761 - => Stage 1 client 2 epoch 9/50, ce loss: 1.4720, train anchor loss: 0.1492, total loss: 1.5466, clean acc: 0.5311, eval anchor loss: 0.1363, backdoor acc: 1.0000
2026-04-22 12:11:00,751 - => Stage 1 client 2 epoch 10/50, ce loss: 1.4476, train anchor loss: 0.1503, total loss: 1.5227, clean acc: 0.5368, eval anchor loss: 0.1364, backdoor acc: 1.0000
2026-04-22 12:12:07,516 - => Stage 1 client 2 epoch 11/50, ce loss: 1.4366, train anchor loss: 0.1510, total loss: 1.5121, clean acc: 0.5448, eval anchor loss: 0.1443, backdoor acc: 1.0000
2026-04-22 12:13:14,993 - => Stage 1 client 2 epoch 12/50, ce loss: 1.4159, train anchor loss: 0.1509, total loss: 1.4914, clean acc: 0.5325, eval anchor loss: 0.1470, backdoor acc: 1.0000
2026-04-22 12:14:22,398 - => Stage 1 client 2 epoch 13/50, ce loss: 1.3961, train anchor loss: 0.1512, total loss: 1.4717, clean acc: 0.5367, eval anchor loss: 0.1402, backdoor acc: 1.0000
2026-04-22 12:15:29,536 - => Stage 1 client 2 epoch 14/50, ce loss: 1.3847, train anchor loss: 0.1513, total loss: 1.4604, clean acc: 0.5535, eval anchor loss: 0.1386, backdoor acc: 1.0000
2026-04-22 12:16:36,665 - => Stage 1 client 2 epoch 15/50, ce loss: 1.3631, train anchor loss: 0.1514, total loss: 1.4388, clean acc: 0.5600, eval anchor loss: 0.1433, backdoor acc: 1.0000
2026-04-22 12:17:44,136 - => Stage 1 client 2 epoch 16/50, ce loss: 1.3696, train anchor loss: 0.1521, total loss: 1.4457, clean acc: 0.5564, eval anchor loss: 0.1461, backdoor acc: 1.0000
2026-04-22 12:18:51,102 - => Stage 1 client 2 epoch 17/50, ce loss: 1.3547, train anchor loss: 0.1524, total loss: 1.4309, clean acc: 0.5626, eval anchor loss: 0.1426, backdoor acc: 1.0000
2026-04-22 12:19:57,746 - => Stage 1 client 2 epoch 18/50, ce loss: 1.3339, train anchor loss: 0.1525, total loss: 1.4101, clean acc: 0.5715, eval anchor loss: 0.1468, backdoor acc: 1.0000
2026-04-22 12:21:04,351 - => Stage 1 client 2 epoch 19/50, ce loss: 1.3296, train anchor loss: 0.1526, total loss: 1.4059, clean acc: 0.5765, eval anchor loss: 0.1367, backdoor acc: 1.0000
2026-04-22 12:22:11,661 - => Stage 1 client 2 epoch 20/50, ce loss: 1.3196, train anchor loss: 0.1519, total loss: 1.3956, clean acc: 0.5773, eval anchor loss: 0.1492, backdoor acc: 1.0000
2026-04-22 12:23:18,726 - => Stage 1 client 2 epoch 21/50, ce loss: 1.3072, train anchor loss: 0.1526, total loss: 1.3835, clean acc: 0.5723, eval anchor loss: 0.1439, backdoor acc: 1.0000
2026-04-22 12:24:25,432 - => Stage 1 client 2 epoch 22/50, ce loss: 1.3068, train anchor loss: 0.1521, total loss: 1.3828, clean acc: 0.5748, eval anchor loss: 0.1519, backdoor acc: 1.0000
2026-04-22 12:25:31,589 - => Stage 1 client 2 epoch 23/50, ce loss: 1.2979, train anchor loss: 0.1541, total loss: 1.3749, clean acc: 0.5833, eval anchor loss: 0.1402, backdoor acc: 1.0000
2026-04-22 12:26:38,513 - => Stage 1 client 2 epoch 24/50, ce loss: 1.2809, train anchor loss: 0.1521, total loss: 1.3569, clean acc: 0.5925, eval anchor loss: 0.1507, backdoor acc: 1.0000
2026-04-22 12:27:46,141 - => Stage 1 client 2 epoch 25/50, ce loss: 1.2768, train anchor loss: 0.1541, total loss: 1.3538, clean acc: 0.5860, eval anchor loss: 0.1480, backdoor acc: 1.0000
2026-04-22 12:28:53,736 - => Stage 1 client 2 epoch 26/50, ce loss: 1.2608, train anchor loss: 0.1531, total loss: 1.3374, clean acc: 0.5939, eval anchor loss: 0.1477, backdoor acc: 1.0000
2026-04-22 12:30:02,841 - => Stage 1 client 2 epoch 27/50, ce loss: 1.2620, train anchor loss: 0.1539, total loss: 1.3390, clean acc: 0.5903, eval anchor loss: 0.1543, backdoor acc: 1.0000
2026-04-22 12:31:09,346 - => Stage 1 client 2 epoch 28/50, ce loss: 1.2407, train anchor loss: 0.1536, total loss: 1.3175, clean acc: 0.5895, eval anchor loss: 0.1501, backdoor acc: 1.0000
2026-04-22 12:32:17,993 - => Stage 1 client 2 epoch 29/50, ce loss: 1.2415, train anchor loss: 0.1532, total loss: 1.3181, clean acc: 0.6017, eval anchor loss: 0.1507, backdoor acc: 1.0000
2026-04-22 12:33:26,261 - => Stage 1 client 2 epoch 30/50, ce loss: 1.2375, train anchor loss: 0.1531, total loss: 1.3140, clean acc: 0.5846, eval anchor loss: 0.1523, backdoor acc: 1.0000
2026-04-22 12:34:34,065 - => Stage 1 client 2 epoch 31/50, ce loss: 1.2296, train anchor loss: 0.1533, total loss: 1.3062, clean acc: 0.6013, eval anchor loss: 0.1458, backdoor acc: 1.0000
2026-04-22 12:35:41,367 - => Stage 1 client 2 epoch 32/50, ce loss: 1.2262, train anchor loss: 0.1525, total loss: 1.3025, clean acc: 0.6047, eval anchor loss: 0.1445, backdoor acc: 1.0000
2026-04-22 12:36:48,214 - => Stage 1 client 2 epoch 33/50, ce loss: 1.2174, train anchor loss: 0.1529, total loss: 1.2939, clean acc: 0.5978, eval anchor loss: 0.1497, backdoor acc: 1.0000
2026-04-22 12:37:55,655 - => Stage 1 client 2 epoch 34/50, ce loss: 1.2090, train anchor loss: 0.1526, total loss: 1.2853, clean acc: 0.6115, eval anchor loss: 0.1523, backdoor acc: 1.0000
2026-04-22 12:39:02,493 - => Stage 1 client 2 epoch 35/50, ce loss: 1.2023, train anchor loss: 0.1539, total loss: 1.2793, clean acc: 0.6149, eval anchor loss: 0.1537, backdoor acc: 1.0000
2026-04-22 12:40:09,080 - => Stage 1 client 2 epoch 36/50, ce loss: 1.1954, train anchor loss: 0.1521, total loss: 1.2715, clean acc: 0.6176, eval anchor loss: 0.1516, backdoor acc: 1.0000
2026-04-22 12:41:16,848 - => Stage 1 client 2 epoch 37/50, ce loss: 1.1888, train anchor loss: 0.1527, total loss: 1.2652, clean acc: 0.6096, eval anchor loss: 0.1473, backdoor acc: 1.0000
2026-04-22 12:42:24,881 - => Stage 1 client 2 epoch 38/50, ce loss: 1.1848, train anchor loss: 0.1524, total loss: 1.2610, clean acc: 0.6105, eval anchor loss: 0.1480, backdoor acc: 1.0000
2026-04-22 12:43:31,866 - => Stage 1 client 2 epoch 39/50, ce loss: 1.1851, train anchor loss: 0.1519, total loss: 1.2611, clean acc: 0.6184, eval anchor loss: 0.1488, backdoor acc: 1.0000
2026-04-22 12:44:38,877 - => Stage 1 client 2 epoch 40/50, ce loss: 1.1675, train anchor loss: 0.1511, total loss: 1.2430, clean acc: 0.6161, eval anchor loss: 0.1549, backdoor acc: 1.0000
2026-04-22 12:45:46,308 - => Stage 1 client 2 epoch 41/50, ce loss: 1.1681, train anchor loss: 0.1526, total loss: 1.2444, clean acc: 0.6164, eval anchor loss: 0.1559, backdoor acc: 1.0000
2026-04-22 12:46:54,537 - => Stage 1 client 2 epoch 42/50, ce loss: 1.1589, train anchor loss: 0.1523, total loss: 1.2351, clean acc: 0.6121, eval anchor loss: 0.1485, backdoor acc: 1.0000
2026-04-22 12:48:01,395 - => Stage 1 client 2 epoch 43/50, ce loss: 1.1569, train anchor loss: 0.1518, total loss: 1.2328, clean acc: 0.6194, eval anchor loss: 0.1494, backdoor acc: 1.0000
2026-04-22 12:49:08,169 - => Stage 1 client 2 epoch 44/50, ce loss: 1.1506, train anchor loss: 0.1518, total loss: 1.2265, clean acc: 0.6205, eval anchor loss: 0.1512, backdoor acc: 1.0000
2026-04-22 12:50:14,993 - => Stage 1 client 2 epoch 45/50, ce loss: 1.1432, train anchor loss: 0.1509, total loss: 1.2186, clean acc: 0.6271, eval anchor loss: 0.1489, backdoor acc: 1.0000
2026-04-22 12:51:22,307 - => Stage 1 client 2 epoch 46/50, ce loss: 1.1419, train anchor loss: 0.1512, total loss: 1.2175, clean acc: 0.6307, eval anchor loss: 0.1461, backdoor acc: 1.0000
2026-04-22 12:52:28,508 - => Stage 1 client 2 epoch 47/50, ce loss: 1.1331, train anchor loss: 0.1501, total loss: 1.2081, clean acc: 0.6247, eval anchor loss: 0.1598, backdoor acc: 1.0000
2026-04-22 12:53:36,004 - => Stage 1 client 2 epoch 48/50, ce loss: 1.1272, train anchor loss: 0.1514, total loss: 1.2029, clean acc: 0.6328, eval anchor loss: 0.1467, backdoor acc: 1.0000
2026-04-22 12:54:42,626 - => Stage 1 client 2 epoch 49/50, ce loss: 1.1230, train anchor loss: 0.1503, total loss: 1.1982, clean acc: 0.6255, eval anchor loss: 0.1544, backdoor acc: 1.0000
2026-04-22 12:55:49,438 - => Stage 1 client 2 epoch 50/50, ce loss: 1.1192, train anchor loss: 0.1508, total loss: 1.1945, clean acc: 0.6153, eval anchor loss: 0.1504, backdoor acc: 1.0000
2026-04-22 12:55:49,921 - => Stage 1 final summary for passive client 2: best epoch: 48, clean acc: 0.6328, anchor loss: 0.1467, backdoor acc: 1.0000
2026-04-22 12:55:50,295 - => Stage 1 metrics were also saved to './results/AVGuard/cifar10_ablation_rerun_scale16/stage1_ablation/pretrained_anchor/stage1/anchor_stage1\stage1_metrics.json'
2026-04-22 12:55:50,296 - => Saved stage1 passive-party local models and anchors to './results/AVGuard/cifar10_ablation_rerun_scale16/stage1_ablation/pretrained_anchor/stage1/anchor_stage1'
2026-04-22 12:55:50,311 - => Saved anchor artifact to './results/AVGuard/cifar10_ablation_rerun_scale16/stage1_ablation/pretrained_anchor/stage1/anchor_bank.pt'
2026-04-22 12:55:50,311 - => Stage 3 is ready; it will use Stage 1 client reliability from the loaded anchor state when available. Stage 2 client anchor-loss stats are optional diagnostics.
