2026-04-20 18:40:42,565 - Namespace(config='', data_dir='./dataset/', dataset='IEEE_CIS_FRAUD', device=0, results_dir='./results/AVGuard/lambda_anchor_sensitivity/IEEE_CIS_FRAUD/stage1', seed=100, epoch=100, batch_size=256, client_num=3, pretrained_checkpoint='./results/AVGuard/lambda_anchor_sensitivity/IEEE_CIS_FRAUD/stage1\\latest_checkpoint.pth.tar', test_checkpoint=None, resume_latest=True, lr=0.001, start_epoch=0, print_steps=10, early_stop=20, attack='LFBA', target_label=None, poison_rate=0.25, poison_dimensions=30, trigger_feature_clip=1.0, attack_client_num=2, feature_extractor='', select_rate=0.3, lfba_poison_source='gradient', random_select=False, poison_all=False, anchor_idx=1001, pretrain_stage=0, mode='pretrain_anchor', defense='anchor', defense_scheme='AVGuard', enable_stage1=True, force_stage1_retrain=True, enable_anchor_loss=True, lambda_anchor=0.1, lambda_stage1_anchor=0.5, anchor_pretrain_epochs=20, anchor_pretrain_early_stop=5, anchor_pretrain_min_delta=0.0001, anchor_scale=1.0, anchor_margin=0.0, anchor_bank_path='./results/AVGuard/lambda_anchor_sensitivity/IEEE_CIS_FRAUD/stage1/anchor_artifact.pt', anchor_stage1_dir='./results/AVGuard/lambda_anchor_sensitivity/IEEE_CIS_FRAUD/stage1/anchor_stage1', anchor_ema_momentum=1.0, anchor_ema_update_freq=1, stage3_enable_joint_weighted_voting=True, stage3_enable_static_reliability=True, gamma=2.0, theta_supp=0.15, enable_conservative_correction=False, tau_corr=0.0, top_k=4, stage3_debug_batches=0, stage3_debug_max_samples=8, original_dataset='IEEE-CIS-FRAUD', attack_target_label=None, anchor_margin_auto_adjusted=False, requested_anchor_margin=0.0)
2026-04-20 18:40:42,567 - => Canonicalized dataset name from 'IEEE-CIS-FRAUD' to 'IEEE_CIS_FRAUD'; legacy NUS-WIDE aliases now share the unified NUSWIDE entry
2026-04-20 18:40:42,568 - => Defense scheme: AVGuard
2026-04-20 18:40:42,568 - => LFBA poison-set source: gradient
2026-04-20 18:40:42,568 - => Python executable: D:\python3\generative-compression-master1\KAVF\python.exe
2026-04-20 18:40:42,569 - => Torch version: 2.7.1+cu126, compiled CUDA: 12.6, cuda available: True, visible GPU count: 1
2026-04-20 18:40:42,569 - => Using GPU cuda:0 (NVIDIA GeForce RTX 4080)
2026-04-20 18:40:42,569 - => Preparing data...
2026-04-20 18:40:45,013 - => IEEE-CIS-Fraud directory: ./dataset/data_raw\processed\IEEE-CIS-Fraud
2026-04-20 18:40:45,014 - => IEEE-CIS-Fraud feature dim: 432, train samples: 49591, test samples: 12398
2026-04-20 18:40:45,025 - => Resolved LFBA attack target label=1 from training anchor_idx=1001
2026-04-20 18:40:45,142 - => No checkpoint found at './results/AVGuard/lambda_anchor_sensitivity/IEEE_CIS_FRAUD/stage1\latest_checkpoint.pth.tar'
2026-04-20 18:40:45,142 - => Enter Stage 1: passive local backbones are trained with active-party private two-layer MLP heads
2026-04-20 18:40:45,142 - => Stage 1 latest checkpoint path: './results/AVGuard/lambda_anchor_sensitivity/IEEE_CIS_FRAUD/stage1\latest_checkpoint.pth.tar'
2026-04-20 18:40:45,220 - =>Add Trigger to Train Data
2026-04-20 18:40:45,945 - Add Trigger to 12397 Bad Samples, 37194 Clean Samples (0.25)
2026-04-20 18:40:45,949 - =>Add Trigger to Test Data
2026-04-20 18:40:46,389 - Add Trigger to 12398 Bad Samples, 0 Clean Samples (1.00)
2026-04-20 18:40:46,399 - => Stage 1 start for passive client 0
2026-04-20 18:40:46,399 - => Stage 1 early stop for passive client 0: patience=5, min_delta=0.000100
2026-04-20 18:40:50,555 - => Stage 1 client 0 epoch 1/20, ce loss: 0.5844, train anchor loss: 0.6609, total loss: 0.9149, clean acc: 0.7950, eval anchor loss: 0.1832, backdoor acc: 0.0000
2026-04-20 18:40:54,414 - => Stage 1 client 0 epoch 2/20, ce loss: 0.5575, train anchor loss: 0.1883, total loss: 0.6517, clean acc: 0.8072, eval anchor loss: 0.2013, backdoor acc: 0.0000
2026-04-20 18:40:58,328 - => Stage 1 client 0 epoch 3/20, ce loss: 0.5363, train anchor loss: 0.2020, total loss: 0.6373, clean acc: 0.8188, eval anchor loss: 0.1916, backdoor acc: 0.0000
2026-04-20 18:41:02,295 - => Stage 1 client 0 epoch 4/20, ce loss: 0.5229, train anchor loss: 0.2095, total loss: 0.6276, clean acc: 0.8230, eval anchor loss: 0.2199, backdoor acc: 0.0000
2026-04-20 18:41:06,364 - => Stage 1 client 0 epoch 5/20, ce loss: 0.5064, train anchor loss: 0.2177, total loss: 0.6152, clean acc: 0.8238, eval anchor loss: 0.2346, backdoor acc: 0.0000
2026-04-20 18:41:10,311 - => Stage 1 client 0 epoch 6/20, ce loss: 0.4944, train anchor loss: 0.2247, total loss: 0.6067, clean acc: 0.8238, eval anchor loss: 0.2386, backdoor acc: 0.0000
2026-04-20 18:41:14,248 - => Stage 1 client 0 epoch 7/20, ce loss: 0.4806, train anchor loss: 0.2303, total loss: 0.5958, clean acc: 0.8368, eval anchor loss: 0.2460, backdoor acc: 0.0000
2026-04-20 18:41:18,159 - => Stage 1 client 0 epoch 8/20, ce loss: 0.4722, train anchor loss: 0.2352, total loss: 0.5898, clean acc: 0.8325, eval anchor loss: 0.2512, backdoor acc: 0.0000
2026-04-20 18:41:22,190 - => Stage 1 client 0 epoch 9/20, ce loss: 0.4687, train anchor loss: 0.2314, total loss: 0.5844, clean acc: 0.8329, eval anchor loss: 0.2583, backdoor acc: 0.0000
2026-04-20 18:41:26,102 - => Stage 1 client 0 epoch 10/20, ce loss: 0.4609, train anchor loss: 0.2322, total loss: 0.5770, clean acc: 0.8409, eval anchor loss: 0.2501, backdoor acc: 0.0000
2026-04-20 18:41:29,995 - => Stage 1 client 0 epoch 11/20, ce loss: 0.4562, train anchor loss: 0.2297, total loss: 0.5710, clean acc: 0.8397, eval anchor loss: 0.2561, backdoor acc: 0.0000
2026-04-20 18:41:33,591 - => Stage 1 client 0 epoch 12/20, ce loss: 0.4520, train anchor loss: 0.2277, total loss: 0.5658, clean acc: 0.8329, eval anchor loss: 0.2692, backdoor acc: 0.0000
2026-04-20 18:41:37,633 - => Stage 1 client 0 epoch 13/20, ce loss: 0.4477, train anchor loss: 0.2272, total loss: 0.5613, clean acc: 0.8421, eval anchor loss: 0.2696, backdoor acc: 0.0000
2026-04-20 18:41:41,562 - => Stage 1 client 0 epoch 14/20, ce loss: 0.4441, train anchor loss: 0.2264, total loss: 0.5573, clean acc: 0.8443, eval anchor loss: 0.2679, backdoor acc: 0.0000
2026-04-20 18:41:45,425 - => Stage 1 client 0 epoch 15/20, ce loss: 0.4412, train anchor loss: 0.2256, total loss: 0.5540, clean acc: 0.8480, eval anchor loss: 0.2638, backdoor acc: 0.0000
2026-04-20 18:41:49,290 - => Stage 1 client 0 epoch 16/20, ce loss: 0.4379, train anchor loss: 0.2239, total loss: 0.5498, clean acc: 0.8480, eval anchor loss: 0.2607, backdoor acc: 0.0000
2026-04-20 18:41:53,240 - => Stage 1 client 0 epoch 17/20, ce loss: 0.4335, train anchor loss: 0.2220, total loss: 0.5445, clean acc: 0.8376, eval anchor loss: 0.2832, backdoor acc: 0.0000
2026-04-20 18:41:57,279 - => Stage 1 client 0 epoch 18/20, ce loss: 0.4334, train anchor loss: 0.2221, total loss: 0.5445, clean acc: 0.8456, eval anchor loss: 0.2710, backdoor acc: 0.0000
2026-04-20 18:42:01,251 - => Stage 1 client 0 epoch 19/20, ce loss: 0.4286, train anchor loss: 0.2194, total loss: 0.5383, clean acc: 0.8488, eval anchor loss: 0.2712, backdoor acc: 0.0000
2026-04-20 18:42:05,147 - => Stage 1 client 0 epoch 20/20, ce loss: 0.4273, train anchor loss: 0.2174, total loss: 0.5360, clean acc: 0.8480, eval anchor loss: 0.2715, backdoor acc: 0.0000
2026-04-20 18:42:05,170 - => Stage 1 final summary for passive client 0: best epoch: 19, clean acc: 0.8488, anchor loss: 0.2712, backdoor acc: 0.0000
2026-04-20 18:42:05,172 - => Stage 1 start for passive client 1
2026-04-20 18:42:05,173 - => Stage 1 early stop for passive client 1: patience=5, min_delta=0.000100
2026-04-20 18:42:09,091 - => Stage 1 client 1 epoch 1/20, ce loss: 0.5903, train anchor loss: 0.6774, total loss: 0.9290, clean acc: 0.7843, eval anchor loss: 0.1986, backdoor acc: 0.0000
2026-04-20 18:42:13,125 - => Stage 1 client 1 epoch 2/20, ce loss: 0.5914, train anchor loss: 0.1659, total loss: 0.6744, clean acc: 0.7898, eval anchor loss: 0.1578, backdoor acc: 0.0000
2026-04-20 18:42:17,087 - => Stage 1 client 1 epoch 3/20, ce loss: 0.5809, train anchor loss: 0.1687, total loss: 0.6652, clean acc: 0.7910, eval anchor loss: 0.1677, backdoor acc: 0.0000
2026-04-20 18:42:21,015 - => Stage 1 client 1 epoch 4/20, ce loss: 0.5728, train anchor loss: 0.1794, total loss: 0.6625, clean acc: 0.7928, eval anchor loss: 0.1881, backdoor acc: 0.0000
2026-04-20 18:42:24,932 - => Stage 1 client 1 epoch 5/20, ce loss: 0.5672, train anchor loss: 0.1865, total loss: 0.6604, clean acc: 0.7917, eval anchor loss: 0.1848, backdoor acc: 0.0000
2026-04-20 18:42:28,976 - => Stage 1 client 1 epoch 6/20, ce loss: 0.5657, train anchor loss: 0.1853, total loss: 0.6584, clean acc: 0.7945, eval anchor loss: 0.1956, backdoor acc: 0.0000
2026-04-20 18:42:32,909 - => Stage 1 client 1 epoch 7/20, ce loss: 0.5600, train anchor loss: 0.1933, total loss: 0.6567, clean acc: 0.7904, eval anchor loss: 0.1991, backdoor acc: 0.0000
2026-04-20 18:42:36,840 - => Stage 1 client 1 epoch 8/20, ce loss: 0.5579, train anchor loss: 0.1946, total loss: 0.6552, clean acc: 0.7964, eval anchor loss: 0.2096, backdoor acc: 0.0000
2026-04-20 18:42:40,357 - => Stage 1 client 1 epoch 9/20, ce loss: 0.5553, train anchor loss: 0.1972, total loss: 0.6539, clean acc: 0.7954, eval anchor loss: 0.2053, backdoor acc: 0.0000
2026-04-20 18:42:44,412 - => Stage 1 client 1 epoch 10/20, ce loss: 0.5542, train anchor loss: 0.1981, total loss: 0.6533, clean acc: 0.7937, eval anchor loss: 0.2071, backdoor acc: 0.0000
2026-04-20 18:42:48,367 - => Stage 1 client 1 epoch 11/20, ce loss: 0.5537, train anchor loss: 0.1984, total loss: 0.6529, clean acc: 0.7941, eval anchor loss: 0.2159, backdoor acc: 0.0000
2026-04-20 18:42:52,272 - => Stage 1 client 1 epoch 12/20, ce loss: 0.5489, train anchor loss: 0.2045, total loss: 0.6512, clean acc: 0.7963, eval anchor loss: 0.1934, backdoor acc: 0.0000
2026-04-20 18:42:56,235 - => Stage 1 client 1 epoch 13/20, ce loss: 0.5499, train anchor loss: 0.2013, total loss: 0.6506, clean acc: 0.7930, eval anchor loss: 0.2038, backdoor acc: 0.0000
2026-04-20 18:43:00,250 - => Stage 1 client 1 epoch 14/20, ce loss: 0.5486, train anchor loss: 0.2032, total loss: 0.6502, clean acc: 0.7967, eval anchor loss: 0.2077, backdoor acc: 0.0000
2026-04-20 18:43:03,940 - => Stage 1 client 1 epoch 15/20, ce loss: 0.5458, train anchor loss: 0.2048, total loss: 0.6482, clean acc: 0.7953, eval anchor loss: 0.2225, backdoor acc: 0.0000
2026-04-20 18:43:07,881 - => Stage 1 client 1 epoch 16/20, ce loss: 0.5439, train anchor loss: 0.2080, total loss: 0.6479, clean acc: 0.7978, eval anchor loss: 0.2165, backdoor acc: 0.0000
2026-04-20 18:43:11,771 - => Stage 1 client 1 epoch 17/20, ce loss: 0.5419, train anchor loss: 0.2110, total loss: 0.6474, clean acc: 0.7963, eval anchor loss: 0.1988, backdoor acc: 0.0000
2026-04-20 18:43:15,720 - => Stage 1 client 1 epoch 18/20, ce loss: 0.5438, train anchor loss: 0.2057, total loss: 0.6467, clean acc: 0.7969, eval anchor loss: 0.2126, backdoor acc: 0.0000
2026-04-20 18:43:19,789 - => Stage 1 client 1 epoch 19/20, ce loss: 0.5398, train anchor loss: 0.2119, total loss: 0.6458, clean acc: 0.7984, eval anchor loss: 0.2113, backdoor acc: 0.0000
2026-04-20 18:43:23,683 - => Stage 1 client 1 epoch 20/20, ce loss: 0.5395, train anchor loss: 0.2116, total loss: 0.6454, clean acc: 0.7982, eval anchor loss: 0.2218, backdoor acc: 0.0000
2026-04-20 18:43:23,706 - => Stage 1 final summary for passive client 1: best epoch: 19, clean acc: 0.7984, anchor loss: 0.2113, backdoor acc: 0.0000
2026-04-20 18:43:23,709 - => Stage 1 start for passive client 2
2026-04-20 18:43:23,709 - => Stage 1 early stop for passive client 2: patience=5, min_delta=0.000100
2026-04-20 18:43:27,893 - => Stage 1 client 2 epoch 1/20, ce loss: 0.5510, train anchor loss: 0.7419, total loss: 0.9220, clean acc: 0.7620, eval anchor loss: 0.3072, backdoor acc: 1.0000
2026-04-20 18:43:32,091 - => Stage 1 client 2 epoch 2/20, ce loss: 0.5099, train anchor loss: 0.2360, total loss: 0.6278, clean acc: 0.7729, eval anchor loss: 0.2753, backdoor acc: 1.0000
2026-04-20 18:43:36,449 - => Stage 1 client 2 epoch 3/20, ce loss: 0.5000, train anchor loss: 0.2288, total loss: 0.6144, clean acc: 0.7664, eval anchor loss: 0.3169, backdoor acc: 1.0000
2026-04-20 18:43:40,678 - => Stage 1 client 2 epoch 4/20, ce loss: 0.4901, train anchor loss: 0.2346, total loss: 0.6074, clean acc: 0.7851, eval anchor loss: 0.2933, backdoor acc: 1.0000
2026-04-20 18:43:44,845 - => Stage 1 client 2 epoch 5/20, ce loss: 0.4838, train anchor loss: 0.2384, total loss: 0.6029, clean acc: 0.7872, eval anchor loss: 0.2983, backdoor acc: 1.0000
2026-04-20 18:43:48,835 - => Stage 1 client 2 epoch 6/20, ce loss: 0.4837, train anchor loss: 0.2418, total loss: 0.6046, clean acc: 0.7888, eval anchor loss: 0.2829, backdoor acc: 1.0000
2026-04-20 18:43:53,066 - => Stage 1 client 2 epoch 7/20, ce loss: 0.4806, train anchor loss: 0.2340, total loss: 0.5976, clean acc: 0.7910, eval anchor loss: 0.2931, backdoor acc: 1.0000
2026-04-20 18:43:57,360 - => Stage 1 client 2 epoch 8/20, ce loss: 0.4784, train anchor loss: 0.2336, total loss: 0.5952, clean acc: 0.7809, eval anchor loss: 0.3232, backdoor acc: 1.0000
2026-04-20 18:44:01,597 - => Stage 1 client 2 epoch 9/20, ce loss: 0.4779, train anchor loss: 0.2359, total loss: 0.5959, clean acc: 0.7909, eval anchor loss: 0.2948, backdoor acc: 1.0000
2026-04-20 18:44:05,893 - => Stage 1 client 2 epoch 10/20, ce loss: 0.4769, train anchor loss: 0.2351, total loss: 0.5945, clean acc: 0.7934, eval anchor loss: 0.2957, backdoor acc: 1.0000
2026-04-20 18:44:09,750 - => Stage 1 client 2 epoch 11/20, ce loss: 0.4764, train anchor loss: 0.2351, total loss: 0.5939, clean acc: 0.7929, eval anchor loss: 0.2967, backdoor acc: 1.0000
2026-04-20 18:44:14,034 - => Stage 1 client 2 epoch 12/20, ce loss: 0.4752, train anchor loss: 0.2324, total loss: 0.5914, clean acc: 0.7838, eval anchor loss: 0.3095, backdoor acc: 1.0000
2026-04-20 18:44:17,848 - => Stage 1 client 2 epoch 13/20, ce loss: 0.4736, train anchor loss: 0.2331, total loss: 0.5902, clean acc: 0.7878, eval anchor loss: 0.3082, backdoor acc: 1.0000
2026-04-20 18:44:21,803 - => Stage 1 client 2 epoch 14/20, ce loss: 0.4754, train anchor loss: 0.2326, total loss: 0.5917, clean acc: 0.7949, eval anchor loss: 0.2891, backdoor acc: 1.0000
2026-04-20 18:44:25,659 - => Stage 1 client 2 epoch 15/20, ce loss: 0.4734, train anchor loss: 0.2312, total loss: 0.5890, clean acc: 0.7885, eval anchor loss: 0.3119, backdoor acc: 1.0000
2026-04-20 18:44:29,969 - => Stage 1 client 2 epoch 16/20, ce loss: 0.4735, train anchor loss: 0.2323, total loss: 0.5896, clean acc: 0.7915, eval anchor loss: 0.2987, backdoor acc: 1.0000
2026-04-20 18:44:34,318 - => Stage 1 client 2 epoch 17/20, ce loss: 0.4716, train anchor loss: 0.2319, total loss: 0.5876, clean acc: 0.7965, eval anchor loss: 0.2927, backdoor acc: 1.0000
2026-04-20 18:44:38,598 - => Stage 1 client 2 epoch 18/20, ce loss: 0.4712, train anchor loss: 0.2337, total loss: 0.5881, clean acc: 0.7954, eval anchor loss: 0.2902, backdoor acc: 1.0000
2026-04-20 18:44:42,823 - => Stage 1 client 2 epoch 19/20, ce loss: 0.4707, train anchor loss: 0.2323, total loss: 0.5869, clean acc: 0.7843, eval anchor loss: 0.3249, backdoor acc: 1.0000
2026-04-20 18:44:47,062 - => Stage 1 client 2 epoch 20/20, ce loss: 0.4705, train anchor loss: 0.2305, total loss: 0.5858, clean acc: 0.7942, eval anchor loss: 0.2977, backdoor acc: 1.0000
2026-04-20 18:44:47,085 - => Stage 1 final summary for passive client 2: best epoch: 17, clean acc: 0.7965, anchor loss: 0.2927, backdoor acc: 1.0000
2026-04-20 18:44:47,108 - => Stage 1 metrics were also saved to './results/AVGuard/lambda_anchor_sensitivity/IEEE_CIS_FRAUD/stage1/anchor_stage1\stage1_metrics.json'
2026-04-20 18:44:47,109 - => Saved stage1 passive-party local models and anchors to './results/AVGuard/lambda_anchor_sensitivity/IEEE_CIS_FRAUD/stage1/anchor_stage1'
2026-04-20 18:44:47,114 - => Saved anchor artifact to './results/AVGuard/lambda_anchor_sensitivity/IEEE_CIS_FRAUD/stage1/anchor_artifact.pt'
2026-04-20 18:44:47,115 - => Stage 3 is ready; it will use Stage 1 client reliability from the loaded anchor state when available. Stage 2 client anchor-loss stats are optional diagnostics.
