2026-04-28 13:50:34,323 - Namespace(config='', data_dir='./dataset/data_raw/', dataset='NUSWIDE', device=0, results_dir='./results/AVGuard/threeclient_full_avguard_fixed_lambda_anchor_theta_supp_sensitivity/theta_supp_0.15/NUSWIDE/stage1', seed=100, epoch=100, batch_size=256, client_num=3, pretrained_checkpoint='./results/AVGuard/threeclient_full_avguard_fixed_lambda_anchor_theta_supp_sensitivity/theta_supp_0.15/NUSWIDE/stage1\\latest_checkpoint.pth.tar', test_checkpoint=None, resume_latest=True, lr=0.001, start_epoch=0, print_steps=10, early_stop=20, attack='LFBA', target_label=None, poison_rate=0.1, poison_dimensions=10, trigger_feature_clip=1.0, attack_client_num=2, feature_extractor='', select_rate=0.3, lfba_poison_source='gradient', random_select=False, poison_all=False, anchor_idx=33930, pretrain_stage=0, mode='pretrain_anchor', defense='anchor', defense_scheme='AVGuard', enable_stage1=True, force_stage1_retrain=True, enable_anchor_loss=True, lambda_anchor=0.5, lambda_stage1_anchor=0.3, anchor_pretrain_epochs=20, anchor_pretrain_early_stop=10, anchor_pretrain_min_delta=0.0001, anchor_scale=1, anchor_margin=0, anchor_bank_path='./results/AVGuard/threeclient_full_avguard_fixed_lambda_anchor_theta_supp_sensitivity/theta_supp_0.15/NUSWIDE/stage1/anchor_bank.pt', anchor_stage1_dir='./results/AVGuard/threeclient_full_avguard_fixed_lambda_anchor_theta_supp_sensitivity/theta_supp_0.15/NUSWIDE/stage1/anchor_stage1', anchor_ema_momentum=1.0, anchor_ema_update_freq=1, stage3_enable_joint_weighted_voting=True, stage3_enable_static_reliability=True, disable_stage3_eval=False, gamma=2.0, theta_supp=0.15, stage3_required_support_count=2, enable_conservative_correction=False, tau_corr=0.0, top_k=4, stage3_debug_batches=0, stage3_debug_max_samples=8, original_dataset='NUSWIDE', attack_target_label=None, anchor_margin_auto_adjusted=False, requested_anchor_margin=0)
2026-04-28 13:50:34,326 - => Defense scheme: AVGuard
2026-04-28 13:50:34,327 - => LFBA poison-set source: gradient
2026-04-28 13:50:34,327 - => Python executable: D:\python3\generative-compression-master1\KAVF\python.exe
2026-04-28 13:50:34,328 - => Torch version: 2.7.1+cu126, compiled CUDA: 12.6, cuda available: True, visible GPU count: 1
2026-04-28 13:50:34,329 - => Using GPU cuda:0 (NVIDIA GeForce RTX 4080)
2026-04-28 13:50:34,330 - => Preparing data...
2026-04-28 13:51:26,692 - => NUSWIDE total feature dim: 1634, client_num: 3, local output dims: [60, 24, 16]
2026-04-28 13:51:26,693 - => NUSWIDE fixed feature order: [CH | CM55 | CORR | EDH | WT | Tags1k]
2026-04-28 13:51:26,693 - => NUSWIDE split: client0 = TEXT[1000]
2026-04-28 13:51:26,693 - => NUSWIDE split: client1 = CH + CM55 + EDH [362]
2026-04-28 13:51:26,693 - => NUSWIDE split: client2 = CORR + WT [272]
2026-04-28 13:51:26,694 - => NUSWIDE attacker client: client2
2026-04-28 13:51:26,915 - => Resolved LFBA attack target label=3 from training anchor_idx=33930
2026-04-28 13:51:27,120 - => No checkpoint found at './results/AVGuard/threeclient_full_avguard_fixed_lambda_anchor_theta_supp_sensitivity/theta_supp_0.15/NUSWIDE/stage1\latest_checkpoint.pth.tar'
2026-04-28 13:51:27,121 - => Enter Stage 1: passive local backbones are trained with active-party private two-layer MLP heads
2026-04-28 13:51:27,121 - => Stage 1 latest checkpoint path: './results/AVGuard/threeclient_full_avguard_fixed_lambda_anchor_theta_supp_sensitivity/theta_supp_0.15/NUSWIDE/stage1\latest_checkpoint.pth.tar'
2026-04-28 13:51:27,940 - =>Add Trigger to Train Data
2026-04-28 13:51:28,341 - Add Trigger to 6996 Bad Samples, 62970 Clean Samples (0.10)
2026-04-28 13:51:28,441 - =>Add Trigger to Test Data
2026-04-28 13:51:30,399 - Add Trigger to 46693 Bad Samples, 0 Clean Samples (1.00)
2026-04-28 13:51:30,486 - => Stage 1 start for passive client 0
2026-04-28 13:51:30,487 - => Stage 1 early stop for passive client 0: patience=10, min_delta=0.000100
2026-04-28 13:51:38,325 - => Stage 1 client 0 epoch 1/20, ce loss: 1.1635, train anchor loss: 0.5805, total loss: 1.3376, clean acc: 0.8238, eval anchor loss: 0.3984, backdoor acc: 0.0000
2026-04-28 13:51:45,474 - => Stage 1 client 0 epoch 2/20, ce loss: 1.0111, train anchor loss: 0.3873, total loss: 1.1273, clean acc: 0.8270, eval anchor loss: 0.4074, backdoor acc: 0.0000
2026-04-28 13:51:52,733 - => Stage 1 client 0 epoch 3/20, ce loss: 0.9899, train anchor loss: 0.3666, total loss: 1.0998, clean acc: 0.8267, eval anchor loss: 0.4172, backdoor acc: 0.0000
2026-04-28 13:52:00,531 - => Stage 1 client 0 epoch 4/20, ce loss: 0.9778, train anchor loss: 0.3486, total loss: 1.0823, clean acc: 0.8294, eval anchor loss: 0.4126, backdoor acc: 0.0000
2026-04-28 13:52:08,373 - => Stage 1 client 0 epoch 5/20, ce loss: 0.9671, train anchor loss: 0.3317, total loss: 1.0666, clean acc: 0.8272, eval anchor loss: 0.4295, backdoor acc: 0.0000
2026-04-28 13:52:16,178 - => Stage 1 client 0 epoch 6/20, ce loss: 0.9587, train anchor loss: 0.3184, total loss: 1.0542, clean acc: 0.8273, eval anchor loss: 0.4310, backdoor acc: 0.0000
2026-04-28 13:52:23,952 - => Stage 1 client 0 epoch 7/20, ce loss: 0.9530, train anchor loss: 0.3098, total loss: 1.0459, clean acc: 0.8268, eval anchor loss: 0.4309, backdoor acc: 0.0000
2026-04-28 13:52:31,605 - => Stage 1 client 0 epoch 8/20, ce loss: 0.9495, train anchor loss: 0.3037, total loss: 1.0406, clean acc: 0.8269, eval anchor loss: 0.4337, backdoor acc: 0.0000
2026-04-28 13:52:39,376 - => Stage 1 client 0 epoch 9/20, ce loss: 0.9476, train anchor loss: 0.3007, total loss: 1.0379, clean acc: 0.8273, eval anchor loss: 0.4377, backdoor acc: 0.0000
2026-04-28 13:52:47,295 - => Stage 1 client 0 epoch 10/20, ce loss: 0.9447, train anchor loss: 0.2966, total loss: 1.0336, clean acc: 0.8276, eval anchor loss: 0.4294, backdoor acc: 0.0000
2026-04-28 13:52:54,980 - => Stage 1 client 0 epoch 11/20, ce loss: 0.9436, train anchor loss: 0.2931, total loss: 1.0315, clean acc: 0.8279, eval anchor loss: 0.4359, backdoor acc: 0.0000
2026-04-28 13:53:02,832 - => Stage 1 client 0 epoch 12/20, ce loss: 0.9417, train anchor loss: 0.2906, total loss: 1.0289, clean acc: 0.8268, eval anchor loss: 0.4416, backdoor acc: 0.0000
2026-04-28 13:53:10,513 - => Stage 1 client 0 epoch 13/20, ce loss: 0.9398, train anchor loss: 0.2873, total loss: 1.0260, clean acc: 0.8279, eval anchor loss: 0.4387, backdoor acc: 0.0000
2026-04-28 13:53:18,324 - => Stage 1 client 0 epoch 14/20, ce loss: 0.9392, train anchor loss: 0.2868, total loss: 1.0253, clean acc: 0.8256, eval anchor loss: 0.4408, backdoor acc: 0.0000
2026-04-28 13:53:18,369 - => Stage 1 early stop triggered for passive client 0 at epoch 14/20; best clean acc: 0.8294 at epoch 4
2026-04-28 13:53:18,383 - => Stage 1 final summary for passive client 0: best epoch: 4, clean acc: 0.8294, anchor loss: 0.4126, backdoor acc: 0.0000
2026-04-28 13:53:18,386 - => Stage 1 start for passive client 1
2026-04-28 13:53:18,386 - => Stage 1 early stop for passive client 1: patience=10, min_delta=0.000100
2026-04-28 13:53:26,057 - => Stage 1 client 1 epoch 1/20, ce loss: 1.2811, train anchor loss: 0.7717, total loss: 1.5126, clean acc: 0.6793, eval anchor loss: 0.5009, backdoor acc: 0.0000
2026-04-28 13:53:33,507 - => Stage 1 client 1 epoch 2/20, ce loss: 1.1822, train anchor loss: 0.4923, total loss: 1.3299, clean acc: 0.6945, eval anchor loss: 0.5182, backdoor acc: 0.0000
2026-04-28 13:53:41,051 - => Stage 1 client 1 epoch 3/20, ce loss: 1.1486, train anchor loss: 0.4949, total loss: 1.2971, clean acc: 0.7014, eval anchor loss: 0.5358, backdoor acc: 0.0000
2026-04-28 13:53:48,557 - => Stage 1 client 1 epoch 4/20, ce loss: 1.1244, train anchor loss: 0.5012, total loss: 1.2747, clean acc: 0.7056, eval anchor loss: 0.5532, backdoor acc: 0.0000
2026-04-28 13:53:56,155 - => Stage 1 client 1 epoch 5/20, ce loss: 1.1068, train anchor loss: 0.4962, total loss: 1.2557, clean acc: 0.7078, eval anchor loss: 0.5645, backdoor acc: 0.0000
2026-04-28 13:54:03,657 - => Stage 1 client 1 epoch 6/20, ce loss: 1.0933, train anchor loss: 0.4898, total loss: 1.2402, clean acc: 0.7073, eval anchor loss: 0.5810, backdoor acc: 0.0000
2026-04-28 13:54:11,282 - => Stage 1 client 1 epoch 7/20, ce loss: 1.0821, train anchor loss: 0.4792, total loss: 1.2259, clean acc: 0.7091, eval anchor loss: 0.5774, backdoor acc: 0.0000
2026-04-28 13:54:18,773 - => Stage 1 client 1 epoch 8/20, ce loss: 1.0718, train anchor loss: 0.4712, total loss: 1.2132, clean acc: 0.7073, eval anchor loss: 0.5963, backdoor acc: 0.0000
2026-04-28 13:54:26,199 - => Stage 1 client 1 epoch 9/20, ce loss: 1.0633, train anchor loss: 0.4629, total loss: 1.2022, clean acc: 0.7100, eval anchor loss: 0.6005, backdoor acc: 0.0000
2026-04-28 13:54:33,763 - => Stage 1 client 1 epoch 10/20, ce loss: 1.0556, train anchor loss: 0.4547, total loss: 1.1921, clean acc: 0.7104, eval anchor loss: 0.6096, backdoor acc: 0.0000
2026-04-28 13:54:41,344 - => Stage 1 client 1 epoch 11/20, ce loss: 1.0499, train anchor loss: 0.4491, total loss: 1.1847, clean acc: 0.7093, eval anchor loss: 0.6078, backdoor acc: 0.0000
2026-04-28 13:54:48,883 - => Stage 1 client 1 epoch 12/20, ce loss: 1.0424, train anchor loss: 0.4380, total loss: 1.1738, clean acc: 0.7079, eval anchor loss: 0.6210, backdoor acc: 0.0000
2026-04-28 13:54:56,375 - => Stage 1 client 1 epoch 13/20, ce loss: 1.0370, train anchor loss: 0.4326, total loss: 1.1668, clean acc: 0.7118, eval anchor loss: 0.6190, backdoor acc: 0.0000
2026-04-28 13:55:04,075 - => Stage 1 client 1 epoch 14/20, ce loss: 1.0332, train anchor loss: 0.4276, total loss: 1.1614, clean acc: 0.7070, eval anchor loss: 0.6315, backdoor acc: 0.0000
2026-04-28 13:55:11,675 - => Stage 1 client 1 epoch 15/20, ce loss: 1.0283, train anchor loss: 0.4217, total loss: 1.1548, clean acc: 0.7076, eval anchor loss: 0.6404, backdoor acc: 0.0000
2026-04-28 13:55:19,112 - => Stage 1 client 1 epoch 16/20, ce loss: 1.0227, train anchor loss: 0.4140, total loss: 1.1469, clean acc: 0.7068, eval anchor loss: 0.6424, backdoor acc: 0.0000
2026-04-28 13:55:26,564 - => Stage 1 client 1 epoch 17/20, ce loss: 1.0180, train anchor loss: 0.4070, total loss: 1.1401, clean acc: 0.7090, eval anchor loss: 0.6418, backdoor acc: 0.0000
2026-04-28 13:55:34,161 - => Stage 1 client 1 epoch 18/20, ce loss: 1.0133, train anchor loss: 0.4000, total loss: 1.1334, clean acc: 0.7098, eval anchor loss: 0.6387, backdoor acc: 0.0000
2026-04-28 13:55:41,668 - => Stage 1 client 1 epoch 19/20, ce loss: 1.0100, train anchor loss: 0.3966, total loss: 1.1290, clean acc: 0.7049, eval anchor loss: 0.6521, backdoor acc: 0.0000
2026-04-28 13:55:49,142 - => Stage 1 client 1 epoch 20/20, ce loss: 1.0074, train anchor loss: 0.3908, total loss: 1.1246, clean acc: 0.7020, eval anchor loss: 0.6634, backdoor acc: 0.0000
2026-04-28 13:55:49,182 - => Stage 1 final summary for passive client 1: best epoch: 13, clean acc: 0.7118, anchor loss: 0.6190, backdoor acc: 0.0000
2026-04-28 13:55:49,184 - => Stage 1 start for passive client 2
2026-04-28 13:55:49,184 - => Stage 1 early stop for passive client 2: patience=10, min_delta=0.000100
2026-04-28 13:55:58,498 - => Stage 1 client 2 epoch 1/20, ce loss: 1.2407, train anchor loss: 0.7748, total loss: 1.4731, clean acc: 0.6552, eval anchor loss: 0.5774, backdoor acc: 0.9997
2026-04-28 13:56:07,871 - => Stage 1 client 2 epoch 2/20, ce loss: 1.1600, train anchor loss: 0.4881, total loss: 1.3064, clean acc: 0.6831, eval anchor loss: 0.5561, backdoor acc: 0.9991
2026-04-28 13:56:17,513 - => Stage 1 client 2 epoch 3/20, ce loss: 1.1326, train anchor loss: 0.4892, total loss: 1.2794, clean acc: 0.6894, eval anchor loss: 0.5741, backdoor acc: 0.9988
2026-04-28 13:56:26,848 - => Stage 1 client 2 epoch 4/20, ce loss: 1.1110, train anchor loss: 0.4987, total loss: 1.2606, clean acc: 0.6947, eval anchor loss: 0.5915, backdoor acc: 0.9985
2026-04-28 13:56:36,173 - => Stage 1 client 2 epoch 5/20, ce loss: 1.0971, train anchor loss: 0.5010, total loss: 1.2474, clean acc: 0.7011, eval anchor loss: 0.5846, backdoor acc: 0.9990
2026-04-28 13:56:45,435 - => Stage 1 client 2 epoch 6/20, ce loss: 1.0902, train anchor loss: 0.4961, total loss: 1.2390, clean acc: 0.6991, eval anchor loss: 0.5967, backdoor acc: 0.9960
2026-04-28 13:56:54,845 - => Stage 1 client 2 epoch 7/20, ce loss: 1.0837, train anchor loss: 0.4916, total loss: 1.2312, clean acc: 0.7081, eval anchor loss: 0.5906, backdoor acc: 0.9987
2026-04-28 13:57:04,068 - => Stage 1 client 2 epoch 8/20, ce loss: 1.0764, train anchor loss: 0.4854, total loss: 1.2220, clean acc: 0.7099, eval anchor loss: 0.5905, backdoor acc: 0.9994
2026-04-28 13:57:13,470 - => Stage 1 client 2 epoch 9/20, ce loss: 1.0731, train anchor loss: 0.4820, total loss: 1.2177, clean acc: 0.7119, eval anchor loss: 0.5847, backdoor acc: 0.9991
2026-04-28 13:57:22,796 - => Stage 1 client 2 epoch 10/20, ce loss: 1.0693, train anchor loss: 0.4759, total loss: 1.2120, clean acc: 0.7133, eval anchor loss: 0.5927, backdoor acc: 0.9992
2026-04-28 13:57:32,021 - => Stage 1 client 2 epoch 11/20, ce loss: 1.0650, train anchor loss: 0.4725, total loss: 1.2067, clean acc: 0.7145, eval anchor loss: 0.5857, backdoor acc: 0.9988
2026-04-28 13:57:41,362 - => Stage 1 client 2 epoch 12/20, ce loss: 1.0614, train anchor loss: 0.4685, total loss: 1.2020, clean acc: 0.7127, eval anchor loss: 0.5994, backdoor acc: 0.9994
2026-04-28 13:57:50,677 - => Stage 1 client 2 epoch 13/20, ce loss: 1.0585, train anchor loss: 0.4657, total loss: 1.1982, clean acc: 0.7125, eval anchor loss: 0.5965, backdoor acc: 0.9999
2026-04-28 13:58:00,071 - => Stage 1 client 2 epoch 14/20, ce loss: 1.0560, train anchor loss: 0.4641, total loss: 1.1952, clean acc: 0.7121, eval anchor loss: 0.5984, backdoor acc: 0.9997
2026-04-28 13:58:09,398 - => Stage 1 client 2 epoch 15/20, ce loss: 1.0528, train anchor loss: 0.4569, total loss: 1.1899, clean acc: 0.7142, eval anchor loss: 0.6050, backdoor acc: 0.9996
2026-04-28 13:58:18,644 - => Stage 1 client 2 epoch 16/20, ce loss: 1.0491, train anchor loss: 0.4533, total loss: 1.1851, clean acc: 0.7145, eval anchor loss: 0.6027, backdoor acc: 0.9986
2026-04-28 13:58:27,961 - => Stage 1 client 2 epoch 17/20, ce loss: 1.0475, train anchor loss: 0.4509, total loss: 1.1828, clean acc: 0.7160, eval anchor loss: 0.6014, backdoor acc: 0.9991
2026-04-28 13:58:37,356 - => Stage 1 client 2 epoch 18/20, ce loss: 1.0454, train anchor loss: 0.4482, total loss: 1.1799, clean acc: 0.7154, eval anchor loss: 0.6046, backdoor acc: 0.9991
2026-04-28 13:58:46,631 - => Stage 1 client 2 epoch 19/20, ce loss: 1.0431, train anchor loss: 0.4478, total loss: 1.1775, clean acc: 0.7156, eval anchor loss: 0.6042, backdoor acc: 0.9994
2026-04-28 13:58:56,030 - => Stage 1 client 2 epoch 20/20, ce loss: 1.0421, train anchor loss: 0.4445, total loss: 1.1754, clean acc: 0.7167, eval anchor loss: 0.6054, backdoor acc: 0.9994
2026-04-28 13:58:56,060 - => Stage 1 final summary for passive client 2: best epoch: 20, clean acc: 0.7167, anchor loss: 0.6054, backdoor acc: 0.9994
2026-04-28 13:58:56,095 - => Stage 1 metrics were also saved to './results/AVGuard/threeclient_full_avguard_fixed_lambda_anchor_theta_supp_sensitivity/theta_supp_0.15/NUSWIDE/stage1/anchor_stage1\stage1_metrics.json'
2026-04-28 13:58:56,095 - => Saved stage1 passive-party local models and anchors to './results/AVGuard/threeclient_full_avguard_fixed_lambda_anchor_theta_supp_sensitivity/theta_supp_0.15/NUSWIDE/stage1/anchor_stage1'
2026-04-28 13:58:56,099 - => Saved anchor artifact to './results/AVGuard/threeclient_full_avguard_fixed_lambda_anchor_theta_supp_sensitivity/theta_supp_0.15/NUSWIDE/stage1/anchor_bank.pt'
2026-04-28 13:58:56,099 - => Stage 3 is ready; it will use Stage 1 client reliability from the loaded anchor state when available. Stage 2 client anchor-loss stats are optional diagnostics.
