2026-04-28 09:12:04,650 - Namespace(config='', data_dir='./dataset/', dataset='IEEE_CIS_FRAUD', device=0, results_dir='./results/AVGuard/threeclient_full_avguard_fixed_lambda_anchor_theta_supp_sensitivity/theta_supp_0.10/IEEE_CIS_FRAUD/stage1', seed=100, epoch=100, batch_size=256, client_num=3, pretrained_checkpoint='./results/AVGuard/threeclient_full_avguard_fixed_lambda_anchor_theta_supp_sensitivity/theta_supp_0.10/IEEE_CIS_FRAUD/stage1\\latest_checkpoint.pth.tar', test_checkpoint=None, resume_latest=True, lr=0.001, start_epoch=0, print_steps=10, early_stop=20, attack='LFBA', target_label=None, poison_rate=0.25, poison_dimensions=30, trigger_feature_clip=1.0, attack_client_num=2, feature_extractor='', select_rate=0.3, lfba_poison_source='gradient', random_select=False, poison_all=False, anchor_idx=1001, pretrain_stage=0, mode='pretrain_anchor', defense='anchor', defense_scheme='AVGuard', enable_stage1=True, force_stage1_retrain=True, enable_anchor_loss=True, lambda_anchor=0.5, lambda_stage1_anchor=0.5, anchor_pretrain_epochs=20, anchor_pretrain_early_stop=10, anchor_pretrain_min_delta=0.0001, anchor_scale=1, anchor_margin=0, anchor_bank_path='./results/AVGuard/threeclient_full_avguard_fixed_lambda_anchor_theta_supp_sensitivity/theta_supp_0.10/IEEE_CIS_FRAUD/stage1/anchor_artifact.pt', anchor_stage1_dir='./results/AVGuard/threeclient_full_avguard_fixed_lambda_anchor_theta_supp_sensitivity/theta_supp_0.10/IEEE_CIS_FRAUD/stage1/anchor_stage1', anchor_ema_momentum=1.0, anchor_ema_update_freq=1, stage3_enable_joint_weighted_voting=True, stage3_enable_static_reliability=True, disable_stage3_eval=False, gamma=2.0, theta_supp=0.15, stage3_required_support_count=2, enable_conservative_correction=False, tau_corr=0.0, top_k=4, stage3_debug_batches=0, stage3_debug_max_samples=8, original_dataset='IEEE-CIS-FRAUD', attack_target_label=None, anchor_margin_auto_adjusted=False, requested_anchor_margin=0)
2026-04-28 09:12:04,653 - => Canonicalized dataset name from 'IEEE-CIS-FRAUD' to 'IEEE_CIS_FRAUD'; legacy NUS-WIDE aliases now share the unified NUSWIDE entry
2026-04-28 09:12:04,654 - => Defense scheme: AVGuard
2026-04-28 09:12:04,655 - => LFBA poison-set source: gradient
2026-04-28 09:12:04,655 - => Python executable: D:\python3\generative-compression-master1\KAVF\python.exe
2026-04-28 09:12:04,655 - => Torch version: 2.7.1+cu126, compiled CUDA: 12.6, cuda available: True, visible GPU count: 1
2026-04-28 09:12:04,655 - => Using GPU cuda:0 (NVIDIA GeForce RTX 4080)
2026-04-28 09:12:04,656 - => Preparing data...
2026-04-28 09:12:05,924 - => IEEE-CIS-Fraud directory: ./dataset/data_raw\processed\IEEE-CIS-Fraud
2026-04-28 09:12:05,925 - => IEEE-CIS-Fraud feature dim: 432, train samples: 49591, test samples: 12398
2026-04-28 09:12:05,937 - => Resolved LFBA attack target label=1 from training anchor_idx=1001
2026-04-28 09:12:06,037 - => No checkpoint found at './results/AVGuard/threeclient_full_avguard_fixed_lambda_anchor_theta_supp_sensitivity/theta_supp_0.10/IEEE_CIS_FRAUD/stage1\latest_checkpoint.pth.tar'
2026-04-28 09:12:06,038 - => Enter Stage 1: passive local backbones are trained with active-party private two-layer MLP heads
2026-04-28 09:12:06,038 - => Stage 1 latest checkpoint path: './results/AVGuard/threeclient_full_avguard_fixed_lambda_anchor_theta_supp_sensitivity/theta_supp_0.10/IEEE_CIS_FRAUD/stage1\latest_checkpoint.pth.tar'
2026-04-28 09:12:06,115 - =>Add Trigger to Train Data
2026-04-28 09:12:06,824 - Add Trigger to 12397 Bad Samples, 37194 Clean Samples (0.25)
2026-04-28 09:12:06,828 - =>Add Trigger to Test Data
2026-04-28 09:12:07,338 - Add Trigger to 12398 Bad Samples, 0 Clean Samples (1.00)
2026-04-28 09:12:07,350 - => Stage 1 start for passive client 0
2026-04-28 09:12:07,351 - => Stage 1 early stop for passive client 0: patience=10, min_delta=0.000100
2026-04-28 09:12:11,608 - => Stage 1 client 0 epoch 1/20, ce loss: 0.5844, train anchor loss: 0.6609, total loss: 0.9149, clean acc: 0.7950, eval anchor loss: 0.1832, backdoor acc: 0.0000
2026-04-28 09:12:15,351 - => Stage 1 client 0 epoch 2/20, ce loss: 0.5575, train anchor loss: 0.1883, total loss: 0.6516, clean acc: 0.8084, eval anchor loss: 0.1975, backdoor acc: 0.0000
2026-04-28 09:12:18,781 - => Stage 1 client 0 epoch 3/20, ce loss: 0.5359, train anchor loss: 0.2028, total loss: 0.6373, clean acc: 0.8184, eval anchor loss: 0.1936, backdoor acc: 0.0000
2026-04-28 09:12:22,327 - => Stage 1 client 0 epoch 4/20, ce loss: 0.5232, train anchor loss: 0.2095, total loss: 0.6279, clean acc: 0.8212, eval anchor loss: 0.2183, backdoor acc: 0.0000
2026-04-28 09:12:25,990 - => Stage 1 client 0 epoch 5/20, ce loss: 0.5071, train anchor loss: 0.2172, total loss: 0.6157, clean acc: 0.8251, eval anchor loss: 0.2319, backdoor acc: 0.0000
2026-04-28 09:12:29,526 - => Stage 1 client 0 epoch 6/20, ce loss: 0.4960, train anchor loss: 0.2243, total loss: 0.6081, clean acc: 0.8276, eval anchor loss: 0.2399, backdoor acc: 0.0000
2026-04-28 09:12:33,431 - => Stage 1 client 0 epoch 7/20, ce loss: 0.4813, train anchor loss: 0.2316, total loss: 0.5971, clean acc: 0.8376, eval anchor loss: 0.2472, backdoor acc: 0.0000
2026-04-28 09:12:37,251 - => Stage 1 client 0 epoch 8/20, ce loss: 0.4724, train anchor loss: 0.2346, total loss: 0.5897, clean acc: 0.8359, eval anchor loss: 0.2415, backdoor acc: 0.0000
2026-04-28 09:12:41,265 - => Stage 1 client 0 epoch 9/20, ce loss: 0.4681, train anchor loss: 0.2321, total loss: 0.5842, clean acc: 0.8340, eval anchor loss: 0.2459, backdoor acc: 0.0000
2026-04-28 09:12:45,136 - => Stage 1 client 0 epoch 10/20, ce loss: 0.4610, train anchor loss: 0.2322, total loss: 0.5771, clean acc: 0.8378, eval anchor loss: 0.2539, backdoor acc: 0.0000
2026-04-28 09:12:49,071 - => Stage 1 client 0 epoch 11/20, ce loss: 0.4574, train anchor loss: 0.2296, total loss: 0.5722, clean acc: 0.8424, eval anchor loss: 0.2577, backdoor acc: 0.0000
2026-04-28 09:12:52,901 - => Stage 1 client 0 epoch 12/20, ce loss: 0.4514, train anchor loss: 0.2284, total loss: 0.5656, clean acc: 0.8374, eval anchor loss: 0.2657, backdoor acc: 0.0000
2026-04-28 09:12:56,907 - => Stage 1 client 0 epoch 13/20, ce loss: 0.4494, train anchor loss: 0.2294, total loss: 0.5641, clean acc: 0.8426, eval anchor loss: 0.2719, backdoor acc: 0.0000
2026-04-28 09:13:00,830 - => Stage 1 client 0 epoch 14/20, ce loss: 0.4462, train anchor loss: 0.2291, total loss: 0.5607, clean acc: 0.8439, eval anchor loss: 0.2700, backdoor acc: 0.0000
2026-04-28 09:13:04,775 - => Stage 1 client 0 epoch 15/20, ce loss: 0.4441, train anchor loss: 0.2265, total loss: 0.5574, clean acc: 0.8470, eval anchor loss: 0.2634, backdoor acc: 0.0000
2026-04-28 09:13:08,504 - => Stage 1 client 0 epoch 16/20, ce loss: 0.4386, train anchor loss: 0.2257, total loss: 0.5514, clean acc: 0.8475, eval anchor loss: 0.2676, backdoor acc: 0.0000
2026-04-28 09:13:12,443 - => Stage 1 client 0 epoch 17/20, ce loss: 0.4358, train anchor loss: 0.2255, total loss: 0.5485, clean acc: 0.8392, eval anchor loss: 0.2747, backdoor acc: 0.0000
2026-04-28 09:13:16,503 - => Stage 1 client 0 epoch 18/20, ce loss: 0.4350, train anchor loss: 0.2241, total loss: 0.5470, clean acc: 0.8450, eval anchor loss: 0.2713, backdoor acc: 0.0000
2026-04-28 09:13:20,421 - => Stage 1 client 0 epoch 19/20, ce loss: 0.4321, train anchor loss: 0.2206, total loss: 0.5424, clean acc: 0.8483, eval anchor loss: 0.2699, backdoor acc: 0.0000
2026-04-28 09:13:24,397 - => Stage 1 client 0 epoch 20/20, ce loss: 0.4316, train anchor loss: 0.2211, total loss: 0.5422, clean acc: 0.8468, eval anchor loss: 0.2721, backdoor acc: 0.0000
2026-04-28 09:13:24,431 - => Stage 1 final summary for passive client 0: best epoch: 19, clean acc: 0.8483, anchor loss: 0.2699, backdoor acc: 0.0000
2026-04-28 09:13:24,434 - => Stage 1 start for passive client 1
2026-04-28 09:13:24,434 - => Stage 1 early stop for passive client 1: patience=10, min_delta=0.000100
2026-04-28 09:13:28,233 - => Stage 1 client 1 epoch 1/20, ce loss: 0.5903, train anchor loss: 0.6774, total loss: 0.9290, clean acc: 0.7843, eval anchor loss: 0.1986, backdoor acc: 0.0000
2026-04-28 09:13:32,237 - => Stage 1 client 1 epoch 2/20, ce loss: 0.5914, train anchor loss: 0.1659, total loss: 0.6744, clean acc: 0.7898, eval anchor loss: 0.1578, backdoor acc: 0.0000
2026-04-28 09:13:36,172 - => Stage 1 client 1 epoch 3/20, ce loss: 0.5809, train anchor loss: 0.1687, total loss: 0.6652, clean acc: 0.7910, eval anchor loss: 0.1677, backdoor acc: 0.0000
2026-04-28 09:13:40,067 - => Stage 1 client 1 epoch 4/20, ce loss: 0.5728, train anchor loss: 0.1794, total loss: 0.6625, clean acc: 0.7928, eval anchor loss: 0.1881, backdoor acc: 0.0000
2026-04-28 09:13:43,959 - => Stage 1 client 1 epoch 5/20, ce loss: 0.5672, train anchor loss: 0.1865, total loss: 0.6604, clean acc: 0.7917, eval anchor loss: 0.1848, backdoor acc: 0.0000
2026-04-28 09:13:48,001 - => Stage 1 client 1 epoch 6/20, ce loss: 0.5657, train anchor loss: 0.1853, total loss: 0.6584, clean acc: 0.7939, eval anchor loss: 0.1957, backdoor acc: 0.0000
2026-04-28 09:13:51,967 - => Stage 1 client 1 epoch 7/20, ce loss: 0.5601, train anchor loss: 0.1932, total loss: 0.6567, clean acc: 0.7917, eval anchor loss: 0.1976, backdoor acc: 0.0000
2026-04-28 09:13:55,856 - => Stage 1 client 1 epoch 8/20, ce loss: 0.5581, train anchor loss: 0.1942, total loss: 0.6552, clean acc: 0.7954, eval anchor loss: 0.2064, backdoor acc: 0.0000
2026-04-28 09:13:59,752 - => Stage 1 client 1 epoch 9/20, ce loss: 0.5552, train anchor loss: 0.1973, total loss: 0.6538, clean acc: 0.7952, eval anchor loss: 0.2046, backdoor acc: 0.0000
2026-04-28 09:14:03,798 - => Stage 1 client 1 epoch 10/20, ce loss: 0.5544, train anchor loss: 0.1981, total loss: 0.6535, clean acc: 0.7925, eval anchor loss: 0.2020, backdoor acc: 0.0000
2026-04-28 09:14:07,597 - => Stage 1 client 1 epoch 11/20, ce loss: 0.5537, train anchor loss: 0.1985, total loss: 0.6529, clean acc: 0.7956, eval anchor loss: 0.2140, backdoor acc: 0.0000
2026-04-28 09:14:11,507 - => Stage 1 client 1 epoch 12/20, ce loss: 0.5491, train anchor loss: 0.2045, total loss: 0.6514, clean acc: 0.7955, eval anchor loss: 0.1922, backdoor acc: 0.0000
2026-04-28 09:14:15,407 - => Stage 1 client 1 epoch 13/20, ce loss: 0.5501, train anchor loss: 0.2009, total loss: 0.6505, clean acc: 0.7923, eval anchor loss: 0.2072, backdoor acc: 0.0000
2026-04-28 09:14:19,271 - => Stage 1 client 1 epoch 14/20, ce loss: 0.5483, train anchor loss: 0.2035, total loss: 0.6501, clean acc: 0.7960, eval anchor loss: 0.2090, backdoor acc: 0.0000
2026-04-28 09:14:23,255 - => Stage 1 client 1 epoch 15/20, ce loss: 0.5460, train anchor loss: 0.2048, total loss: 0.6484, clean acc: 0.7973, eval anchor loss: 0.2253, backdoor acc: 0.0000
2026-04-28 09:14:27,238 - => Stage 1 client 1 epoch 16/20, ce loss: 0.5442, train anchor loss: 0.2071, total loss: 0.6478, clean acc: 0.7978, eval anchor loss: 0.2177, backdoor acc: 0.0000
2026-04-28 09:14:31,123 - => Stage 1 client 1 epoch 17/20, ce loss: 0.5412, train anchor loss: 0.2115, total loss: 0.6469, clean acc: 0.7955, eval anchor loss: 0.2015, backdoor acc: 0.0000
2026-04-28 09:14:35,056 - => Stage 1 client 1 epoch 18/20, ce loss: 0.5434, train anchor loss: 0.2062, total loss: 0.6465, clean acc: 0.7965, eval anchor loss: 0.2140, backdoor acc: 0.0000
2026-04-28 09:14:39,082 - => Stage 1 client 1 epoch 19/20, ce loss: 0.5405, train anchor loss: 0.2111, total loss: 0.6460, clean acc: 0.7980, eval anchor loss: 0.2103, backdoor acc: 0.0000
2026-04-28 09:14:42,934 - => Stage 1 client 1 epoch 20/20, ce loss: 0.5392, train anchor loss: 0.2119, total loss: 0.6451, clean acc: 0.7984, eval anchor loss: 0.2217, backdoor acc: 0.0000
2026-04-28 09:14:42,972 - => Stage 1 final summary for passive client 1: best epoch: 20, clean acc: 0.7984, anchor loss: 0.2217, backdoor acc: 0.0000
2026-04-28 09:14:42,975 - => Stage 1 start for passive client 2
2026-04-28 09:14:42,975 - => Stage 1 early stop for passive client 2: patience=10, min_delta=0.000100
2026-04-28 09:14:47,132 - => Stage 1 client 2 epoch 1/20, ce loss: 0.5512, train anchor loss: 0.7401, total loss: 0.9212, clean acc: 0.7631, eval anchor loss: 0.2902, backdoor acc: 1.0000
2026-04-28 09:14:51,381 - => Stage 1 client 2 epoch 2/20, ce loss: 0.5085, train anchor loss: 0.2366, total loss: 0.6268, clean acc: 0.7715, eval anchor loss: 0.2787, backdoor acc: 1.0000
2026-04-28 09:14:55,759 - => Stage 1 client 2 epoch 3/20, ce loss: 0.5001, train anchor loss: 0.2283, total loss: 0.6142, clean acc: 0.7721, eval anchor loss: 0.3078, backdoor acc: 1.0000
2026-04-28 09:15:00,007 - => Stage 1 client 2 epoch 4/20, ce loss: 0.4885, train anchor loss: 0.2361, total loss: 0.6065, clean acc: 0.7850, eval anchor loss: 0.2976, backdoor acc: 1.0000
2026-04-28 09:15:04,274 - => Stage 1 client 2 epoch 5/20, ce loss: 0.4826, train anchor loss: 0.2375, total loss: 0.6014, clean acc: 0.7845, eval anchor loss: 0.3072, backdoor acc: 1.0000
2026-04-28 09:15:08,594 - => Stage 1 client 2 epoch 6/20, ce loss: 0.4822, train anchor loss: 0.2419, total loss: 0.6031, clean acc: 0.7880, eval anchor loss: 0.2866, backdoor acc: 1.0000
2026-04-28 09:15:12,818 - => Stage 1 client 2 epoch 7/20, ce loss: 0.4802, train anchor loss: 0.2356, total loss: 0.5980, clean acc: 0.7908, eval anchor loss: 0.2959, backdoor acc: 1.0000
2026-04-28 09:15:17,043 - => Stage 1 client 2 epoch 8/20, ce loss: 0.4775, train anchor loss: 0.2342, total loss: 0.5946, clean acc: 0.7878, eval anchor loss: 0.3079, backdoor acc: 1.0000
2026-04-28 09:15:21,272 - => Stage 1 client 2 epoch 9/20, ce loss: 0.4777, train anchor loss: 0.2348, total loss: 0.5951, clean acc: 0.7908, eval anchor loss: 0.2952, backdoor acc: 1.0000
2026-04-28 09:15:25,775 - => Stage 1 client 2 epoch 10/20, ce loss: 0.4759, train anchor loss: 0.2337, total loss: 0.5928, clean acc: 0.7879, eval anchor loss: 0.2970, backdoor acc: 1.0000
2026-04-28 09:15:30,003 - => Stage 1 client 2 epoch 11/20, ce loss: 0.4749, train anchor loss: 0.2332, total loss: 0.5915, clean acc: 0.7938, eval anchor loss: 0.2941, backdoor acc: 1.0000
2026-04-28 09:15:34,689 - => Stage 1 client 2 epoch 12/20, ce loss: 0.4746, train anchor loss: 0.2325, total loss: 0.5908, clean acc: 0.7798, eval anchor loss: 0.3019, backdoor acc: 1.0000
2026-04-28 09:15:38,945 - => Stage 1 client 2 epoch 13/20, ce loss: 0.4734, train anchor loss: 0.2332, total loss: 0.5900, clean acc: 0.7917, eval anchor loss: 0.3012, backdoor acc: 1.0000
2026-04-28 09:15:43,274 - => Stage 1 client 2 epoch 14/20, ce loss: 0.4760, train anchor loss: 0.2336, total loss: 0.5928, clean acc: 0.7950, eval anchor loss: 0.2893, backdoor acc: 1.0000
2026-04-28 09:15:47,546 - => Stage 1 client 2 epoch 15/20, ce loss: 0.4711, train anchor loss: 0.2306, total loss: 0.5864, clean acc: 0.7863, eval anchor loss: 0.3146, backdoor acc: 1.0000
2026-04-28 09:15:51,763 - => Stage 1 client 2 epoch 16/20, ce loss: 0.4728, train anchor loss: 0.2324, total loss: 0.5890, clean acc: 0.7879, eval anchor loss: 0.2978, backdoor acc: 1.0000
2026-04-28 09:15:56,182 - => Stage 1 client 2 epoch 17/20, ce loss: 0.4718, train anchor loss: 0.2326, total loss: 0.5881, clean acc: 0.7947, eval anchor loss: 0.2930, backdoor acc: 1.0000
2026-04-28 09:16:00,476 - => Stage 1 client 2 epoch 18/20, ce loss: 0.4716, train anchor loss: 0.2339, total loss: 0.5885, clean acc: 0.7978, eval anchor loss: 0.2855, backdoor acc: 1.0000
2026-04-28 09:16:04,804 - => Stage 1 client 2 epoch 19/20, ce loss: 0.4698, train anchor loss: 0.2317, total loss: 0.5857, clean acc: 0.7804, eval anchor loss: 0.3480, backdoor acc: 1.0000
2026-04-28 09:16:09,052 - => Stage 1 client 2 epoch 20/20, ce loss: 0.4701, train anchor loss: 0.2316, total loss: 0.5859, clean acc: 0.7962, eval anchor loss: 0.2999, backdoor acc: 1.0000
2026-04-28 09:16:09,093 - => Stage 1 final summary for passive client 2: best epoch: 18, clean acc: 0.7978, anchor loss: 0.2855, backdoor acc: 1.0000
2026-04-28 09:16:09,116 - => Stage 1 metrics were also saved to './results/AVGuard/threeclient_full_avguard_fixed_lambda_anchor_theta_supp_sensitivity/theta_supp_0.10/IEEE_CIS_FRAUD/stage1/anchor_stage1\stage1_metrics.json'
2026-04-28 09:16:09,117 - => Saved stage1 passive-party local models and anchors to './results/AVGuard/threeclient_full_avguard_fixed_lambda_anchor_theta_supp_sensitivity/theta_supp_0.10/IEEE_CIS_FRAUD/stage1/anchor_stage1'
2026-04-28 09:16:09,123 - => Saved anchor artifact to './results/AVGuard/threeclient_full_avguard_fixed_lambda_anchor_theta_supp_sensitivity/theta_supp_0.10/IEEE_CIS_FRAUD/stage1/anchor_artifact.pt'
2026-04-28 09:16:09,123 - => Stage 3 is ready; it will use Stage 1 client reliability from the loaded anchor state when available. Stage 2 client anchor-loss stats are optional diagnostics.
