2026-04-27 11:11:47,612 - Namespace(config='', data_dir='./dataset/data_raw/', dataset='NUSWIDE', device=0, results_dir='result/fourclient_full_avguard_fixed_lambda_anchor/NUSWIDE/raw_no_stage3', seed=100, epoch=100, batch_size=256, client_num=4, pretrained_checkpoint=None, test_checkpoint='result/fourclient_full_avguard_fixed_lambda_anchor/NUSWIDE/stage2/best_checkpoint.pth.tar', resume_latest=False, lr=0.001, start_epoch=0, print_steps=10, early_stop=20, attack='LFBA', target_label=None, poison_rate=0.1, poison_dimensions=10, trigger_feature_clip=1.0, attack_client_num=3, feature_extractor='', select_rate=0.3, lfba_poison_source='gradient', random_select=False, poison_all=False, anchor_idx=33930, pretrain_stage=0, mode='test', defense='anchor', defense_scheme='AVGuard', enable_stage1=True, force_stage1_retrain=False, enable_anchor_loss=True, lambda_anchor=0.5, lambda_stage1_anchor=0.3, anchor_pretrain_epochs=5, anchor_pretrain_early_stop=5, anchor_pretrain_min_delta=0.0001, anchor_scale=1.0, anchor_margin=0.0, anchor_bank_path='./results/AVGuard/fourclient_full_avguard_fixed_lambda_anchor/NUSWIDE/stage1/anchor_bank.pt', anchor_stage1_dir='./results/AVGuard/fourclient_full_avguard_fixed_lambda_anchor/NUSWIDE/stage1/anchor_stage1', anchor_ema_momentum=1.0, anchor_ema_update_freq=1, stage3_enable_joint_weighted_voting=True, stage3_enable_static_reliability=True, disable_stage3_eval=True, gamma=2.0, theta_supp=0.15, enable_conservative_correction=False, tau_corr=0.0, top_k=4, stage3_debug_batches=0, stage3_debug_max_samples=8, original_dataset='NUSWIDE', attack_target_label=None, anchor_margin_auto_adjusted=False, requested_anchor_margin=0.0)
2026-04-27 11:11:47,613 - => Defense scheme: AVGuard
2026-04-27 11:11:47,614 - => LFBA poison-set source: gradient
2026-04-27 11:11:47,614 - => Python executable: D:\Anaconda3\envs\pytorch\python.exe
2026-04-27 11:11:47,614 - => Torch version: 2.5.1+cpu, compiled CUDA: None, cuda available: False, visible GPU count: 0
2026-04-27 11:11:47,614 - => CUDA is unavailable, falling back to CPU
2026-04-27 11:11:47,614 - => Preparing data...
2026-04-27 11:12:42,902 - => NUSWIDE total feature dim: 1634, client_num: 4, local output dims: [60, 16, 8, 16]
2026-04-27 11:12:42,902 - => NUSWIDE fixed feature order: [CH | CM55 | CORR | EDH | WT | Tags1k]
2026-04-27 11:12:42,902 - => NUSWIDE split: client0 = TEXT[1000]
2026-04-27 11:12:42,903 - => NUSWIDE split: client1 = CH + CM55 [289]
2026-04-27 11:12:42,903 - => NUSWIDE split: client2 = CORR [144]
2026-04-27 11:12:42,903 - => NUSWIDE split: client3 = EDH + WT [201]
2026-04-27 11:12:42,903 - => NUSWIDE attacker client: client3
2026-04-27 11:12:43,104 - => Resolved LFBA attack target label=3 from training anchor_idx=33930
2026-04-27 11:12:43,114 - => Loading checkpoint 'result/fourclient_full_avguard_fixed_lambda_anchor/NUSWIDE/stage2/best_checkpoint.pth.tar'
2026-04-27 11:12:43,379 - => checkpoint 'result/fourclient_full_avguard_fixed_lambda_anchor/NUSWIDE/stage2/best_checkpoint.pth.tar' requires full pickle loading; falling back to weights_only=False
2026-04-27 11:12:43,460 - => Loaded checkpoint 'result/fourclient_full_avguard_fixed_lambda_anchor/NUSWIDE/stage2/best_checkpoint.pth.tar' (epoch 1, best clean accuracy: 0.6295)
2026-04-27 11:12:43,460 - => Stage 3 evaluation is disabled; reporting raw VFL clean accuracy and raw ASR from the loaded checkpoint
2026-04-27 11:12:43,593 - =>Add Trigger to Test Data
2026-04-27 11:12:46,473 - Add Trigger to 37064 Bad Samples, 9629 Clean Samples (1.00)
2026-04-27 11:12:46,478 - => Restored LFBA runtime state: cached_features=69966, poison_indexes=0, anchor_label=None
2026-04-27 11:12:46,478 - => Test ASR...
2026-04-27 11:12:46,678 - =>Add Trigger to Test Data
2026-04-27 11:12:49,704 - Add Trigger to 37064 Bad Samples, 9629 Clean Samples (1.00)
2026-04-27 11:12:53,645 - => Test Epoch: 1, main task samples: 46693, attack samples: 46693, test loss: 0.3310, clean acc: 0.8903, Top-4: 0.9966, ASR: 0.6928, RAC: 0.4251, test target accuracy: 0.9133, stage3 final accuracy: 0.8903, stage3 final target accuracy: 0.9133, stage3 final asr: 0.6928, anchor loss: 0.0000
2026-04-27 11:12:53,646 - => Stage 3 Detection Summary: recall: 0.0000, precision: 0.0000, f1: 0.0000, false positive rate: 0.0000, correction rate: 0.0000
