2026-04-28 03:33:58,397 - Namespace(config='', data_dir='./dataset/', dataset='IEEE_CIS_FRAUD', device=0, results_dir='./results/AVGuard/threeclient_full_avguard_fixed_lambda_anchor_theta_supp_sensitivity/theta_supp_0.05/IEEE_CIS_FRAUD/stage1', seed=100, epoch=100, batch_size=256, client_num=3, pretrained_checkpoint='./results/AVGuard/threeclient_full_avguard_fixed_lambda_anchor_theta_supp_sensitivity/theta_supp_0.05/IEEE_CIS_FRAUD/stage1\\latest_checkpoint.pth.tar', test_checkpoint=None, resume_latest=True, lr=0.001, start_epoch=0, print_steps=10, early_stop=20, attack='LFBA', target_label=None, poison_rate=0.25, poison_dimensions=30, trigger_feature_clip=1.0, attack_client_num=2, feature_extractor='', select_rate=0.3, lfba_poison_source='gradient', random_select=False, poison_all=False, anchor_idx=1001, pretrain_stage=0, mode='pretrain_anchor', defense='anchor', defense_scheme='AVGuard', enable_stage1=True, force_stage1_retrain=True, enable_anchor_loss=True, lambda_anchor=0.5, lambda_stage1_anchor=0.5, anchor_pretrain_epochs=20, anchor_pretrain_early_stop=10, anchor_pretrain_min_delta=0.0001, anchor_scale=1, anchor_margin=0, anchor_bank_path='./results/AVGuard/threeclient_full_avguard_fixed_lambda_anchor_theta_supp_sensitivity/theta_supp_0.05/IEEE_CIS_FRAUD/stage1/anchor_artifact.pt', anchor_stage1_dir='./results/AVGuard/threeclient_full_avguard_fixed_lambda_anchor_theta_supp_sensitivity/theta_supp_0.05/IEEE_CIS_FRAUD/stage1/anchor_stage1', anchor_ema_momentum=1.0, anchor_ema_update_freq=1, stage3_enable_joint_weighted_voting=True, stage3_enable_static_reliability=True, disable_stage3_eval=False, gamma=2.0, theta_supp=0.15, stage3_required_support_count=2, enable_conservative_correction=False, tau_corr=0.0, top_k=4, stage3_debug_batches=0, stage3_debug_max_samples=8, original_dataset='IEEE-CIS-FRAUD', attack_target_label=None, anchor_margin_auto_adjusted=False, requested_anchor_margin=0)
2026-04-28 03:33:58,400 - => Canonicalized dataset name from 'IEEE-CIS-FRAUD' to 'IEEE_CIS_FRAUD'; legacy NUS-WIDE aliases now share the unified NUSWIDE entry
2026-04-28 03:33:58,401 - => Defense scheme: AVGuard
2026-04-28 03:33:58,402 - => LFBA poison-set source: gradient
2026-04-28 03:33:58,402 - => Python executable: D:\python3\generative-compression-master1\KAVF\python.exe
2026-04-28 03:33:58,403 - => Torch version: 2.7.1+cu126, compiled CUDA: 12.6, cuda available: True, visible GPU count: 1
2026-04-28 03:33:58,404 - => Using GPU cuda:0 (NVIDIA GeForce RTX 4080)
2026-04-28 03:33:58,405 - => Preparing data...
2026-04-28 03:33:59,630 - => IEEE-CIS-Fraud directory: ./dataset/data_raw\processed\IEEE-CIS-Fraud
2026-04-28 03:33:59,631 - => IEEE-CIS-Fraud feature dim: 432, train samples: 49591, test samples: 12398
2026-04-28 03:33:59,643 - => Resolved LFBA attack target label=1 from training anchor_idx=1001
2026-04-28 03:33:59,751 - => No checkpoint found at './results/AVGuard/threeclient_full_avguard_fixed_lambda_anchor_theta_supp_sensitivity/theta_supp_0.05/IEEE_CIS_FRAUD/stage1\latest_checkpoint.pth.tar'
2026-04-28 03:33:59,752 - => Enter Stage 1: passive local backbones are trained with active-party private two-layer MLP heads
2026-04-28 03:33:59,752 - => Stage 1 latest checkpoint path: './results/AVGuard/threeclient_full_avguard_fixed_lambda_anchor_theta_supp_sensitivity/theta_supp_0.05/IEEE_CIS_FRAUD/stage1\latest_checkpoint.pth.tar'
2026-04-28 03:33:59,830 - =>Add Trigger to Train Data
2026-04-28 03:34:00,533 - Add Trigger to 12397 Bad Samples, 37194 Clean Samples (0.25)
2026-04-28 03:34:00,538 - =>Add Trigger to Test Data
2026-04-28 03:34:00,999 - Add Trigger to 12398 Bad Samples, 0 Clean Samples (1.00)
2026-04-28 03:34:01,009 - => Stage 1 start for passive client 0
2026-04-28 03:34:01,010 - => Stage 1 early stop for passive client 0: patience=10, min_delta=0.000100
2026-04-28 03:34:05,245 - => Stage 1 client 0 epoch 1/20, ce loss: 0.5844, train anchor loss: 0.6609, total loss: 0.9149, clean acc: 0.7950, eval anchor loss: 0.1832, backdoor acc: 0.0000
2026-04-28 03:34:09,175 - => Stage 1 client 0 epoch 2/20, ce loss: 0.5575, train anchor loss: 0.1883, total loss: 0.6516, clean acc: 0.8084, eval anchor loss: 0.1975, backdoor acc: 0.0000
2026-04-28 03:34:13,208 - => Stage 1 client 0 epoch 3/20, ce loss: 0.5359, train anchor loss: 0.2028, total loss: 0.6373, clean acc: 0.8184, eval anchor loss: 0.1936, backdoor acc: 0.0000
2026-04-28 03:34:17,258 - => Stage 1 client 0 epoch 4/20, ce loss: 0.5232, train anchor loss: 0.2095, total loss: 0.6279, clean acc: 0.8212, eval anchor loss: 0.2183, backdoor acc: 0.0000
2026-04-28 03:34:21,395 - => Stage 1 client 0 epoch 5/20, ce loss: 0.5071, train anchor loss: 0.2172, total loss: 0.6157, clean acc: 0.8251, eval anchor loss: 0.2319, backdoor acc: 0.0000
2026-04-28 03:34:25,391 - => Stage 1 client 0 epoch 6/20, ce loss: 0.4960, train anchor loss: 0.2243, total loss: 0.6081, clean acc: 0.8284, eval anchor loss: 0.2392, backdoor acc: 0.0000
2026-04-28 03:34:29,371 - => Stage 1 client 0 epoch 7/20, ce loss: 0.4814, train anchor loss: 0.2311, total loss: 0.5969, clean acc: 0.8368, eval anchor loss: 0.2484, backdoor acc: 0.0000
2026-04-28 03:34:33,398 - => Stage 1 client 0 epoch 8/20, ce loss: 0.4729, train anchor loss: 0.2340, total loss: 0.5899, clean acc: 0.8368, eval anchor loss: 0.2446, backdoor acc: 0.0000
2026-04-28 03:34:37,116 - => Stage 1 client 0 epoch 9/20, ce loss: 0.4684, train anchor loss: 0.2326, total loss: 0.5847, clean acc: 0.8311, eval anchor loss: 0.2601, backdoor acc: 0.0000
2026-04-28 03:34:41,109 - => Stage 1 client 0 epoch 10/20, ce loss: 0.4622, train anchor loss: 0.2331, total loss: 0.5787, clean acc: 0.8402, eval anchor loss: 0.2469, backdoor acc: 0.0000
2026-04-28 03:34:45,138 - => Stage 1 client 0 epoch 11/20, ce loss: 0.4559, train anchor loss: 0.2283, total loss: 0.5700, clean acc: 0.8409, eval anchor loss: 0.2576, backdoor acc: 0.0000
2026-04-28 03:34:49,089 - => Stage 1 client 0 epoch 12/20, ce loss: 0.4520, train anchor loss: 0.2279, total loss: 0.5660, clean acc: 0.8389, eval anchor loss: 0.2644, backdoor acc: 0.0000
2026-04-28 03:34:53,158 - => Stage 1 client 0 epoch 13/20, ce loss: 0.4478, train anchor loss: 0.2280, total loss: 0.5618, clean acc: 0.8425, eval anchor loss: 0.2720, backdoor acc: 0.0000
2026-04-28 03:34:57,120 - => Stage 1 client 0 epoch 14/20, ce loss: 0.4447, train anchor loss: 0.2274, total loss: 0.5584, clean acc: 0.8466, eval anchor loss: 0.2674, backdoor acc: 0.0000
2026-04-28 03:35:01,141 - => Stage 1 client 0 epoch 15/20, ce loss: 0.4425, train anchor loss: 0.2257, total loss: 0.5554, clean acc: 0.8451, eval anchor loss: 0.2716, backdoor acc: 0.0000
2026-04-28 03:35:05,143 - => Stage 1 client 0 epoch 16/20, ce loss: 0.4395, train anchor loss: 0.2268, total loss: 0.5529, clean acc: 0.8475, eval anchor loss: 0.2593, backdoor acc: 0.0000
2026-04-28 03:35:08,768 - => Stage 1 client 0 epoch 17/20, ce loss: 0.4367, train anchor loss: 0.2245, total loss: 0.5490, clean acc: 0.8392, eval anchor loss: 0.2786, backdoor acc: 0.0000
2026-04-28 03:35:12,830 - => Stage 1 client 0 epoch 18/20, ce loss: 0.4327, train anchor loss: 0.2221, total loss: 0.5437, clean acc: 0.8487, eval anchor loss: 0.2706, backdoor acc: 0.0000
2026-04-28 03:35:16,864 - => Stage 1 client 0 epoch 19/20, ce loss: 0.4310, train anchor loss: 0.2215, total loss: 0.5417, clean acc: 0.8503, eval anchor loss: 0.2673, backdoor acc: 0.0000
2026-04-28 03:35:20,875 - => Stage 1 client 0 epoch 20/20, ce loss: 0.4315, train anchor loss: 0.2216, total loss: 0.5423, clean acc: 0.8467, eval anchor loss: 0.2758, backdoor acc: 0.0000
2026-04-28 03:35:20,913 - => Stage 1 final summary for passive client 0: best epoch: 19, clean acc: 0.8503, anchor loss: 0.2673, backdoor acc: 0.0000
2026-04-28 03:35:20,915 - => Stage 1 start for passive client 1
2026-04-28 03:35:20,915 - => Stage 1 early stop for passive client 1: patience=10, min_delta=0.000100
2026-04-28 03:35:24,871 - => Stage 1 client 1 epoch 1/20, ce loss: 0.5903, train anchor loss: 0.6774, total loss: 0.9290, clean acc: 0.7843, eval anchor loss: 0.1986, backdoor acc: 0.0000
2026-04-28 03:35:28,956 - => Stage 1 client 1 epoch 2/20, ce loss: 0.5914, train anchor loss: 0.1659, total loss: 0.6744, clean acc: 0.7898, eval anchor loss: 0.1578, backdoor acc: 0.0000
2026-04-28 03:35:32,873 - => Stage 1 client 1 epoch 3/20, ce loss: 0.5809, train anchor loss: 0.1688, total loss: 0.6653, clean acc: 0.7913, eval anchor loss: 0.1668, backdoor acc: 0.0000
2026-04-28 03:35:36,874 - => Stage 1 client 1 epoch 4/20, ce loss: 0.5729, train anchor loss: 0.1791, total loss: 0.6625, clean acc: 0.7919, eval anchor loss: 0.1892, backdoor acc: 0.0000
2026-04-28 03:35:40,819 - => Stage 1 client 1 epoch 5/20, ce loss: 0.5672, train anchor loss: 0.1865, total loss: 0.6605, clean acc: 0.7904, eval anchor loss: 0.1852, backdoor acc: 0.0000
2026-04-28 03:35:44,926 - => Stage 1 client 1 epoch 6/20, ce loss: 0.5655, train anchor loss: 0.1854, total loss: 0.6582, clean acc: 0.7955, eval anchor loss: 0.1971, backdoor acc: 0.0000
2026-04-28 03:35:48,914 - => Stage 1 client 1 epoch 7/20, ce loss: 0.5600, train anchor loss: 0.1933, total loss: 0.6566, clean acc: 0.7909, eval anchor loss: 0.1988, backdoor acc: 0.0000
2026-04-28 03:35:52,822 - => Stage 1 client 1 epoch 8/20, ce loss: 0.5577, train anchor loss: 0.1947, total loss: 0.6551, clean acc: 0.7956, eval anchor loss: 0.2081, backdoor acc: 0.0000
2026-04-28 03:35:56,517 - => Stage 1 client 1 epoch 9/20, ce loss: 0.5549, train anchor loss: 0.1977, total loss: 0.6537, clean acc: 0.7955, eval anchor loss: 0.2071, backdoor acc: 0.0000
2026-04-28 03:36:00,641 - => Stage 1 client 1 epoch 10/20, ce loss: 0.5548, train anchor loss: 0.1983, total loss: 0.6539, clean acc: 0.7945, eval anchor loss: 0.2011, backdoor acc: 0.0000
2026-04-28 03:36:04,607 - => Stage 1 client 1 epoch 11/20, ce loss: 0.5535, train anchor loss: 0.1982, total loss: 0.6526, clean acc: 0.7937, eval anchor loss: 0.2143, backdoor acc: 0.0000
2026-04-28 03:36:08,610 - => Stage 1 client 1 epoch 12/20, ce loss: 0.5491, train anchor loss: 0.2045, total loss: 0.6513, clean acc: 0.7947, eval anchor loss: 0.1949, backdoor acc: 0.0000
2026-04-28 03:36:12,571 - => Stage 1 client 1 epoch 13/20, ce loss: 0.5501, train anchor loss: 0.2009, total loss: 0.6505, clean acc: 0.7828, eval anchor loss: 0.2089, backdoor acc: 0.0000
2026-04-28 03:36:16,525 - => Stage 1 client 1 epoch 14/20, ce loss: 0.5482, train anchor loss: 0.2030, total loss: 0.6497, clean acc: 0.7967, eval anchor loss: 0.2101, backdoor acc: 0.0000
2026-04-28 03:36:20,648 - => Stage 1 client 1 epoch 15/20, ce loss: 0.5459, train anchor loss: 0.2050, total loss: 0.6484, clean acc: 0.7956, eval anchor loss: 0.2253, backdoor acc: 0.0000
2026-04-28 03:36:24,640 - => Stage 1 client 1 epoch 16/20, ce loss: 0.5435, train anchor loss: 0.2076, total loss: 0.6473, clean acc: 0.7957, eval anchor loss: 0.2202, backdoor acc: 0.0000
2026-04-28 03:36:28,716 - => Stage 1 client 1 epoch 17/20, ce loss: 0.5420, train anchor loss: 0.2112, total loss: 0.6476, clean acc: 0.7963, eval anchor loss: 0.2000, backdoor acc: 0.0000
2026-04-28 03:36:32,792 - => Stage 1 client 1 epoch 18/20, ce loss: 0.5433, train anchor loss: 0.2065, total loss: 0.6466, clean acc: 0.7959, eval anchor loss: 0.2142, backdoor acc: 0.0000
2026-04-28 03:36:36,955 - => Stage 1 client 1 epoch 19/20, ce loss: 0.5400, train anchor loss: 0.2117, total loss: 0.6459, clean acc: 0.7974, eval anchor loss: 0.2114, backdoor acc: 0.0000
2026-04-28 03:36:40,955 - => Stage 1 client 1 epoch 20/20, ce loss: 0.5394, train anchor loss: 0.2117, total loss: 0.6452, clean acc: 0.7967, eval anchor loss: 0.2248, backdoor acc: 0.0000
2026-04-28 03:36:40,987 - => Stage 1 final summary for passive client 1: best epoch: 19, clean acc: 0.7974, anchor loss: 0.2114, backdoor acc: 0.0000
2026-04-28 03:36:40,989 - => Stage 1 start for passive client 2
2026-04-28 03:36:40,989 - => Stage 1 early stop for passive client 2: patience=10, min_delta=0.000100
2026-04-28 03:36:45,281 - => Stage 1 client 2 epoch 1/20, ce loss: 0.5503, train anchor loss: 0.7385, total loss: 0.9195, clean acc: 0.7640, eval anchor loss: 0.3100, backdoor acc: 1.0000
2026-04-28 03:36:49,610 - => Stage 1 client 2 epoch 2/20, ce loss: 0.5061, train anchor loss: 0.2370, total loss: 0.6246, clean acc: 0.7726, eval anchor loss: 0.2892, backdoor acc: 1.0000
2026-04-28 03:36:53,984 - => Stage 1 client 2 epoch 3/20, ce loss: 0.4979, train anchor loss: 0.2329, total loss: 0.6143, clean acc: 0.7683, eval anchor loss: 0.3187, backdoor acc: 1.0000
2026-04-28 03:36:58,253 - => Stage 1 client 2 epoch 4/20, ce loss: 0.4873, train anchor loss: 0.2379, total loss: 0.6062, clean acc: 0.7863, eval anchor loss: 0.2951, backdoor acc: 1.0000
2026-04-28 03:37:02,574 - => Stage 1 client 2 epoch 5/20, ce loss: 0.4833, train anchor loss: 0.2397, total loss: 0.6032, clean acc: 0.7832, eval anchor loss: 0.3010, backdoor acc: 1.0000
2026-04-28 03:37:07,034 - => Stage 1 client 2 epoch 6/20, ce loss: 0.4834, train anchor loss: 0.2408, total loss: 0.6038, clean acc: 0.7896, eval anchor loss: 0.2859, backdoor acc: 1.0000
2026-04-28 03:37:10,989 - => Stage 1 client 2 epoch 7/20, ce loss: 0.4795, train anchor loss: 0.2340, total loss: 0.5965, clean acc: 0.7897, eval anchor loss: 0.2908, backdoor acc: 1.0000
2026-04-28 03:37:15,354 - => Stage 1 client 2 epoch 8/20, ce loss: 0.4776, train anchor loss: 0.2327, total loss: 0.5940, clean acc: 0.7875, eval anchor loss: 0.3048, backdoor acc: 0.9999
2026-04-28 03:37:19,699 - => Stage 1 client 2 epoch 9/20, ce loss: 0.4783, train anchor loss: 0.2360, total loss: 0.5963, clean acc: 0.7889, eval anchor loss: 0.2996, backdoor acc: 1.0000
2026-04-28 03:37:24,114 - => Stage 1 client 2 epoch 10/20, ce loss: 0.4759, train anchor loss: 0.2338, total loss: 0.5928, clean acc: 0.7905, eval anchor loss: 0.2865, backdoor acc: 1.0000
2026-04-28 03:37:28,437 - => Stage 1 client 2 epoch 11/20, ce loss: 0.4752, train anchor loss: 0.2333, total loss: 0.5918, clean acc: 0.7940, eval anchor loss: 0.2941, backdoor acc: 1.0000
2026-04-28 03:37:32,729 - => Stage 1 client 2 epoch 12/20, ce loss: 0.4749, train anchor loss: 0.2316, total loss: 0.5907, clean acc: 0.7938, eval anchor loss: 0.2953, backdoor acc: 1.0000
2026-04-28 03:37:37,079 - => Stage 1 client 2 epoch 13/20, ce loss: 0.4736, train anchor loss: 0.2331, total loss: 0.5901, clean acc: 0.7895, eval anchor loss: 0.3104, backdoor acc: 1.0000
2026-04-28 03:37:41,485 - => Stage 1 client 2 epoch 14/20, ce loss: 0.4756, train anchor loss: 0.2330, total loss: 0.5921, clean acc: 0.7927, eval anchor loss: 0.2950, backdoor acc: 1.0000
2026-04-28 03:37:45,822 - => Stage 1 client 2 epoch 15/20, ce loss: 0.4720, train anchor loss: 0.2304, total loss: 0.5872, clean acc: 0.7879, eval anchor loss: 0.3112, backdoor acc: 1.0000
2026-04-28 03:37:50,196 - => Stage 1 client 2 epoch 16/20, ce loss: 0.4727, train anchor loss: 0.2318, total loss: 0.5885, clean acc: 0.7899, eval anchor loss: 0.2982, backdoor acc: 1.0000
2026-04-28 03:37:54,608 - => Stage 1 client 2 epoch 17/20, ce loss: 0.4718, train anchor loss: 0.2314, total loss: 0.5875, clean acc: 0.7959, eval anchor loss: 0.2941, backdoor acc: 1.0000
2026-04-28 03:37:58,946 - => Stage 1 client 2 epoch 18/20, ce loss: 0.4721, train anchor loss: 0.2341, total loss: 0.5891, clean acc: 0.7950, eval anchor loss: 0.2877, backdoor acc: 1.0000
2026-04-28 03:38:03,291 - => Stage 1 client 2 epoch 19/20, ce loss: 0.4696, train anchor loss: 0.2312, total loss: 0.5852, clean acc: 0.7810, eval anchor loss: 0.3407, backdoor acc: 1.0000
2026-04-28 03:38:07,625 - => Stage 1 client 2 epoch 20/20, ce loss: 0.4710, train anchor loss: 0.2305, total loss: 0.5862, clean acc: 0.7963, eval anchor loss: 0.2964, backdoor acc: 1.0000
2026-04-28 03:38:07,660 - => Stage 1 final summary for passive client 2: best epoch: 20, clean acc: 0.7963, anchor loss: 0.2964, backdoor acc: 1.0000
2026-04-28 03:38:07,683 - => Stage 1 metrics were also saved to './results/AVGuard/threeclient_full_avguard_fixed_lambda_anchor_theta_supp_sensitivity/theta_supp_0.05/IEEE_CIS_FRAUD/stage1/anchor_stage1\stage1_metrics.json'
2026-04-28 03:38:07,683 - => Saved stage1 passive-party local models and anchors to './results/AVGuard/threeclient_full_avguard_fixed_lambda_anchor_theta_supp_sensitivity/theta_supp_0.05/IEEE_CIS_FRAUD/stage1/anchor_stage1'
2026-04-28 03:38:07,689 - => Saved anchor artifact to './results/AVGuard/threeclient_full_avguard_fixed_lambda_anchor_theta_supp_sensitivity/theta_supp_0.05/IEEE_CIS_FRAUD/stage1/anchor_artifact.pt'
2026-04-28 03:38:07,689 - => Stage 3 is ready; it will use Stage 1 client reliability from the loaded anchor state when available. Stage 2 client anchor-loss stats are optional diagnostics.
