2026-04-20 15:09:53,576 - Namespace(config='', data_dir='./dataset/data_raw/', dataset='CIFAR10', device=0, results_dir='./results/AVGuard/lambda_anchor_sensitivity/CIFAR10/lambda_anchor_0.25/stage3', seed=100, epoch=100, batch_size=256, client_num=3, pretrained_checkpoint=None, test_checkpoint='./results/AVGuard/lambda_anchor_sensitivity/CIFAR10/lambda_anchor_0.25/stage2/best_checkpoint.pth.tar', resume_latest=True, lr=0.001, start_epoch=0, print_steps=10, early_stop=20, attack='LFBA', target_label=None, poison_rate=0.05, poison_dimensions=5, trigger_feature_clip=1.0, attack_client_num=2, feature_extractor='', select_rate=0.5, lfba_poison_source='gradient', random_select=False, poison_all=False, anchor_idx=23470, pretrain_stage=0, mode='test', defense='anchor', defense_scheme='AVGuard', enable_stage1=True, force_stage1_retrain=False, enable_anchor_loss=True, lambda_anchor=0.25, lambda_stage1_anchor=0.5, anchor_pretrain_epochs=40, anchor_pretrain_early_stop=5, anchor_pretrain_min_delta=0.0001, anchor_scale=1.0, anchor_margin=0.0, anchor_bank_path='./results/AVGuard/lambda_anchor_sensitivity/CIFAR10/stage1/anchor_bank.pt', anchor_stage1_dir='./results/AVGuard/lambda_anchor_sensitivity/CIFAR10/stage1/anchor_stage1', anchor_ema_momentum=1.0, anchor_ema_update_freq=1, stage3_enable_joint_weighted_voting=True, stage3_enable_static_reliability=True, gamma=2.0, theta_supp=0.15, enable_conservative_correction=False, tau_corr=0.0, top_k=4, stage3_debug_batches=0, stage3_debug_max_samples=8, original_dataset='CIFAR10', attack_target_label=None, anchor_margin_auto_adjusted=False, requested_anchor_margin=0.0)
2026-04-20 15:09:53,578 - => Defense scheme: AVGuard
2026-04-20 15:09:53,578 - => LFBA poison-set source: gradient
2026-04-20 15:09:53,578 - => Python executable: D:\python3\generative-compression-master1\KAVF\python.exe
2026-04-20 15:09:53,579 - => Torch version: 2.7.1+cu126, compiled CUDA: 12.6, cuda available: True, visible GPU count: 1
2026-04-20 15:09:53,579 - => Using GPU cuda:0 (NVIDIA GeForce RTX 4080)
2026-04-20 15:09:53,579 - => Preparing data...
2026-04-20 15:09:55,363 - => Resolved LFBA attack target label=6 from training anchor_idx=23470
2026-04-20 15:09:56,586 - => Loading checkpoint './results/AVGuard/lambda_anchor_sensitivity/CIFAR10/lambda_anchor_0.25/stage2/best_checkpoint.pth.tar'
2026-04-20 15:09:57,283 - => checkpoint './results/AVGuard/lambda_anchor_sensitivity/CIFAR10/lambda_anchor_0.25/stage2/best_checkpoint.pth.tar' requires full pickle loading; falling back to weights_only=False
2026-04-20 15:09:57,800 - => Loaded checkpoint './results/AVGuard/lambda_anchor_sensitivity/CIFAR10/lambda_anchor_0.25/stage2/best_checkpoint.pth.tar' (epoch 44, best clean accuracy: 0.4399)
2026-04-20 15:09:57,801 - => Loading anchor defense state from checkpoint
2026-04-20 15:09:57,881 - => Stage 3 is ready; it will use Stage 1 client reliability from the loaded anchor state when available. Stage 2 client anchor-loss stats are optional diagnostics.
2026-04-20 15:09:57,899 - =>Add Trigger to Test Data
2026-04-20 15:09:57,998 - Add Trigger to 9000 Poison Samples, 1000 Clean Samples (1.00)
2026-04-20 15:09:58,025 - => Restored LFBA runtime state: cached_features=50000, poison_indexes=2500, anchor_label=6
2026-04-20 15:09:58,025 - => Test ASR...
2026-04-20 15:09:58,060 - =>Add Trigger to Test Data
2026-04-20 15:09:58,170 - Add Trigger to 9000 Poison Samples, 1000 Clean Samples (1.00)
2026-04-20 15:10:12,871 - => Test Epoch: 44, main task samples: 10000, attack samples: 10000, test loss: 0.5948, clean acc: 0.4398, Top-4: 0.9786, ASR: 0.0211, RAC: 0.5638, test target accuracy: 0.8360, stage3 final accuracy: 0.4398, stage3 final target accuracy: 0.3900, stage3 final asr: 0.0211, anchor loss: 0.1122
2026-04-20 15:10:12,872 - => Stage 3 Detection Summary: recall: 0.9804, precision: 0.6014, f1: 0.7455, false positive rate: 0.5765, correction rate: 0.5803
2026-04-20 15:10:12,872 - => Stage 3 Debug (clean): suspicious=5765/10000, correction_applied=5736, prediction_changed=5736, skipped_tied_vote=0, skipped_low_margin=0, skipped_other=29
2026-04-20 15:10:12,873 - => Stage 3 Debug (poison-valid): suspicious=8739/9000, correction_applied=8739, prediction_changed=8739, skipped_tied_vote=0, skipped_low_margin=0, skipped_other=0
2026-04-20 15:10:12,873 - => Stage 3 Debug (attack-success): suspicious=8722/8896, correction_applied=8722, prediction_changed=8722, corrected_to_true=5162
