2026-04-20 16:35:44,704 - Namespace(config='', data_dir='./dataset/data_raw/', dataset='CIFAR10', device=0, results_dir='./results/AVGuard/lambda_anchor_sensitivity/CIFAR10/lambda_anchor_0.5/stage3', seed=100, epoch=100, batch_size=256, client_num=3, pretrained_checkpoint=None, test_checkpoint='./results/AVGuard/lambda_anchor_sensitivity/CIFAR10/lambda_anchor_0.5/stage2/best_checkpoint.pth.tar', resume_latest=True, lr=0.001, start_epoch=0, print_steps=10, early_stop=20, attack='LFBA', target_label=None, poison_rate=0.05, poison_dimensions=5, trigger_feature_clip=1.0, attack_client_num=2, feature_extractor='', select_rate=0.5, lfba_poison_source='gradient', random_select=False, poison_all=False, anchor_idx=23470, pretrain_stage=0, mode='test', defense='anchor', defense_scheme='AVGuard', enable_stage1=True, force_stage1_retrain=False, enable_anchor_loss=True, lambda_anchor=0.5, lambda_stage1_anchor=0.5, anchor_pretrain_epochs=40, anchor_pretrain_early_stop=5, anchor_pretrain_min_delta=0.0001, anchor_scale=1.0, anchor_margin=0.0, anchor_bank_path='./results/AVGuard/lambda_anchor_sensitivity/CIFAR10/stage1/anchor_bank.pt', anchor_stage1_dir='./results/AVGuard/lambda_anchor_sensitivity/CIFAR10/stage1/anchor_stage1', anchor_ema_momentum=1.0, anchor_ema_update_freq=1, stage3_enable_joint_weighted_voting=True, stage3_enable_static_reliability=True, gamma=2.0, theta_supp=0.15, enable_conservative_correction=False, tau_corr=0.0, top_k=4, stage3_debug_batches=0, stage3_debug_max_samples=8, original_dataset='CIFAR10', attack_target_label=None, anchor_margin_auto_adjusted=False, requested_anchor_margin=0.0)
2026-04-20 16:35:44,706 - => Defense scheme: AVGuard
2026-04-20 16:35:44,707 - => LFBA poison-set source: gradient
2026-04-20 16:35:44,707 - => Python executable: D:\python3\generative-compression-master1\KAVF\python.exe
2026-04-20 16:35:44,707 - => Torch version: 2.7.1+cu126, compiled CUDA: 12.6, cuda available: True, visible GPU count: 1
2026-04-20 16:35:44,708 - => Using GPU cuda:0 (NVIDIA GeForce RTX 4080)
2026-04-20 16:35:44,708 - => Preparing data...
2026-04-20 16:35:46,471 - => Resolved LFBA attack target label=6 from training anchor_idx=23470
2026-04-20 16:35:47,675 - => Loading checkpoint './results/AVGuard/lambda_anchor_sensitivity/CIFAR10/lambda_anchor_0.5/stage2/best_checkpoint.pth.tar'
2026-04-20 16:35:48,334 - => checkpoint './results/AVGuard/lambda_anchor_sensitivity/CIFAR10/lambda_anchor_0.5/stage2/best_checkpoint.pth.tar' requires full pickle loading; falling back to weights_only=False
2026-04-20 16:35:48,807 - => Loaded checkpoint './results/AVGuard/lambda_anchor_sensitivity/CIFAR10/lambda_anchor_0.5/stage2/best_checkpoint.pth.tar' (epoch 41, best clean accuracy: 0.5118)
2026-04-20 16:35:48,808 - => Loading anchor defense state from checkpoint
2026-04-20 16:35:48,887 - => Stage 3 is ready; it will use Stage 1 client reliability from the loaded anchor state when available. Stage 2 client anchor-loss stats are optional diagnostics.
2026-04-20 16:35:48,906 - =>Add Trigger to Test Data
2026-04-20 16:35:49,004 - Add Trigger to 9000 Poison Samples, 1000 Clean Samples (1.00)
2026-04-20 16:35:49,028 - => Restored LFBA runtime state: cached_features=50000, poison_indexes=2500, anchor_label=6
2026-04-20 16:35:49,029 - => Test ASR...
2026-04-20 16:35:49,062 - =>Add Trigger to Test Data
2026-04-20 16:35:49,174 - Add Trigger to 9000 Poison Samples, 1000 Clean Samples (1.00)
2026-04-20 16:36:03,892 - => Test Epoch: 41, main task samples: 10000, attack samples: 10000, test loss: 0.5975, clean acc: 0.5118, Top-4: 0.9777, ASR: 0.0150, RAC: 0.6178, test target accuracy: 0.8410, stage3 final accuracy: 0.5118, stage3 final target accuracy: 0.4590, stage3 final asr: 0.0150, anchor loss: 0.0992
2026-04-20 16:36:03,893 - => Stage 3 Detection Summary: recall: 0.9855, precision: 0.6410, f1: 0.7767, false positive rate: 0.4954, correction rate: 0.6353
2026-04-20 16:36:03,894 - => Stage 3 Debug (clean): suspicious=4954/10000, correction_applied=4921, prediction_changed=4921, skipped_tied_vote=0, skipped_low_margin=0, skipped_other=33
2026-04-20 16:36:03,895 - => Stage 3 Debug (poison-valid): suspicious=8858/9000, correction_applied=8858, prediction_changed=8858, skipped_tied_vote=0, skipped_low_margin=0, skipped_other=0
2026-04-20 16:36:03,896 - => Stage 3 Debug (attack-success): suspicious=8853/8983, correction_applied=8853, prediction_changed=8853, corrected_to_true=5707
