2026-04-28 02:49:15,982 - Namespace(config='', data_dir='./dataset/data_raw/', dataset='NUSWIDE', device=0, results_dir='./results/AVGuard/threeclient_full_avguard_fixed_lambda_anchor_theta_supp_sensitivity/theta_supp_0.05/NUSWIDE/stage1', seed=100, epoch=100, batch_size=256, client_num=3, pretrained_checkpoint='./results/AVGuard/threeclient_full_avguard_fixed_lambda_anchor_theta_supp_sensitivity/theta_supp_0.05/NUSWIDE/stage1\\latest_checkpoint.pth.tar', test_checkpoint=None, resume_latest=True, lr=0.001, start_epoch=0, print_steps=10, early_stop=20, attack='LFBA', target_label=None, poison_rate=0.1, poison_dimensions=10, trigger_feature_clip=1.0, attack_client_num=2, feature_extractor='', select_rate=0.3, lfba_poison_source='gradient', random_select=False, poison_all=False, anchor_idx=33930, pretrain_stage=0, mode='pretrain_anchor', defense='anchor', defense_scheme='AVGuard', enable_stage1=True, force_stage1_retrain=True, enable_anchor_loss=True, lambda_anchor=0.5, lambda_stage1_anchor=0.3, anchor_pretrain_epochs=20, anchor_pretrain_early_stop=10, anchor_pretrain_min_delta=0.0001, anchor_scale=1, anchor_margin=0, anchor_bank_path='./results/AVGuard/threeclient_full_avguard_fixed_lambda_anchor_theta_supp_sensitivity/theta_supp_0.05/NUSWIDE/stage1/anchor_bank.pt', anchor_stage1_dir='./results/AVGuard/threeclient_full_avguard_fixed_lambda_anchor_theta_supp_sensitivity/theta_supp_0.05/NUSWIDE/stage1/anchor_stage1', anchor_ema_momentum=1.0, anchor_ema_update_freq=1, stage3_enable_joint_weighted_voting=True, stage3_enable_static_reliability=True, disable_stage3_eval=False, gamma=2.0, theta_supp=0.15, stage3_required_support_count=2, enable_conservative_correction=False, tau_corr=0.0, top_k=4, stage3_debug_batches=0, stage3_debug_max_samples=8, original_dataset='NUSWIDE', attack_target_label=None, anchor_margin_auto_adjusted=False, requested_anchor_margin=0)
2026-04-28 02:49:15,985 - => Defense scheme: AVGuard
2026-04-28 02:49:15,986 - => LFBA poison-set source: gradient
2026-04-28 02:49:15,987 - => Python executable: D:\python3\generative-compression-master1\KAVF\python.exe
2026-04-28 02:49:15,988 - => Torch version: 2.7.1+cu126, compiled CUDA: 12.6, cuda available: True, visible GPU count: 1
2026-04-28 02:49:15,988 - => Using GPU cuda:0 (NVIDIA GeForce RTX 4080)
2026-04-28 02:49:15,990 - => Preparing data...
2026-04-28 02:50:03,043 - => NUSWIDE total feature dim: 1634, client_num: 3, local output dims: [60, 24, 16]
2026-04-28 02:50:03,043 - => NUSWIDE fixed feature order: [CH | CM55 | CORR | EDH | WT | Tags1k]
2026-04-28 02:50:03,044 - => NUSWIDE split: client0 = TEXT[1000]
2026-04-28 02:50:03,044 - => NUSWIDE split: client1 = CH + CM55 + EDH [362]
2026-04-28 02:50:03,044 - => NUSWIDE split: client2 = CORR + WT [272]
2026-04-28 02:50:03,044 - => NUSWIDE attacker client: client2
2026-04-28 02:50:03,262 - => Resolved LFBA attack target label=3 from training anchor_idx=33930
2026-04-28 02:50:03,486 - => No checkpoint found at './results/AVGuard/threeclient_full_avguard_fixed_lambda_anchor_theta_supp_sensitivity/theta_supp_0.05/NUSWIDE/stage1\latest_checkpoint.pth.tar'
2026-04-28 02:50:03,487 - => Enter Stage 1: passive local backbones are trained with active-party private two-layer MLP heads
2026-04-28 02:50:03,487 - => Stage 1 latest checkpoint path: './results/AVGuard/threeclient_full_avguard_fixed_lambda_anchor_theta_supp_sensitivity/theta_supp_0.05/NUSWIDE/stage1\latest_checkpoint.pth.tar'
2026-04-28 02:50:04,354 - =>Add Trigger to Train Data
2026-04-28 02:50:04,810 - Add Trigger to 6996 Bad Samples, 62970 Clean Samples (0.10)
2026-04-28 02:50:04,900 - =>Add Trigger to Test Data
2026-04-28 02:50:06,663 - Add Trigger to 46693 Bad Samples, 0 Clean Samples (1.00)
2026-04-28 02:50:06,723 - => Stage 1 start for passive client 0
2026-04-28 02:50:06,724 - => Stage 1 early stop for passive client 0: patience=10, min_delta=0.000100
2026-04-28 02:50:15,097 - => Stage 1 client 0 epoch 1/20, ce loss: 1.1635, train anchor loss: 0.5805, total loss: 1.3377, clean acc: 0.8236, eval anchor loss: 0.3984, backdoor acc: 0.0000
2026-04-28 02:50:23,196 - => Stage 1 client 0 epoch 2/20, ce loss: 1.0112, train anchor loss: 0.3874, total loss: 1.1274, clean acc: 0.8265, eval anchor loss: 0.4058, backdoor acc: 0.0000
2026-04-28 02:50:31,257 - => Stage 1 client 0 epoch 3/20, ce loss: 0.9892, train anchor loss: 0.3651, total loss: 1.0987, clean acc: 0.8286, eval anchor loss: 0.4129, backdoor acc: 0.0000
2026-04-28 02:50:39,925 - => Stage 1 client 0 epoch 4/20, ce loss: 0.9770, train anchor loss: 0.3475, total loss: 1.0812, clean acc: 0.8274, eval anchor loss: 0.4169, backdoor acc: 0.0000
2026-04-28 02:50:48,408 - => Stage 1 client 0 epoch 5/20, ce loss: 0.9675, train anchor loss: 0.3329, total loss: 1.0674, clean acc: 0.8272, eval anchor loss: 0.4260, backdoor acc: 0.0000
2026-04-28 02:50:57,322 - => Stage 1 client 0 epoch 6/20, ce loss: 0.9592, train anchor loss: 0.3188, total loss: 1.0549, clean acc: 0.8285, eval anchor loss: 0.4293, backdoor acc: 0.0000
2026-04-28 02:51:06,451 - => Stage 1 client 0 epoch 7/20, ce loss: 0.9525, train anchor loss: 0.3085, total loss: 1.0450, clean acc: 0.8276, eval anchor loss: 0.4303, backdoor acc: 0.0000
2026-04-28 02:51:14,734 - => Stage 1 client 0 epoch 8/20, ce loss: 0.9490, train anchor loss: 0.3028, total loss: 1.0398, clean acc: 0.8247, eval anchor loss: 0.4391, backdoor acc: 0.0000
2026-04-28 02:51:22,886 - => Stage 1 client 0 epoch 9/20, ce loss: 0.9472, train anchor loss: 0.2993, total loss: 1.0370, clean acc: 0.8282, eval anchor loss: 0.4367, backdoor acc: 0.0000
2026-04-28 02:51:30,960 - => Stage 1 client 0 epoch 10/20, ce loss: 0.9440, train anchor loss: 0.2953, total loss: 1.0326, clean acc: 0.8279, eval anchor loss: 0.4287, backdoor acc: 0.0000
2026-04-28 02:51:38,888 - => Stage 1 client 0 epoch 11/20, ce loss: 0.9421, train anchor loss: 0.2909, total loss: 1.0294, clean acc: 0.8288, eval anchor loss: 0.4361, backdoor acc: 0.0000
2026-04-28 02:51:47,275 - => Stage 1 client 0 epoch 12/20, ce loss: 0.9408, train anchor loss: 0.2892, total loss: 1.0275, clean acc: 0.8264, eval anchor loss: 0.4408, backdoor acc: 0.0000
2026-04-28 02:51:56,161 - => Stage 1 client 0 epoch 13/20, ce loss: 0.9394, train anchor loss: 0.2864, total loss: 1.0253, clean acc: 0.8269, eval anchor loss: 0.4375, backdoor acc: 0.0000
2026-04-28 02:52:04,595 - => Stage 1 client 0 epoch 14/20, ce loss: 0.9386, train anchor loss: 0.2855, total loss: 1.0242, clean acc: 0.8291, eval anchor loss: 0.4357, backdoor acc: 0.0000
2026-04-28 02:52:12,950 - => Stage 1 client 0 epoch 15/20, ce loss: 0.9370, train anchor loss: 0.2826, total loss: 1.0218, clean acc: 0.8285, eval anchor loss: 0.4339, backdoor acc: 0.0000
2026-04-28 02:52:21,315 - => Stage 1 client 0 epoch 16/20, ce loss: 0.9360, train anchor loss: 0.2806, total loss: 1.0202, clean acc: 0.8278, eval anchor loss: 0.4383, backdoor acc: 0.0000
2026-04-28 02:52:29,866 - => Stage 1 client 0 epoch 17/20, ce loss: 0.9359, train anchor loss: 0.2806, total loss: 1.0201, clean acc: 0.8256, eval anchor loss: 0.4426, backdoor acc: 0.0000
2026-04-28 02:52:38,481 - => Stage 1 client 0 epoch 18/20, ce loss: 0.9354, train anchor loss: 0.2795, total loss: 1.0192, clean acc: 0.8276, eval anchor loss: 0.4399, backdoor acc: 0.0000
2026-04-28 02:52:46,792 - => Stage 1 client 0 epoch 19/20, ce loss: 0.9356, train anchor loss: 0.2791, total loss: 1.0193, clean acc: 0.8259, eval anchor loss: 0.4432, backdoor acc: 0.0000
2026-04-28 02:52:55,697 - => Stage 1 client 0 epoch 20/20, ce loss: 0.9341, train anchor loss: 0.2773, total loss: 1.0173, clean acc: 0.8269, eval anchor loss: 0.4418, backdoor acc: 0.0000
2026-04-28 02:52:55,734 - => Stage 1 final summary for passive client 0: best epoch: 14, clean acc: 0.8291, anchor loss: 0.4357, backdoor acc: 0.0000
2026-04-28 02:52:55,737 - => Stage 1 start for passive client 1
2026-04-28 02:52:55,737 - => Stage 1 early stop for passive client 1: patience=10, min_delta=0.000100
2026-04-28 02:53:04,544 - => Stage 1 client 1 epoch 1/20, ce loss: 1.2717, train anchor loss: 0.7731, total loss: 1.5036, clean acc: 0.6782, eval anchor loss: 0.5119, backdoor acc: 0.0000
2026-04-28 02:53:12,480 - => Stage 1 client 1 epoch 2/20, ce loss: 1.1728, train anchor loss: 0.5075, total loss: 1.3250, clean acc: 0.6964, eval anchor loss: 0.5282, backdoor acc: 0.0000
2026-04-28 02:53:21,058 - => Stage 1 client 1 epoch 3/20, ce loss: 1.1394, train anchor loss: 0.5106, total loss: 1.2926, clean acc: 0.6983, eval anchor loss: 0.5540, backdoor acc: 0.0000
2026-04-28 02:53:29,519 - => Stage 1 client 1 epoch 4/20, ce loss: 1.1190, train anchor loss: 0.5107, total loss: 1.2722, clean acc: 0.7040, eval anchor loss: 0.5652, backdoor acc: 0.0000
2026-04-28 02:53:38,183 - => Stage 1 client 1 epoch 5/20, ce loss: 1.1038, train anchor loss: 0.5019, total loss: 1.2544, clean acc: 0.7069, eval anchor loss: 0.5643, backdoor acc: 0.0000
2026-04-28 02:53:47,015 - => Stage 1 client 1 epoch 6/20, ce loss: 1.0915, train anchor loss: 0.4905, total loss: 1.2387, clean acc: 0.7065, eval anchor loss: 0.5795, backdoor acc: 0.0000
2026-04-28 02:53:55,660 - => Stage 1 client 1 epoch 7/20, ce loss: 1.0809, train anchor loss: 0.4817, total loss: 1.2254, clean acc: 0.7082, eval anchor loss: 0.5874, backdoor acc: 0.0000
2026-04-28 02:54:03,853 - => Stage 1 client 1 epoch 8/20, ce loss: 1.0714, train anchor loss: 0.4729, total loss: 1.2133, clean acc: 0.7069, eval anchor loss: 0.6020, backdoor acc: 0.0000
2026-04-28 02:54:11,537 - => Stage 1 client 1 epoch 9/20, ce loss: 1.0611, train anchor loss: 0.4623, total loss: 1.1998, clean acc: 0.7091, eval anchor loss: 0.6070, backdoor acc: 0.0000
2026-04-28 02:54:19,672 - => Stage 1 client 1 epoch 10/20, ce loss: 1.0539, train anchor loss: 0.4546, total loss: 1.1903, clean acc: 0.7070, eval anchor loss: 0.6182, backdoor acc: 0.0000
2026-04-28 02:54:28,313 - => Stage 1 client 1 epoch 11/20, ce loss: 1.0473, train anchor loss: 0.4467, total loss: 1.1813, clean acc: 0.7087, eval anchor loss: 0.6161, backdoor acc: 0.0000
2026-04-28 02:54:37,155 - => Stage 1 client 1 epoch 12/20, ce loss: 1.0405, train anchor loss: 0.4388, total loss: 1.1721, clean acc: 0.7046, eval anchor loss: 0.6272, backdoor acc: 0.0000
2026-04-28 02:54:45,153 - => Stage 1 client 1 epoch 13/20, ce loss: 1.0363, train anchor loss: 0.4328, total loss: 1.1662, clean acc: 0.7047, eval anchor loss: 0.6299, backdoor acc: 0.0000
2026-04-28 02:54:53,341 - => Stage 1 client 1 epoch 14/20, ce loss: 1.0304, train anchor loss: 0.4242, total loss: 1.1577, clean acc: 0.7047, eval anchor loss: 0.6365, backdoor acc: 0.0000
2026-04-28 02:55:01,365 - => Stage 1 client 1 epoch 15/20, ce loss: 1.0245, train anchor loss: 0.4171, total loss: 1.1496, clean acc: 0.7063, eval anchor loss: 0.6451, backdoor acc: 0.0000
2026-04-28 02:55:09,085 - => Stage 1 client 1 epoch 16/20, ce loss: 1.0214, train anchor loss: 0.4140, total loss: 1.1456, clean acc: 0.7072, eval anchor loss: 0.6416, backdoor acc: 0.0000
2026-04-28 02:55:17,970 - => Stage 1 client 1 epoch 17/20, ce loss: 1.0178, train anchor loss: 0.4077, total loss: 1.1401, clean acc: 0.7050, eval anchor loss: 0.6500, backdoor acc: 0.0000
2026-04-28 02:55:26,622 - => Stage 1 client 1 epoch 18/20, ce loss: 1.0125, train anchor loss: 0.4008, total loss: 1.1328, clean acc: 0.7050, eval anchor loss: 0.6469, backdoor acc: 0.0000
2026-04-28 02:55:34,481 - => Stage 1 client 1 epoch 19/20, ce loss: 1.0110, train anchor loss: 0.3971, total loss: 1.1302, clean acc: 0.7067, eval anchor loss: 0.6550, backdoor acc: 0.0000
2026-04-28 02:55:34,501 - => Stage 1 early stop triggered for passive client 1 at epoch 19/20; best clean acc: 0.7091 at epoch 9
2026-04-28 02:55:34,515 - => Stage 1 final summary for passive client 1: best epoch: 9, clean acc: 0.7091, anchor loss: 0.6070, backdoor acc: 0.0000
2026-04-28 02:55:34,520 - => Stage 1 start for passive client 2
2026-04-28 02:55:34,520 - => Stage 1 early stop for passive client 2: patience=10, min_delta=0.000100
2026-04-28 02:55:45,247 - => Stage 1 client 2 epoch 1/20, ce loss: 1.2425, train anchor loss: 0.7752, total loss: 1.4751, clean acc: 0.6491, eval anchor loss: 0.5870, backdoor acc: 0.9990
2026-04-28 02:55:55,993 - => Stage 1 client 2 epoch 2/20, ce loss: 1.1580, train anchor loss: 0.4907, total loss: 1.3052, clean acc: 0.6800, eval anchor loss: 0.5618, backdoor acc: 0.9995
2026-04-28 02:56:04,901 - => Stage 1 client 2 epoch 3/20, ce loss: 1.1307, train anchor loss: 0.4939, total loss: 1.2788, clean acc: 0.6951, eval anchor loss: 0.5688, backdoor acc: 0.9994
2026-04-28 02:56:14,531 - => Stage 1 client 2 epoch 4/20, ce loss: 1.1109, train anchor loss: 0.4988, total loss: 1.2606, clean acc: 0.6958, eval anchor loss: 0.5872, backdoor acc: 0.9987
2026-04-28 02:56:25,376 - => Stage 1 client 2 epoch 5/20, ce loss: 1.0976, train anchor loss: 0.4998, total loss: 1.2476, clean acc: 0.7022, eval anchor loss: 0.5854, backdoor acc: 0.9968
2026-04-28 02:56:36,063 - => Stage 1 client 2 epoch 6/20, ce loss: 1.0894, train anchor loss: 0.4931, total loss: 1.2374, clean acc: 0.7076, eval anchor loss: 0.5858, backdoor acc: 0.9994
2026-04-28 02:56:46,698 - => Stage 1 client 2 epoch 7/20, ce loss: 1.0831, train anchor loss: 0.4916, total loss: 1.2306, clean acc: 0.7030, eval anchor loss: 0.5936, backdoor acc: 0.9992
2026-04-28 02:56:57,574 - => Stage 1 client 2 epoch 8/20, ce loss: 1.0771, train anchor loss: 0.4839, total loss: 1.2222, clean acc: 0.7089, eval anchor loss: 0.5912, backdoor acc: 0.9990
2026-04-28 02:57:08,267 - => Stage 1 client 2 epoch 9/20, ce loss: 1.0717, train anchor loss: 0.4794, total loss: 1.2155, clean acc: 0.7098, eval anchor loss: 0.5883, backdoor acc: 0.9996
2026-04-28 02:57:19,131 - => Stage 1 client 2 epoch 10/20, ce loss: 1.0673, train anchor loss: 0.4743, total loss: 1.2096, clean acc: 0.7132, eval anchor loss: 0.5880, backdoor acc: 0.9995
2026-04-28 02:57:29,811 - => Stage 1 client 2 epoch 11/20, ce loss: 1.0655, train anchor loss: 0.4715, total loss: 1.2069, clean acc: 0.7087, eval anchor loss: 0.6018, backdoor acc: 0.9985
2026-04-28 02:57:40,254 - => Stage 1 client 2 epoch 12/20, ce loss: 1.0604, train anchor loss: 0.4662, total loss: 1.2003, clean acc: 0.7089, eval anchor loss: 0.6095, backdoor acc: 0.9994
2026-04-28 02:57:51,119 - => Stage 1 client 2 epoch 13/20, ce loss: 1.0581, train anchor loss: 0.4645, total loss: 1.1974, clean acc: 0.7098, eval anchor loss: 0.6065, backdoor acc: 0.9993
2026-04-28 02:58:01,557 - => Stage 1 client 2 epoch 14/20, ce loss: 1.0558, train anchor loss: 0.4608, total loss: 1.1940, clean acc: 0.7102, eval anchor loss: 0.6092, backdoor acc: 0.9989
2026-04-28 02:58:12,423 - => Stage 1 client 2 epoch 15/20, ce loss: 1.0520, train anchor loss: 0.4566, total loss: 1.1889, clean acc: 0.7135, eval anchor loss: 0.5981, backdoor acc: 0.9985
2026-04-28 02:58:22,541 - => Stage 1 client 2 epoch 16/20, ce loss: 1.0493, train anchor loss: 0.4525, total loss: 1.1850, clean acc: 0.7128, eval anchor loss: 0.6097, backdoor acc: 0.9993
2026-04-28 02:58:32,196 - => Stage 1 client 2 epoch 17/20, ce loss: 1.0460, train anchor loss: 0.4509, total loss: 1.1812, clean acc: 0.7143, eval anchor loss: 0.6057, backdoor acc: 0.9997
2026-04-28 02:58:42,068 - => Stage 1 client 2 epoch 18/20, ce loss: 1.0454, train anchor loss: 0.4488, total loss: 1.1800, clean acc: 0.7153, eval anchor loss: 0.6031, backdoor acc: 0.9987
2026-04-28 02:58:51,529 - => Stage 1 client 2 epoch 19/20, ce loss: 1.0406, train anchor loss: 0.4417, total loss: 1.1731, clean acc: 0.7164, eval anchor loss: 0.6114, backdoor acc: 0.9990
2026-04-28 02:59:01,943 - => Stage 1 client 2 epoch 20/20, ce loss: 1.0387, train anchor loss: 0.4412, total loss: 1.1711, clean acc: 0.7116, eval anchor loss: 0.6181, backdoor acc: 0.9996
2026-04-28 02:59:01,976 - => Stage 1 final summary for passive client 2: best epoch: 19, clean acc: 0.7164, anchor loss: 0.6114, backdoor acc: 0.9990
2026-04-28 02:59:02,008 - => Stage 1 metrics were also saved to './results/AVGuard/threeclient_full_avguard_fixed_lambda_anchor_theta_supp_sensitivity/theta_supp_0.05/NUSWIDE/stage1/anchor_stage1\stage1_metrics.json'
2026-04-28 02:59:02,009 - => Saved stage1 passive-party local models and anchors to './results/AVGuard/threeclient_full_avguard_fixed_lambda_anchor_theta_supp_sensitivity/theta_supp_0.05/NUSWIDE/stage1/anchor_stage1'
2026-04-28 02:59:02,013 - => Saved anchor artifact to './results/AVGuard/threeclient_full_avguard_fixed_lambda_anchor_theta_supp_sensitivity/theta_supp_0.05/NUSWIDE/stage1/anchor_bank.pt'
2026-04-28 02:59:02,014 - => Stage 3 is ready; it will use Stage 1 client reliability from the loaded anchor state when available. Stage 2 client anchor-loss stats are optional diagnostics.
