2026-04-28 14:37:40,288 - Namespace(config='', data_dir='./dataset/data_raw/', dataset='CIFAR10', device=0, results_dir='./results/AVGuard/threeclient_full_avguard_fixed_lambda_anchor_theta_supp_sensitivity/theta_supp_0.20/CIFAR10/stage1', seed=100, epoch=100, batch_size=256, client_num=3, pretrained_checkpoint='./results/AVGuard/threeclient_full_avguard_fixed_lambda_anchor_theta_supp_sensitivity/theta_supp_0.20/CIFAR10/stage1\\latest_checkpoint.pth.tar', test_checkpoint=None, resume_latest=True, lr=0.001, start_epoch=0, print_steps=10, early_stop=20, attack='LFBA', target_label=None, poison_rate=0.05, poison_dimensions=5, trigger_feature_clip=1.0, attack_client_num=2, feature_extractor='', select_rate=0.5, lfba_poison_source='gradient', random_select=False, poison_all=False, anchor_idx=23470, pretrain_stage=0, mode='pretrain_anchor', defense='anchor', defense_scheme='AVGuard', enable_stage1=True, force_stage1_retrain=True, enable_anchor_loss=True, lambda_anchor=0.5, lambda_stage1_anchor=0.5, anchor_pretrain_epochs=50, anchor_pretrain_early_stop=10, anchor_pretrain_min_delta=0.0001, anchor_scale=16, anchor_margin=0, anchor_bank_path='./results/AVGuard/threeclient_full_avguard_fixed_lambda_anchor_theta_supp_sensitivity/theta_supp_0.20/CIFAR10/stage1/anchor_bank.pt', anchor_stage1_dir='./results/AVGuard/threeclient_full_avguard_fixed_lambda_anchor_theta_supp_sensitivity/theta_supp_0.20/CIFAR10/stage1/anchor_stage1', anchor_ema_momentum=1.0, anchor_ema_update_freq=1, stage3_enable_joint_weighted_voting=True, stage3_enable_static_reliability=True, disable_stage3_eval=False, gamma=2.0, theta_supp=0.15, stage3_required_support_count=2, enable_conservative_correction=False, tau_corr=0.0, top_k=4, stage3_debug_batches=0, stage3_debug_max_samples=8, original_dataset='CIFAR10', attack_target_label=None, anchor_margin_auto_adjusted=False, requested_anchor_margin=0)
2026-04-28 14:37:40,290 - => Defense scheme: AVGuard
2026-04-28 14:37:40,291 - => LFBA poison-set source: gradient
2026-04-28 14:37:40,292 - => Python executable: D:\python3\generative-compression-master1\KAVF\python.exe
2026-04-28 14:37:40,293 - => Torch version: 2.7.1+cu126, compiled CUDA: 12.6, cuda available: True, visible GPU count: 1
2026-04-28 14:37:40,294 - => Using GPU cuda:0 (NVIDIA GeForce RTX 4080)
2026-04-28 14:37:40,294 - => Preparing data...
2026-04-28 14:37:42,375 - => Resolved LFBA attack target label=6 from training anchor_idx=23470
2026-04-28 14:37:43,824 - => No checkpoint found at './results/AVGuard/threeclient_full_avguard_fixed_lambda_anchor_theta_supp_sensitivity/theta_supp_0.20/CIFAR10/stage1\latest_checkpoint.pth.tar'
2026-04-28 14:37:43,825 - => Enter Stage 1: passive local backbones are trained with active-party private two-layer MLP heads
2026-04-28 14:37:43,825 - => Stage 1 latest checkpoint path: './results/AVGuard/threeclient_full_avguard_fixed_lambda_anchor_theta_supp_sensitivity/theta_supp_0.20/CIFAR10/stage1\latest_checkpoint.pth.tar'
2026-04-28 14:37:44,145 - =>Add Trigger to Train Data
2026-04-28 14:37:44,166 - Add Trigger to 2500 Poison Samples, 47500 Clean Samples (0.05)
2026-04-28 14:37:44,189 - =>Add Trigger to Test Data
2026-04-28 14:37:44,268 - Add Trigger to 10000 Poison Samples, 0 Clean Samples (1.00)
2026-04-28 14:37:44,294 - => Stage 1 start for passive client 0
2026-04-28 14:37:44,294 - => Stage 1 early stop for passive client 0: patience=10, min_delta=0.000100
2026-04-28 14:38:58,351 - => Stage 1 client 0 epoch 1/50, ce loss: 1.8764, train anchor loss: 1.2330, total loss: 2.4929, clean acc: 0.4114, eval anchor loss: 0.5746, backdoor acc: 0.0000
2026-04-28 14:40:13,098 - => Stage 1 client 0 epoch 2/50, ce loss: 1.7328, train anchor loss: 0.3231, total loss: 1.8944, clean acc: 0.4104, eval anchor loss: 0.1727, backdoor acc: 0.0000
2026-04-28 14:41:27,409 - => Stage 1 client 0 epoch 3/50, ce loss: 1.6129, train anchor loss: 0.1481, total loss: 1.6869, clean acc: 0.4623, eval anchor loss: 0.1333, backdoor acc: 0.0000
2026-04-28 14:42:44,034 - => Stage 1 client 0 epoch 4/50, ce loss: 1.5662, train anchor loss: 0.1355, total loss: 1.6339, clean acc: 0.4882, eval anchor loss: 0.1279, backdoor acc: 0.0000
2026-04-28 14:44:01,515 - => Stage 1 client 0 epoch 5/50, ce loss: 1.5174, train anchor loss: 0.1353, total loss: 1.5850, clean acc: 0.5015, eval anchor loss: 0.1293, backdoor acc: 0.0000
2026-04-28 14:45:18,580 - => Stage 1 client 0 epoch 6/50, ce loss: 1.4722, train anchor loss: 0.1370, total loss: 1.5407, clean acc: 0.5073, eval anchor loss: 0.1378, backdoor acc: 0.0000
2026-04-28 14:46:35,427 - => Stage 1 client 0 epoch 7/50, ce loss: 1.4434, train anchor loss: 0.1373, total loss: 1.5120, clean acc: 0.5179, eval anchor loss: 0.1507, backdoor acc: 0.0000
2026-04-28 14:47:52,604 - => Stage 1 client 0 epoch 8/50, ce loss: 1.4080, train anchor loss: 0.1384, total loss: 1.4772, clean acc: 0.5296, eval anchor loss: 0.1335, backdoor acc: 0.0000
2026-04-28 14:49:09,479 - => Stage 1 client 0 epoch 9/50, ce loss: 1.3800, train anchor loss: 0.1397, total loss: 1.4499, clean acc: 0.5309, eval anchor loss: 0.1467, backdoor acc: 0.0000
2026-04-28 14:50:25,588 - => Stage 1 client 0 epoch 10/50, ce loss: 1.3686, train anchor loss: 0.1402, total loss: 1.4387, clean acc: 0.5307, eval anchor loss: 0.1403, backdoor acc: 0.0000
2026-04-28 14:51:41,703 - => Stage 1 client 0 epoch 11/50, ce loss: 1.3363, train anchor loss: 0.1392, total loss: 1.4059, clean acc: 0.5588, eval anchor loss: 0.1436, backdoor acc: 0.0000
2026-04-28 14:52:57,693 - => Stage 1 client 0 epoch 12/50, ce loss: 1.3197, train anchor loss: 0.1409, total loss: 1.3902, clean acc: 0.5502, eval anchor loss: 0.1427, backdoor acc: 0.0000
2026-04-28 14:54:14,045 - => Stage 1 client 0 epoch 13/50, ce loss: 1.3071, train anchor loss: 0.1407, total loss: 1.3774, clean acc: 0.5583, eval anchor loss: 0.1412, backdoor acc: 0.0000
2026-04-28 14:55:31,028 - => Stage 1 client 0 epoch 14/50, ce loss: 1.2808, train anchor loss: 0.1407, total loss: 1.3511, clean acc: 0.5639, eval anchor loss: 0.1494, backdoor acc: 0.0000
2026-04-28 14:56:47,630 - => Stage 1 client 0 epoch 15/50, ce loss: 1.2699, train anchor loss: 0.1421, total loss: 1.3409, clean acc: 0.5633, eval anchor loss: 0.1477, backdoor acc: 0.0000
2026-04-28 14:58:04,738 - => Stage 1 client 0 epoch 16/50, ce loss: 1.2493, train anchor loss: 0.1409, total loss: 1.3198, clean acc: 0.5688, eval anchor loss: 0.1470, backdoor acc: 0.0000
2026-04-28 14:59:20,164 - => Stage 1 client 0 epoch 17/50, ce loss: 1.2388, train anchor loss: 0.1404, total loss: 1.3090, clean acc: 0.5775, eval anchor loss: 0.1458, backdoor acc: 0.0000
2026-04-28 15:00:36,911 - => Stage 1 client 0 epoch 18/50, ce loss: 1.2231, train anchor loss: 0.1400, total loss: 1.2931, clean acc: 0.5888, eval anchor loss: 0.1464, backdoor acc: 0.0000
2026-04-28 15:01:54,905 - => Stage 1 client 0 epoch 19/50, ce loss: 1.2165, train anchor loss: 0.1404, total loss: 1.2867, clean acc: 0.5982, eval anchor loss: 0.1349, backdoor acc: 0.0000
2026-04-28 15:03:11,750 - => Stage 1 client 0 epoch 20/50, ce loss: 1.1939, train anchor loss: 0.1403, total loss: 1.2641, clean acc: 0.5903, eval anchor loss: 0.1470, backdoor acc: 0.0000
2026-04-28 15:04:28,980 - => Stage 1 client 0 epoch 21/50, ce loss: 1.1859, train anchor loss: 0.1404, total loss: 1.2561, clean acc: 0.5936, eval anchor loss: 0.1437, backdoor acc: 0.0000
2026-04-28 15:05:46,448 - => Stage 1 client 0 epoch 22/50, ce loss: 1.1624, train anchor loss: 0.1402, total loss: 1.2326, clean acc: 0.6013, eval anchor loss: 0.1541, backdoor acc: 0.0000
2026-04-28 15:07:01,722 - => Stage 1 client 0 epoch 23/50, ce loss: 1.1644, train anchor loss: 0.1403, total loss: 1.2346, clean acc: 0.6005, eval anchor loss: 0.1477, backdoor acc: 0.0000
2026-04-28 15:08:18,949 - => Stage 1 client 0 epoch 24/50, ce loss: 1.1520, train anchor loss: 0.1414, total loss: 1.2227, clean acc: 0.6014, eval anchor loss: 0.1518, backdoor acc: 0.0000
2026-04-28 15:09:35,501 - => Stage 1 client 0 epoch 25/50, ce loss: 1.1463, train anchor loss: 0.1410, total loss: 1.2168, clean acc: 0.6041, eval anchor loss: 0.1437, backdoor acc: 0.0000
2026-04-28 15:10:51,938 - => Stage 1 client 0 epoch 26/50, ce loss: 1.1353, train anchor loss: 0.1401, total loss: 1.2054, clean acc: 0.6068, eval anchor loss: 0.1451, backdoor acc: 0.0000
2026-04-28 15:12:08,451 - => Stage 1 client 0 epoch 27/50, ce loss: 1.1193, train anchor loss: 0.1396, total loss: 1.1891, clean acc: 0.6126, eval anchor loss: 0.1451, backdoor acc: 0.0000
2026-04-28 15:13:25,092 - => Stage 1 client 0 epoch 28/50, ce loss: 1.1147, train anchor loss: 0.1398, total loss: 1.1846, clean acc: 0.6230, eval anchor loss: 0.1459, backdoor acc: 0.0000
2026-04-28 15:14:42,149 - => Stage 1 client 0 epoch 29/50, ce loss: 1.1011, train anchor loss: 0.1396, total loss: 1.1709, clean acc: 0.6210, eval anchor loss: 0.1387, backdoor acc: 0.0000
2026-04-28 15:15:59,491 - => Stage 1 client 0 epoch 30/50, ce loss: 1.0988, train anchor loss: 0.1396, total loss: 1.1686, clean acc: 0.6230, eval anchor loss: 0.1417, backdoor acc: 0.0000
2026-04-28 15:17:16,755 - => Stage 1 client 0 epoch 31/50, ce loss: 1.0870, train anchor loss: 0.1387, total loss: 1.1563, clean acc: 0.6255, eval anchor loss: 0.1429, backdoor acc: 0.0000
2026-04-28 15:18:34,238 - => Stage 1 client 0 epoch 32/50, ce loss: 1.0822, train anchor loss: 0.1387, total loss: 1.1516, clean acc: 0.6215, eval anchor loss: 0.1427, backdoor acc: 0.0000
2026-04-28 15:19:49,837 - => Stage 1 client 0 epoch 33/50, ce loss: 1.0660, train anchor loss: 0.1381, total loss: 1.1350, clean acc: 0.6311, eval anchor loss: 0.1479, backdoor acc: 0.0000
2026-04-28 15:21:06,819 - => Stage 1 client 0 epoch 34/50, ce loss: 1.0673, train anchor loss: 0.1391, total loss: 1.1368, clean acc: 0.6289, eval anchor loss: 0.1418, backdoor acc: 0.0000
2026-04-28 15:22:24,689 - => Stage 1 client 0 epoch 35/50, ce loss: 1.0572, train anchor loss: 0.1385, total loss: 1.1264, clean acc: 0.6251, eval anchor loss: 0.1414, backdoor acc: 0.0000
2026-04-28 15:23:42,178 - => Stage 1 client 0 epoch 36/50, ce loss: 1.0485, train anchor loss: 0.1379, total loss: 1.1174, clean acc: 0.6333, eval anchor loss: 0.1411, backdoor acc: 0.0000
2026-04-28 15:24:59,291 - => Stage 1 client 0 epoch 37/50, ce loss: 1.0410, train anchor loss: 0.1387, total loss: 1.1104, clean acc: 0.6226, eval anchor loss: 0.1489, backdoor acc: 0.0000
2026-04-28 15:26:16,096 - => Stage 1 client 0 epoch 38/50, ce loss: 1.0435, train anchor loss: 0.1382, total loss: 1.1126, clean acc: 0.6355, eval anchor loss: 0.1503, backdoor acc: 0.0000
2026-04-28 15:27:32,779 - => Stage 1 client 0 epoch 39/50, ce loss: 1.0222, train anchor loss: 0.1368, total loss: 1.0906, clean acc: 0.6391, eval anchor loss: 0.1442, backdoor acc: 0.0000
2026-04-28 15:28:50,218 - => Stage 1 client 0 epoch 40/50, ce loss: 1.0214, train anchor loss: 0.1372, total loss: 1.0900, clean acc: 0.6341, eval anchor loss: 0.1503, backdoor acc: 0.0000
2026-04-28 15:30:07,295 - => Stage 1 client 0 epoch 41/50, ce loss: 1.0127, train anchor loss: 0.1378, total loss: 1.0816, clean acc: 0.6416, eval anchor loss: 0.1424, backdoor acc: 0.0000
2026-04-28 15:31:23,954 - => Stage 1 client 0 epoch 42/50, ce loss: 1.0041, train anchor loss: 0.1369, total loss: 1.0726, clean acc: 0.6403, eval anchor loss: 0.1464, backdoor acc: 0.0000
2026-04-28 15:32:40,992 - => Stage 1 client 0 epoch 43/50, ce loss: 0.9999, train anchor loss: 0.1362, total loss: 1.0680, clean acc: 0.6368, eval anchor loss: 0.1502, backdoor acc: 0.0000
2026-04-28 15:33:56,749 - => Stage 1 client 0 epoch 44/50, ce loss: 1.0002, train anchor loss: 0.1367, total loss: 1.0686, clean acc: 0.6381, eval anchor loss: 0.1445, backdoor acc: 0.0000
2026-04-28 15:35:12,999 - => Stage 1 client 0 epoch 45/50, ce loss: 0.9792, train anchor loss: 0.1359, total loss: 1.0471, clean acc: 0.6394, eval anchor loss: 0.1555, backdoor acc: 0.0000
2026-04-28 15:36:29,587 - => Stage 1 client 0 epoch 46/50, ce loss: 0.9866, train anchor loss: 0.1368, total loss: 1.0550, clean acc: 0.6470, eval anchor loss: 0.1460, backdoor acc: 0.0000
2026-04-28 15:37:46,842 - => Stage 1 client 0 epoch 47/50, ce loss: 0.9829, train anchor loss: 0.1358, total loss: 1.0508, clean acc: 0.6463, eval anchor loss: 0.1466, backdoor acc: 0.0000
2026-04-28 15:39:03,628 - => Stage 1 client 0 epoch 48/50, ce loss: 0.9726, train anchor loss: 0.1354, total loss: 1.0403, clean acc: 0.6458, eval anchor loss: 0.1491, backdoor acc: 0.0000
2026-04-28 15:40:20,015 - => Stage 1 client 0 epoch 49/50, ce loss: 0.9686, train anchor loss: 0.1351, total loss: 1.0361, clean acc: 0.6446, eval anchor loss: 0.1467, backdoor acc: 0.0000
2026-04-28 15:41:37,436 - => Stage 1 client 0 epoch 50/50, ce loss: 0.9573, train anchor loss: 0.1348, total loss: 1.0247, clean acc: 0.6363, eval anchor loss: 0.1471, backdoor acc: 0.0000
2026-04-28 15:41:38,610 - => Stage 1 final summary for passive client 0: best epoch: 46, clean acc: 0.6470, anchor loss: 0.1460, backdoor acc: 0.0000
2026-04-28 15:41:38,645 - => Stage 1 start for passive client 1
2026-04-28 15:41:38,645 - => Stage 1 early stop for passive client 1: patience=10, min_delta=0.000100
2026-04-28 15:42:55,749 - => Stage 1 client 1 epoch 1/50, ce loss: 1.7172, train anchor loss: 1.0585, total loss: 2.2464, clean acc: 0.4639, eval anchor loss: 0.4602, backdoor acc: 0.0000
2026-04-28 15:44:13,175 - => Stage 1 client 1 epoch 2/50, ce loss: 1.5647, train anchor loss: 0.2616, total loss: 1.6955, clean acc: 0.4944, eval anchor loss: 0.1645, backdoor acc: 0.0000
2026-04-28 15:45:29,880 - => Stage 1 client 1 epoch 3/50, ce loss: 1.4349, train anchor loss: 0.1466, total loss: 1.5082, clean acc: 0.5327, eval anchor loss: 0.1463, backdoor acc: 0.0000
2026-04-28 15:46:46,104 - => Stage 1 client 1 epoch 4/50, ce loss: 1.3608, train anchor loss: 0.1397, total loss: 1.4306, clean acc: 0.5514, eval anchor loss: 0.1308, backdoor acc: 0.0000
2026-04-28 15:48:02,821 - => Stage 1 client 1 epoch 5/50, ce loss: 1.3151, train anchor loss: 0.1394, total loss: 1.3848, clean acc: 0.5634, eval anchor loss: 0.1366, backdoor acc: 0.0000
2026-04-28 15:49:20,233 - => Stage 1 client 1 epoch 6/50, ce loss: 1.2648, train anchor loss: 0.1392, total loss: 1.3344, clean acc: 0.5877, eval anchor loss: 0.1237, backdoor acc: 0.0000
2026-04-28 15:50:37,025 - => Stage 1 client 1 epoch 7/50, ce loss: 1.2237, train anchor loss: 0.1392, total loss: 1.2933, clean acc: 0.5948, eval anchor loss: 0.1417, backdoor acc: 0.0000
2026-04-28 15:51:53,108 - => Stage 1 client 1 epoch 8/50, ce loss: 1.1971, train anchor loss: 0.1389, total loss: 1.2666, clean acc: 0.6072, eval anchor loss: 0.1335, backdoor acc: 0.0000
2026-04-28 15:53:09,894 - => Stage 1 client 1 epoch 9/50, ce loss: 1.1605, train anchor loss: 0.1385, total loss: 1.2297, clean acc: 0.6158, eval anchor loss: 0.1349, backdoor acc: 0.0000
2026-04-28 15:54:26,503 - => Stage 1 client 1 epoch 10/50, ce loss: 1.1387, train anchor loss: 0.1386, total loss: 1.2080, clean acc: 0.6272, eval anchor loss: 0.1347, backdoor acc: 0.0000
2026-04-28 15:55:41,189 - => Stage 1 client 1 epoch 11/50, ce loss: 1.1074, train anchor loss: 0.1380, total loss: 1.1764, clean acc: 0.6311, eval anchor loss: 0.1479, backdoor acc: 0.0000
2026-04-28 15:56:58,929 - => Stage 1 client 1 epoch 12/50, ce loss: 1.0810, train anchor loss: 0.1369, total loss: 1.1495, clean acc: 0.6410, eval anchor loss: 0.1406, backdoor acc: 0.0000
2026-04-28 15:58:14,561 - => Stage 1 client 1 epoch 13/50, ce loss: 1.0678, train anchor loss: 0.1373, total loss: 1.1365, clean acc: 0.6387, eval anchor loss: 0.1383, backdoor acc: 0.0000
2026-04-28 15:59:31,834 - => Stage 1 client 1 epoch 14/50, ce loss: 1.0405, train anchor loss: 0.1355, total loss: 1.1082, clean acc: 0.6489, eval anchor loss: 0.1403, backdoor acc: 0.0000
2026-04-28 16:00:47,296 - => Stage 1 client 1 epoch 15/50, ce loss: 1.0334, train anchor loss: 0.1367, total loss: 1.1017, clean acc: 0.6466, eval anchor loss: 0.1359, backdoor acc: 0.0000
2026-04-28 16:02:03,462 - => Stage 1 client 1 epoch 16/50, ce loss: 1.0099, train anchor loss: 0.1343, total loss: 1.0770, clean acc: 0.6496, eval anchor loss: 0.1384, backdoor acc: 0.0000
2026-04-28 16:03:20,333 - => Stage 1 client 1 epoch 17/50, ce loss: 0.9916, train anchor loss: 0.1349, total loss: 1.0591, clean acc: 0.6505, eval anchor loss: 0.1440, backdoor acc: 0.0000
2026-04-28 16:04:37,525 - => Stage 1 client 1 epoch 18/50, ce loss: 0.9780, train anchor loss: 0.1337, total loss: 1.0448, clean acc: 0.6614, eval anchor loss: 0.1377, backdoor acc: 0.0000
2026-04-28 16:05:54,002 - => Stage 1 client 1 epoch 19/50, ce loss: 0.9611, train anchor loss: 0.1334, total loss: 1.0278, clean acc: 0.6733, eval anchor loss: 0.1374, backdoor acc: 0.0000
2026-04-28 16:07:11,327 - => Stage 1 client 1 epoch 20/50, ce loss: 0.9446, train anchor loss: 0.1322, total loss: 1.0107, clean acc: 0.6704, eval anchor loss: 0.1354, backdoor acc: 0.0000
2026-04-28 16:08:29,104 - => Stage 1 client 1 epoch 21/50, ce loss: 0.9296, train anchor loss: 0.1313, total loss: 0.9952, clean acc: 0.6552, eval anchor loss: 0.1420, backdoor acc: 0.0000
2026-04-28 16:09:46,047 - => Stage 1 client 1 epoch 22/50, ce loss: 0.9192, train anchor loss: 0.1301, total loss: 0.9843, clean acc: 0.6755, eval anchor loss: 0.1400, backdoor acc: 0.0000
2026-04-28 16:11:03,509 - => Stage 1 client 1 epoch 23/50, ce loss: 0.9038, train anchor loss: 0.1300, total loss: 0.9688, clean acc: 0.6830, eval anchor loss: 0.1369, backdoor acc: 0.0000
2026-04-28 16:12:19,943 - => Stage 1 client 1 epoch 24/50, ce loss: 0.9111, train anchor loss: 0.1311, total loss: 0.9766, clean acc: 0.6828, eval anchor loss: 0.1362, backdoor acc: 0.0000
2026-04-28 16:13:35,250 - => Stage 1 client 1 epoch 25/50, ce loss: 0.8930, train anchor loss: 0.1301, total loss: 0.9581, clean acc: 0.6860, eval anchor loss: 0.1313, backdoor acc: 0.0000
2026-04-28 16:14:51,579 - => Stage 1 client 1 epoch 26/50, ce loss: 0.8688, train anchor loss: 0.1278, total loss: 0.9327, clean acc: 0.6888, eval anchor loss: 0.1309, backdoor acc: 0.0000
2026-04-28 16:16:06,983 - => Stage 1 client 1 epoch 27/50, ce loss: 0.8620, train anchor loss: 0.1270, total loss: 0.9255, clean acc: 0.6906, eval anchor loss: 0.1365, backdoor acc: 0.0000
2026-04-28 16:17:23,574 - => Stage 1 client 1 epoch 28/50, ce loss: 0.8548, train anchor loss: 0.1281, total loss: 0.9189, clean acc: 0.6857, eval anchor loss: 0.1362, backdoor acc: 0.0000
2026-04-28 16:18:40,082 - => Stage 1 client 1 epoch 29/50, ce loss: 0.8447, train anchor loss: 0.1267, total loss: 0.9081, clean acc: 0.6939, eval anchor loss: 0.1385, backdoor acc: 0.0000
2026-04-28 16:19:56,888 - => Stage 1 client 1 epoch 30/50, ce loss: 0.8266, train anchor loss: 0.1271, total loss: 0.8901, clean acc: 0.6926, eval anchor loss: 0.1390, backdoor acc: 0.0000
2026-04-28 16:21:14,260 - => Stage 1 client 1 epoch 31/50, ce loss: 0.8173, train anchor loss: 0.1254, total loss: 0.8800, clean acc: 0.6971, eval anchor loss: 0.1348, backdoor acc: 0.0000
2026-04-28 16:22:31,223 - => Stage 1 client 1 epoch 32/50, ce loss: 0.8038, train anchor loss: 0.1240, total loss: 0.8658, clean acc: 0.6973, eval anchor loss: 0.1417, backdoor acc: 0.0000
2026-04-28 16:23:48,548 - => Stage 1 client 1 epoch 33/50, ce loss: 0.8018, train anchor loss: 0.1240, total loss: 0.8638, clean acc: 0.7000, eval anchor loss: 0.1361, backdoor acc: 0.0000
2026-04-28 16:25:06,070 - => Stage 1 client 1 epoch 34/50, ce loss: 0.7960, train anchor loss: 0.1248, total loss: 0.8584, clean acc: 0.6939, eval anchor loss: 0.1334, backdoor acc: 0.0000
2026-04-28 16:26:23,126 - => Stage 1 client 1 epoch 35/50, ce loss: 0.7814, train anchor loss: 0.1222, total loss: 0.8425, clean acc: 0.6971, eval anchor loss: 0.1466, backdoor acc: 0.0000
2026-04-28 16:27:39,173 - => Stage 1 client 1 epoch 36/50, ce loss: 0.7701, train anchor loss: 0.1226, total loss: 0.8314, clean acc: 0.6979, eval anchor loss: 0.1388, backdoor acc: 0.0000
2026-04-28 16:28:56,271 - => Stage 1 client 1 epoch 37/50, ce loss: 0.7621, train anchor loss: 0.1217, total loss: 0.8230, clean acc: 0.7000, eval anchor loss: 0.1384, backdoor acc: 0.0000
2026-04-28 16:30:13,288 - => Stage 1 client 1 epoch 38/50, ce loss: 0.7582, train anchor loss: 0.1217, total loss: 0.8191, clean acc: 0.7009, eval anchor loss: 0.1379, backdoor acc: 0.0000
2026-04-28 16:31:29,977 - => Stage 1 client 1 epoch 39/50, ce loss: 0.7497, train anchor loss: 0.1211, total loss: 0.8103, clean acc: 0.7075, eval anchor loss: 0.1390, backdoor acc: 0.0000
2026-04-28 16:32:47,341 - => Stage 1 client 1 epoch 40/50, ce loss: 0.7372, train anchor loss: 0.1201, total loss: 0.7972, clean acc: 0.7039, eval anchor loss: 0.1398, backdoor acc: 0.0000
2026-04-28 16:34:04,185 - => Stage 1 client 1 epoch 41/50, ce loss: 0.7289, train anchor loss: 0.1190, total loss: 0.7884, clean acc: 0.7039, eval anchor loss: 0.1414, backdoor acc: 0.0000
2026-04-28 16:35:20,794 - => Stage 1 client 1 epoch 42/50, ce loss: 0.7287, train anchor loss: 0.1195, total loss: 0.7884, clean acc: 0.7116, eval anchor loss: 0.1372, backdoor acc: 0.0000
2026-04-28 16:36:35,708 - => Stage 1 client 1 epoch 43/50, ce loss: 0.7175, train anchor loss: 0.1180, total loss: 0.7765, clean acc: 0.7007, eval anchor loss: 0.1383, backdoor acc: 0.0000
2026-04-28 16:37:51,849 - => Stage 1 client 1 epoch 44/50, ce loss: 0.7061, train anchor loss: 0.1170, total loss: 0.7647, clean acc: 0.7041, eval anchor loss: 0.1405, backdoor acc: 0.0000
2026-04-28 16:39:09,211 - => Stage 1 client 1 epoch 45/50, ce loss: 0.6950, train anchor loss: 0.1162, total loss: 0.7531, clean acc: 0.7042, eval anchor loss: 0.1512, backdoor acc: 0.0000
2026-04-28 16:40:26,158 - => Stage 1 client 1 epoch 46/50, ce loss: 0.6920, train anchor loss: 0.1165, total loss: 0.7503, clean acc: 0.7100, eval anchor loss: 0.1387, backdoor acc: 0.0000
2026-04-28 16:41:43,236 - => Stage 1 client 1 epoch 47/50, ce loss: 0.6923, train anchor loss: 0.1163, total loss: 0.7505, clean acc: 0.7047, eval anchor loss: 0.1398, backdoor acc: 0.0000
2026-04-28 16:43:00,480 - => Stage 1 client 1 epoch 48/50, ce loss: 0.6801, train anchor loss: 0.1152, total loss: 0.7378, clean acc: 0.7088, eval anchor loss: 0.1418, backdoor acc: 0.0000
2026-04-28 16:44:16,521 - => Stage 1 client 1 epoch 49/50, ce loss: 0.6737, train anchor loss: 0.1153, total loss: 0.7314, clean acc: 0.7044, eval anchor loss: 0.1419, backdoor acc: 0.0000
2026-04-28 16:45:32,399 - => Stage 1 client 1 epoch 50/50, ce loss: 0.6658, train anchor loss: 0.1137, total loss: 0.7227, clean acc: 0.7076, eval anchor loss: 0.1387, backdoor acc: 0.0000
2026-04-28 16:45:32,989 - => Stage 1 final summary for passive client 1: best epoch: 42, clean acc: 0.7116, anchor loss: 0.1372, backdoor acc: 0.0000
2026-04-28 16:45:33,011 - => Stage 1 start for passive client 2
2026-04-28 16:45:33,011 - => Stage 1 early stop for passive client 2: patience=10, min_delta=0.000100
2026-04-28 16:46:57,407 - => Stage 1 client 2 epoch 1/50, ce loss: 1.9076, train anchor loss: 1.1595, total loss: 2.4873, clean acc: 0.3946, eval anchor loss: 0.5192, backdoor acc: 0.2092
2026-04-28 16:48:21,098 - => Stage 1 client 2 epoch 2/50, ce loss: 1.7799, train anchor loss: 0.2865, total loss: 1.9232, clean acc: 0.4321, eval anchor loss: 0.1542, backdoor acc: 0.1517
2026-04-28 16:49:45,862 - => Stage 1 client 2 epoch 3/50, ce loss: 1.6861, train anchor loss: 0.1427, total loss: 1.7574, clean acc: 0.4534, eval anchor loss: 0.1188, backdoor acc: 0.2126
2026-04-28 16:51:10,353 - => Stage 1 client 2 epoch 4/50, ce loss: 1.6380, train anchor loss: 0.1368, total loss: 1.7064, clean acc: 0.4626, eval anchor loss: 0.1303, backdoor acc: 0.4471
2026-04-28 16:52:32,385 - => Stage 1 client 2 epoch 5/50, ce loss: 1.5870, train anchor loss: 0.1366, total loss: 1.6553, clean acc: 0.4564, eval anchor loss: 0.1349, backdoor acc: 0.9180
2026-04-28 16:53:57,880 - => Stage 1 client 2 epoch 6/50, ce loss: 1.5514, train anchor loss: 0.1393, total loss: 1.6210, clean acc: 0.4857, eval anchor loss: 0.1438, backdoor acc: 0.9458
2026-04-28 16:55:22,644 - => Stage 1 client 2 epoch 7/50, ce loss: 1.5251, train anchor loss: 0.1388, total loss: 1.5945, clean acc: 0.5038, eval anchor loss: 0.1460, backdoor acc: 0.9966
2026-04-28 16:56:47,842 - => Stage 1 client 2 epoch 8/50, ce loss: 1.4876, train anchor loss: 0.1411, total loss: 1.5581, clean acc: 0.5101, eval anchor loss: 0.1395, backdoor acc: 0.9977
2026-04-28 16:58:11,754 - => Stage 1 client 2 epoch 9/50, ce loss: 1.4656, train anchor loss: 0.1430, total loss: 1.5372, clean acc: 0.5247, eval anchor loss: 0.1360, backdoor acc: 0.9926
2026-04-28 16:59:36,313 - => Stage 1 client 2 epoch 10/50, ce loss: 1.4419, train anchor loss: 0.1423, total loss: 1.5131, clean acc: 0.5332, eval anchor loss: 0.1355, backdoor acc: 0.9924
2026-04-28 17:01:00,719 - => Stage 1 client 2 epoch 11/50, ce loss: 1.4215, train anchor loss: 0.1430, total loss: 1.4930, clean acc: 0.5311, eval anchor loss: 0.1476, backdoor acc: 0.9983
2026-04-28 17:02:25,452 - => Stage 1 client 2 epoch 12/50, ce loss: 1.3973, train anchor loss: 0.1439, total loss: 1.4693, clean acc: 0.5459, eval anchor loss: 0.1352, backdoor acc: 0.9996
2026-04-28 17:03:48,714 - => Stage 1 client 2 epoch 13/50, ce loss: 1.3937, train anchor loss: 0.1447, total loss: 1.4660, clean acc: 0.5449, eval anchor loss: 0.1465, backdoor acc: 0.9996
2026-04-28 17:05:12,948 - => Stage 1 client 2 epoch 14/50, ce loss: 1.3699, train anchor loss: 0.1458, total loss: 1.4428, clean acc: 0.5696, eval anchor loss: 0.1372, backdoor acc: 0.9911
2026-04-28 17:06:36,823 - => Stage 1 client 2 epoch 15/50, ce loss: 1.3476, train anchor loss: 0.1449, total loss: 1.4201, clean acc: 0.5663, eval anchor loss: 0.1405, backdoor acc: 0.9976
2026-04-28 17:08:01,109 - => Stage 1 client 2 epoch 16/50, ce loss: 1.3411, train anchor loss: 0.1459, total loss: 1.4141, clean acc: 0.5654, eval anchor loss: 0.1402, backdoor acc: 0.9954
2026-04-28 17:09:25,681 - => Stage 1 client 2 epoch 17/50, ce loss: 1.3332, train anchor loss: 0.1457, total loss: 1.4060, clean acc: 0.5690, eval anchor loss: 0.1397, backdoor acc: 0.9963
2026-04-28 17:10:51,043 - => Stage 1 client 2 epoch 18/50, ce loss: 1.3168, train anchor loss: 0.1451, total loss: 1.3894, clean acc: 0.5777, eval anchor loss: 0.1414, backdoor acc: 0.9986
2026-04-28 17:12:15,693 - => Stage 1 client 2 epoch 19/50, ce loss: 1.3116, train anchor loss: 0.1454, total loss: 1.3843, clean acc: 0.5685, eval anchor loss: 0.1419, backdoor acc: 0.9987
2026-04-28 17:13:41,183 - => Stage 1 client 2 epoch 20/50, ce loss: 1.2960, train anchor loss: 0.1465, total loss: 1.3692, clean acc: 0.5844, eval anchor loss: 0.1374, backdoor acc: 0.9993
2026-04-28 17:15:04,023 - => Stage 1 client 2 epoch 21/50, ce loss: 1.2823, train anchor loss: 0.1464, total loss: 1.3555, clean acc: 0.5825, eval anchor loss: 0.1352, backdoor acc: 0.9967
2026-04-28 17:16:28,957 - => Stage 1 client 2 epoch 22/50, ce loss: 1.2777, train anchor loss: 0.1450, total loss: 1.3502, clean acc: 0.5851, eval anchor loss: 0.1399, backdoor acc: 0.9982
2026-04-28 17:17:54,285 - => Stage 1 client 2 epoch 23/50, ce loss: 1.2637, train anchor loss: 0.1458, total loss: 1.3366, clean acc: 0.5815, eval anchor loss: 0.1450, backdoor acc: 0.9983
2026-04-28 17:19:19,298 - => Stage 1 client 2 epoch 24/50, ce loss: 1.2595, train anchor loss: 0.1462, total loss: 1.3326, clean acc: 0.5881, eval anchor loss: 0.1460, backdoor acc: 0.9994
2026-04-28 17:20:43,757 - => Stage 1 client 2 epoch 25/50, ce loss: 1.2402, train anchor loss: 0.1454, total loss: 1.3129, clean acc: 0.5812, eval anchor loss: 0.1473, backdoor acc: 0.9994
2026-04-28 17:22:09,316 - => Stage 1 client 2 epoch 26/50, ce loss: 1.2257, train anchor loss: 0.1452, total loss: 1.2983, clean acc: 0.6047, eval anchor loss: 0.1400, backdoor acc: 0.9973
2026-04-28 17:23:34,122 - => Stage 1 client 2 epoch 27/50, ce loss: 1.2244, train anchor loss: 0.1460, total loss: 1.2975, clean acc: 0.5889, eval anchor loss: 0.1452, backdoor acc: 0.9976
2026-04-28 17:24:58,951 - => Stage 1 client 2 epoch 28/50, ce loss: 1.2226, train anchor loss: 0.1462, total loss: 1.2957, clean acc: 0.5867, eval anchor loss: 0.1463, backdoor acc: 0.9998
2026-04-28 17:26:23,333 - => Stage 1 client 2 epoch 29/50, ce loss: 1.2122, train anchor loss: 0.1466, total loss: 1.2855, clean acc: 0.6026, eval anchor loss: 0.1384, backdoor acc: 0.9993
2026-04-28 17:27:48,119 - => Stage 1 client 2 epoch 30/50, ce loss: 1.2032, train anchor loss: 0.1461, total loss: 1.2763, clean acc: 0.5990, eval anchor loss: 0.1500, backdoor acc: 0.9994
2026-04-28 17:29:11,528 - => Stage 1 client 2 epoch 31/50, ce loss: 1.1918, train anchor loss: 0.1448, total loss: 1.2642, clean acc: 0.6017, eval anchor loss: 0.1485, backdoor acc: 0.9987
2026-04-28 17:30:35,610 - => Stage 1 client 2 epoch 32/50, ce loss: 1.1900, train anchor loss: 0.1459, total loss: 1.2630, clean acc: 0.6068, eval anchor loss: 0.1438, backdoor acc: 0.9989
2026-04-28 17:32:00,160 - => Stage 1 client 2 epoch 33/50, ce loss: 1.1811, train anchor loss: 0.1457, total loss: 1.2539, clean acc: 0.6077, eval anchor loss: 0.1486, backdoor acc: 0.9992
2026-04-28 17:33:25,065 - => Stage 1 client 2 epoch 34/50, ce loss: 1.1749, train anchor loss: 0.1455, total loss: 1.2476, clean acc: 0.6106, eval anchor loss: 0.1474, backdoor acc: 0.9996
2026-04-28 17:34:48,667 - => Stage 1 client 2 epoch 35/50, ce loss: 1.1689, train anchor loss: 0.1453, total loss: 1.2416, clean acc: 0.6058, eval anchor loss: 0.1513, backdoor acc: 0.9996
2026-04-28 17:36:13,452 - => Stage 1 client 2 epoch 36/50, ce loss: 1.1646, train anchor loss: 0.1460, total loss: 1.2376, clean acc: 0.6094, eval anchor loss: 0.1412, backdoor acc: 0.9994
2026-04-28 17:37:37,325 - => Stage 1 client 2 epoch 37/50, ce loss: 1.1551, train anchor loss: 0.1451, total loss: 1.2277, clean acc: 0.6040, eval anchor loss: 0.1441, backdoor acc: 0.9992
2026-04-28 17:39:00,797 - => Stage 1 client 2 epoch 38/50, ce loss: 1.1498, train anchor loss: 0.1452, total loss: 1.2224, clean acc: 0.6112, eval anchor loss: 0.1473, backdoor acc: 0.9996
2026-04-28 17:40:25,394 - => Stage 1 client 2 epoch 39/50, ce loss: 1.1462, train anchor loss: 0.1455, total loss: 1.2190, clean acc: 0.6162, eval anchor loss: 0.1417, backdoor acc: 0.9989
2026-04-28 17:41:48,802 - => Stage 1 client 2 epoch 40/50, ce loss: 1.1368, train anchor loss: 0.1446, total loss: 1.2091, clean acc: 0.6187, eval anchor loss: 0.1472, backdoor acc: 0.9986
2026-04-28 17:43:13,741 - => Stage 1 client 2 epoch 41/50, ce loss: 1.1280, train anchor loss: 0.1450, total loss: 1.2005, clean acc: 0.6184, eval anchor loss: 0.1447, backdoor acc: 0.9986
2026-04-28 17:44:39,006 - => Stage 1 client 2 epoch 42/50, ce loss: 1.1213, train anchor loss: 0.1441, total loss: 1.1934, clean acc: 0.6194, eval anchor loss: 0.1471, backdoor acc: 1.0000
2026-04-28 17:46:02,627 - => Stage 1 client 2 epoch 43/50, ce loss: 1.1153, train anchor loss: 0.1435, total loss: 1.1870, clean acc: 0.6163, eval anchor loss: 0.1508, backdoor acc: 0.9998
2026-04-28 17:47:27,492 - => Stage 1 client 2 epoch 44/50, ce loss: 1.1101, train anchor loss: 0.1433, total loss: 1.1817, clean acc: 0.6222, eval anchor loss: 0.1442, backdoor acc: 0.9977
2026-04-28 17:48:51,665 - => Stage 1 client 2 epoch 45/50, ce loss: 1.1082, train anchor loss: 0.1436, total loss: 1.1800, clean acc: 0.6282, eval anchor loss: 0.1490, backdoor acc: 0.9993
2026-04-28 17:50:16,302 - => Stage 1 client 2 epoch 46/50, ce loss: 1.1060, train anchor loss: 0.1425, total loss: 1.1772, clean acc: 0.6268, eval anchor loss: 0.1461, backdoor acc: 0.9993
2026-04-28 17:51:40,479 - => Stage 1 client 2 epoch 47/50, ce loss: 1.0923, train anchor loss: 0.1436, total loss: 1.1642, clean acc: 0.6317, eval anchor loss: 0.1411, backdoor acc: 1.0000
2026-04-28 17:53:05,370 - => Stage 1 client 2 epoch 48/50, ce loss: 1.0879, train anchor loss: 0.1434, total loss: 1.1596, clean acc: 0.6340, eval anchor loss: 0.1459, backdoor acc: 0.9997
2026-04-28 17:54:29,714 - => Stage 1 client 2 epoch 49/50, ce loss: 1.0889, train anchor loss: 0.1441, total loss: 1.1609, clean acc: 0.6323, eval anchor loss: 0.1445, backdoor acc: 1.0000
2026-04-28 17:55:54,923 - => Stage 1 client 2 epoch 50/50, ce loss: 1.0805, train anchor loss: 0.1432, total loss: 1.1521, clean acc: 0.6279, eval anchor loss: 0.1564, backdoor acc: 0.9999
2026-04-28 17:55:55,507 - => Stage 1 final summary for passive client 2: best epoch: 48, clean acc: 0.6340, anchor loss: 0.1459, backdoor acc: 0.9997
2026-04-28 17:55:55,959 - => Stage 1 metrics were also saved to './results/AVGuard/threeclient_full_avguard_fixed_lambda_anchor_theta_supp_sensitivity/theta_supp_0.20/CIFAR10/stage1/anchor_stage1\stage1_metrics.json'
2026-04-28 17:55:55,961 - => Saved stage1 passive-party local models and anchors to './results/AVGuard/threeclient_full_avguard_fixed_lambda_anchor_theta_supp_sensitivity/theta_supp_0.20/CIFAR10/stage1/anchor_stage1'
2026-04-28 17:55:55,991 - => Saved anchor artifact to './results/AVGuard/threeclient_full_avguard_fixed_lambda_anchor_theta_supp_sensitivity/theta_supp_0.20/CIFAR10/stage1/anchor_bank.pt'
2026-04-28 17:55:55,991 - => Stage 3 is ready; it will use Stage 1 client reliability from the loaded anchor state when available. Stage 2 client anchor-loss stats are optional diagnostics.
