2026-04-29 01:54:07,938 - Namespace(config='', data_dir='./dataset/data_raw/', dataset='PHISHING', device=0, results_dir='./results/AVGuard/threeclient_full_avguard_fixed_lambda_anchor_theta_supp_sensitivity/theta_supp_0.25/PHISHING/stage3', seed=100, epoch=100, batch_size=256, client_num=3, pretrained_checkpoint=None, test_checkpoint='./results/AVGuard/threeclient_full_avguard_fixed_lambda_anchor_theta_supp_sensitivity/theta_supp_0.25/PHISHING/stage2/best_checkpoint.pth.tar', resume_latest=False, lr=0.001, start_epoch=0, print_steps=10, early_stop=20, attack='LFBA', target_label=None, poison_rate=0.25, poison_dimensions=30, trigger_feature_clip=1.0, attack_client_num=2, feature_extractor='', select_rate=0.3, lfba_poison_source='gradient', random_select=False, poison_all=False, anchor_idx=1000, pretrain_stage=0, mode='test', defense='anchor', defense_scheme='AVGuard', enable_stage1=True, force_stage1_retrain=False, enable_anchor_loss=True, lambda_anchor=0.5, lambda_stage1_anchor=0.7, anchor_pretrain_epochs=5, anchor_pretrain_early_stop=5, anchor_pretrain_min_delta=0.0001, anchor_scale=1, anchor_margin=0, anchor_bank_path='./results/AVGuard/threeclient_full_avguard_fixed_lambda_anchor_theta_supp_sensitivity/theta_supp_0.25/PHISHING/stage1/anchor_artifact.pt', anchor_stage1_dir='./results/AVGuard/threeclient_full_avguard_fixed_lambda_anchor_theta_supp_sensitivity/theta_supp_0.25/PHISHING/stage1/anchor_stage1', anchor_ema_momentum=1.0, anchor_ema_update_freq=1, stage3_enable_joint_weighted_voting=True, stage3_enable_static_reliability=True, disable_stage3_eval=False, gamma=2.0, theta_supp=0.25, stage3_required_support_count=2, enable_conservative_correction=False, tau_corr=0.0, top_k=4, stage3_debug_batches=0, stage3_debug_max_samples=8, original_dataset='PHISHING', attack_target_label=None, anchor_margin_auto_adjusted=False, requested_anchor_margin=0)
2026-04-29 01:54:07,941 - => Defense scheme: AVGuard
2026-04-29 01:54:07,942 - => LFBA poison-set source: gradient
2026-04-29 01:54:07,942 - => Python executable: D:\python3\generative-compression-master1\KAVF\python.exe
2026-04-29 01:54:07,943 - => Torch version: 2.7.1+cu126, compiled CUDA: 12.6, cuda available: True, visible GPU count: 1
2026-04-29 01:54:07,944 - => Using GPU cuda:0 (NVIDIA GeForce RTX 4080)
2026-04-29 01:54:07,945 - => Preparing data...
2026-04-29 01:54:10,072 - => PHISHING file: ./dataset/data_raw/Phishing\PHISHING_full.csv
2026-04-29 01:54:10,073 - => PHISHING feature dim: 111, train samples: 70917, test samples: 17730
2026-04-29 01:54:10,080 - => Resolved LFBA attack target label=0 from training anchor_idx=1000
2026-04-29 01:54:10,178 - => Loading checkpoint './results/AVGuard/threeclient_full_avguard_fixed_lambda_anchor_theta_supp_sensitivity/theta_supp_0.25/PHISHING/stage2/best_checkpoint.pth.tar'
2026-04-29 01:54:10,247 - => checkpoint './results/AVGuard/threeclient_full_avguard_fixed_lambda_anchor_theta_supp_sensitivity/theta_supp_0.25/PHISHING/stage2/best_checkpoint.pth.tar' requires full pickle loading; falling back to weights_only=False
2026-04-29 01:54:10,283 - => Loaded checkpoint './results/AVGuard/threeclient_full_avguard_fixed_lambda_anchor_theta_supp_sensitivity/theta_supp_0.25/PHISHING/stage2/best_checkpoint.pth.tar' (epoch 11, best clean accuracy: 0.8975)
2026-04-29 01:54:10,283 - => Loading anchor defense state from checkpoint
2026-04-29 01:54:10,371 - => Stage 3 is ready; it will use Stage 1 client reliability from the loaded anchor state when available. Stage 2 client anchor-loss stats are optional diagnostics.
2026-04-29 01:54:10,375 - =>Add Trigger to Test Data
2026-04-29 01:54:10,986 - Add Trigger to 6130 Bad Samples, 11600 Clean Samples (1.00)
2026-04-29 01:54:10,990 - => Restored LFBA runtime state: cached_features=70917, poison_indexes=17729, anchor_label=0
2026-04-29 01:54:10,991 - => Test ASR...
2026-04-29 01:54:11,003 - =>Add Trigger to Test Data
2026-04-29 01:54:11,693 - Add Trigger to 6130 Bad Samples, 11600 Clean Samples (1.00)
2026-04-29 01:54:14,971 - => Test Epoch: 11, main task samples: 17730, attack samples: 17730, test loss: 0.1254, clean acc: 0.8933, Top-2: 1.0000, ASR: 0.0564, RAC: 0.9219, test target accuracy: 0.9453, stage3 final accuracy: 0.8933, stage3 final target accuracy: 0.9105, stage3 final asr: 0.0564, anchor loss: 0.1013
2026-04-29 01:54:14,972 - => Stage 3 Detection Summary: recall: 0.9445, precision: 0.7116, f1: 0.8117, false positive rate: 0.1138, correction rate: 0.9938
2026-04-29 01:54:14,973 - => Stage 3 Debug (clean): suspicious=2017/17730, correction_applied=1915, prediction_changed=1915, skipped_tied_vote=0, skipped_low_margin=0, skipped_other=102
2026-04-29 01:54:14,974 - => Stage 3 Debug (poison-valid): suspicious=5045/6130, correction_applied=5014, prediction_changed=5014, skipped_tied_vote=0, skipped_low_margin=0, skipped_other=31
2026-04-29 01:54:14,975 - => Stage 3 Debug (attack-success): suspicious=5025/5320, correction_applied=4994, prediction_changed=4994, corrected_to_true=4994
2026-04-29 01:54:14,975 - => Stage 3 Effective Support Avg: clean(all)=1.8460, clean_suspicious(false_positive)=0.6465, clean_correction_applied=0.6277, poison_valid(all)=0.4361, poison_valid_suspicious=0.0997, poison_valid_correction_applied=0.0941, attack_success(all)=0.2017, attack_success_suspicious=0.0961
