2026-04-28 09:11:49,258 - Namespace(config='', data_dir='./dataset/data_raw/', dataset='PHISHING', device=0, results_dir='./results/AVGuard/threeclient_full_avguard_fixed_lambda_anchor_theta_supp_sensitivity/theta_supp_0.10/PHISHING/stage3', seed=100, epoch=100, batch_size=256, client_num=3, pretrained_checkpoint=None, test_checkpoint='./results/AVGuard/threeclient_full_avguard_fixed_lambda_anchor_theta_supp_sensitivity/theta_supp_0.10/PHISHING/stage2/best_checkpoint.pth.tar', resume_latest=False, lr=0.001, start_epoch=0, print_steps=10, early_stop=20, attack='LFBA', target_label=None, poison_rate=0.25, poison_dimensions=30, trigger_feature_clip=1.0, attack_client_num=2, feature_extractor='', select_rate=0.3, lfba_poison_source='gradient', random_select=False, poison_all=False, anchor_idx=1000, pretrain_stage=0, mode='test', defense='anchor', defense_scheme='AVGuard', enable_stage1=True, force_stage1_retrain=False, enable_anchor_loss=True, lambda_anchor=0.5, lambda_stage1_anchor=0.7, anchor_pretrain_epochs=5, anchor_pretrain_early_stop=5, anchor_pretrain_min_delta=0.0001, anchor_scale=1, anchor_margin=0, anchor_bank_path='./results/AVGuard/threeclient_full_avguard_fixed_lambda_anchor_theta_supp_sensitivity/theta_supp_0.10/PHISHING/stage1/anchor_artifact.pt', anchor_stage1_dir='./results/AVGuard/threeclient_full_avguard_fixed_lambda_anchor_theta_supp_sensitivity/theta_supp_0.10/PHISHING/stage1/anchor_stage1', anchor_ema_momentum=1.0, anchor_ema_update_freq=1, stage3_enable_joint_weighted_voting=True, stage3_enable_static_reliability=True, disable_stage3_eval=False, gamma=2.0, theta_supp=0.1, stage3_required_support_count=2, enable_conservative_correction=False, tau_corr=0.0, top_k=4, stage3_debug_batches=0, stage3_debug_max_samples=8, original_dataset='PHISHING', attack_target_label=None, anchor_margin_auto_adjusted=False, requested_anchor_margin=0)
2026-04-28 09:11:49,261 - => Defense scheme: AVGuard
2026-04-28 09:11:49,262 - => LFBA poison-set source: gradient
2026-04-28 09:11:49,263 - => Python executable: D:\python3\generative-compression-master1\KAVF\python.exe
2026-04-28 09:11:49,263 - => Torch version: 2.7.1+cu126, compiled CUDA: 12.6, cuda available: True, visible GPU count: 1
2026-04-28 09:11:49,264 - => Using GPU cuda:0 (NVIDIA GeForce RTX 4080)
2026-04-28 09:11:49,265 - => Preparing data...
2026-04-28 09:11:51,525 - => PHISHING file: ./dataset/data_raw/Phishing\PHISHING_full.csv
2026-04-28 09:11:51,526 - => PHISHING feature dim: 111, train samples: 70917, test samples: 17730
2026-04-28 09:11:51,537 - => Resolved LFBA attack target label=0 from training anchor_idx=1000
2026-04-28 09:11:51,647 - => Loading checkpoint './results/AVGuard/threeclient_full_avguard_fixed_lambda_anchor_theta_supp_sensitivity/theta_supp_0.10/PHISHING/stage2/best_checkpoint.pth.tar'
2026-04-28 09:11:51,716 - => checkpoint './results/AVGuard/threeclient_full_avguard_fixed_lambda_anchor_theta_supp_sensitivity/theta_supp_0.10/PHISHING/stage2/best_checkpoint.pth.tar' requires full pickle loading; falling back to weights_only=False
2026-04-28 09:11:51,755 - => Loaded checkpoint './results/AVGuard/threeclient_full_avguard_fixed_lambda_anchor_theta_supp_sensitivity/theta_supp_0.10/PHISHING/stage2/best_checkpoint.pth.tar' (epoch 11, best clean accuracy: 0.8972)
2026-04-28 09:11:51,756 - => Loading anchor defense state from checkpoint
2026-04-28 09:11:51,848 - => Stage 3 is ready; it will use Stage 1 client reliability from the loaded anchor state when available. Stage 2 client anchor-loss stats are optional diagnostics.
2026-04-28 09:11:51,851 - =>Add Trigger to Test Data
2026-04-28 09:11:52,563 - Add Trigger to 6130 Bad Samples, 11600 Clean Samples (1.00)
2026-04-28 09:11:52,568 - => Restored LFBA runtime state: cached_features=70917, poison_indexes=17729, anchor_label=0
2026-04-28 09:11:52,569 - => Test ASR...
2026-04-28 09:11:52,578 - =>Add Trigger to Test Data
2026-04-28 09:11:53,293 - Add Trigger to 6130 Bad Samples, 11600 Clean Samples (1.00)
2026-04-28 09:11:56,772 - => Test Epoch: 11, main task samples: 17730, attack samples: 17730, test loss: 0.1200, clean acc: 0.8866, Top-2: 1.0000, ASR: 0.0519, RAC: 0.9120, test target accuracy: 0.9545, stage3 final accuracy: 0.8866, stage3 final target accuracy: 0.8929, stage3 final asr: 0.0519, anchor loss: 0.1027
2026-04-28 09:11:56,773 - => Stage 3 Detection Summary: recall: 0.9454, precision: 0.7104, f1: 0.8112, false positive rate: 0.1132, correction rate: 0.9974
2026-04-28 09:11:56,774 - => Stage 3 Debug (clean): suspicious=2007/17730, correction_applied=1976, prediction_changed=1976, skipped_tied_vote=0, skipped_low_margin=0, skipped_other=31
2026-04-28 09:11:56,774 - => Stage 3 Debug (poison-valid): suspicious=4986/6130, correction_applied=4973, prediction_changed=4973, skipped_tied_vote=0, skipped_low_margin=0, skipped_other=13
2026-04-28 09:11:56,775 - => Stage 3 Debug (attack-success): suspicious=4968/5255, correction_applied=4955, prediction_changed=4955, corrected_to_true=4955
2026-04-28 09:11:56,776 - => Stage 3 Effective Support Avg: clean(all)=1.8526, clean_suspicious(false_positive)=0.6976, clean_correction_applied=0.6928, poison_valid(all)=0.4582, poison_valid_suspicious=0.1045, poison_valid_correction_applied=0.1022, attack_success(all)=0.2049, attack_success_suspicious=0.1012
