2026-04-02 19:21:28,830 - Namespace(config='', data_dir='./dataset/data_raw/', dataset='NUSWIDE', device=0, results_dir='./results/AVGuard/NUSWIDE_anchor_stage1_3clients', seed=100, epoch=100, batch_size=256, client_num=3, pretrained_checkpoint='./results/AVGuard/NUSWIDE_anchor_stage1_3clients\\latest_checkpoint.pth.tar', test_checkpoint=None, resume_latest=True, lr=0.001, start_epoch=0, print_steps=10, early_stop=20, attack='LFBA', target_label=None, poison_rate=0.1, poison_dimensions=10, trigger_feature_clip=1.0, attack_client_num=2, feature_extractor='', select_rate=0.3, random_select=False, poison_all=False, anchor_idx=33930, pretrain_stage=0, mode='pretrain_anchor', defense='anchor', defense_scheme='AVGuard', force_stage1_retrain=True, enable_anchor_loss=True, lambda_anchor=0.1, lambda_stage1_anchor=0.3, anchor_pretrain_epochs=20, anchor_scale=16.0, anchor_margin=0.2, anchor_bank_path='./results/AVGuard/NUSWIDE_anchor_stage1_3clients/anchor_bank.pt', anchor_stage1_dir='./results/AVGuard/NUSWIDE_anchor_stage1_3clients/anchor_stage1', anchor_ema_momentum=0.995, anchor_ema_update_freq=1, gamma=5.0, top_k=4, original_dataset='NUSWIDE', attack_target_label=None, anchor_margin_auto_adjusted=False, requested_anchor_margin=0.2)
2026-04-02 19:21:28,831 - => Defense scheme: AVGuard
2026-04-02 19:21:28,831 - => Python executable: D:\Code\Miniconda\envs\backdoor\python.exe
2026-04-02 19:21:28,831 - => Torch version: 2.5.1+cu121, compiled CUDA: 12.1, cuda available: True, visible GPU count: 1
2026-04-02 19:21:28,831 - => Using GPU cuda:0 (NVIDIA GeForce RTX 4060 Laptop GPU)
2026-04-02 19:21:28,831 - => Preparing data...
2026-04-02 19:21:59,933 - Namespace(config='', data_dir='./dataset/data_raw/', dataset='NUSWIDE', device=0, results_dir='./results/AVGuard/NUSWIDE_anchor_stage1_3clients', seed=100, epoch=100, batch_size=256, client_num=3, pretrained_checkpoint='./results/AVGuard/NUSWIDE_anchor_stage1_3clients\\latest_checkpoint.pth.tar', test_checkpoint=None, resume_latest=True, lr=0.001, start_epoch=0, print_steps=10, early_stop=20, attack='LFBA', target_label=None, poison_rate=0.1, poison_dimensions=10, trigger_feature_clip=1.0, attack_client_num=2, feature_extractor='', select_rate=0.3, random_select=False, poison_all=False, anchor_idx=33930, pretrain_stage=0, mode='pretrain_anchor', defense='anchor', defense_scheme='AVGuard', force_stage1_retrain=True, enable_anchor_loss=True, lambda_anchor=0.1, lambda_stage1_anchor=0.3, anchor_pretrain_epochs=20, anchor_scale=16.0, anchor_margin=0.2, anchor_bank_path='./results/AVGuard/NUSWIDE_anchor_stage1_3clients/anchor_bank.pt', anchor_stage1_dir='./results/AVGuard/NUSWIDE_anchor_stage1_3clients/anchor_stage1', anchor_ema_momentum=0.995, anchor_ema_update_freq=1, gamma=5.0, top_k=4, original_dataset='NUSWIDE', attack_target_label=None, anchor_margin_auto_adjusted=False, requested_anchor_margin=0.2)
2026-04-02 19:21:59,934 - => Defense scheme: AVGuard
2026-04-02 19:21:59,934 - => Python executable: D:\Code\Miniconda\envs\backdoor\python.exe
2026-04-02 19:21:59,935 - => Torch version: 2.5.1+cu121, compiled CUDA: 12.1, cuda available: True, visible GPU count: 1
2026-04-02 19:21:59,935 - => Using GPU cuda:0 (NVIDIA GeForce RTX 4060 Laptop GPU)
2026-04-02 19:21:59,935 - => Preparing data...
2026-04-02 19:23:04,928 - => NUSWIDE total feature dim: 1634, client_num: 3, local output dims: [60, 24, 16]
2026-04-02 19:23:04,928 - => NUSWIDE fixed feature order: [CH | CM55 | CORR | EDH | WT | Tags1k]
2026-04-02 19:23:04,929 - => NUSWIDE split: client0 = TEXT[1000]
2026-04-02 19:23:04,929 - => NUSWIDE split: client1 = CH + CM55 + CORR [433]
2026-04-02 19:23:04,929 - => NUSWIDE split: client2 = EDH + WT [201]
2026-04-02 19:23:04,930 - => NUSWIDE attacker client: client2
2026-04-02 19:23:05,092 - => Resolved LFBA attack target label=3 from training anchor_idx=33930
2026-04-02 19:23:05,286 - => No checkpoint found at './results/AVGuard/NUSWIDE_anchor_stage1_3clients\latest_checkpoint.pth.tar'
2026-04-02 19:23:05,288 - => Enter Stage 1: passive local backbones are trained with active-party private two-layer MLP heads
2026-04-02 19:23:05,288 - => Stage 1 latest checkpoint path: './results/AVGuard/NUSWIDE_anchor_stage1_3clients\latest_checkpoint.pth.tar'
2026-04-02 19:23:09,221 - =>Add Trigger to Train Data
2026-04-02 19:23:09,689 - Add Trigger to 6996 Bad Samples, 62970 Clean Samples (0.10)
2026-04-02 19:23:09,748 - =>Add Trigger to Test Data
2026-04-02 19:23:11,934 - Add Trigger to 46693 Bad Samples, 0 Clean Samples (1.00)
2026-04-02 19:23:12,057 - => Stage 1 start for passive client 0
2026-04-02 19:23:24,298 - => Stage 1 client 0 epoch 1/20, ce loss: 1.7412, train anchor loss: 0.8506, total loss: 1.9964, clean acc: 0.8295, eval anchor loss: 0.1532, backdoor acc: 0.0000
2026-04-02 19:23:34,535 - => Stage 1 client 0 epoch 2/20, ce loss: 0.8876, train anchor loss: 0.0823, total loss: 0.9123, clean acc: 0.8331, eval anchor loss: 0.0742, backdoor acc: 0.0000
2026-04-02 19:23:44,837 - => Stage 1 client 0 epoch 3/20, ce loss: 0.7861, train anchor loss: 0.0627, total loss: 0.8049, clean acc: 0.8287, eval anchor loss: 0.0750, backdoor acc: 0.0000
2026-04-02 19:23:55,882 - => Stage 1 client 0 epoch 4/20, ce loss: 0.6958, train anchor loss: 0.0579, total loss: 0.7131, clean acc: 0.8277, eval anchor loss: 0.0803, backdoor acc: 0.0000
2026-04-02 19:24:06,571 - => Stage 1 client 0 epoch 5/20, ce loss: 0.6002, train anchor loss: 0.0520, total loss: 0.6158, clean acc: 0.8244, eval anchor loss: 0.0841, backdoor acc: 0.0000
2026-04-02 19:24:17,359 - => Stage 1 client 0 epoch 6/20, ce loss: 0.5314, train anchor loss: 0.0476, total loss: 0.5457, clean acc: 0.8211, eval anchor loss: 0.0938, backdoor acc: 0.0000
2026-04-02 19:24:27,849 - => Stage 1 client 0 epoch 7/20, ce loss: 0.4795, train anchor loss: 0.0444, total loss: 0.4928, clean acc: 0.8218, eval anchor loss: 0.0923, backdoor acc: 0.0000
2026-04-02 19:24:38,444 - => Stage 1 client 0 epoch 8/20, ce loss: 0.4431, train anchor loss: 0.0422, total loss: 0.4557, clean acc: 0.8189, eval anchor loss: 0.0965, backdoor acc: 0.0000
2026-04-02 19:24:47,720 - => Stage 1 client 0 epoch 9/20, ce loss: 0.4112, train anchor loss: 0.0405, total loss: 0.4234, clean acc: 0.8186, eval anchor loss: 0.1022, backdoor acc: 0.0000
2026-04-02 19:24:55,669 - => Stage 1 client 0 epoch 10/20, ce loss: 0.3865, train anchor loss: 0.0387, total loss: 0.3981, clean acc: 0.8186, eval anchor loss: 0.1069, backdoor acc: 0.0000
2026-04-02 19:25:05,933 - => Stage 1 client 0 epoch 11/20, ce loss: 0.3730, train anchor loss: 0.0378, total loss: 0.3844, clean acc: 0.8198, eval anchor loss: 0.1054, backdoor acc: 0.0000
2026-04-02 19:25:16,498 - => Stage 1 client 0 epoch 12/20, ce loss: 0.3582, train anchor loss: 0.0371, total loss: 0.3694, clean acc: 0.8159, eval anchor loss: 0.1090, backdoor acc: 0.0000
2026-04-02 19:25:26,330 - => Stage 1 client 0 epoch 13/20, ce loss: 0.3544, train anchor loss: 0.0375, total loss: 0.3657, clean acc: 0.8140, eval anchor loss: 0.1133, backdoor acc: 0.0000
2026-04-02 19:25:36,818 - => Stage 1 client 0 epoch 14/20, ce loss: 0.3438, train anchor loss: 0.0367, total loss: 0.3548, clean acc: 0.8161, eval anchor loss: 0.1092, backdoor acc: 0.0000
2026-04-02 19:25:46,563 - => Stage 1 client 0 epoch 15/20, ce loss: 0.3295, train anchor loss: 0.0363, total loss: 0.3404, clean acc: 0.8158, eval anchor loss: 0.1199, backdoor acc: 0.0000
2026-04-02 19:25:56,433 - => Stage 1 client 0 epoch 16/20, ce loss: 0.3203, train anchor loss: 0.0355, total loss: 0.3310, clean acc: 0.8151, eval anchor loss: 0.1181, backdoor acc: 0.0000
2026-04-02 19:26:06,866 - => Stage 1 client 0 epoch 17/20, ce loss: 0.3149, train anchor loss: 0.0354, total loss: 0.3256, clean acc: 0.8163, eval anchor loss: 0.1190, backdoor acc: 0.0000
2026-04-02 19:26:15,409 - => Stage 1 client 0 epoch 18/20, ce loss: 0.3114, train anchor loss: 0.0354, total loss: 0.3220, clean acc: 0.8138, eval anchor loss: 0.1195, backdoor acc: 0.0000
2026-04-02 19:26:25,034 - => Stage 1 client 0 epoch 19/20, ce loss: 0.3033, train anchor loss: 0.0350, total loss: 0.3138, clean acc: 0.8171, eval anchor loss: 0.1197, backdoor acc: 0.0000
2026-04-02 19:26:34,634 - => Stage 1 client 0 epoch 20/20, ce loss: 0.2980, train anchor loss: 0.0346, total loss: 0.3083, clean acc: 0.8138, eval anchor loss: 0.1234, backdoor acc: 0.0000
2026-04-02 19:26:34,658 - => Stage 1 final summary for passive client 0: clean acc: 0.8138, anchor loss: 0.1234, backdoor acc: 0.0000
2026-04-02 19:26:34,659 - => Stage 1 start for passive client 1
2026-04-02 19:26:44,443 - => Stage 1 client 1 epoch 1/20, ce loss: 2.5163, train anchor loss: 0.6826, total loss: 2.7210, clean acc: 0.6653, eval anchor loss: 0.1112, backdoor acc: 0.0000
2026-04-02 19:26:54,302 - => Stage 1 client 1 epoch 2/20, ce loss: 1.5799, train anchor loss: 0.0855, total loss: 1.6056, clean acc: 0.6774, eval anchor loss: 0.0817, backdoor acc: 0.0000
2026-04-02 19:27:04,749 - => Stage 1 client 1 epoch 3/20, ce loss: 1.5064, train anchor loss: 0.0800, total loss: 1.5304, clean acc: 0.6792, eval anchor loss: 0.0854, backdoor acc: 0.0000
2026-04-02 19:27:14,671 - => Stage 1 client 1 epoch 4/20, ce loss: 1.4523, train anchor loss: 0.0796, total loss: 1.4762, clean acc: 0.6842, eval anchor loss: 0.0880, backdoor acc: 0.0000
2026-04-02 19:27:25,039 - => Stage 1 client 1 epoch 5/20, ce loss: 1.3999, train anchor loss: 0.0797, total loss: 1.4238, clean acc: 0.6865, eval anchor loss: 0.0905, backdoor acc: 0.0000
2026-04-02 19:27:34,802 - => Stage 1 client 1 epoch 6/20, ce loss: 1.3488, train anchor loss: 0.0790, total loss: 1.3725, clean acc: 0.6841, eval anchor loss: 0.0920, backdoor acc: 0.0000
2026-04-02 19:27:42,922 - => Stage 1 client 1 epoch 7/20, ce loss: 1.2977, train anchor loss: 0.0785, total loss: 1.3212, clean acc: 0.6843, eval anchor loss: 0.0956, backdoor acc: 0.0000
2026-04-02 19:27:52,543 - => Stage 1 client 1 epoch 8/20, ce loss: 1.2529, train anchor loss: 0.0780, total loss: 1.2763, clean acc: 0.6881, eval anchor loss: 0.1017, backdoor acc: 0.0000
2026-04-02 19:28:02,881 - => Stage 1 client 1 epoch 9/20, ce loss: 1.2063, train anchor loss: 0.0770, total loss: 1.2294, clean acc: 0.6901, eval anchor loss: 0.1050, backdoor acc: 0.0000
2026-04-02 19:28:12,939 - => Stage 1 client 1 epoch 10/20, ce loss: 1.1566, train anchor loss: 0.0762, total loss: 1.1794, clean acc: 0.6830, eval anchor loss: 0.1110, backdoor acc: 0.0000
2026-04-02 19:28:23,659 - => Stage 1 client 1 epoch 11/20, ce loss: 1.1156, train anchor loss: 0.0747, total loss: 1.1380, clean acc: 0.6817, eval anchor loss: 0.1130, backdoor acc: 0.0000
2026-04-02 19:28:34,463 - => Stage 1 client 1 epoch 12/20, ce loss: 1.0663, train anchor loss: 0.0735, total loss: 1.0884, clean acc: 0.6813, eval anchor loss: 0.1211, backdoor acc: 0.0000
2026-04-02 19:28:44,281 - => Stage 1 client 1 epoch 13/20, ce loss: 1.0337, train anchor loss: 0.0726, total loss: 1.0555, clean acc: 0.6787, eval anchor loss: 0.1162, backdoor acc: 0.0000
2026-04-02 19:28:54,558 - => Stage 1 client 1 epoch 14/20, ce loss: 0.9917, train anchor loss: 0.0707, total loss: 1.0129, clean acc: 0.6810, eval anchor loss: 0.1241, backdoor acc: 0.0000
2026-04-02 19:29:04,271 - => Stage 1 client 1 epoch 15/20, ce loss: 0.9600, train anchor loss: 0.0699, total loss: 0.9810, clean acc: 0.6774, eval anchor loss: 0.1279, backdoor acc: 0.0000
2026-04-02 19:29:15,200 - => Stage 1 client 1 epoch 16/20, ce loss: 0.9233, train anchor loss: 0.0683, total loss: 0.9438, clean acc: 0.6739, eval anchor loss: 0.1326, backdoor acc: 0.0000
2026-04-02 19:29:25,199 - => Stage 1 client 1 epoch 17/20, ce loss: 0.8987, train anchor loss: 0.0664, total loss: 0.9186, clean acc: 0.6752, eval anchor loss: 0.1295, backdoor acc: 0.0000
2026-04-02 19:29:36,110 - => Stage 1 client 1 epoch 18/20, ce loss: 0.8668, train anchor loss: 0.0656, total loss: 0.8865, clean acc: 0.6652, eval anchor loss: 0.1361, backdoor acc: 0.0000
2026-04-02 19:29:46,198 - => Stage 1 client 1 epoch 19/20, ce loss: 0.8443, train anchor loss: 0.0640, total loss: 0.8635, clean acc: 0.6741, eval anchor loss: 0.1383, backdoor acc: 0.0000
2026-04-02 19:29:55,657 - => Stage 1 client 1 epoch 20/20, ce loss: 0.8225, train anchor loss: 0.0632, total loss: 0.8415, clean acc: 0.6735, eval anchor loss: 0.1415, backdoor acc: 0.0000
2026-04-02 19:29:55,680 - => Stage 1 final summary for passive client 1: clean acc: 0.6735, anchor loss: 0.1415, backdoor acc: 0.0000
2026-04-02 19:29:55,683 - => Stage 1 start for passive client 2
2026-04-02 19:30:17,872 - => Stage 1 client 2 epoch 1/20, ce loss: 3.0802, train anchor loss: 1.2898, total loss: 3.4671, clean acc: 0.6061, eval anchor loss: 0.8268, backdoor acc: 0.9977
2026-04-02 19:30:30,519 - => Stage 1 client 2 epoch 2/20, ce loss: 1.9816, train anchor loss: 0.2962, total loss: 2.0705, clean acc: 0.6201, eval anchor loss: 0.0923, backdoor acc: 0.9985
2026-04-02 19:30:42,609 - => Stage 1 client 2 epoch 3/20, ce loss: 1.5912, train anchor loss: 0.0802, total loss: 1.6153, clean acc: 0.6294, eval anchor loss: 0.0867, backdoor acc: 0.9987
2026-04-02 19:30:54,528 - => Stage 1 client 2 epoch 4/20, ce loss: 1.5562, train anchor loss: 0.0818, total loss: 1.5807, clean acc: 0.6351, eval anchor loss: 0.0865, backdoor acc: 0.9965
2026-04-02 19:31:07,059 - => Stage 1 client 2 epoch 5/20, ce loss: 1.5349, train anchor loss: 0.0848, total loss: 1.5603, clean acc: 0.6349, eval anchor loss: 0.0862, backdoor acc: 0.9960
2026-04-02 19:31:18,858 - => Stage 1 client 2 epoch 6/20, ce loss: 1.5136, train anchor loss: 0.0863, total loss: 1.5395, clean acc: 0.6393, eval anchor loss: 0.0833, backdoor acc: 0.9968
2026-04-02 19:31:30,235 - => Stage 1 client 2 epoch 7/20, ce loss: 1.4936, train anchor loss: 0.0868, total loss: 1.5196, clean acc: 0.6417, eval anchor loss: 0.0856, backdoor acc: 0.9992
2026-04-02 19:31:41,903 - => Stage 1 client 2 epoch 8/20, ce loss: 1.4796, train anchor loss: 0.0877, total loss: 1.5059, clean acc: 0.6346, eval anchor loss: 0.0857, backdoor acc: 0.9989
2026-04-02 19:31:53,019 - => Stage 1 client 2 epoch 9/20, ce loss: 1.4667, train anchor loss: 0.0878, total loss: 1.4931, clean acc: 0.6439, eval anchor loss: 0.0870, backdoor acc: 0.9995
2026-04-02 19:32:03,167 - => Stage 1 client 2 epoch 10/20, ce loss: 1.4577, train anchor loss: 0.0880, total loss: 1.4841, clean acc: 0.6448, eval anchor loss: 0.0868, backdoor acc: 0.9993
2026-04-02 19:32:15,793 - => Stage 1 client 2 epoch 11/20, ce loss: 1.4434, train anchor loss: 0.0882, total loss: 1.4699, clean acc: 0.6482, eval anchor loss: 0.0865, backdoor acc: 0.9984
2026-04-02 19:32:27,912 - => Stage 1 client 2 epoch 12/20, ce loss: 1.4335, train anchor loss: 0.0883, total loss: 1.4600, clean acc: 0.6480, eval anchor loss: 0.0869, backdoor acc: 0.9987
