2026-04-20 18:49:45,687 - Namespace(config='', data_dir='./dataset/', dataset='IEEE_CIS_FRAUD', device=0, results_dir='./results/AVGuard/lambda_anchor_sensitivity/IEEE_CIS_FRAUD/lambda_anchor_0.75/stage2', seed=100, epoch=50, batch_size=256, client_num=3, pretrained_checkpoint='./results/AVGuard/lambda_anchor_sensitivity/IEEE_CIS_FRAUD/lambda_anchor_0.75/stage2\\latest_checkpoint.pth.tar', test_checkpoint=None, resume_latest=True, lr=0.001, start_epoch=0, print_steps=10, early_stop=10, attack='LFBA', target_label=None, poison_rate=0.25, poison_dimensions=30, trigger_feature_clip=1.0, attack_client_num=2, feature_extractor='', select_rate=0.3, lfba_poison_source='gradient', random_select=False, poison_all=False, anchor_idx=1001, pretrain_stage=0, mode='train', defense='anchor', defense_scheme='AVGuard', enable_stage1=True, force_stage1_retrain=False, enable_anchor_loss=True, lambda_anchor=0.75, lambda_stage1_anchor=0.5, anchor_pretrain_epochs=30, anchor_pretrain_early_stop=5, anchor_pretrain_min_delta=0.0001, anchor_scale=1.0, anchor_margin=0.0, anchor_bank_path='./results/AVGuard/lambda_anchor_sensitivity/IEEE_CIS_FRAUD/stage1/anchor_artifact.pt', anchor_stage1_dir='./results/AVGuard/lambda_anchor_sensitivity/IEEE_CIS_FRAUD/stage1/anchor_stage1', anchor_ema_momentum=1.0, anchor_ema_update_freq=1, stage3_enable_joint_weighted_voting=True, stage3_enable_static_reliability=True, gamma=2.0, theta_supp=0.15, enable_conservative_correction=False, tau_corr=0.0, top_k=4, stage3_debug_batches=0, stage3_debug_max_samples=8, original_dataset='IEEE-CIS-FRAUD', attack_target_label=None, anchor_margin_auto_adjusted=False, requested_anchor_margin=0.0)
2026-04-20 18:49:45,689 - => Canonicalized dataset name from 'IEEE-CIS-FRAUD' to 'IEEE_CIS_FRAUD'; legacy NUS-WIDE aliases now share the unified NUSWIDE entry
2026-04-20 18:49:45,690 - => Defense scheme: AVGuard
2026-04-20 18:49:45,690 - => LFBA poison-set source: gradient
2026-04-20 18:49:45,691 - => Python executable: D:\python3\generative-compression-master1\KAVF\python.exe
2026-04-20 18:49:45,691 - => Torch version: 2.7.1+cu126, compiled CUDA: 12.6, cuda available: True, visible GPU count: 1
2026-04-20 18:49:45,691 - => Using GPU cuda:0 (NVIDIA GeForce RTX 4080)
2026-04-20 18:49:45,691 - => Preparing data...
2026-04-20 18:49:46,733 - => IEEE-CIS-Fraud directory: ./dataset/data_raw\processed\IEEE-CIS-Fraud
2026-04-20 18:49:46,734 - => IEEE-CIS-Fraud feature dim: 432, train samples: 49591, test samples: 12398
2026-04-20 18:49:46,746 - => Resolved LFBA attack target label=1 from training anchor_idx=1001
2026-04-20 18:49:46,835 - => No checkpoint found at './results/AVGuard/lambda_anchor_sensitivity/IEEE_CIS_FRAUD/lambda_anchor_0.75/stage2\latest_checkpoint.pth.tar'
2026-04-20 18:49:46,853 - => Loading stage1 local models and anchors from './results/AVGuard/lambda_anchor_sensitivity/IEEE_CIS_FRAUD/stage1/anchor_stage1/stage1_artifact.pt'
2026-04-20 18:49:46,953 - => Stage 3 is ready; it will use Stage 1 client reliability from the loaded anchor state when available. Stage 2 client anchor-loss stats are optional diagnostics.
2026-04-20 18:49:46,959 - =>Add Trigger to Test Data
2026-04-20 18:49:47,797 - Add Trigger to 8265 Bad Samples, 4133 Clean Samples (1.00)
2026-04-20 18:49:47,798 - => Start Training with LFBA...
2026-04-20 18:49:47,798 - => Enter Stage 2: joint VFL training starts from stage1 passive local backbones with frozen anchor heads
2026-04-20 18:49:47,798 - => Stage 2 anchor loss enabled: True
2026-04-20 18:49:47,799 - => Stage 2 loss form: total_loss=(1-lambda_anchor)*CE + lambda_anchor*anchor_loss with lambda_anchor=0.7500
2026-04-20 18:49:47,799 - => Stage 2 EMA anchor calibration disabled: momentum=1.0000 makes anchor updates a no-op, update_freq=1 epoch(s)
2026-04-20 18:49:47,799 - => Stage 2 latest checkpoint path: './results/AVGuard/lambda_anchor_sensitivity/IEEE_CIS_FRAUD/lambda_anchor_0.75/stage2\latest_checkpoint.pth.tar'
2026-04-20 18:49:47,800 - => Stage 2 best checkpoint path: './results/AVGuard/lambda_anchor_sensitivity/IEEE_CIS_FRAUD/lambda_anchor_0.75/stage2\best_checkpoint.pth.tar'
2026-04-20 18:49:47,800 - => Stage 2 best checkpoint compatibility alias path: './results/AVGuard/lambda_anchor_sensitivity/IEEE_CIS_FRAUD/lambda_anchor_0.75/stage2\best_clean_checkpoint.pth.tar'
2026-04-20 18:49:47,800 - => Stage 2 best checkpoint metric: mean(clean_acc, detection_recall, correction_rate)
2026-04-20 18:49:47,806 - => Start Training for Injecting Backdoor...
2026-04-20 18:49:48,195 - Epoch: 1, 1/194: VFL loss: 0.6861, total loss: 0.3388, anchor loss: 0.2230, VFL train accuracy: 0.6875
2026-04-20 18:49:48,546 - Epoch: 1, 11/194: VFL loss: 0.5133, total loss: 0.3034, anchor loss: 0.2335, VFL train accuracy: 0.7738
2026-04-20 18:49:48,768 - Epoch: 1, 21/194: VFL loss: 0.4882, total loss: 0.2986, anchor loss: 0.2354, VFL train accuracy: 0.7898
2026-04-20 18:49:48,987 - Epoch: 1, 31/194: VFL loss: 0.4614, total loss: 0.2874, anchor loss: 0.2294, VFL train accuracy: 0.8039
2026-04-20 18:49:49,206 - Epoch: 1, 41/194: VFL loss: 0.4398, total loss: 0.2806, anchor loss: 0.2276, VFL train accuracy: 0.8128
2026-04-20 18:49:49,429 - Epoch: 1, 51/194: VFL loss: 0.4210, total loss: 0.2755, anchor loss: 0.2270, VFL train accuracy: 0.8222
2026-04-20 18:49:49,647 - Epoch: 1, 61/194: VFL loss: 0.4087, total loss: 0.2728, anchor loss: 0.2275, VFL train accuracy: 0.8302
2026-04-20 18:49:49,866 - Epoch: 1, 71/194: VFL loss: 0.3982, total loss: 0.2708, anchor loss: 0.2283, VFL train accuracy: 0.8369
2026-04-20 18:49:50,085 - Epoch: 1, 81/194: VFL loss: 0.3890, total loss: 0.2685, anchor loss: 0.2283, VFL train accuracy: 0.8425
2026-04-20 18:49:50,305 - Epoch: 1, 91/194: VFL loss: 0.3799, total loss: 0.2657, anchor loss: 0.2276, VFL train accuracy: 0.8472
2026-04-20 18:49:50,524 - Epoch: 1, 101/194: VFL loss: 0.3737, total loss: 0.2640, anchor loss: 0.2274, VFL train accuracy: 0.8510
2026-04-20 18:49:50,744 - Epoch: 1, 111/194: VFL loss: 0.3677, total loss: 0.2619, anchor loss: 0.2266, VFL train accuracy: 0.8545
2026-04-20 18:49:50,962 - Epoch: 1, 121/194: VFL loss: 0.3645, total loss: 0.2614, anchor loss: 0.2270, VFL train accuracy: 0.8563
2026-04-20 18:49:51,181 - Epoch: 1, 131/194: VFL loss: 0.3613, total loss: 0.2601, anchor loss: 0.2263, VFL train accuracy: 0.8586
2026-04-20 18:49:51,400 - Epoch: 1, 141/194: VFL loss: 0.3602, total loss: 0.2605, anchor loss: 0.2272, VFL train accuracy: 0.8596
2026-04-20 18:49:51,619 - Epoch: 1, 151/194: VFL loss: 0.3572, total loss: 0.2601, anchor loss: 0.2277, VFL train accuracy: 0.8612
2026-04-20 18:49:51,838 - Epoch: 1, 161/194: VFL loss: 0.3531, total loss: 0.2585, anchor loss: 0.2270, VFL train accuracy: 0.8627
2026-04-20 18:49:52,057 - Epoch: 1, 171/194: VFL loss: 0.3508, total loss: 0.2578, anchor loss: 0.2267, VFL train accuracy: 0.8638
2026-04-20 18:49:52,276 - Epoch: 1, 181/194: VFL loss: 0.3485, total loss: 0.2568, anchor loss: 0.2263, VFL train accuracy: 0.8649
2026-04-20 18:49:52,495 - Epoch: 1, 191/194: VFL loss: 0.3471, total loss: 0.2568, anchor loss: 0.2266, VFL train accuracy: 0.8653
2026-04-20 18:49:52,573 - => Recorded Stage 2 client anchor losses for epoch 1 to './results/AVGuard/lambda_anchor_sensitivity/IEEE_CIS_FRAUD/lambda_anchor_0.75/stage2\stage2_final_epoch_client_anchor_losses.json': {0: 0.213353, 1: 0.179702, 2: 0.287175}
2026-04-20 18:49:52,582 - => Stage 2 EMA anchor update skipped at epoch 1 because momentum=1.0000 disables EMA; eligible classes per client {0: 2, 1: 2, 2: 2}
2026-04-20 18:49:52,582 - => Stage 2 Epoch 1 Training Summary: VFL loss: 0.3471, total loss: 0.2569, anchor loss: 0.2268, VFL train accuracy: 0.8653
2026-04-20 18:49:52,582 - => Test ASR...
2026-04-20 18:49:52,590 - =>Add Trigger to Test Data
2026-04-20 18:49:53,443 - Add Trigger to 8265 Bad Samples, 4133 Clean Samples (1.00)
2026-04-20 18:49:55,418 - => Test Epoch: 1, main task samples: 12398, attack samples: 12398, test loss: 0.3584, clean acc: 0.8237, Top-2: 1.0000, ASR: 0.1332, RAC: 0.7688, test target accuracy: 0.7445, stage3 final accuracy: 0.8237, stage3 final target accuracy: 0.5729, stage3 final asr: 0.1332, anchor loss: 0.2412
2026-04-20 18:49:55,419 - => Stage 3 Detection Summary: recall: 0.4094, precision: 0.2440, f1: 0.3057, false positive rate: 0.1191, correction rate: 0.4079
2026-04-20 18:49:55,419 - => Stage 3 Debug (clean): suspicious=1476/12398, correction_applied=1471, prediction_changed=1471, skipped_tied_vote=0, skipped_low_margin=0, skipped_other=5
2026-04-20 18:49:55,420 - => Stage 3 Debug (poison-valid): suspicious=848/8265, correction_applied=846, prediction_changed=846, skipped_tied_vote=0, skipped_low_margin=0, skipped_other=2
2026-04-20 18:49:55,420 - => Stage 3 Debug (attack-success): suspicious=567/1385, correction_applied=565, prediction_changed=565, corrected_to_true=565
2026-04-20 18:49:55,420 - => Stage 2 checkpoint score: mean(clean_acc=0.8237, recall=0.4094, correction_rate=0.4079) = 0.5470
2026-04-20 18:49:55,421 - => Save best checkpoint model...
2026-04-20 18:49:55,511 - => End Epoch: 1, early stop epochs: 0, best epoch: 1, best clean acc: 0.8237, best Top-2: 1.0000, best ASR: 0.1332, best RAC: 0.7688, anchor loss: 0.2412, best checkpoint score: 0.5470
2026-04-20 18:49:55,512 - => Stage 3 Detection Summary: recall: 0.4094, precision: 0.2440, f1: 0.3057, false positive rate: 0.1191, correction rate: 0.4079
2026-04-20 18:49:55,524 - => Rebuilt LFBA poison set from cached gradients: anchor label=1, poison samples=12397, same-label poison samples=12397, consistent rate=1.0000
2026-04-20 18:49:55,541 - => LFBA current anchor-derived target label: 1
2026-04-20 18:49:55,562 - =>Add Trigger to Train Data
2026-04-20 18:49:56,008 - Add Trigger to 12397 Bad Samples, 37194 Clean Samples (0.25)
2026-04-20 18:49:56,017 - => Start Training for Injecting Backdoor...
2026-04-20 18:49:56,054 - Epoch: 2, 1/194: VFL loss: 0.3007, total loss: 0.2190, anchor loss: 0.1918, VFL train accuracy: 0.8789
2026-04-20 18:49:56,321 - Epoch: 2, 11/194: VFL loss: 0.2392, total loss: 0.2104, anchor loss: 0.2007, VFL train accuracy: 0.9197
2026-04-20 18:49:56,546 - Epoch: 2, 21/194: VFL loss: 0.2247, total loss: 0.2062, anchor loss: 0.2001, VFL train accuracy: 0.9293
2026-04-20 18:49:56,765 - Epoch: 2, 31/194: VFL loss: 0.2099, total loss: 0.2017, anchor loss: 0.1990, VFL train accuracy: 0.9362
2026-04-20 18:49:56,984 - Epoch: 2, 41/194: VFL loss: 0.1980, total loss: 0.1950, anchor loss: 0.1940, VFL train accuracy: 0.9401
2026-04-20 18:49:57,202 - Epoch: 2, 51/194: VFL loss: 0.1946, total loss: 0.1945, anchor loss: 0.1945, VFL train accuracy: 0.9408
2026-04-20 18:49:57,445 - Epoch: 2, 61/194: VFL loss: 0.1910, total loss: 0.1928, anchor loss: 0.1934, VFL train accuracy: 0.9416
2026-04-20 18:49:57,664 - Epoch: 2, 71/194: VFL loss: 0.1889, total loss: 0.1917, anchor loss: 0.1927, VFL train accuracy: 0.9420
2026-04-20 18:49:57,883 - Epoch: 2, 81/194: VFL loss: 0.1881, total loss: 0.1913, anchor loss: 0.1924, VFL train accuracy: 0.9420
2026-04-20 18:49:58,101 - Epoch: 2, 91/194: VFL loss: 0.1850, total loss: 0.1896, anchor loss: 0.1911, VFL train accuracy: 0.9436
2026-04-20 18:49:58,319 - Epoch: 2, 101/194: VFL loss: 0.1839, total loss: 0.1894, anchor loss: 0.1912, VFL train accuracy: 0.9437
2026-04-20 18:49:58,539 - Epoch: 2, 111/194: VFL loss: 0.1814, total loss: 0.1884, anchor loss: 0.1907, VFL train accuracy: 0.9440
2026-04-20 18:49:58,812 - Epoch: 2, 121/194: VFL loss: 0.1803, total loss: 0.1881, anchor loss: 0.1906, VFL train accuracy: 0.9442
2026-04-20 18:49:59,095 - Epoch: 2, 131/194: VFL loss: 0.1804, total loss: 0.1884, anchor loss: 0.1911, VFL train accuracy: 0.9441
2026-04-20 18:49:59,377 - Epoch: 2, 141/194: VFL loss: 0.1797, total loss: 0.1882, anchor loss: 0.1910, VFL train accuracy: 0.9442
2026-04-20 18:49:59,657 - Epoch: 2, 151/194: VFL loss: 0.1779, total loss: 0.1873, anchor loss: 0.1904, VFL train accuracy: 0.9448
2026-04-20 18:49:59,939 - Epoch: 2, 161/194: VFL loss: 0.1775, total loss: 0.1875, anchor loss: 0.1908, VFL train accuracy: 0.9447
2026-04-20 18:50:00,223 - Epoch: 2, 171/194: VFL loss: 0.1775, total loss: 0.1877, anchor loss: 0.1911, VFL train accuracy: 0.9445
2026-04-20 18:50:00,509 - Epoch: 2, 181/194: VFL loss: 0.1776, total loss: 0.1875, anchor loss: 0.1908, VFL train accuracy: 0.9443
2026-04-20 18:50:00,790 - Epoch: 2, 191/194: VFL loss: 0.1770, total loss: 0.1876, anchor loss: 0.1911, VFL train accuracy: 0.9444
2026-04-20 18:50:00,911 - => Recorded Stage 2 client anchor losses for epoch 2 to './results/AVGuard/lambda_anchor_sensitivity/IEEE_CIS_FRAUD/lambda_anchor_0.75/stage2\stage2_final_epoch_client_anchor_losses.json': {0: 0.202235, 1: 0.177997, 2: 0.192896}
2026-04-20 18:50:00,914 - => Stage 2 EMA anchor update skipped at epoch 2 because momentum=1.0000 disables EMA; eligible classes per client {0: 2, 1: 2, 2: 2}
2026-04-20 18:50:00,915 - => Stage 2 Epoch 2 Training Summary: VFL loss: 0.1772, total loss: 0.1876, anchor loss: 0.1910, VFL train accuracy: 0.9444
2026-04-20 18:50:00,916 - => Test ASR...
2026-04-20 18:50:00,926 - =>Add Trigger to Test Data
2026-04-20 18:50:01,873 - Add Trigger to 8265 Bad Samples, 4133 Clean Samples (1.00)
2026-04-20 18:50:04,013 - => Test Epoch: 2, main task samples: 12398, attack samples: 12398, test loss: 0.3770, clean acc: 0.8295, Top-2: 1.0000, ASR: 0.1268, RAC: 0.7827, test target accuracy: 0.7101, stage3 final accuracy: 0.8295, stage3 final target accuracy: 0.6017, stage3 final asr: 0.1268, anchor loss: 0.2445
2026-04-20 18:50:04,014 - => Stage 3 Detection Summary: recall: 0.8732, precision: 0.8746, f1: 0.8739, false positive rate: 0.0830, correction rate: 0.8729
2026-04-20 18:50:04,015 - => Stage 3 Debug (clean): suspicious=1029/12398, correction_applied=1025, prediction_changed=1025, skipped_tied_vote=0, skipped_low_margin=0, skipped_other=4
2026-04-20 18:50:04,016 - => Stage 3 Debug (poison-valid): suspicious=7190/8265, correction_applied=7188, prediction_changed=7188, skipped_tied_vote=0, skipped_low_margin=0, skipped_other=2
2026-04-20 18:50:04,017 - => Stage 3 Debug (attack-success): suspicious=7188/8232, correction_applied=7186, prediction_changed=7186, corrected_to_true=7186
2026-04-20 18:50:04,018 - => Stage 2 checkpoint score: mean(clean_acc=0.8295, recall=0.8732, correction_rate=0.8729) = 0.8585
2026-04-20 18:50:04,018 - => Save best checkpoint model...
2026-04-20 18:50:04,137 - => End Epoch: 2, early stop epochs: 0, best epoch: 2, best clean acc: 0.8295, best Top-2: 1.0000, best ASR: 0.1268, best RAC: 0.7827, anchor loss: 0.2445, best checkpoint score: 0.8585
2026-04-20 18:50:04,138 - => Stage 3 Detection Summary: recall: 0.8732, precision: 0.8746, f1: 0.8739, false positive rate: 0.0830, correction rate: 0.8729
2026-04-20 18:50:04,177 - => LFBA current anchor-derived target label: 1
2026-04-20 18:50:04,196 - =>Add Trigger to Train Data
2026-04-20 18:50:04,654 - Add Trigger to 12397 Bad Samples, 37194 Clean Samples (0.25)
2026-04-20 18:50:04,668 - => Start Training for Injecting Backdoor...
2026-04-20 18:50:04,716 - Epoch: 3, 1/194: VFL loss: 0.2709, total loss: 0.2249, anchor loss: 0.2096, VFL train accuracy: 0.9258
2026-04-20 18:50:05,019 - Epoch: 3, 11/194: VFL loss: 0.2531, total loss: 0.2163, anchor loss: 0.2040, VFL train accuracy: 0.9123
2026-04-20 18:50:05,281 - Epoch: 3, 21/194: VFL loss: 0.2333, total loss: 0.2033, anchor loss: 0.1933, VFL train accuracy: 0.9206
2026-04-20 18:50:05,552 - Epoch: 3, 31/194: VFL loss: 0.2316, total loss: 0.2038, anchor loss: 0.1945, VFL train accuracy: 0.9194
2026-04-20 18:50:05,811 - Epoch: 3, 41/194: VFL loss: 0.2272, total loss: 0.2018, anchor loss: 0.1934, VFL train accuracy: 0.9214
2026-04-20 18:50:06,075 - Epoch: 3, 51/194: VFL loss: 0.2327, total loss: 0.2051, anchor loss: 0.1959, VFL train accuracy: 0.9197
2026-04-20 18:50:06,338 - Epoch: 3, 61/194: VFL loss: 0.2326, total loss: 0.2043, anchor loss: 0.1948, VFL train accuracy: 0.9198
2026-04-20 18:50:06,600 - Epoch: 3, 71/194: VFL loss: 0.2307, total loss: 0.2032, anchor loss: 0.1941, VFL train accuracy: 0.9206
2026-04-20 18:50:06,862 - Epoch: 3, 81/194: VFL loss: 0.2288, total loss: 0.2023, anchor loss: 0.1935, VFL train accuracy: 0.9214
2026-04-20 18:50:07,123 - Epoch: 3, 91/194: VFL loss: 0.2280, total loss: 0.2027, anchor loss: 0.1943, VFL train accuracy: 0.9209
2026-04-20 18:50:07,385 - Epoch: 3, 101/194: VFL loss: 0.2286, total loss: 0.2034, anchor loss: 0.1950, VFL train accuracy: 0.9207
2026-04-20 18:50:07,647 - Epoch: 3, 111/194: VFL loss: 0.2286, total loss: 0.2038, anchor loss: 0.1955, VFL train accuracy: 0.9204
2026-04-20 18:50:07,908 - Epoch: 3, 121/194: VFL loss: 0.2280, total loss: 0.2034, anchor loss: 0.1952, VFL train accuracy: 0.9205
2026-04-20 18:50:08,168 - Epoch: 3, 131/194: VFL loss: 0.2272, total loss: 0.2029, anchor loss: 0.1947, VFL train accuracy: 0.9206
2026-04-20 18:50:08,427 - Epoch: 3, 141/194: VFL loss: 0.2259, total loss: 0.2025, anchor loss: 0.1946, VFL train accuracy: 0.9205
2026-04-20 18:50:08,687 - Epoch: 3, 151/194: VFL loss: 0.2255, total loss: 0.2022, anchor loss: 0.1944, VFL train accuracy: 0.9205
2026-04-20 18:50:08,946 - Epoch: 3, 161/194: VFL loss: 0.2261, total loss: 0.2027, anchor loss: 0.1949, VFL train accuracy: 0.9202
2026-04-20 18:50:09,205 - Epoch: 3, 171/194: VFL loss: 0.2264, total loss: 0.2029, anchor loss: 0.1951, VFL train accuracy: 0.9200
2026-04-20 18:50:09,466 - Epoch: 3, 181/194: VFL loss: 0.2258, total loss: 0.2024, anchor loss: 0.1946, VFL train accuracy: 0.9203
2026-04-20 18:50:09,726 - Epoch: 3, 191/194: VFL loss: 0.2253, total loss: 0.2023, anchor loss: 0.1947, VFL train accuracy: 0.9205
2026-04-20 18:50:09,824 - => Recorded Stage 2 client anchor losses for epoch 3 to './results/AVGuard/lambda_anchor_sensitivity/IEEE_CIS_FRAUD/lambda_anchor_0.75/stage2\stage2_final_epoch_client_anchor_losses.json': {0: 0.199572, 1: 0.177296, 2: 0.208055}
2026-04-20 18:50:09,826 - => Stage 2 EMA anchor update skipped at epoch 3 because momentum=1.0000 disables EMA; eligible classes per client {0: 2, 1: 2, 2: 2}
2026-04-20 18:50:09,826 - => Stage 2 Epoch 3 Training Summary: VFL loss: 0.2257, total loss: 0.2027, anchor loss: 0.1950, VFL train accuracy: 0.9204
2026-04-20 18:50:09,827 - => Test ASR...
2026-04-20 18:50:09,836 - =>Add Trigger to Test Data
2026-04-20 18:50:10,780 - Add Trigger to 8265 Bad Samples, 4133 Clean Samples (1.00)
2026-04-20 18:50:13,190 - => Test Epoch: 3, main task samples: 12398, attack samples: 12398, test loss: 0.3566, clean acc: 0.8284, Top-2: 1.0000, ASR: 0.1176, RAC: 0.7773, test target accuracy: 0.7164, stage3 final accuracy: 0.8284, stage3 final target accuracy: 0.5671, stage3 final asr: 0.1176, anchor loss: 0.2397
2026-04-20 18:50:13,191 - => Stage 3 Detection Summary: recall: 0.8821, precision: 0.8612, f1: 0.8715, false positive rate: 0.0943, correction rate: 0.8821
2026-04-20 18:50:13,192 - => Stage 3 Debug (clean): suspicious=1169/12398, correction_applied=1168, prediction_changed=1168, skipped_tied_vote=0, skipped_low_margin=0, skipped_other=1
2026-04-20 18:50:13,193 - => Stage 3 Debug (poison-valid): suspicious=7263/8265, correction_applied=7263, prediction_changed=7263, skipped_tied_vote=0, skipped_low_margin=0, skipped_other=0
2026-04-20 18:50:13,194 - => Stage 3 Debug (attack-success): suspicious=7262/8233, correction_applied=7262, prediction_changed=7262, corrected_to_true=7262
2026-04-20 18:50:13,195 - => Stage 2 checkpoint score: mean(clean_acc=0.8284, recall=0.8821, correction_rate=0.8821) = 0.8642
2026-04-20 18:50:13,196 - => Save best checkpoint model...
2026-04-20 18:50:13,347 - => End Epoch: 3, early stop epochs: 0, best epoch: 3, best clean acc: 0.8284, best Top-2: 1.0000, best ASR: 0.1176, best RAC: 0.7773, anchor loss: 0.2397, best checkpoint score: 0.8642
2026-04-20 18:50:13,347 - => Stage 3 Detection Summary: recall: 0.8821, precision: 0.8612, f1: 0.8715, false positive rate: 0.0943, correction rate: 0.8821
2026-04-20 18:50:13,386 - => LFBA current anchor-derived target label: 1
2026-04-20 18:50:13,401 - =>Add Trigger to Train Data
2026-04-20 18:50:13,852 - Add Trigger to 12397 Bad Samples, 37194 Clean Samples (0.25)
2026-04-20 18:50:13,863 - => Start Training for Injecting Backdoor...
2026-04-20 18:50:13,910 - Epoch: 4, 1/194: VFL loss: 0.1745, total loss: 0.1840, anchor loss: 0.1871, VFL train accuracy: 0.9531
2026-04-20 18:50:14,214 - Epoch: 4, 11/194: VFL loss: 0.1668, total loss: 0.1785, anchor loss: 0.1824, VFL train accuracy: 0.9517
2026-04-20 18:50:14,472 - Epoch: 4, 21/194: VFL loss: 0.1617, total loss: 0.1774, anchor loss: 0.1826, VFL train accuracy: 0.9529
2026-04-20 18:50:14,730 - Epoch: 4, 31/194: VFL loss: 0.1642, total loss: 0.1802, anchor loss: 0.1856, VFL train accuracy: 0.9519
2026-04-20 18:50:14,990 - Epoch: 4, 41/194: VFL loss: 0.1698, total loss: 0.1835, anchor loss: 0.1881, VFL train accuracy: 0.9485
2026-04-20 18:50:15,251 - Epoch: 4, 51/194: VFL loss: 0.1673, total loss: 0.1830, anchor loss: 0.1883, VFL train accuracy: 0.9484
2026-04-20 18:50:15,513 - Epoch: 4, 61/194: VFL loss: 0.1680, total loss: 0.1832, anchor loss: 0.1882, VFL train accuracy: 0.9480
2026-04-20 18:50:15,774 - Epoch: 4, 71/194: VFL loss: 0.1651, total loss: 0.1812, anchor loss: 0.1865, VFL train accuracy: 0.9488
2026-04-20 18:50:16,034 - Epoch: 4, 81/194: VFL loss: 0.1645, total loss: 0.1805, anchor loss: 0.1858, VFL train accuracy: 0.9490
2026-04-20 18:50:16,297 - Epoch: 4, 91/194: VFL loss: 0.1649, total loss: 0.1812, anchor loss: 0.1867, VFL train accuracy: 0.9488
2026-04-20 18:50:16,556 - Epoch: 4, 101/194: VFL loss: 0.1638, total loss: 0.1807, anchor loss: 0.1863, VFL train accuracy: 0.9490
2026-04-20 18:50:16,818 - Epoch: 4, 111/194: VFL loss: 0.1659, total loss: 0.1816, anchor loss: 0.1869, VFL train accuracy: 0.9484
2026-04-20 18:50:17,078 - Epoch: 4, 121/194: VFL loss: 0.1666, total loss: 0.1821, anchor loss: 0.1873, VFL train accuracy: 0.9477
2026-04-20 18:50:17,550 - Epoch: 4, 131/194: VFL loss: 0.1674, total loss: 0.1823, anchor loss: 0.1872, VFL train accuracy: 0.9474
2026-04-20 18:50:17,812 - Epoch: 4, 141/194: VFL loss: 0.1672, total loss: 0.1824, anchor loss: 0.1874, VFL train accuracy: 0.9475
2026-04-20 18:50:18,073 - Epoch: 4, 151/194: VFL loss: 0.1672, total loss: 0.1826, anchor loss: 0.1878, VFL train accuracy: 0.9475
2026-04-20 18:50:18,335 - Epoch: 4, 161/194: VFL loss: 0.1690, total loss: 0.1840, anchor loss: 0.1890, VFL train accuracy: 0.9467
2026-04-20 18:50:18,597 - Epoch: 4, 171/194: VFL loss: 0.1689, total loss: 0.1840, anchor loss: 0.1890, VFL train accuracy: 0.9465
2026-04-20 18:50:18,858 - Epoch: 4, 181/194: VFL loss: 0.1683, total loss: 0.1836, anchor loss: 0.1887, VFL train accuracy: 0.9467
2026-04-20 18:50:19,118 - Epoch: 4, 191/194: VFL loss: 0.1688, total loss: 0.1839, anchor loss: 0.1889, VFL train accuracy: 0.9467
2026-04-20 18:50:19,230 - => Recorded Stage 2 client anchor losses for epoch 4 to './results/AVGuard/lambda_anchor_sensitivity/IEEE_CIS_FRAUD/lambda_anchor_0.75/stage2\stage2_final_epoch_client_anchor_losses.json': {0: 0.192766, 1: 0.177278, 2: 0.196909}
2026-04-20 18:50:19,233 - => Stage 2 EMA anchor update skipped at epoch 4 because momentum=1.0000 disables EMA; eligible classes per client {0: 2, 1: 2, 2: 2}
2026-04-20 18:50:19,233 - => Stage 2 Epoch 4 Training Summary: VFL loss: 0.1692, total loss: 0.1841, anchor loss: 0.1890, VFL train accuracy: 0.9465
2026-04-20 18:50:19,234 - => Test ASR...
2026-04-20 18:50:19,242 - =>Add Trigger to Test Data
2026-04-20 18:50:20,172 - Add Trigger to 8265 Bad Samples, 4133 Clean Samples (1.00)
2026-04-20 18:50:22,514 - => Test Epoch: 4, main task samples: 12398, attack samples: 12398, test loss: 0.3618, clean acc: 0.8292, Top-2: 1.0000, ASR: 0.1054, RAC: 0.7840, test target accuracy: 0.6951, stage3 final accuracy: 0.8292, stage3 final target accuracy: 0.5628, stage3 final asr: 0.1054, anchor loss: 0.2375
2026-04-20 18:50:22,515 - => Stage 3 Detection Summary: recall: 0.8943, precision: 0.8679, f1: 0.8809, false positive rate: 0.0903, correction rate: 0.8943
2026-04-20 18:50:22,516 - => Stage 3 Debug (clean): suspicious=1120/12398, correction_applied=1117, prediction_changed=1117, skipped_tied_vote=0, skipped_low_margin=0, skipped_other=3
2026-04-20 18:50:22,517 - => Stage 3 Debug (poison-valid): suspicious=7364/8265, correction_applied=7364, prediction_changed=7364, skipped_tied_vote=0, skipped_low_margin=0, skipped_other=0
2026-04-20 18:50:22,518 - => Stage 3 Debug (attack-success): suspicious=7363/8233, correction_applied=7363, prediction_changed=7363, corrected_to_true=7363
2026-04-20 18:50:22,519 - => Stage 2 checkpoint score: mean(clean_acc=0.8292, recall=0.8943, correction_rate=0.8943) = 0.8726
2026-04-20 18:50:22,519 - => Save best checkpoint model...
2026-04-20 18:50:22,653 - => End Epoch: 4, early stop epochs: 0, best epoch: 4, best clean acc: 0.8292, best Top-2: 1.0000, best ASR: 0.1054, best RAC: 0.7840, anchor loss: 0.2375, best checkpoint score: 0.8726
2026-04-20 18:50:22,653 - => Stage 3 Detection Summary: recall: 0.8943, precision: 0.8679, f1: 0.8809, false positive rate: 0.0903, correction rate: 0.8943
2026-04-20 18:50:22,692 - => LFBA current anchor-derived target label: 1
2026-04-20 18:50:22,712 - =>Add Trigger to Train Data
2026-04-20 18:50:23,231 - Add Trigger to 12397 Bad Samples, 37194 Clean Samples (0.25)
2026-04-20 18:50:23,246 - => Start Training for Injecting Backdoor...
2026-04-20 18:50:23,294 - Epoch: 5, 1/194: VFL loss: 0.2535, total loss: 0.2264, anchor loss: 0.2174, VFL train accuracy: 0.9062
2026-04-20 18:50:23,601 - Epoch: 5, 11/194: VFL loss: 0.2164, total loss: 0.1976, anchor loss: 0.1914, VFL train accuracy: 0.9226
2026-04-20 18:50:23,862 - Epoch: 5, 21/194: VFL loss: 0.2094, total loss: 0.1928, anchor loss: 0.1873, VFL train accuracy: 0.9278
2026-04-20 18:50:24,123 - Epoch: 5, 31/194: VFL loss: 0.2107, total loss: 0.1945, anchor loss: 0.1890, VFL train accuracy: 0.9267
2026-04-20 18:50:24,383 - Epoch: 5, 41/194: VFL loss: 0.2118, total loss: 0.1957, anchor loss: 0.1903, VFL train accuracy: 0.9250
2026-04-20 18:50:24,643 - Epoch: 5, 51/194: VFL loss: 0.2103, total loss: 0.1951, anchor loss: 0.1901, VFL train accuracy: 0.9251
2026-04-20 18:50:24,903 - Epoch: 5, 61/194: VFL loss: 0.2117, total loss: 0.1962, anchor loss: 0.1910, VFL train accuracy: 0.9243
2026-04-20 18:50:25,163 - Epoch: 5, 71/194: VFL loss: 0.2125, total loss: 0.1966, anchor loss: 0.1914, VFL train accuracy: 0.9233
2026-04-20 18:50:25,422 - Epoch: 5, 81/194: VFL loss: 0.2106, total loss: 0.1949, anchor loss: 0.1897, VFL train accuracy: 0.9240
2026-04-20 18:50:25,684 - Epoch: 5, 91/194: VFL loss: 0.2101, total loss: 0.1948, anchor loss: 0.1897, VFL train accuracy: 0.9247
2026-04-20 18:50:25,944 - Epoch: 5, 101/194: VFL loss: 0.2101, total loss: 0.1951, anchor loss: 0.1901, VFL train accuracy: 0.9244
2026-04-20 18:50:26,203 - Epoch: 5, 111/194: VFL loss: 0.2121, total loss: 0.1961, anchor loss: 0.1908, VFL train accuracy: 0.9241
2026-04-20 18:50:26,462 - Epoch: 5, 121/194: VFL loss: 0.2115, total loss: 0.1956, anchor loss: 0.1903, VFL train accuracy: 0.9242
2026-04-20 18:50:26,720 - Epoch: 5, 131/194: VFL loss: 0.2104, total loss: 0.1955, anchor loss: 0.1905, VFL train accuracy: 0.9245
2026-04-20 18:50:26,980 - Epoch: 5, 141/194: VFL loss: 0.2102, total loss: 0.1954, anchor loss: 0.1904, VFL train accuracy: 0.9246
2026-04-20 18:50:27,239 - Epoch: 5, 151/194: VFL loss: 0.2105, total loss: 0.1951, anchor loss: 0.1900, VFL train accuracy: 0.9246
2026-04-20 18:50:27,498 - Epoch: 5, 161/194: VFL loss: 0.2102, total loss: 0.1951, anchor loss: 0.1901, VFL train accuracy: 0.9251
2026-04-20 18:50:27,757 - Epoch: 5, 171/194: VFL loss: 0.2104, total loss: 0.1955, anchor loss: 0.1905, VFL train accuracy: 0.9252
2026-04-20 18:50:28,014 - Epoch: 5, 181/194: VFL loss: 0.2108, total loss: 0.1957, anchor loss: 0.1906, VFL train accuracy: 0.9248
2026-04-20 18:50:28,274 - Epoch: 5, 191/194: VFL loss: 0.2113, total loss: 0.1958, anchor loss: 0.1906, VFL train accuracy: 0.9247
2026-04-20 18:50:28,385 - => Recorded Stage 2 client anchor losses for epoch 5 to './results/AVGuard/lambda_anchor_sensitivity/IEEE_CIS_FRAUD/lambda_anchor_0.75/stage2\stage2_final_epoch_client_anchor_losses.json': {0: 0.193403, 1: 0.176705, 2: 0.20181}
2026-04-20 18:50:28,388 - => Stage 2 EMA anchor update skipped at epoch 5 because momentum=1.0000 disables EMA; eligible classes per client {0: 2, 1: 2, 2: 2}
2026-04-20 18:50:28,389 - => Stage 2 Epoch 5 Training Summary: VFL loss: 0.2113, total loss: 0.1958, anchor loss: 0.1907, VFL train accuracy: 0.9246
2026-04-20 18:50:28,390 - => Test ASR...
2026-04-20 18:50:28,400 - =>Add Trigger to Test Data
2026-04-20 18:50:29,334 - Add Trigger to 8265 Bad Samples, 4133 Clean Samples (1.00)
2026-04-20 18:50:31,852 - => Test Epoch: 5, main task samples: 12398, attack samples: 12398, test loss: 0.3506, clean acc: 0.8289, Top-2: 1.0000, ASR: 0.1071, RAC: 0.7908, test target accuracy: 0.6842, stage3 final accuracy: 0.8289, stage3 final target accuracy: 0.5865, stage3 final asr: 0.1071, anchor loss: 0.2359
2026-04-20 18:50:31,853 - => Stage 3 Detection Summary: recall: 0.8926, precision: 0.8693, f1: 0.8808, false positive rate: 0.0887, correction rate: 0.8926
2026-04-20 18:50:31,853 - => Stage 3 Debug (clean): suspicious=1100/12398, correction_applied=1091, prediction_changed=1091, skipped_tied_vote=0, skipped_low_margin=0, skipped_other=9
2026-04-20 18:50:31,854 - => Stage 3 Debug (poison-valid): suspicious=7337/8265, correction_applied=7337, prediction_changed=7337, skipped_tied_vote=0, skipped_low_margin=0, skipped_other=0
2026-04-20 18:50:31,854 - => Stage 3 Debug (attack-success): suspicious=7334/8216, correction_applied=7334, prediction_changed=7334, corrected_to_true=7334
2026-04-20 18:50:31,854 - => Stage 2 checkpoint score: mean(clean_acc=0.8289, recall=0.8926, correction_rate=0.8926) = 0.8714
2026-04-20 18:50:31,906 - => End Epoch: 5, early stop epochs: 1, best epoch: 4, best clean acc: 0.8292, best Top-2: 1.0000, best ASR: 0.1054, best RAC: 0.7840, anchor loss: 0.2375, best checkpoint score: 0.8726
2026-04-20 18:50:31,906 - => Stage 3 Detection Summary: recall: 0.8943, precision: 0.8679, f1: 0.8809, false positive rate: 0.0903, correction rate: 0.8943
2026-04-20 18:50:31,936 - => LFBA current anchor-derived target label: 1
2026-04-20 18:50:31,951 - =>Add Trigger to Train Data
2026-04-20 18:50:32,507 - Add Trigger to 12397 Bad Samples, 37194 Clean Samples (0.25)
2026-04-20 18:50:32,515 - => Start Training for Injecting Backdoor...
2026-04-20 18:50:32,569 - Epoch: 6, 1/194: VFL loss: 0.1911, total loss: 0.2010, anchor loss: 0.2043, VFL train accuracy: 0.9375
2026-04-20 18:50:32,895 - Epoch: 6, 11/194: VFL loss: 0.1669, total loss: 0.1849, anchor loss: 0.1909, VFL train accuracy: 0.9521
2026-04-20 18:50:33,178 - Epoch: 6, 21/194: VFL loss: 0.1690, total loss: 0.1845, anchor loss: 0.1897, VFL train accuracy: 0.9487
2026-04-20 18:50:33,526 - Epoch: 6, 31/194: VFL loss: 0.1649, total loss: 0.1826, anchor loss: 0.1885, VFL train accuracy: 0.9500
2026-04-20 18:50:33,808 - Epoch: 6, 41/194: VFL loss: 0.1658, total loss: 0.1826, anchor loss: 0.1882, VFL train accuracy: 0.9493
2026-04-20 18:50:34,091 - Epoch: 6, 51/194: VFL loss: 0.1652, total loss: 0.1814, anchor loss: 0.1868, VFL train accuracy: 0.9488
2026-04-20 18:50:34,375 - Epoch: 6, 61/194: VFL loss: 0.1637, total loss: 0.1806, anchor loss: 0.1862, VFL train accuracy: 0.9488
2026-04-20 18:50:34,665 - Epoch: 6, 71/194: VFL loss: 0.1635, total loss: 0.1803, anchor loss: 0.1859, VFL train accuracy: 0.9489
2026-04-20 18:50:34,949 - Epoch: 6, 81/194: VFL loss: 0.1624, total loss: 0.1803, anchor loss: 0.1863, VFL train accuracy: 0.9493
2026-04-20 18:50:35,232 - Epoch: 6, 91/194: VFL loss: 0.1614, total loss: 0.1801, anchor loss: 0.1863, VFL train accuracy: 0.9493
2026-04-20 18:50:35,516 - Epoch: 6, 101/194: VFL loss: 0.1617, total loss: 0.1801, anchor loss: 0.1862, VFL train accuracy: 0.9491
2026-04-20 18:50:35,800 - Epoch: 6, 111/194: VFL loss: 0.1633, total loss: 0.1811, anchor loss: 0.1870, VFL train accuracy: 0.9484
2026-04-20 18:50:36,084 - Epoch: 6, 121/194: VFL loss: 0.1648, total loss: 0.1816, anchor loss: 0.1872, VFL train accuracy: 0.9479
2026-04-20 18:50:36,367 - Epoch: 6, 131/194: VFL loss: 0.1645, total loss: 0.1814, anchor loss: 0.1871, VFL train accuracy: 0.9478
2026-04-20 18:50:36,652 - Epoch: 6, 141/194: VFL loss: 0.1636, total loss: 0.1814, anchor loss: 0.1873, VFL train accuracy: 0.9480
2026-04-20 18:50:36,941 - Epoch: 6, 151/194: VFL loss: 0.1641, total loss: 0.1815, anchor loss: 0.1874, VFL train accuracy: 0.9478
2026-04-20 18:50:37,226 - Epoch: 6, 161/194: VFL loss: 0.1638, total loss: 0.1816, anchor loss: 0.1875, VFL train accuracy: 0.9479
2026-04-20 18:50:37,510 - Epoch: 6, 171/194: VFL loss: 0.1640, total loss: 0.1816, anchor loss: 0.1875, VFL train accuracy: 0.9477
2026-04-20 18:50:37,793 - Epoch: 6, 181/194: VFL loss: 0.1631, total loss: 0.1813, anchor loss: 0.1873, VFL train accuracy: 0.9478
2026-04-20 18:50:38,081 - Epoch: 6, 191/194: VFL loss: 0.1637, total loss: 0.1814, anchor loss: 0.1873, VFL train accuracy: 0.9476
2026-04-20 18:50:38,200 - => Recorded Stage 2 client anchor losses for epoch 6 to './results/AVGuard/lambda_anchor_sensitivity/IEEE_CIS_FRAUD/lambda_anchor_0.75/stage2\stage2_final_epoch_client_anchor_losses.json': {0: 0.189928, 1: 0.17605, 2: 0.196388}
2026-04-20 18:50:38,203 - => Stage 2 EMA anchor update skipped at epoch 6 because momentum=1.0000 disables EMA; eligible classes per client {0: 2, 1: 2, 2: 2}
2026-04-20 18:50:38,204 - => Stage 2 Epoch 6 Training Summary: VFL loss: 0.1638, total loss: 0.1816, anchor loss: 0.1875, VFL train accuracy: 0.9475
2026-04-20 18:50:38,205 - => Test ASR...
2026-04-20 18:50:38,215 - =>Add Trigger to Test Data
2026-04-20 18:50:39,205 - Add Trigger to 8265 Bad Samples, 4133 Clean Samples (1.00)
2026-04-20 18:50:41,527 - => Test Epoch: 6, main task samples: 12398, attack samples: 12398, test loss: 0.3654, clean acc: 0.8284, Top-2: 1.0000, ASR: 0.1096, RAC: 0.7917, test target accuracy: 0.6840, stage3 final accuracy: 0.8284, stage3 final target accuracy: 0.5945, stage3 final asr: 0.1096, anchor loss: 0.2413
2026-04-20 18:50:41,528 - => Stage 3 Detection Summary: recall: 0.8901, precision: 0.8804, f1: 0.8852, false positive rate: 0.0803, correction rate: 0.8900
2026-04-20 18:50:41,528 - => Stage 3 Debug (clean): suspicious=996/12398, correction_applied=994, prediction_changed=994, skipped_tied_vote=0, skipped_low_margin=0, skipped_other=2
2026-04-20 18:50:41,529 - => Stage 3 Debug (poison-valid): suspicious=7332/8265, correction_applied=7331, prediction_changed=7331, skipped_tied_vote=0, skipped_low_margin=0, skipped_other=1
2026-04-20 18:50:41,529 - => Stage 3 Debug (attack-success): suspicious=7332/8237, correction_applied=7331, prediction_changed=7331, corrected_to_true=7331
2026-04-20 18:50:41,529 - => Stage 2 checkpoint score: mean(clean_acc=0.8284, recall=0.8901, correction_rate=0.8900) = 0.8695
2026-04-20 18:50:41,582 - => End Epoch: 6, early stop epochs: 2, best epoch: 4, best clean acc: 0.8292, best Top-2: 1.0000, best ASR: 0.1054, best RAC: 0.7840, anchor loss: 0.2375, best checkpoint score: 0.8726
2026-04-20 18:50:41,582 - => Stage 3 Detection Summary: recall: 0.8943, precision: 0.8679, f1: 0.8809, false positive rate: 0.0903, correction rate: 0.8943
2026-04-20 18:50:41,618 - => LFBA current anchor-derived target label: 1
2026-04-20 18:50:41,636 - =>Add Trigger to Train Data
2026-04-20 18:50:42,105 - Add Trigger to 12397 Bad Samples, 37194 Clean Samples (0.25)
2026-04-20 18:50:42,118 - => Start Training for Injecting Backdoor...
2026-04-20 18:50:42,167 - Epoch: 7, 1/194: VFL loss: 0.1825, total loss: 0.1705, anchor loss: 0.1664, VFL train accuracy: 0.9453
2026-04-20 18:50:42,457 - Epoch: 7, 11/194: VFL loss: 0.1889, total loss: 0.1862, anchor loss: 0.1853, VFL train accuracy: 0.9329
2026-04-20 18:50:42,716 - Epoch: 7, 21/194: VFL loss: 0.1896, total loss: 0.1834, anchor loss: 0.1814, VFL train accuracy: 0.9319
2026-04-20 18:50:42,976 - Epoch: 7, 31/194: VFL loss: 0.1924, total loss: 0.1879, anchor loss: 0.1865, VFL train accuracy: 0.9321
2026-04-20 18:50:43,236 - Epoch: 7, 41/194: VFL loss: 0.1899, total loss: 0.1860, anchor loss: 0.1847, VFL train accuracy: 0.9342
2026-04-20 18:50:43,496 - Epoch: 7, 51/194: VFL loss: 0.1892, total loss: 0.1860, anchor loss: 0.1849, VFL train accuracy: 0.9348
2026-04-20 18:50:43,754 - Epoch: 7, 61/194: VFL loss: 0.1924, total loss: 0.1876, anchor loss: 0.1860, VFL train accuracy: 0.9333
2026-04-20 18:50:44,011 - Epoch: 7, 71/194: VFL loss: 0.1944, total loss: 0.1889, anchor loss: 0.1871, VFL train accuracy: 0.9318
2026-04-20 18:50:44,271 - Epoch: 7, 81/194: VFL loss: 0.1969, total loss: 0.1892, anchor loss: 0.1867, VFL train accuracy: 0.9312
2026-04-20 18:50:44,523 - Epoch: 7, 91/194: VFL loss: 0.1993, total loss: 0.1903, anchor loss: 0.1873, VFL train accuracy: 0.9301
2026-04-20 18:50:44,775 - Epoch: 7, 101/194: VFL loss: 0.2013, total loss: 0.1911, anchor loss: 0.1877, VFL train accuracy: 0.9293
2026-04-20 18:50:45,027 - Epoch: 7, 111/194: VFL loss: 0.2008, total loss: 0.1904, anchor loss: 0.1870, VFL train accuracy: 0.9296
2026-04-20 18:50:45,277 - Epoch: 7, 121/194: VFL loss: 0.2031, total loss: 0.1918, anchor loss: 0.1880, VFL train accuracy: 0.9286
2026-04-20 18:50:45,528 - Epoch: 7, 131/194: VFL loss: 0.2021, total loss: 0.1913, anchor loss: 0.1877, VFL train accuracy: 0.9290
2026-04-20 18:50:45,778 - Epoch: 7, 141/194: VFL loss: 0.2021, total loss: 0.1909, anchor loss: 0.1872, VFL train accuracy: 0.9286
2026-04-20 18:50:46,033 - Epoch: 7, 151/194: VFL loss: 0.2028, total loss: 0.1913, anchor loss: 0.1875, VFL train accuracy: 0.9282
2026-04-20 18:50:46,285 - Epoch: 7, 161/194: VFL loss: 0.2027, total loss: 0.1917, anchor loss: 0.1880, VFL train accuracy: 0.9281
2026-04-20 18:50:46,536 - Epoch: 7, 171/194: VFL loss: 0.2031, total loss: 0.1920, anchor loss: 0.1882, VFL train accuracy: 0.9277
2026-04-20 18:50:46,787 - Epoch: 7, 181/194: VFL loss: 0.2031, total loss: 0.1920, anchor loss: 0.1883, VFL train accuracy: 0.9275
2026-04-20 18:50:47,039 - Epoch: 7, 191/194: VFL loss: 0.2031, total loss: 0.1920, anchor loss: 0.1883, VFL train accuracy: 0.9274
2026-04-20 18:50:47,145 - => Recorded Stage 2 client anchor losses for epoch 7 to './results/AVGuard/lambda_anchor_sensitivity/IEEE_CIS_FRAUD/lambda_anchor_0.75/stage2\stage2_final_epoch_client_anchor_losses.json': {0: 0.188495, 1: 0.176012, 2: 0.200507}
2026-04-20 18:50:47,149 - => Stage 2 EMA anchor update skipped at epoch 7 because momentum=1.0000 disables EMA; eligible classes per client {0: 2, 1: 2, 2: 2}
2026-04-20 18:50:47,150 - => Stage 2 Epoch 7 Training Summary: VFL loss: 0.2031, total loss: 0.1920, anchor loss: 0.1883, VFL train accuracy: 0.9273
2026-04-20 18:50:47,151 - => Test ASR...
2026-04-20 18:50:47,161 - =>Add Trigger to Test Data
2026-04-20 18:50:48,149 - Add Trigger to 8265 Bad Samples, 4133 Clean Samples (1.00)
2026-04-20 18:50:50,719 - => Test Epoch: 7, main task samples: 12398, attack samples: 12398, test loss: 0.3573, clean acc: 0.8313, Top-2: 1.0000, ASR: 0.1209, RAC: 0.7808, test target accuracy: 0.7065, stage3 final accuracy: 0.8313, stage3 final target accuracy: 0.5841, stage3 final asr: 0.1209, anchor loss: 0.2388
2026-04-20 18:50:50,720 - => Stage 3 Detection Summary: recall: 0.8787, precision: 0.8719, f1: 0.8753, false positive rate: 0.0857, correction rate: 0.8787
2026-04-20 18:50:50,721 - => Stage 3 Debug (clean): suspicious=1063/12398, correction_applied=1062, prediction_changed=1062, skipped_tied_vote=0, skipped_low_margin=0, skipped_other=1
2026-04-20 18:50:50,721 - => Stage 3 Debug (poison-valid): suspicious=7238/8265, correction_applied=7238, prediction_changed=7238, skipped_tied_vote=0, skipped_low_margin=0, skipped_other=0
2026-04-20 18:50:50,722 - => Stage 3 Debug (attack-success): suspicious=7238/8237, correction_applied=7238, prediction_changed=7238, corrected_to_true=7238
2026-04-20 18:50:50,723 - => Stage 2 checkpoint score: mean(clean_acc=0.8313, recall=0.8787, correction_rate=0.8787) = 0.8629
2026-04-20 18:50:50,779 - => End Epoch: 7, early stop epochs: 3, best epoch: 4, best clean acc: 0.8292, best Top-2: 1.0000, best ASR: 0.1054, best RAC: 0.7840, anchor loss: 0.2375, best checkpoint score: 0.8726
2026-04-20 18:50:50,780 - => Stage 3 Detection Summary: recall: 0.8943, precision: 0.8679, f1: 0.8809, false positive rate: 0.0903, correction rate: 0.8943
2026-04-20 18:50:50,822 - => LFBA current anchor-derived target label: 1
2026-04-20 18:50:50,840 - =>Add Trigger to Train Data
2026-04-20 18:50:51,339 - Add Trigger to 12397 Bad Samples, 37194 Clean Samples (0.25)
2026-04-20 18:50:51,355 - => Start Training for Injecting Backdoor...
2026-04-20 18:50:51,406 - Epoch: 8, 1/194: VFL loss: 0.1591, total loss: 0.1908, anchor loss: 0.2014, VFL train accuracy: 0.9414
2026-04-20 18:50:51,740 - Epoch: 8, 11/194: VFL loss: 0.1561, total loss: 0.1740, anchor loss: 0.1800, VFL train accuracy: 0.9506
2026-04-20 18:50:52,024 - Epoch: 8, 21/194: VFL loss: 0.1518, total loss: 0.1719, anchor loss: 0.1787, VFL train accuracy: 0.9507
2026-04-20 18:50:52,306 - Epoch: 8, 31/194: VFL loss: 0.1507, total loss: 0.1709, anchor loss: 0.1776, VFL train accuracy: 0.9514
2026-04-20 18:50:52,590 - Epoch: 8, 41/194: VFL loss: 0.1457, total loss: 0.1683, anchor loss: 0.1759, VFL train accuracy: 0.9534
2026-04-20 18:50:52,873 - Epoch: 8, 51/194: VFL loss: 0.1497, total loss: 0.1714, anchor loss: 0.1786, VFL train accuracy: 0.9522
2026-04-20 18:50:53,156 - Epoch: 8, 61/194: VFL loss: 0.1504, total loss: 0.1726, anchor loss: 0.1801, VFL train accuracy: 0.9519
2026-04-20 18:50:53,439 - Epoch: 8, 71/194: VFL loss: 0.1504, total loss: 0.1728, anchor loss: 0.1803, VFL train accuracy: 0.9520
2026-04-20 18:50:53,722 - Epoch: 8, 81/194: VFL loss: 0.1497, total loss: 0.1734, anchor loss: 0.1813, VFL train accuracy: 0.9519
2026-04-20 18:50:54,006 - Epoch: 8, 91/194: VFL loss: 0.1514, total loss: 0.1749, anchor loss: 0.1827, VFL train accuracy: 0.9513
2026-04-20 18:50:54,291 - Epoch: 8, 101/194: VFL loss: 0.1505, total loss: 0.1742, anchor loss: 0.1821, VFL train accuracy: 0.9511
2026-04-20 18:50:54,573 - Epoch: 8, 111/194: VFL loss: 0.1526, total loss: 0.1751, anchor loss: 0.1826, VFL train accuracy: 0.9507
2026-04-20 18:50:54,856 - Epoch: 8, 121/194: VFL loss: 0.1546, total loss: 0.1763, anchor loss: 0.1836, VFL train accuracy: 0.9496
2026-04-20 18:50:55,140 - Epoch: 8, 131/194: VFL loss: 0.1545, total loss: 0.1765, anchor loss: 0.1838, VFL train accuracy: 0.9496
2026-04-20 18:50:55,424 - Epoch: 8, 141/194: VFL loss: 0.1550, total loss: 0.1767, anchor loss: 0.1839, VFL train accuracy: 0.9493
2026-04-20 18:50:55,708 - Epoch: 8, 151/194: VFL loss: 0.1564, total loss: 0.1772, anchor loss: 0.1842, VFL train accuracy: 0.9488
2026-04-20 18:50:55,992 - Epoch: 8, 161/194: VFL loss: 0.1558, total loss: 0.1768, anchor loss: 0.1837, VFL train accuracy: 0.9490
2026-04-20 18:50:56,276 - Epoch: 8, 171/194: VFL loss: 0.1565, total loss: 0.1773, anchor loss: 0.1842, VFL train accuracy: 0.9488
2026-04-20 18:50:56,560 - Epoch: 8, 181/194: VFL loss: 0.1572, total loss: 0.1778, anchor loss: 0.1846, VFL train accuracy: 0.9484
2026-04-20 18:50:56,842 - Epoch: 8, 191/194: VFL loss: 0.1570, total loss: 0.1779, anchor loss: 0.1848, VFL train accuracy: 0.9485
2026-04-20 18:50:56,948 - => Recorded Stage 2 client anchor losses for epoch 8 to './results/AVGuard/lambda_anchor_sensitivity/IEEE_CIS_FRAUD/lambda_anchor_0.75/stage2\stage2_final_epoch_client_anchor_losses.json': {0: 0.183294, 1: 0.175563, 2: 0.195169}
2026-04-20 18:50:56,950 - => Stage 2 EMA anchor update skipped at epoch 8 because momentum=1.0000 disables EMA; eligible classes per client {0: 2, 1: 2, 2: 2}
2026-04-20 18:50:56,950 - => Stage 2 Epoch 8 Training Summary: VFL loss: 0.1564, total loss: 0.1776, anchor loss: 0.1847, VFL train accuracy: 0.9487
2026-04-20 18:50:56,950 - => Test ASR...
2026-04-20 18:50:56,959 - =>Add Trigger to Test Data
2026-04-20 18:50:58,009 - Add Trigger to 8265 Bad Samples, 4133 Clean Samples (1.00)
2026-04-20 18:51:00,375 - => Test Epoch: 8, main task samples: 12398, attack samples: 12398, test loss: 0.4198, clean acc: 0.8213, Top-2: 1.0000, ASR: 0.1059, RAC: 0.7683, test target accuracy: 0.6743, stage3 final accuracy: 0.8213, stage3 final target accuracy: 0.5166, stage3 final asr: 0.1059, anchor loss: 0.2479
2026-04-20 18:51:00,376 - => Stage 3 Detection Summary: recall: 0.8938, precision: 0.8713, f1: 0.8824, false positive rate: 0.0877, correction rate: 0.8938
2026-04-20 18:51:00,377 - => Stage 3 Debug (clean): suspicious=1087/12398, correction_applied=1087, prediction_changed=1087, skipped_tied_vote=0, skipped_low_margin=0, skipped_other=0
2026-04-20 18:51:00,377 - => Stage 3 Debug (poison-valid): suspicious=7362/8265, correction_applied=7362, prediction_changed=7362, skipped_tied_vote=0, skipped_low_margin=0, skipped_other=0
2026-04-20 18:51:00,377 - => Stage 3 Debug (attack-success): suspicious=7362/8237, correction_applied=7362, prediction_changed=7362, corrected_to_true=7362
2026-04-20 18:51:00,378 - => Stage 2 checkpoint score: mean(clean_acc=0.8213, recall=0.8938, correction_rate=0.8938) = 0.8696
2026-04-20 18:51:00,435 - => End Epoch: 8, early stop epochs: 4, best epoch: 4, best clean acc: 0.8292, best Top-2: 1.0000, best ASR: 0.1054, best RAC: 0.7840, anchor loss: 0.2375, best checkpoint score: 0.8726
2026-04-20 18:51:00,436 - => Stage 3 Detection Summary: recall: 0.8943, precision: 0.8679, f1: 0.8809, false positive rate: 0.0903, correction rate: 0.8943
2026-04-20 18:51:00,460 - => LFBA current anchor-derived target label: 1
2026-04-20 18:51:00,479 - =>Add Trigger to Train Data
2026-04-20 18:51:00,975 - Add Trigger to 12397 Bad Samples, 37194 Clean Samples (0.25)
2026-04-20 18:51:00,991 - => Start Training for Injecting Backdoor...
2026-04-20 18:51:01,039 - Epoch: 9, 1/194: VFL loss: 0.2368, total loss: 0.1905, anchor loss: 0.1750, VFL train accuracy: 0.9219
2026-04-20 18:51:01,367 - Epoch: 9, 11/194: VFL loss: 0.2107, total loss: 0.1911, anchor loss: 0.1845, VFL train accuracy: 0.9279
2026-04-20 18:51:01,650 - Epoch: 9, 21/194: VFL loss: 0.1982, total loss: 0.1870, anchor loss: 0.1833, VFL train accuracy: 0.9291
2026-04-20 18:51:01,931 - Epoch: 9, 31/194: VFL loss: 0.1979, total loss: 0.1884, anchor loss: 0.1852, VFL train accuracy: 0.9282
2026-04-20 18:51:02,222 - Epoch: 9, 41/194: VFL loss: 0.1942, total loss: 0.1868, anchor loss: 0.1844, VFL train accuracy: 0.9299
2026-04-20 18:51:02,507 - Epoch: 9, 51/194: VFL loss: 0.1912, total loss: 0.1849, anchor loss: 0.1828, VFL train accuracy: 0.9313
2026-04-20 18:51:02,790 - Epoch: 9, 61/194: VFL loss: 0.1944, total loss: 0.1869, anchor loss: 0.1844, VFL train accuracy: 0.9305
2026-04-20 18:51:03,074 - Epoch: 9, 71/194: VFL loss: 0.1939, total loss: 0.1862, anchor loss: 0.1836, VFL train accuracy: 0.9307
2026-04-20 18:51:03,358 - Epoch: 9, 81/194: VFL loss: 0.1927, total loss: 0.1856, anchor loss: 0.1832, VFL train accuracy: 0.9306
2026-04-20 18:51:03,642 - Epoch: 9, 91/194: VFL loss: 0.1927, total loss: 0.1861, anchor loss: 0.1838, VFL train accuracy: 0.9305
2026-04-20 18:51:03,926 - Epoch: 9, 101/194: VFL loss: 0.1912, total loss: 0.1853, anchor loss: 0.1834, VFL train accuracy: 0.9305
2026-04-20 18:51:04,211 - Epoch: 9, 111/194: VFL loss: 0.1921, total loss: 0.1866, anchor loss: 0.1848, VFL train accuracy: 0.9303
2026-04-20 18:51:04,494 - Epoch: 9, 121/194: VFL loss: 0.1924, total loss: 0.1868, anchor loss: 0.1850, VFL train accuracy: 0.9300
2026-04-20 18:51:04,778 - Epoch: 9, 131/194: VFL loss: 0.1927, total loss: 0.1867, anchor loss: 0.1848, VFL train accuracy: 0.9299
2026-04-20 18:51:05,063 - Epoch: 9, 141/194: VFL loss: 0.1918, total loss: 0.1859, anchor loss: 0.1840, VFL train accuracy: 0.9304
2026-04-20 18:51:05,347 - Epoch: 9, 151/194: VFL loss: 0.1923, total loss: 0.1861, anchor loss: 0.1841, VFL train accuracy: 0.9303
2026-04-20 18:51:05,632 - Epoch: 9, 161/194: VFL loss: 0.1926, total loss: 0.1864, anchor loss: 0.1843, VFL train accuracy: 0.9303
2026-04-20 18:51:05,916 - Epoch: 9, 171/194: VFL loss: 0.1923, total loss: 0.1860, anchor loss: 0.1839, VFL train accuracy: 0.9308
2026-04-20 18:51:06,202 - Epoch: 9, 181/194: VFL loss: 0.1926, total loss: 0.1861, anchor loss: 0.1840, VFL train accuracy: 0.9308
2026-04-20 18:51:06,487 - Epoch: 9, 191/194: VFL loss: 0.1922, total loss: 0.1860, anchor loss: 0.1840, VFL train accuracy: 0.9310
2026-04-20 18:51:06,604 - => Recorded Stage 2 client anchor losses for epoch 9 to './results/AVGuard/lambda_anchor_sensitivity/IEEE_CIS_FRAUD/lambda_anchor_0.75/stage2\stage2_final_epoch_client_anchor_losses.json': {0: 0.180362, 1: 0.175213, 2: 0.195857}
2026-04-20 18:51:06,608 - => Stage 2 EMA anchor update skipped at epoch 9 because momentum=1.0000 disables EMA; eligible classes per client {0: 2, 1: 2, 2: 2}
2026-04-20 18:51:06,609 - => Stage 2 Epoch 9 Training Summary: VFL loss: 0.1921, total loss: 0.1859, anchor loss: 0.1838, VFL train accuracy: 0.9311
2026-04-20 18:51:06,609 - => Test ASR...
2026-04-20 18:51:06,620 - =>Add Trigger to Test Data
2026-04-20 18:51:07,552 - Add Trigger to 8265 Bad Samples, 4133 Clean Samples (1.00)
2026-04-20 18:51:09,706 - => Test Epoch: 9, main task samples: 12398, attack samples: 12398, test loss: 0.3759, clean acc: 0.8287, Top-2: 1.0000, ASR: 0.1087, RAC: 0.7857, test target accuracy: 0.6913, stage3 final accuracy: 0.8287, stage3 final target accuracy: 0.5744, stage3 final asr: 0.1087, anchor loss: 0.2385
2026-04-20 18:51:09,707 - => Stage 3 Detection Summary: recall: 0.8909, precision: 0.8685, f1: 0.8796, false positive rate: 0.0896, correction rate: 0.8909
2026-04-20 18:51:09,707 - => Stage 3 Debug (clean): suspicious=1111/12398, correction_applied=1104, prediction_changed=1104, skipped_tied_vote=0, skipped_low_margin=0, skipped_other=7
2026-04-20 18:51:09,708 - => Stage 3 Debug (poison-valid): suspicious=7336/8265, correction_applied=7336, prediction_changed=7336, skipped_tied_vote=0, skipped_low_margin=0, skipped_other=0
2026-04-20 18:51:09,709 - => Stage 3 Debug (attack-success): suspicious=7336/8234, correction_applied=7336, prediction_changed=7336, corrected_to_true=7336
2026-04-20 18:51:09,710 - => Stage 2 checkpoint score: mean(clean_acc=0.8287, recall=0.8909, correction_rate=0.8909) = 0.8702
2026-04-20 18:51:09,764 - => End Epoch: 9, early stop epochs: 5, best epoch: 4, best clean acc: 0.8292, best Top-2: 1.0000, best ASR: 0.1054, best RAC: 0.7840, anchor loss: 0.2375, best checkpoint score: 0.8726
2026-04-20 18:51:09,765 - => Stage 3 Detection Summary: recall: 0.8943, precision: 0.8679, f1: 0.8809, false positive rate: 0.0903, correction rate: 0.8943
2026-04-20 18:51:09,806 - => LFBA current anchor-derived target label: 1
2026-04-20 18:51:09,823 - =>Add Trigger to Train Data
2026-04-20 18:51:10,398 - Add Trigger to 12397 Bad Samples, 37194 Clean Samples (0.25)
2026-04-20 18:51:10,412 - => Start Training for Injecting Backdoor...
2026-04-20 18:51:10,475 - Epoch: 10, 1/194: VFL loss: 0.1209, total loss: 0.1556, anchor loss: 0.1671, VFL train accuracy: 0.9453
2026-04-20 18:51:10,773 - Epoch: 10, 11/194: VFL loss: 0.1459, total loss: 0.1713, anchor loss: 0.1798, VFL train accuracy: 0.9521
2026-04-20 18:51:11,057 - Epoch: 10, 21/194: VFL loss: 0.1518, total loss: 0.1743, anchor loss: 0.1818, VFL train accuracy: 0.9520
2026-04-20 18:51:11,342 - Epoch: 10, 31/194: VFL loss: 0.1532, total loss: 0.1742, anchor loss: 0.1811, VFL train accuracy: 0.9517
2026-04-20 18:51:11,626 - Epoch: 10, 41/194: VFL loss: 0.1531, total loss: 0.1746, anchor loss: 0.1817, VFL train accuracy: 0.9518
2026-04-20 18:51:11,911 - Epoch: 10, 51/194: VFL loss: 0.1506, total loss: 0.1736, anchor loss: 0.1812, VFL train accuracy: 0.9531
2026-04-20 18:51:12,195 - Epoch: 10, 61/194: VFL loss: 0.1487, total loss: 0.1726, anchor loss: 0.1805, VFL train accuracy: 0.9531
2026-04-20 18:51:12,485 - Epoch: 10, 71/194: VFL loss: 0.1477, total loss: 0.1718, anchor loss: 0.1798, VFL train accuracy: 0.9528
2026-04-20 18:51:12,770 - Epoch: 10, 81/194: VFL loss: 0.1460, total loss: 0.1712, anchor loss: 0.1795, VFL train accuracy: 0.9533
2026-04-20 18:51:13,052 - Epoch: 10, 91/194: VFL loss: 0.1478, total loss: 0.1724, anchor loss: 0.1806, VFL train accuracy: 0.9521
2026-04-20 18:51:13,334 - Epoch: 10, 101/194: VFL loss: 0.1472, total loss: 0.1721, anchor loss: 0.1804, VFL train accuracy: 0.9523
2026-04-20 18:51:13,617 - Epoch: 10, 111/194: VFL loss: 0.1480, total loss: 0.1722, anchor loss: 0.1803, VFL train accuracy: 0.9518
2026-04-20 18:51:13,901 - Epoch: 10, 121/194: VFL loss: 0.1476, total loss: 0.1720, anchor loss: 0.1802, VFL train accuracy: 0.9515
2026-04-20 18:51:14,185 - Epoch: 10, 131/194: VFL loss: 0.1495, total loss: 0.1732, anchor loss: 0.1811, VFL train accuracy: 0.9510
2026-04-20 18:51:14,470 - Epoch: 10, 141/194: VFL loss: 0.1500, total loss: 0.1732, anchor loss: 0.1809, VFL train accuracy: 0.9508
2026-04-20 18:51:14,753 - Epoch: 10, 151/194: VFL loss: 0.1506, total loss: 0.1737, anchor loss: 0.1814, VFL train accuracy: 0.9505
2026-04-20 18:51:15,037 - Epoch: 10, 161/194: VFL loss: 0.1504, total loss: 0.1740, anchor loss: 0.1818, VFL train accuracy: 0.9505
2026-04-20 18:51:15,321 - Epoch: 10, 171/194: VFL loss: 0.1508, total loss: 0.1742, anchor loss: 0.1821, VFL train accuracy: 0.9505
2026-04-20 18:51:15,605 - Epoch: 10, 181/194: VFL loss: 0.1510, total loss: 0.1743, anchor loss: 0.1820, VFL train accuracy: 0.9502
2026-04-20 18:51:15,889 - Epoch: 10, 191/194: VFL loss: 0.1514, total loss: 0.1745, anchor loss: 0.1822, VFL train accuracy: 0.9500
2026-04-20 18:51:16,006 - => Recorded Stage 2 client anchor losses for epoch 10 to './results/AVGuard/lambda_anchor_sensitivity/IEEE_CIS_FRAUD/lambda_anchor_0.75/stage2\stage2_final_epoch_client_anchor_losses.json': {0: 0.1799, 1: 0.17494, 2: 0.191365}
2026-04-20 18:51:16,009 - => Stage 2 EMA anchor update skipped at epoch 10 because momentum=1.0000 disables EMA; eligible classes per client {0: 2, 1: 2, 2: 2}
2026-04-20 18:51:16,010 - => Stage 2 Epoch 10 Training Summary: VFL loss: 0.1513, total loss: 0.1743, anchor loss: 0.1820, VFL train accuracy: 0.9501
2026-04-20 18:51:16,011 - => Test ASR...
2026-04-20 18:51:16,021 - =>Add Trigger to Test Data
2026-04-20 18:51:16,994 - Add Trigger to 8265 Bad Samples, 4133 Clean Samples (1.00)
2026-04-20 18:51:19,593 - => Test Epoch: 10, main task samples: 12398, attack samples: 12398, test loss: 0.4033, clean acc: 0.8237, Top-2: 1.0000, ASR: 0.1093, RAC: 0.7682, test target accuracy: 0.6746, stage3 final accuracy: 0.8237, stage3 final target accuracy: 0.5231, stage3 final asr: 0.1093, anchor loss: 0.2458
2026-04-20 18:51:19,594 - => Stage 3 Detection Summary: recall: 0.8904, precision: 0.8662, f1: 0.8781, false positive rate: 0.0914, correction rate: 0.8904
2026-04-20 18:51:19,595 - => Stage 3 Debug (clean): suspicious=1133/12398, correction_applied=1129, prediction_changed=1129, skipped_tied_vote=0, skipped_low_margin=0, skipped_other=4
2026-04-20 18:51:19,595 - => Stage 3 Debug (poison-valid): suspicious=7333/8265, correction_applied=7333, prediction_changed=7333, skipped_tied_vote=0, skipped_low_margin=0, skipped_other=0
2026-04-20 18:51:19,596 - => Stage 3 Debug (attack-success): suspicious=7333/8236, correction_applied=7333, prediction_changed=7333, corrected_to_true=7333
2026-04-20 18:51:19,597 - => Stage 2 checkpoint score: mean(clean_acc=0.8237, recall=0.8904, correction_rate=0.8904) = 0.8681
2026-04-20 18:51:19,655 - => End Epoch: 10, early stop epochs: 6, best epoch: 4, best clean acc: 0.8292, best Top-2: 1.0000, best ASR: 0.1054, best RAC: 0.7840, anchor loss: 0.2375, best checkpoint score: 0.8726
2026-04-20 18:51:19,655 - => Stage 3 Detection Summary: recall: 0.8943, precision: 0.8679, f1: 0.8809, false positive rate: 0.0903, correction rate: 0.8943
2026-04-20 18:51:19,679 - => LFBA current anchor-derived target label: 1
2026-04-20 18:51:19,698 - =>Add Trigger to Train Data
2026-04-20 18:51:20,160 - Add Trigger to 12397 Bad Samples, 37194 Clean Samples (0.25)
2026-04-20 18:51:20,176 - => Start Training for Injecting Backdoor...
2026-04-20 18:51:20,223 - Epoch: 11, 1/194: VFL loss: 0.1953, total loss: 0.1760, anchor loss: 0.1696, VFL train accuracy: 0.9336
2026-04-20 18:51:20,532 - Epoch: 11, 11/194: VFL loss: 0.1882, total loss: 0.1837, anchor loss: 0.1823, VFL train accuracy: 0.9389
2026-04-20 18:51:20,791 - Epoch: 11, 21/194: VFL loss: 0.1918, total loss: 0.1857, anchor loss: 0.1837, VFL train accuracy: 0.9353
2026-04-20 18:51:21,051 - Epoch: 11, 31/194: VFL loss: 0.1840, total loss: 0.1824, anchor loss: 0.1819, VFL train accuracy: 0.9366
2026-04-20 18:51:21,311 - Epoch: 11, 41/194: VFL loss: 0.1836, total loss: 0.1830, anchor loss: 0.1828, VFL train accuracy: 0.9357
2026-04-20 18:51:21,570 - Epoch: 11, 51/194: VFL loss: 0.1824, total loss: 0.1822, anchor loss: 0.1821, VFL train accuracy: 0.9357
2026-04-20 18:51:21,829 - Epoch: 11, 61/194: VFL loss: 0.1826, total loss: 0.1815, anchor loss: 0.1811, VFL train accuracy: 0.9349
2026-04-20 18:51:22,089 - Epoch: 11, 71/194: VFL loss: 0.1812, total loss: 0.1807, anchor loss: 0.1805, VFL train accuracy: 0.9356
2026-04-20 18:51:22,349 - Epoch: 11, 81/194: VFL loss: 0.1813, total loss: 0.1808, anchor loss: 0.1807, VFL train accuracy: 0.9353
2026-04-20 18:51:22,810 - Epoch: 11, 91/194: VFL loss: 0.1824, total loss: 0.1817, anchor loss: 0.1815, VFL train accuracy: 0.9343
2026-04-20 18:51:23,072 - Epoch: 11, 101/194: VFL loss: 0.1844, total loss: 0.1824, anchor loss: 0.1818, VFL train accuracy: 0.9335
2026-04-20 18:51:23,332 - Epoch: 11, 111/194: VFL loss: 0.1846, total loss: 0.1828, anchor loss: 0.1822, VFL train accuracy: 0.9333
2026-04-20 18:51:23,591 - Epoch: 11, 121/194: VFL loss: 0.1838, total loss: 0.1821, anchor loss: 0.1815, VFL train accuracy: 0.9336
2026-04-20 18:51:23,851 - Epoch: 11, 131/194: VFL loss: 0.1850, total loss: 0.1828, anchor loss: 0.1820, VFL train accuracy: 0.9331
2026-04-20 18:51:24,111 - Epoch: 11, 141/194: VFL loss: 0.1836, total loss: 0.1824, anchor loss: 0.1820, VFL train accuracy: 0.9336
2026-04-20 18:51:24,371 - Epoch: 11, 151/194: VFL loss: 0.1829, total loss: 0.1820, anchor loss: 0.1817, VFL train accuracy: 0.9339
2026-04-20 18:51:24,632 - Epoch: 11, 161/194: VFL loss: 0.1829, total loss: 0.1818, anchor loss: 0.1814, VFL train accuracy: 0.9339
2026-04-20 18:51:24,892 - Epoch: 11, 171/194: VFL loss: 0.1840, total loss: 0.1825, anchor loss: 0.1820, VFL train accuracy: 0.9333
2026-04-20 18:51:25,152 - Epoch: 11, 181/194: VFL loss: 0.1835, total loss: 0.1823, anchor loss: 0.1819, VFL train accuracy: 0.9336
2026-04-20 18:51:25,412 - Epoch: 11, 191/194: VFL loss: 0.1837, total loss: 0.1823, anchor loss: 0.1818, VFL train accuracy: 0.9336
2026-04-20 18:51:25,530 - => Recorded Stage 2 client anchor losses for epoch 11 to './results/AVGuard/lambda_anchor_sensitivity/IEEE_CIS_FRAUD/lambda_anchor_0.75/stage2\stage2_final_epoch_client_anchor_losses.json': {0: 0.175909, 1: 0.174219, 2: 0.195134}
2026-04-20 18:51:25,533 - => Stage 2 EMA anchor update skipped at epoch 11 because momentum=1.0000 disables EMA; eligible classes per client {0: 2, 1: 2, 2: 2}
2026-04-20 18:51:25,533 - => Stage 2 Epoch 11 Training Summary: VFL loss: 0.1836, total loss: 0.1822, anchor loss: 0.1817, VFL train accuracy: 0.9336
2026-04-20 18:51:25,534 - => Test ASR...
2026-04-20 18:51:25,542 - =>Add Trigger to Test Data
2026-04-20 18:51:26,586 - Add Trigger to 8265 Bad Samples, 4133 Clean Samples (1.00)
2026-04-20 18:51:29,292 - => Test Epoch: 11, main task samples: 12398, attack samples: 12398, test loss: 0.3599, clean acc: 0.8317, Top-2: 1.0000, ASR: 0.1130, RAC: 0.7842, test target accuracy: 0.6983, stage3 final accuracy: 0.8317, stage3 final target accuracy: 0.5785, stage3 final asr: 0.1130, anchor loss: 0.2362
2026-04-20 18:51:29,292 - => Stage 3 Detection Summary: recall: 0.8867, precision: 0.8755, f1: 0.8810, false positive rate: 0.0838, correction rate: 0.8867
2026-04-20 18:51:29,293 - => Stage 3 Debug (clean): suspicious=1039/12398, correction_applied=1038, prediction_changed=1038, skipped_tied_vote=0, skipped_low_margin=0, skipped_other=1
2026-04-20 18:51:29,293 - => Stage 3 Debug (poison-valid): suspicious=7306/8265, correction_applied=7306, prediction_changed=7306, skipped_tied_vote=0, skipped_low_margin=0, skipped_other=0
2026-04-20 18:51:29,294 - => Stage 3 Debug (attack-success): suspicious=7306/8240, correction_applied=7306, prediction_changed=7306, corrected_to_true=7306
2026-04-20 18:51:29,294 - => Stage 2 checkpoint score: mean(clean_acc=0.8317, recall=0.8867, correction_rate=0.8867) = 0.8683
2026-04-20 18:51:29,348 - => End Epoch: 11, early stop epochs: 7, best epoch: 4, best clean acc: 0.8292, best Top-2: 1.0000, best ASR: 0.1054, best RAC: 0.7840, anchor loss: 0.2375, best checkpoint score: 0.8726
2026-04-20 18:51:29,349 - => Stage 3 Detection Summary: recall: 0.8943, precision: 0.8679, f1: 0.8809, false positive rate: 0.0903, correction rate: 0.8943
2026-04-20 18:51:29,391 - => LFBA current anchor-derived target label: 1
2026-04-20 18:51:29,408 - =>Add Trigger to Train Data
2026-04-20 18:51:29,967 - Add Trigger to 12397 Bad Samples, 37194 Clean Samples (0.25)
2026-04-20 18:51:29,975 - => Start Training for Injecting Backdoor...
2026-04-20 18:51:30,037 - Epoch: 12, 1/194: VFL loss: 0.1736, total loss: 0.1783, anchor loss: 0.1798, VFL train accuracy: 0.9453
2026-04-20 18:51:30,334 - Epoch: 12, 11/194: VFL loss: 0.1373, total loss: 0.1656, anchor loss: 0.1751, VFL train accuracy: 0.9595
2026-04-20 18:51:30,619 - Epoch: 12, 21/194: VFL loss: 0.1405, total loss: 0.1680, anchor loss: 0.1772, VFL train accuracy: 0.9565
2026-04-20 18:51:30,902 - Epoch: 12, 31/194: VFL loss: 0.1459, total loss: 0.1704, anchor loss: 0.1785, VFL train accuracy: 0.9539
2026-04-20 18:51:31,185 - Epoch: 12, 41/194: VFL loss: 0.1449, total loss: 0.1699, anchor loss: 0.1782, VFL train accuracy: 0.9538
2026-04-20 18:51:31,468 - Epoch: 12, 51/194: VFL loss: 0.1422, total loss: 0.1678, anchor loss: 0.1764, VFL train accuracy: 0.9534
2026-04-20 18:51:31,750 - Epoch: 12, 61/194: VFL loss: 0.1431, total loss: 0.1690, anchor loss: 0.1776, VFL train accuracy: 0.9532
2026-04-20 18:51:32,033 - Epoch: 12, 71/194: VFL loss: 0.1430, total loss: 0.1689, anchor loss: 0.1775, VFL train accuracy: 0.9527
2026-04-20 18:51:32,317 - Epoch: 12, 81/194: VFL loss: 0.1438, total loss: 0.1695, anchor loss: 0.1781, VFL train accuracy: 0.9532
2026-04-20 18:51:32,601 - Epoch: 12, 91/194: VFL loss: 0.1451, total loss: 0.1701, anchor loss: 0.1784, VFL train accuracy: 0.9526
2026-04-20 18:51:32,884 - Epoch: 12, 101/194: VFL loss: 0.1440, total loss: 0.1697, anchor loss: 0.1783, VFL train accuracy: 0.9524
2026-04-20 18:51:33,168 - Epoch: 12, 111/194: VFL loss: 0.1448, total loss: 0.1700, anchor loss: 0.1783, VFL train accuracy: 0.9521
2026-04-20 18:51:33,452 - Epoch: 12, 121/194: VFL loss: 0.1451, total loss: 0.1700, anchor loss: 0.1783, VFL train accuracy: 0.9520
2026-04-20 18:51:33,736 - Epoch: 12, 131/194: VFL loss: 0.1445, total loss: 0.1702, anchor loss: 0.1787, VFL train accuracy: 0.9522
2026-04-20 18:51:34,020 - Epoch: 12, 141/194: VFL loss: 0.1453, total loss: 0.1707, anchor loss: 0.1792, VFL train accuracy: 0.9520
2026-04-20 18:51:34,303 - Epoch: 12, 151/194: VFL loss: 0.1449, total loss: 0.1705, anchor loss: 0.1790, VFL train accuracy: 0.9522
2026-04-20 18:51:34,588 - Epoch: 12, 161/194: VFL loss: 0.1454, total loss: 0.1710, anchor loss: 0.1795, VFL train accuracy: 0.9521
2026-04-20 18:51:34,872 - Epoch: 12, 171/194: VFL loss: 0.1446, total loss: 0.1705, anchor loss: 0.1792, VFL train accuracy: 0.9523
2026-04-20 18:51:35,156 - Epoch: 12, 181/194: VFL loss: 0.1451, total loss: 0.1707, anchor loss: 0.1792, VFL train accuracy: 0.9520
2026-04-20 18:51:35,440 - Epoch: 12, 191/194: VFL loss: 0.1456, total loss: 0.1710, anchor loss: 0.1794, VFL train accuracy: 0.9519
2026-04-20 18:51:35,559 - => Recorded Stage 2 client anchor losses for epoch 12 to './results/AVGuard/lambda_anchor_sensitivity/IEEE_CIS_FRAUD/lambda_anchor_0.75/stage2\stage2_final_epoch_client_anchor_losses.json': {0: 0.173647, 1: 0.174599, 2: 0.190291}
2026-04-20 18:51:35,562 - => Stage 2 EMA anchor update skipped at epoch 12 because momentum=1.0000 disables EMA; eligible classes per client {0: 2, 1: 2, 2: 2}
2026-04-20 18:51:35,563 - => Stage 2 Epoch 12 Training Summary: VFL loss: 0.1456, total loss: 0.1710, anchor loss: 0.1795, VFL train accuracy: 0.9518
2026-04-20 18:51:35,564 - => Test ASR...
2026-04-20 18:51:35,574 - =>Add Trigger to Test Data
2026-04-20 18:51:36,507 - Add Trigger to 8265 Bad Samples, 4133 Clean Samples (1.00)
2026-04-20 18:51:38,714 - => Test Epoch: 12, main task samples: 12398, attack samples: 12398, test loss: 0.3911, clean acc: 0.8312, Top-2: 1.0000, ASR: 0.1233, RAC: 0.7733, test target accuracy: 0.7087, stage3 final accuracy: 0.8312, stage3 final target accuracy: 0.5664, stage3 final asr: 0.1233, anchor loss: 0.2406
2026-04-20 18:51:38,715 - => Stage 3 Detection Summary: recall: 0.8764, precision: 0.8741, f1: 0.8752, false positive rate: 0.0839, correction rate: 0.8763
2026-04-20 18:51:38,716 - => Stage 3 Debug (clean): suspicious=1040/12398, correction_applied=1039, prediction_changed=1039, skipped_tied_vote=0, skipped_low_margin=0, skipped_other=1
2026-04-20 18:51:38,717 - => Stage 3 Debug (poison-valid): suspicious=7219/8265, correction_applied=7218, prediction_changed=7218, skipped_tied_vote=0, skipped_low_margin=0, skipped_other=1
2026-04-20 18:51:38,717 - => Stage 3 Debug (attack-success): suspicious=7219/8237, correction_applied=7218, prediction_changed=7218, corrected_to_true=7218
2026-04-20 18:51:38,719 - => Stage 2 checkpoint score: mean(clean_acc=0.8312, recall=0.8764, correction_rate=0.8763) = 0.8613
2026-04-20 18:51:38,772 - => End Epoch: 12, early stop epochs: 8, best epoch: 4, best clean acc: 0.8292, best Top-2: 1.0000, best ASR: 0.1054, best RAC: 0.7840, anchor loss: 0.2375, best checkpoint score: 0.8726
2026-04-20 18:51:38,773 - => Stage 3 Detection Summary: recall: 0.8943, precision: 0.8679, f1: 0.8809, false positive rate: 0.0903, correction rate: 0.8943
2026-04-20 18:51:38,799 - => LFBA current anchor-derived target label: 1
2026-04-20 18:51:38,815 - =>Add Trigger to Train Data
2026-04-20 18:51:39,367 - Add Trigger to 12397 Bad Samples, 37194 Clean Samples (0.25)
2026-04-20 18:51:39,382 - => Start Training for Injecting Backdoor...
2026-04-20 18:51:39,434 - Epoch: 13, 1/194: VFL loss: 0.1126, total loss: 0.1415, anchor loss: 0.1512, VFL train accuracy: 0.9570
2026-04-20 18:51:39,771 - Epoch: 13, 11/194: VFL loss: 0.1693, total loss: 0.1719, anchor loss: 0.1727, VFL train accuracy: 0.9418
2026-04-20 18:51:40,054 - Epoch: 13, 21/194: VFL loss: 0.1728, total loss: 0.1749, anchor loss: 0.1756, VFL train accuracy: 0.9397
2026-04-20 18:51:40,335 - Epoch: 13, 31/194: VFL loss: 0.1745, total loss: 0.1751, anchor loss: 0.1753, VFL train accuracy: 0.9388
2026-04-20 18:51:40,619 - Epoch: 13, 41/194: VFL loss: 0.1747, total loss: 0.1753, anchor loss: 0.1755, VFL train accuracy: 0.9388
2026-04-20 18:51:40,900 - Epoch: 13, 51/194: VFL loss: 0.1724, total loss: 0.1748, anchor loss: 0.1756, VFL train accuracy: 0.9392
2026-04-20 18:51:41,183 - Epoch: 13, 61/194: VFL loss: 0.1726, total loss: 0.1746, anchor loss: 0.1752, VFL train accuracy: 0.9394
2026-04-20 18:51:41,467 - Epoch: 13, 71/194: VFL loss: 0.1732, total loss: 0.1747, anchor loss: 0.1752, VFL train accuracy: 0.9385
2026-04-20 18:51:41,748 - Epoch: 13, 81/194: VFL loss: 0.1750, total loss: 0.1758, anchor loss: 0.1760, VFL train accuracy: 0.9378
2026-04-20 18:51:42,032 - Epoch: 13, 91/194: VFL loss: 0.1767, total loss: 0.1764, anchor loss: 0.1763, VFL train accuracy: 0.9381
2026-04-20 18:51:42,315 - Epoch: 13, 101/194: VFL loss: 0.1754, total loss: 0.1761, anchor loss: 0.1763, VFL train accuracy: 0.9386
2026-04-20 18:51:42,598 - Epoch: 13, 111/194: VFL loss: 0.1759, total loss: 0.1765, anchor loss: 0.1768, VFL train accuracy: 0.9383
2026-04-20 18:51:42,883 - Epoch: 13, 121/194: VFL loss: 0.1767, total loss: 0.1768, anchor loss: 0.1769, VFL train accuracy: 0.9378
2026-04-20 18:51:43,168 - Epoch: 13, 131/194: VFL loss: 0.1768, total loss: 0.1773, anchor loss: 0.1774, VFL train accuracy: 0.9374
2026-04-20 18:51:43,451 - Epoch: 13, 141/194: VFL loss: 0.1768, total loss: 0.1775, anchor loss: 0.1778, VFL train accuracy: 0.9372
2026-04-20 18:51:43,735 - Epoch: 13, 151/194: VFL loss: 0.1773, total loss: 0.1781, anchor loss: 0.1784, VFL train accuracy: 0.9367
2026-04-20 18:51:44,018 - Epoch: 13, 161/194: VFL loss: 0.1781, total loss: 0.1786, anchor loss: 0.1788, VFL train accuracy: 0.9366
2026-04-20 18:51:44,302 - Epoch: 13, 171/194: VFL loss: 0.1772, total loss: 0.1782, anchor loss: 0.1785, VFL train accuracy: 0.9369
2026-04-20 18:51:44,585 - Epoch: 13, 181/194: VFL loss: 0.1780, total loss: 0.1786, anchor loss: 0.1788, VFL train accuracy: 0.9366
2026-04-20 18:51:44,867 - Epoch: 13, 191/194: VFL loss: 0.1780, total loss: 0.1789, anchor loss: 0.1792, VFL train accuracy: 0.9365
2026-04-20 18:51:44,983 - => Recorded Stage 2 client anchor losses for epoch 13 to './results/AVGuard/lambda_anchor_sensitivity/IEEE_CIS_FRAUD/lambda_anchor_0.75/stage2\stage2_final_epoch_client_anchor_losses.json': {0: 0.171429, 1: 0.1741, 2: 0.193585}
2026-04-20 18:51:44,986 - => Stage 2 EMA anchor update skipped at epoch 13 because momentum=1.0000 disables EMA; eligible classes per client {0: 2, 1: 2, 2: 2}
2026-04-20 18:51:44,987 - => Stage 2 Epoch 13 Training Summary: VFL loss: 0.1788, total loss: 0.1795, anchor loss: 0.1798, VFL train accuracy: 0.9362
2026-04-20 18:51:44,988 - => Test ASR...
2026-04-20 18:51:44,998 - =>Add Trigger to Test Data
2026-04-20 18:51:45,934 - Add Trigger to 8265 Bad Samples, 4133 Clean Samples (1.00)
2026-04-20 18:51:48,287 - => Test Epoch: 13, main task samples: 12398, attack samples: 12398, test loss: 0.3830, clean acc: 0.8305, Top-2: 1.0000, ASR: 0.1488, RAC: 0.7596, test target accuracy: 0.7578, stage3 final accuracy: 0.8305, stage3 final target accuracy: 0.5763, stage3 final asr: 0.1488, anchor loss: 0.2402
2026-04-20 18:51:48,288 - => Stage 3 Detection Summary: recall: 0.8506, precision: 0.8325, f1: 0.8414, false positive rate: 0.1136, correction rate: 0.8506
2026-04-20 18:51:48,289 - => Stage 3 Debug (clean): suspicious=1409/12398, correction_applied=1408, prediction_changed=1408, skipped_tied_vote=0, skipped_low_margin=0, skipped_other=1
2026-04-20 18:51:48,290 - => Stage 3 Debug (poison-valid): suspicious=7001/8265, correction_applied=7001, prediction_changed=7001, skipped_tied_vote=0, skipped_low_margin=0, skipped_other=0
2026-04-20 18:51:48,291 - => Stage 3 Debug (attack-success): suspicious=7001/8231, correction_applied=7001, prediction_changed=7001, corrected_to_true=7001
2026-04-20 18:51:48,292 - => Stage 2 checkpoint score: mean(clean_acc=0.8305, recall=0.8506, correction_rate=0.8506) = 0.8439
2026-04-20 18:51:48,346 - => End Epoch: 13, early stop epochs: 9, best epoch: 4, best clean acc: 0.8292, best Top-2: 1.0000, best ASR: 0.1054, best RAC: 0.7840, anchor loss: 0.2375, best checkpoint score: 0.8726
2026-04-20 18:51:48,346 - => Stage 3 Detection Summary: recall: 0.8943, precision: 0.8679, f1: 0.8809, false positive rate: 0.0903, correction rate: 0.8943
2026-04-20 18:51:48,393 - => LFBA current anchor-derived target label: 1
2026-04-20 18:51:48,409 - =>Add Trigger to Train Data
2026-04-20 18:51:48,960 - Add Trigger to 12397 Bad Samples, 37194 Clean Samples (0.25)
2026-04-20 18:51:48,968 - => Start Training for Injecting Backdoor...
2026-04-20 18:51:49,011 - Epoch: 14, 1/194: VFL loss: 0.1736, total loss: 0.1744, anchor loss: 0.1747, VFL train accuracy: 0.9453
2026-04-20 18:51:49,316 - Epoch: 14, 11/194: VFL loss: 0.1485, total loss: 0.1689, anchor loss: 0.1756, VFL train accuracy: 0.9538
2026-04-20 18:51:49,567 - Epoch: 14, 21/194: VFL loss: 0.1443, total loss: 0.1680, anchor loss: 0.1759, VFL train accuracy: 0.9531
2026-04-20 18:51:49,818 - Epoch: 14, 31/194: VFL loss: 0.1424, total loss: 0.1657, anchor loss: 0.1735, VFL train accuracy: 0.9535
2026-04-20 18:51:50,068 - Epoch: 14, 41/194: VFL loss: 0.1409, total loss: 0.1649, anchor loss: 0.1729, VFL train accuracy: 0.9539
2026-04-20 18:51:50,320 - Epoch: 14, 51/194: VFL loss: 0.1404, total loss: 0.1650, anchor loss: 0.1732, VFL train accuracy: 0.9544
2026-04-20 18:51:50,571 - Epoch: 14, 61/194: VFL loss: 0.1383, total loss: 0.1651, anchor loss: 0.1740, VFL train accuracy: 0.9554
2026-04-20 18:51:50,830 - Epoch: 14, 71/194: VFL loss: 0.1392, total loss: 0.1653, anchor loss: 0.1741, VFL train accuracy: 0.9548
2026-04-20 18:51:51,081 - Epoch: 14, 81/194: VFL loss: 0.1403, total loss: 0.1664, anchor loss: 0.1751, VFL train accuracy: 0.9545
2026-04-20 18:51:51,331 - Epoch: 14, 91/194: VFL loss: 0.1410, total loss: 0.1674, anchor loss: 0.1762, VFL train accuracy: 0.9542
2026-04-20 18:51:51,582 - Epoch: 14, 101/194: VFL loss: 0.1394, total loss: 0.1670, anchor loss: 0.1762, VFL train accuracy: 0.9547
2026-04-20 18:51:51,834 - Epoch: 14, 111/194: VFL loss: 0.1401, total loss: 0.1678, anchor loss: 0.1770, VFL train accuracy: 0.9542
2026-04-20 18:51:52,084 - Epoch: 14, 121/194: VFL loss: 0.1399, total loss: 0.1679, anchor loss: 0.1772, VFL train accuracy: 0.9538
2026-04-20 18:51:52,336 - Epoch: 14, 131/194: VFL loss: 0.1405, total loss: 0.1681, anchor loss: 0.1774, VFL train accuracy: 0.9537
2026-04-20 18:51:52,585 - Epoch: 14, 141/194: VFL loss: 0.1407, total loss: 0.1684, anchor loss: 0.1776, VFL train accuracy: 0.9533
2026-04-20 18:51:52,836 - Epoch: 14, 151/194: VFL loss: 0.1413, total loss: 0.1689, anchor loss: 0.1780, VFL train accuracy: 0.9530
2026-04-20 18:51:53,085 - Epoch: 14, 161/194: VFL loss: 0.1414, total loss: 0.1690, anchor loss: 0.1782, VFL train accuracy: 0.9532
2026-04-20 18:51:53,336 - Epoch: 14, 171/194: VFL loss: 0.1414, total loss: 0.1687, anchor loss: 0.1778, VFL train accuracy: 0.9533
2026-04-20 18:51:53,586 - Epoch: 14, 181/194: VFL loss: 0.1415, total loss: 0.1688, anchor loss: 0.1779, VFL train accuracy: 0.9533
2026-04-20 18:51:53,838 - Epoch: 14, 191/194: VFL loss: 0.1408, total loss: 0.1686, anchor loss: 0.1779, VFL train accuracy: 0.9535
2026-04-20 18:51:53,947 - => Recorded Stage 2 client anchor losses for epoch 14 to './results/AVGuard/lambda_anchor_sensitivity/IEEE_CIS_FRAUD/lambda_anchor_0.75/stage2\stage2_final_epoch_client_anchor_losses.json': {0: 0.169496, 1: 0.173829, 2: 0.190063}
2026-04-20 18:51:53,951 - => Stage 2 EMA anchor update skipped at epoch 14 because momentum=1.0000 disables EMA; eligible classes per client {0: 2, 1: 2, 2: 2}
2026-04-20 18:51:53,952 - => Stage 2 Epoch 14 Training Summary: VFL loss: 0.1408, total loss: 0.1685, anchor loss: 0.1778, VFL train accuracy: 0.9534
2026-04-20 18:51:53,953 - => Test ASR...
2026-04-20 18:51:53,963 - =>Add Trigger to Test Data
2026-04-20 18:51:54,948 - Add Trigger to 8265 Bad Samples, 4133 Clean Samples (1.00)
2026-04-20 18:51:57,496 - => Test Epoch: 14, main task samples: 12398, attack samples: 12398, test loss: 0.3975, clean acc: 0.8296, Top-2: 1.0000, ASR: 0.1210, RAC: 0.7712, test target accuracy: 0.7242, stage3 final accuracy: 0.8296, stage3 final target accuracy: 0.5555, stage3 final asr: 0.1210, anchor loss: 0.2401
2026-04-20 18:51:57,497 - => Stage 3 Detection Summary: recall: 0.8787, precision: 0.8575, f1: 0.8680, false positive rate: 0.0970, correction rate: 0.8785
2026-04-20 18:51:57,498 - => Stage 3 Debug (clean): suspicious=1202/12398, correction_applied=1201, prediction_changed=1201, skipped_tied_vote=0, skipped_low_margin=0, skipped_other=1
2026-04-20 18:51:57,498 - => Stage 3 Debug (poison-valid): suspicious=7234/8265, correction_applied=7233, prediction_changed=7233, skipped_tied_vote=0, skipped_low_margin=0, skipped_other=1
2026-04-20 18:51:57,499 - => Stage 3 Debug (attack-success): suspicious=7234/8233, correction_applied=7233, prediction_changed=7233, corrected_to_true=7233
2026-04-20 18:51:57,500 - => Stage 2 checkpoint score: mean(clean_acc=0.8296, recall=0.8787, correction_rate=0.8785) = 0.8623
2026-04-20 18:51:57,556 - => End Epoch: 14, early stop epochs: 10, best epoch: 4, best clean acc: 0.8292, best Top-2: 1.0000, best ASR: 0.1054, best RAC: 0.7840, anchor loss: 0.2375, best checkpoint score: 0.8726
2026-04-20 18:51:57,557 - => Stage 3 Detection Summary: recall: 0.8943, precision: 0.8679, f1: 0.8809, false positive rate: 0.0903, correction rate: 0.8943
