2026-04-28 03:41:38,211 - Namespace(config='', data_dir='./dataset/data_raw/', dataset='CIFAR10', device=0, results_dir='./results/AVGuard/threeclient_full_avguard_fixed_lambda_anchor_theta_supp_sensitivity/theta_supp_0.10/CIFAR10/stage1', seed=100, epoch=100, batch_size=256, client_num=3, pretrained_checkpoint='./results/AVGuard/threeclient_full_avguard_fixed_lambda_anchor_theta_supp_sensitivity/theta_supp_0.10/CIFAR10/stage1\\latest_checkpoint.pth.tar', test_checkpoint=None, resume_latest=True, lr=0.001, start_epoch=0, print_steps=10, early_stop=20, attack='LFBA', target_label=None, poison_rate=0.05, poison_dimensions=5, trigger_feature_clip=1.0, attack_client_num=2, feature_extractor='', select_rate=0.5, lfba_poison_source='gradient', random_select=False, poison_all=False, anchor_idx=23470, pretrain_stage=0, mode='pretrain_anchor', defense='anchor', defense_scheme='AVGuard', enable_stage1=True, force_stage1_retrain=True, enable_anchor_loss=True, lambda_anchor=0.5, lambda_stage1_anchor=0.5, anchor_pretrain_epochs=50, anchor_pretrain_early_stop=10, anchor_pretrain_min_delta=0.0001, anchor_scale=16, anchor_margin=0, anchor_bank_path='./results/AVGuard/threeclient_full_avguard_fixed_lambda_anchor_theta_supp_sensitivity/theta_supp_0.10/CIFAR10/stage1/anchor_bank.pt', anchor_stage1_dir='./results/AVGuard/threeclient_full_avguard_fixed_lambda_anchor_theta_supp_sensitivity/theta_supp_0.10/CIFAR10/stage1/anchor_stage1', anchor_ema_momentum=1.0, anchor_ema_update_freq=1, stage3_enable_joint_weighted_voting=True, stage3_enable_static_reliability=True, disable_stage3_eval=False, gamma=2.0, theta_supp=0.15, stage3_required_support_count=2, enable_conservative_correction=False, tau_corr=0.0, top_k=4, stage3_debug_batches=0, stage3_debug_max_samples=8, original_dataset='CIFAR10', attack_target_label=None, anchor_margin_auto_adjusted=False, requested_anchor_margin=0)
2026-04-28 03:41:38,214 - => Defense scheme: AVGuard
2026-04-28 03:41:38,215 - => LFBA poison-set source: gradient
2026-04-28 03:41:38,215 - => Python executable: D:\python3\generative-compression-master1\KAVF\python.exe
2026-04-28 03:41:38,216 - => Torch version: 2.7.1+cu126, compiled CUDA: 12.6, cuda available: True, visible GPU count: 1
2026-04-28 03:41:38,217 - => Using GPU cuda:0 (NVIDIA GeForce RTX 4080)
2026-04-28 03:41:38,218 - => Preparing data...
2026-04-28 03:41:40,349 - => Resolved LFBA attack target label=6 from training anchor_idx=23470
2026-04-28 03:41:41,912 - => No checkpoint found at './results/AVGuard/threeclient_full_avguard_fixed_lambda_anchor_theta_supp_sensitivity/theta_supp_0.10/CIFAR10/stage1\latest_checkpoint.pth.tar'
2026-04-28 03:41:41,913 - => Enter Stage 1: passive local backbones are trained with active-party private two-layer MLP heads
2026-04-28 03:41:41,914 - => Stage 1 latest checkpoint path: './results/AVGuard/threeclient_full_avguard_fixed_lambda_anchor_theta_supp_sensitivity/theta_supp_0.10/CIFAR10/stage1\latest_checkpoint.pth.tar'
2026-04-28 03:41:42,230 - =>Add Trigger to Train Data
2026-04-28 03:41:42,251 - Add Trigger to 2500 Poison Samples, 47500 Clean Samples (0.05)
2026-04-28 03:41:42,279 - =>Add Trigger to Test Data
2026-04-28 03:41:42,360 - Add Trigger to 10000 Poison Samples, 0 Clean Samples (1.00)
2026-04-28 03:41:42,390 - => Stage 1 start for passive client 0
2026-04-28 03:41:42,391 - => Stage 1 early stop for passive client 0: patience=10, min_delta=0.000100
2026-04-28 03:42:55,947 - => Stage 1 client 0 epoch 1/50, ce loss: 1.8816, train anchor loss: 1.2375, total loss: 2.5003, clean acc: 0.4153, eval anchor loss: 0.5731, backdoor acc: 0.0000
2026-04-28 03:44:08,810 - => Stage 1 client 0 epoch 2/50, ce loss: 1.7386, train anchor loss: 0.3236, total loss: 1.9004, clean acc: 0.4276, eval anchor loss: 0.1733, backdoor acc: 0.0000
2026-04-28 03:45:21,297 - => Stage 1 client 0 epoch 3/50, ce loss: 1.6122, train anchor loss: 0.1479, total loss: 1.6862, clean acc: 0.4647, eval anchor loss: 0.1393, backdoor acc: 0.0000
2026-04-28 03:46:33,856 - => Stage 1 client 0 epoch 4/50, ce loss: 1.5557, train anchor loss: 0.1356, total loss: 1.6235, clean acc: 0.4658, eval anchor loss: 0.1492, backdoor acc: 0.0000
2026-04-28 03:47:46,333 - => Stage 1 client 0 epoch 5/50, ce loss: 1.5149, train anchor loss: 0.1354, total loss: 1.5826, clean acc: 0.4905, eval anchor loss: 0.1283, backdoor acc: 0.0000
2026-04-28 03:48:58,744 - => Stage 1 client 0 epoch 6/50, ce loss: 1.4725, train anchor loss: 0.1372, total loss: 1.5411, clean acc: 0.4960, eval anchor loss: 0.1411, backdoor acc: 0.0000
2026-04-28 03:50:11,229 - => Stage 1 client 0 epoch 7/50, ce loss: 1.4424, train anchor loss: 0.1375, total loss: 1.5112, clean acc: 0.5231, eval anchor loss: 0.1498, backdoor acc: 0.0000
2026-04-28 03:51:23,458 - => Stage 1 client 0 epoch 8/50, ce loss: 1.4044, train anchor loss: 0.1375, total loss: 1.4731, clean acc: 0.5376, eval anchor loss: 0.1382, backdoor acc: 0.0000
2026-04-28 03:52:35,955 - => Stage 1 client 0 epoch 9/50, ce loss: 1.3796, train anchor loss: 0.1392, total loss: 1.4492, clean acc: 0.5357, eval anchor loss: 0.1404, backdoor acc: 0.0000
2026-04-28 03:53:47,481 - => Stage 1 client 0 epoch 10/50, ce loss: 1.3592, train anchor loss: 0.1399, total loss: 1.4291, clean acc: 0.5435, eval anchor loss: 0.1381, backdoor acc: 0.0000
2026-04-28 03:54:59,954 - => Stage 1 client 0 epoch 11/50, ce loss: 1.3365, train anchor loss: 0.1387, total loss: 1.4059, clean acc: 0.5521, eval anchor loss: 0.1425, backdoor acc: 0.0000
2026-04-28 03:56:11,800 - => Stage 1 client 0 epoch 12/50, ce loss: 1.3126, train anchor loss: 0.1401, total loss: 1.3827, clean acc: 0.5579, eval anchor loss: 0.1380, backdoor acc: 0.0000
2026-04-28 03:57:24,219 - => Stage 1 client 0 epoch 13/50, ce loss: 1.3001, train anchor loss: 0.1401, total loss: 1.3702, clean acc: 0.5675, eval anchor loss: 0.1375, backdoor acc: 0.0000
2026-04-28 03:58:36,638 - => Stage 1 client 0 epoch 14/50, ce loss: 1.2679, train anchor loss: 0.1408, total loss: 1.3383, clean acc: 0.5574, eval anchor loss: 0.1479, backdoor acc: 0.0000
2026-04-28 03:59:49,080 - => Stage 1 client 0 epoch 15/50, ce loss: 1.2671, train anchor loss: 0.1414, total loss: 1.3378, clean acc: 0.5767, eval anchor loss: 0.1391, backdoor acc: 0.0000
2026-04-28 04:01:01,650 - => Stage 1 client 0 epoch 16/50, ce loss: 1.2441, train anchor loss: 0.1404, total loss: 1.3143, clean acc: 0.5851, eval anchor loss: 0.1387, backdoor acc: 0.0000
2026-04-28 04:02:14,198 - => Stage 1 client 0 epoch 17/50, ce loss: 1.2236, train anchor loss: 0.1401, total loss: 1.2937, clean acc: 0.5732, eval anchor loss: 0.1513, backdoor acc: 0.0000
2026-04-28 04:03:26,653 - => Stage 1 client 0 epoch 18/50, ce loss: 1.2189, train anchor loss: 0.1404, total loss: 1.2890, clean acc: 0.5891, eval anchor loss: 0.1489, backdoor acc: 0.0000
2026-04-28 04:04:39,154 - => Stage 1 client 0 epoch 19/50, ce loss: 1.2039, train anchor loss: 0.1397, total loss: 1.2738, clean acc: 0.5918, eval anchor loss: 0.1363, backdoor acc: 0.0000
2026-04-28 04:05:51,628 - => Stage 1 client 0 epoch 20/50, ce loss: 1.1791, train anchor loss: 0.1394, total loss: 1.2488, clean acc: 0.5913, eval anchor loss: 0.1411, backdoor acc: 0.0000
2026-04-28 04:07:04,180 - => Stage 1 client 0 epoch 21/50, ce loss: 1.1775, train anchor loss: 0.1394, total loss: 1.2472, clean acc: 0.6008, eval anchor loss: 0.1388, backdoor acc: 0.0000
2026-04-28 04:08:16,673 - => Stage 1 client 0 epoch 22/50, ce loss: 1.1629, train anchor loss: 0.1399, total loss: 1.2328, clean acc: 0.5984, eval anchor loss: 0.1506, backdoor acc: 0.0000
2026-04-28 04:09:29,189 - => Stage 1 client 0 epoch 23/50, ce loss: 1.1593, train anchor loss: 0.1395, total loss: 1.2290, clean acc: 0.5943, eval anchor loss: 0.1499, backdoor acc: 0.0000
2026-04-28 04:10:41,681 - => Stage 1 client 0 epoch 24/50, ce loss: 1.1439, train anchor loss: 0.1399, total loss: 1.2138, clean acc: 0.6093, eval anchor loss: 0.1477, backdoor acc: 0.0000
2026-04-28 04:11:54,219 - => Stage 1 client 0 epoch 25/50, ce loss: 1.1370, train anchor loss: 0.1402, total loss: 1.2071, clean acc: 0.6078, eval anchor loss: 0.1429, backdoor acc: 0.0000
2026-04-28 04:13:06,680 - => Stage 1 client 0 epoch 26/50, ce loss: 1.1256, train anchor loss: 0.1396, total loss: 1.1955, clean acc: 0.6107, eval anchor loss: 0.1486, backdoor acc: 0.0000
2026-04-28 04:14:19,082 - => Stage 1 client 0 epoch 27/50, ce loss: 1.1160, train anchor loss: 0.1402, total loss: 1.1861, clean acc: 0.6179, eval anchor loss: 0.1504, backdoor acc: 0.0000
2026-04-28 04:15:31,588 - => Stage 1 client 0 epoch 28/50, ce loss: 1.1143, train anchor loss: 0.1392, total loss: 1.1838, clean acc: 0.6203, eval anchor loss: 0.1406, backdoor acc: 0.0000
2026-04-28 04:16:44,215 - => Stage 1 client 0 epoch 29/50, ce loss: 1.0982, train anchor loss: 0.1396, total loss: 1.1680, clean acc: 0.6208, eval anchor loss: 0.1420, backdoor acc: 0.0000
2026-04-28 04:17:56,733 - => Stage 1 client 0 epoch 30/50, ce loss: 1.0909, train anchor loss: 0.1395, total loss: 1.1607, clean acc: 0.6187, eval anchor loss: 0.1416, backdoor acc: 0.0000
2026-04-28 04:19:09,211 - => Stage 1 client 0 epoch 31/50, ce loss: 1.0789, train anchor loss: 0.1377, total loss: 1.1478, clean acc: 0.6270, eval anchor loss: 0.1424, backdoor acc: 0.0000
2026-04-28 04:20:21,694 - => Stage 1 client 0 epoch 32/50, ce loss: 1.0757, train anchor loss: 0.1380, total loss: 1.1447, clean acc: 0.6288, eval anchor loss: 0.1440, backdoor acc: 0.0000
2026-04-28 04:21:34,187 - => Stage 1 client 0 epoch 33/50, ce loss: 1.0582, train anchor loss: 0.1381, total loss: 1.1272, clean acc: 0.6288, eval anchor loss: 0.1523, backdoor acc: 0.0000
2026-04-28 04:22:46,595 - => Stage 1 client 0 epoch 34/50, ce loss: 1.0562, train anchor loss: 0.1390, total loss: 1.1257, clean acc: 0.6279, eval anchor loss: 0.1405, backdoor acc: 0.0000
2026-04-28 04:23:59,332 - => Stage 1 client 0 epoch 35/50, ce loss: 1.0519, train anchor loss: 0.1382, total loss: 1.1210, clean acc: 0.6241, eval anchor loss: 0.1435, backdoor acc: 0.0000
2026-04-28 04:25:11,857 - => Stage 1 client 0 epoch 36/50, ce loss: 1.0422, train anchor loss: 0.1379, total loss: 1.1112, clean acc: 0.6301, eval anchor loss: 0.1490, backdoor acc: 0.0000
2026-04-28 04:26:24,489 - => Stage 1 client 0 epoch 37/50, ce loss: 1.0373, train anchor loss: 0.1378, total loss: 1.1062, clean acc: 0.6300, eval anchor loss: 0.1464, backdoor acc: 0.0000
2026-04-28 04:27:36,950 - => Stage 1 client 0 epoch 38/50, ce loss: 1.0358, train anchor loss: 0.1382, total loss: 1.1049, clean acc: 0.6342, eval anchor loss: 0.1482, backdoor acc: 0.0000
2026-04-28 04:28:49,317 - => Stage 1 client 0 epoch 39/50, ce loss: 1.0270, train anchor loss: 0.1365, total loss: 1.0952, clean acc: 0.6414, eval anchor loss: 0.1417, backdoor acc: 0.0000
2026-04-28 04:30:01,811 - => Stage 1 client 0 epoch 40/50, ce loss: 1.0205, train anchor loss: 0.1368, total loss: 1.0889, clean acc: 0.6440, eval anchor loss: 0.1462, backdoor acc: 0.0000
2026-04-28 04:31:14,362 - => Stage 1 client 0 epoch 41/50, ce loss: 1.0155, train anchor loss: 0.1373, total loss: 1.0841, clean acc: 0.6421, eval anchor loss: 0.1451, backdoor acc: 0.0000
2026-04-28 04:32:27,133 - => Stage 1 client 0 epoch 42/50, ce loss: 1.0029, train anchor loss: 0.1364, total loss: 1.0711, clean acc: 0.6368, eval anchor loss: 0.1471, backdoor acc: 0.0000
2026-04-28 04:33:39,558 - => Stage 1 client 0 epoch 43/50, ce loss: 1.0039, train anchor loss: 0.1360, total loss: 1.0719, clean acc: 0.6361, eval anchor loss: 0.1461, backdoor acc: 0.0000
2026-04-28 04:34:51,977 - => Stage 1 client 0 epoch 44/50, ce loss: 0.9929, train anchor loss: 0.1356, total loss: 1.0607, clean acc: 0.6399, eval anchor loss: 0.1431, backdoor acc: 0.0000
2026-04-28 04:36:05,177 - => Stage 1 client 0 epoch 45/50, ce loss: 0.9858, train anchor loss: 0.1366, total loss: 1.0540, clean acc: 0.6362, eval anchor loss: 0.1541, backdoor acc: 0.0000
2026-04-28 04:37:17,639 - => Stage 1 client 0 epoch 46/50, ce loss: 0.9879, train anchor loss: 0.1369, total loss: 1.0564, clean acc: 0.6410, eval anchor loss: 0.1477, backdoor acc: 0.0000
2026-04-28 04:38:30,103 - => Stage 1 client 0 epoch 47/50, ce loss: 0.9802, train anchor loss: 0.1358, total loss: 1.0481, clean acc: 0.6511, eval anchor loss: 0.1462, backdoor acc: 0.0000
2026-04-28 04:39:42,536 - => Stage 1 client 0 epoch 48/50, ce loss: 0.9723, train anchor loss: 0.1350, total loss: 1.0398, clean acc: 0.6463, eval anchor loss: 0.1450, backdoor acc: 0.0000
2026-04-28 04:40:55,160 - => Stage 1 client 0 epoch 49/50, ce loss: 0.9676, train anchor loss: 0.1355, total loss: 1.0354, clean acc: 0.6310, eval anchor loss: 0.1510, backdoor acc: 0.0000
2026-04-28 04:42:07,870 - => Stage 1 client 0 epoch 50/50, ce loss: 0.9636, train anchor loss: 0.1348, total loss: 1.0310, clean acc: 0.6464, eval anchor loss: 0.1426, backdoor acc: 0.0000
2026-04-28 04:42:08,437 - => Stage 1 final summary for passive client 0: best epoch: 47, clean acc: 0.6511, anchor loss: 0.1462, backdoor acc: 0.0000
2026-04-28 04:42:08,458 - => Stage 1 start for passive client 1
2026-04-28 04:42:08,459 - => Stage 1 early stop for passive client 1: patience=10, min_delta=0.000100
2026-04-28 04:43:20,463 - => Stage 1 client 1 epoch 1/50, ce loss: 1.7210, train anchor loss: 1.0569, total loss: 2.2495, clean acc: 0.4704, eval anchor loss: 0.4517, backdoor acc: 0.0000
2026-04-28 04:44:33,223 - => Stage 1 client 1 epoch 2/50, ce loss: 1.5541, train anchor loss: 0.2591, total loss: 1.6836, clean acc: 0.5103, eval anchor loss: 0.1581, backdoor acc: 0.0000
2026-04-28 04:45:45,647 - => Stage 1 client 1 epoch 3/50, ce loss: 1.4288, train anchor loss: 0.1473, total loss: 1.5024, clean acc: 0.5349, eval anchor loss: 0.1531, backdoor acc: 0.0000
2026-04-28 04:46:58,120 - => Stage 1 client 1 epoch 4/50, ce loss: 1.3587, train anchor loss: 0.1403, total loss: 1.4289, clean acc: 0.5542, eval anchor loss: 0.1360, backdoor acc: 0.0000
2026-04-28 04:48:10,650 - => Stage 1 client 1 epoch 5/50, ce loss: 1.3097, train anchor loss: 0.1387, total loss: 1.3790, clean acc: 0.5704, eval anchor loss: 0.1407, backdoor acc: 0.0000
2026-04-28 04:49:22,993 - => Stage 1 client 1 epoch 6/50, ce loss: 1.2515, train anchor loss: 0.1388, total loss: 1.3209, clean acc: 0.5922, eval anchor loss: 0.1284, backdoor acc: 0.0000
2026-04-28 04:50:35,532 - => Stage 1 client 1 epoch 7/50, ce loss: 1.2255, train anchor loss: 0.1389, total loss: 1.2949, clean acc: 0.5908, eval anchor loss: 0.1408, backdoor acc: 0.0000
2026-04-28 04:51:48,095 - => Stage 1 client 1 epoch 8/50, ce loss: 1.1904, train anchor loss: 0.1386, total loss: 1.2598, clean acc: 0.6065, eval anchor loss: 0.1346, backdoor acc: 0.0000
2026-04-28 04:53:00,786 - => Stage 1 client 1 epoch 9/50, ce loss: 1.1613, train anchor loss: 0.1382, total loss: 1.2304, clean acc: 0.6151, eval anchor loss: 0.1347, backdoor acc: 0.0000
2026-04-28 04:54:13,316 - => Stage 1 client 1 epoch 10/50, ce loss: 1.1352, train anchor loss: 0.1382, total loss: 1.2043, clean acc: 0.6350, eval anchor loss: 0.1346, backdoor acc: 0.0000
2026-04-28 04:55:25,941 - => Stage 1 client 1 epoch 11/50, ce loss: 1.1079, train anchor loss: 0.1373, total loss: 1.1766, clean acc: 0.6327, eval anchor loss: 0.1423, backdoor acc: 0.0000
2026-04-28 04:56:38,566 - => Stage 1 client 1 epoch 12/50, ce loss: 1.0819, train anchor loss: 0.1372, total loss: 1.1505, clean acc: 0.6370, eval anchor loss: 0.1381, backdoor acc: 0.0000
2026-04-28 04:57:51,269 - => Stage 1 client 1 epoch 13/50, ce loss: 1.0652, train anchor loss: 0.1372, total loss: 1.1338, clean acc: 0.6413, eval anchor loss: 0.1351, backdoor acc: 0.0000
2026-04-28 04:59:03,784 - => Stage 1 client 1 epoch 14/50, ce loss: 1.0372, train anchor loss: 0.1354, total loss: 1.1049, clean acc: 0.6510, eval anchor loss: 0.1369, backdoor acc: 0.0000
2026-04-28 05:00:16,510 - => Stage 1 client 1 epoch 15/50, ce loss: 1.0235, train anchor loss: 0.1351, total loss: 1.0910, clean acc: 0.6471, eval anchor loss: 0.1380, backdoor acc: 0.0000
2026-04-28 05:01:28,929 - => Stage 1 client 1 epoch 16/50, ce loss: 1.0086, train anchor loss: 0.1355, total loss: 1.0763, clean acc: 0.6614, eval anchor loss: 0.1339, backdoor acc: 0.0000
2026-04-28 05:02:41,473 - => Stage 1 client 1 epoch 17/50, ce loss: 0.9900, train anchor loss: 0.1339, total loss: 1.0570, clean acc: 0.6494, eval anchor loss: 0.1464, backdoor acc: 0.0000
2026-04-28 05:03:53,891 - => Stage 1 client 1 epoch 18/50, ce loss: 0.9797, train anchor loss: 0.1332, total loss: 1.0463, clean acc: 0.6659, eval anchor loss: 0.1316, backdoor acc: 0.0000
2026-04-28 05:05:06,320 - => Stage 1 client 1 epoch 19/50, ce loss: 0.9640, train anchor loss: 0.1324, total loss: 1.0302, clean acc: 0.6648, eval anchor loss: 0.1397, backdoor acc: 0.0000
2026-04-28 05:06:18,883 - => Stage 1 client 1 epoch 20/50, ce loss: 0.9428, train anchor loss: 0.1320, total loss: 1.0088, clean acc: 0.6758, eval anchor loss: 0.1299, backdoor acc: 0.0000
2026-04-28 05:07:31,402 - => Stage 1 client 1 epoch 21/50, ce loss: 0.9256, train anchor loss: 0.1316, total loss: 0.9914, clean acc: 0.6723, eval anchor loss: 0.1377, backdoor acc: 0.0000
2026-04-28 05:08:43,863 - => Stage 1 client 1 epoch 22/50, ce loss: 0.9238, train anchor loss: 0.1310, total loss: 0.9893, clean acc: 0.6772, eval anchor loss: 0.1354, backdoor acc: 0.0000
2026-04-28 05:09:56,402 - => Stage 1 client 1 epoch 23/50, ce loss: 0.9044, train anchor loss: 0.1299, total loss: 0.9694, clean acc: 0.6871, eval anchor loss: 0.1314, backdoor acc: 0.0000
2026-04-28 05:11:08,939 - => Stage 1 client 1 epoch 24/50, ce loss: 0.9004, train anchor loss: 0.1296, total loss: 0.9652, clean acc: 0.6855, eval anchor loss: 0.1360, backdoor acc: 0.0000
2026-04-28 05:12:21,488 - => Stage 1 client 1 epoch 25/50, ce loss: 0.8822, train anchor loss: 0.1283, total loss: 0.9463, clean acc: 0.6761, eval anchor loss: 0.1352, backdoor acc: 0.0000
2026-04-28 05:13:33,932 - => Stage 1 client 1 epoch 26/50, ce loss: 0.8663, train anchor loss: 0.1282, total loss: 0.9304, clean acc: 0.6786, eval anchor loss: 0.1409, backdoor acc: 0.0000
2026-04-28 05:14:46,318 - => Stage 1 client 1 epoch 27/50, ce loss: 0.8563, train anchor loss: 0.1266, total loss: 0.9197, clean acc: 0.6903, eval anchor loss: 0.1358, backdoor acc: 0.0000
2026-04-28 05:15:59,181 - => Stage 1 client 1 epoch 28/50, ce loss: 0.8496, train anchor loss: 0.1273, total loss: 0.9133, clean acc: 0.6902, eval anchor loss: 0.1398, backdoor acc: 0.0000
2026-04-28 05:17:11,796 - => Stage 1 client 1 epoch 29/50, ce loss: 0.8358, train anchor loss: 0.1253, total loss: 0.8984, clean acc: 0.6944, eval anchor loss: 0.1376, backdoor acc: 0.0000
2026-04-28 05:18:24,382 - => Stage 1 client 1 epoch 30/50, ce loss: 0.8267, train anchor loss: 0.1254, total loss: 0.8894, clean acc: 0.6966, eval anchor loss: 0.1399, backdoor acc: 0.0000
2026-04-28 05:19:36,799 - => Stage 1 client 1 epoch 31/50, ce loss: 0.8066, train anchor loss: 0.1246, total loss: 0.8689, clean acc: 0.6997, eval anchor loss: 0.1349, backdoor acc: 0.0000
2026-04-28 05:20:49,151 - => Stage 1 client 1 epoch 32/50, ce loss: 0.8007, train anchor loss: 0.1234, total loss: 0.8625, clean acc: 0.7040, eval anchor loss: 0.1358, backdoor acc: 0.0000
2026-04-28 05:22:01,880 - => Stage 1 client 1 epoch 33/50, ce loss: 0.7990, train anchor loss: 0.1234, total loss: 0.8607, clean acc: 0.6992, eval anchor loss: 0.1337, backdoor acc: 0.0000
2026-04-28 05:23:14,684 - => Stage 1 client 1 epoch 34/50, ce loss: 0.7876, train anchor loss: 0.1229, total loss: 0.8490, clean acc: 0.7048, eval anchor loss: 0.1369, backdoor acc: 0.0000
2026-04-28 05:24:27,069 - => Stage 1 client 1 epoch 35/50, ce loss: 0.7798, train anchor loss: 0.1223, total loss: 0.8410, clean acc: 0.7023, eval anchor loss: 0.1424, backdoor acc: 0.0000
2026-04-28 05:25:39,532 - => Stage 1 client 1 epoch 36/50, ce loss: 0.7638, train anchor loss: 0.1216, total loss: 0.8245, clean acc: 0.6974, eval anchor loss: 0.1411, backdoor acc: 0.0000
2026-04-28 05:26:52,003 - => Stage 1 client 1 epoch 37/50, ce loss: 0.7628, train anchor loss: 0.1223, total loss: 0.8239, clean acc: 0.7023, eval anchor loss: 0.1367, backdoor acc: 0.0000
2026-04-28 05:28:04,682 - => Stage 1 client 1 epoch 38/50, ce loss: 0.7493, train anchor loss: 0.1215, total loss: 0.8101, clean acc: 0.7058, eval anchor loss: 0.1355, backdoor acc: 0.0000
2026-04-28 05:29:17,154 - => Stage 1 client 1 epoch 39/50, ce loss: 0.7435, train anchor loss: 0.1203, total loss: 0.8037, clean acc: 0.7038, eval anchor loss: 0.1352, backdoor acc: 0.0000
2026-04-28 05:30:29,683 - => Stage 1 client 1 epoch 40/50, ce loss: 0.7314, train anchor loss: 0.1191, total loss: 0.7909, clean acc: 0.7033, eval anchor loss: 0.1396, backdoor acc: 0.0000
2026-04-28 05:31:42,084 - => Stage 1 client 1 epoch 41/50, ce loss: 0.7163, train anchor loss: 0.1187, total loss: 0.7756, clean acc: 0.7056, eval anchor loss: 0.1436, backdoor acc: 0.0000
2026-04-28 05:32:54,807 - => Stage 1 client 1 epoch 42/50, ce loss: 0.7132, train anchor loss: 0.1180, total loss: 0.7722, clean acc: 0.7057, eval anchor loss: 0.1407, backdoor acc: 0.0000
2026-04-28 05:34:07,234 - => Stage 1 client 1 epoch 43/50, ce loss: 0.7120, train anchor loss: 0.1178, total loss: 0.7710, clean acc: 0.7109, eval anchor loss: 0.1356, backdoor acc: 0.0000
2026-04-28 05:35:19,173 - => Stage 1 client 1 epoch 44/50, ce loss: 0.7028, train anchor loss: 0.1173, total loss: 0.7615, clean acc: 0.7111, eval anchor loss: 0.1411, backdoor acc: 0.0000
2026-04-28 05:36:31,638 - => Stage 1 client 1 epoch 45/50, ce loss: 0.6918, train anchor loss: 0.1164, total loss: 0.7500, clean acc: 0.7163, eval anchor loss: 0.1414, backdoor acc: 0.0000
2026-04-28 05:37:44,290 - => Stage 1 client 1 epoch 46/50, ce loss: 0.6884, train anchor loss: 0.1163, total loss: 0.7465, clean acc: 0.7115, eval anchor loss: 0.1441, backdoor acc: 0.0000
2026-04-28 05:38:56,755 - => Stage 1 client 1 epoch 47/50, ce loss: 0.6817, train anchor loss: 0.1149, total loss: 0.7392, clean acc: 0.7109, eval anchor loss: 0.1420, backdoor acc: 0.0000
2026-04-28 05:40:09,064 - => Stage 1 client 1 epoch 48/50, ce loss: 0.6669, train anchor loss: 0.1139, total loss: 0.7238, clean acc: 0.7160, eval anchor loss: 0.1384, backdoor acc: 0.0000
2026-04-28 05:41:21,382 - => Stage 1 client 1 epoch 49/50, ce loss: 0.6618, train anchor loss: 0.1127, total loss: 0.7182, clean acc: 0.7139, eval anchor loss: 0.1391, backdoor acc: 0.0000
2026-04-28 05:42:34,012 - => Stage 1 client 1 epoch 50/50, ce loss: 0.6582, train anchor loss: 0.1128, total loss: 0.7146, clean acc: 0.7191, eval anchor loss: 0.1400, backdoor acc: 0.0000
2026-04-28 05:42:34,617 - => Stage 1 final summary for passive client 1: best epoch: 50, clean acc: 0.7191, anchor loss: 0.1400, backdoor acc: 0.0000
2026-04-28 05:42:34,658 - => Stage 1 start for passive client 2
2026-04-28 05:42:34,658 - => Stage 1 early stop for passive client 2: patience=10, min_delta=0.000100
2026-04-28 05:43:54,526 - => Stage 1 client 2 epoch 1/50, ce loss: 1.9116, train anchor loss: 1.1695, total loss: 2.4964, clean acc: 0.3900, eval anchor loss: 0.5347, backdoor acc: 0.1916
2026-04-28 05:45:14,515 - => Stage 1 client 2 epoch 2/50, ce loss: 1.7821, train anchor loss: 0.2906, total loss: 1.9273, clean acc: 0.3974, eval anchor loss: 0.1693, backdoor acc: 0.1484
2026-04-28 05:46:34,410 - => Stage 1 client 2 epoch 3/50, ce loss: 1.6932, train anchor loss: 0.1429, total loss: 1.7647, clean acc: 0.4609, eval anchor loss: 0.1169, backdoor acc: 0.1471
2026-04-28 05:47:54,611 - => Stage 1 client 2 epoch 4/50, ce loss: 1.6366, train anchor loss: 0.1367, total loss: 1.7049, clean acc: 0.4643, eval anchor loss: 0.1329, backdoor acc: 0.3997
2026-04-28 05:49:14,458 - => Stage 1 client 2 epoch 5/50, ce loss: 1.5850, train anchor loss: 0.1373, total loss: 1.6537, clean acc: 0.4767, eval anchor loss: 0.1344, backdoor acc: 0.8773
2026-04-28 05:50:34,316 - => Stage 1 client 2 epoch 6/50, ce loss: 1.5462, train anchor loss: 0.1398, total loss: 1.6161, clean acc: 0.4826, eval anchor loss: 0.1434, backdoor acc: 0.9498
2026-04-28 05:51:54,618 - => Stage 1 client 2 epoch 7/50, ce loss: 1.5230, train anchor loss: 0.1409, total loss: 1.5935, clean acc: 0.5178, eval anchor loss: 0.1434, backdoor acc: 0.9949
2026-04-28 05:53:15,075 - => Stage 1 client 2 epoch 8/50, ce loss: 1.4745, train anchor loss: 0.1424, total loss: 1.5457, clean acc: 0.5085, eval anchor loss: 0.1433, backdoor acc: 0.9981
2026-04-28 05:54:35,210 - => Stage 1 client 2 epoch 9/50, ce loss: 1.4593, train anchor loss: 0.1438, total loss: 1.5312, clean acc: 0.5227, eval anchor loss: 0.1387, backdoor acc: 0.9986
2026-04-28 05:55:55,227 - => Stage 1 client 2 epoch 10/50, ce loss: 1.4317, train anchor loss: 0.1436, total loss: 1.5035, clean acc: 0.5356, eval anchor loss: 0.1345, backdoor acc: 0.9999
2026-04-28 05:57:15,120 - => Stage 1 client 2 epoch 11/50, ce loss: 1.4154, train anchor loss: 0.1439, total loss: 1.4873, clean acc: 0.5283, eval anchor loss: 0.1549, backdoor acc: 1.0000
2026-04-28 05:58:35,073 - => Stage 1 client 2 epoch 12/50, ce loss: 1.3928, train anchor loss: 0.1448, total loss: 1.4652, clean acc: 0.5386, eval anchor loss: 0.1376, backdoor acc: 1.0000
2026-04-28 05:59:55,130 - => Stage 1 client 2 epoch 13/50, ce loss: 1.3856, train anchor loss: 0.1451, total loss: 1.4581, clean acc: 0.5536, eval anchor loss: 0.1411, backdoor acc: 1.0000
2026-04-28 06:01:15,296 - => Stage 1 client 2 epoch 14/50, ce loss: 1.3650, train anchor loss: 0.1455, total loss: 1.4377, clean acc: 0.5606, eval anchor loss: 0.1351, backdoor acc: 0.9988
2026-04-28 06:02:35,299 - => Stage 1 client 2 epoch 15/50, ce loss: 1.3399, train anchor loss: 0.1448, total loss: 1.4123, clean acc: 0.5726, eval anchor loss: 0.1427, backdoor acc: 1.0000
2026-04-28 06:03:55,229 - => Stage 1 client 2 epoch 16/50, ce loss: 1.3348, train anchor loss: 0.1466, total loss: 1.4081, clean acc: 0.5698, eval anchor loss: 0.1375, backdoor acc: 0.9999
2026-04-28 06:05:15,191 - => Stage 1 client 2 epoch 17/50, ce loss: 1.3181, train anchor loss: 0.1458, total loss: 1.3910, clean acc: 0.5662, eval anchor loss: 0.1454, backdoor acc: 1.0000
2026-04-28 06:06:35,271 - => Stage 1 client 2 epoch 18/50, ce loss: 1.3088, train anchor loss: 0.1462, total loss: 1.3819, clean acc: 0.5739, eval anchor loss: 0.1457, backdoor acc: 1.0000
2026-04-28 06:07:55,127 - => Stage 1 client 2 epoch 19/50, ce loss: 1.3057, train anchor loss: 0.1455, total loss: 1.3785, clean acc: 0.5747, eval anchor loss: 0.1380, backdoor acc: 1.0000
2026-04-28 06:09:15,463 - => Stage 1 client 2 epoch 20/50, ce loss: 1.2889, train anchor loss: 0.1463, total loss: 1.3620, clean acc: 0.5854, eval anchor loss: 0.1391, backdoor acc: 1.0000
2026-04-28 06:10:35,227 - => Stage 1 client 2 epoch 21/50, ce loss: 1.2801, train anchor loss: 0.1469, total loss: 1.3535, clean acc: 0.5841, eval anchor loss: 0.1363, backdoor acc: 0.9998
2026-04-28 06:11:55,087 - => Stage 1 client 2 epoch 22/50, ce loss: 1.2721, train anchor loss: 0.1463, total loss: 1.3453, clean acc: 0.5872, eval anchor loss: 0.1372, backdoor acc: 1.0000
2026-04-28 06:13:14,898 - => Stage 1 client 2 epoch 23/50, ce loss: 1.2612, train anchor loss: 0.1464, total loss: 1.3344, clean acc: 0.5870, eval anchor loss: 0.1426, backdoor acc: 0.9998
2026-04-28 06:14:34,973 - => Stage 1 client 2 epoch 24/50, ce loss: 1.2533, train anchor loss: 0.1460, total loss: 1.3263, clean acc: 0.5890, eval anchor loss: 0.1485, backdoor acc: 1.0000
2026-04-28 06:15:54,708 - => Stage 1 client 2 epoch 25/50, ce loss: 1.2337, train anchor loss: 0.1461, total loss: 1.3068, clean acc: 0.5891, eval anchor loss: 0.1428, backdoor acc: 1.0000
2026-04-28 06:17:14,525 - => Stage 1 client 2 epoch 26/50, ce loss: 1.2246, train anchor loss: 0.1452, total loss: 1.2972, clean acc: 0.6032, eval anchor loss: 0.1409, backdoor acc: 1.0000
2026-04-28 06:18:34,272 - => Stage 1 client 2 epoch 27/50, ce loss: 1.2203, train anchor loss: 0.1460, total loss: 1.2933, clean acc: 0.5933, eval anchor loss: 0.1432, backdoor acc: 1.0000
2026-04-28 06:19:54,570 - => Stage 1 client 2 epoch 28/50, ce loss: 1.2152, train anchor loss: 0.1465, total loss: 1.2885, clean acc: 0.6013, eval anchor loss: 0.1425, backdoor acc: 1.0000
2026-04-28 06:21:14,517 - => Stage 1 client 2 epoch 29/50, ce loss: 1.2101, train anchor loss: 0.1466, total loss: 1.2834, clean acc: 0.6074, eval anchor loss: 0.1359, backdoor acc: 1.0000
2026-04-28 06:22:34,366 - => Stage 1 client 2 epoch 30/50, ce loss: 1.2009, train anchor loss: 0.1463, total loss: 1.2741, clean acc: 0.5967, eval anchor loss: 0.1477, backdoor acc: 1.0000
2026-04-28 06:23:54,094 - => Stage 1 client 2 epoch 31/50, ce loss: 1.1915, train anchor loss: 0.1455, total loss: 1.2643, clean acc: 0.6002, eval anchor loss: 0.1406, backdoor acc: 1.0000
2026-04-28 06:25:13,908 - => Stage 1 client 2 epoch 32/50, ce loss: 1.1841, train anchor loss: 0.1460, total loss: 1.2571, clean acc: 0.6120, eval anchor loss: 0.1408, backdoor acc: 1.0000
2026-04-28 06:26:33,607 - => Stage 1 client 2 epoch 33/50, ce loss: 1.1788, train anchor loss: 0.1458, total loss: 1.2517, clean acc: 0.6069, eval anchor loss: 0.1431, backdoor acc: 1.0000
2026-04-28 06:27:53,264 - => Stage 1 client 2 epoch 34/50, ce loss: 1.1663, train anchor loss: 0.1457, total loss: 1.2391, clean acc: 0.6181, eval anchor loss: 0.1465, backdoor acc: 1.0000
2026-04-28 06:29:13,026 - => Stage 1 client 2 epoch 35/50, ce loss: 1.1630, train anchor loss: 0.1459, total loss: 1.2360, clean acc: 0.6170, eval anchor loss: 0.1417, backdoor acc: 1.0000
2026-04-28 06:30:32,853 - => Stage 1 client 2 epoch 36/50, ce loss: 1.1539, train anchor loss: 0.1461, total loss: 1.2270, clean acc: 0.6116, eval anchor loss: 0.1454, backdoor acc: 1.0000
2026-04-28 06:31:52,589 - => Stage 1 client 2 epoch 37/50, ce loss: 1.1495, train anchor loss: 0.1455, total loss: 1.2223, clean acc: 0.6175, eval anchor loss: 0.1395, backdoor acc: 1.0000
2026-04-28 06:33:12,483 - => Stage 1 client 2 epoch 38/50, ce loss: 1.1475, train anchor loss: 0.1457, total loss: 1.2204, clean acc: 0.6217, eval anchor loss: 0.1497, backdoor acc: 1.0000
2026-04-28 06:34:32,457 - => Stage 1 client 2 epoch 39/50, ce loss: 1.1357, train anchor loss: 0.1452, total loss: 1.2083, clean acc: 0.6230, eval anchor loss: 0.1435, backdoor acc: 1.0000
2026-04-28 06:35:52,268 - => Stage 1 client 2 epoch 40/50, ce loss: 1.1295, train anchor loss: 0.1444, total loss: 1.2017, clean acc: 0.6187, eval anchor loss: 0.1472, backdoor acc: 1.0000
2026-04-28 06:37:11,994 - => Stage 1 client 2 epoch 41/50, ce loss: 1.1268, train anchor loss: 0.1454, total loss: 1.1995, clean acc: 0.6221, eval anchor loss: 0.1471, backdoor acc: 1.0000
2026-04-28 06:38:30,121 - => Stage 1 client 2 epoch 42/50, ce loss: 1.1171, train anchor loss: 0.1450, total loss: 1.1896, clean acc: 0.6206, eval anchor loss: 0.1526, backdoor acc: 1.0000
2026-04-28 06:39:49,973 - => Stage 1 client 2 epoch 43/50, ce loss: 1.1143, train anchor loss: 0.1447, total loss: 1.1866, clean acc: 0.6027, eval anchor loss: 0.1574, backdoor acc: 1.0000
2026-04-28 06:41:09,801 - => Stage 1 client 2 epoch 44/50, ce loss: 1.1071, train anchor loss: 0.1443, total loss: 1.1793, clean acc: 0.6262, eval anchor loss: 0.1391, backdoor acc: 1.0000
2026-04-28 06:42:29,610 - => Stage 1 client 2 epoch 45/50, ce loss: 1.1018, train anchor loss: 0.1444, total loss: 1.1740, clean acc: 0.6248, eval anchor loss: 0.1499, backdoor acc: 1.0000
2026-04-28 06:43:49,433 - => Stage 1 client 2 epoch 46/50, ce loss: 1.1002, train anchor loss: 0.1434, total loss: 1.1720, clean acc: 0.6255, eval anchor loss: 0.1530, backdoor acc: 1.0000
2026-04-28 06:45:09,559 - => Stage 1 client 2 epoch 47/50, ce loss: 1.0895, train anchor loss: 0.1440, total loss: 1.1615, clean acc: 0.6267, eval anchor loss: 0.1422, backdoor acc: 1.0000
2026-04-28 06:46:29,504 - => Stage 1 client 2 epoch 48/50, ce loss: 1.0897, train anchor loss: 0.1432, total loss: 1.1613, clean acc: 0.6403, eval anchor loss: 0.1441, backdoor acc: 1.0000
2026-04-28 06:47:49,343 - => Stage 1 client 2 epoch 49/50, ce loss: 1.0772, train anchor loss: 0.1432, total loss: 1.1489, clean acc: 0.6272, eval anchor loss: 0.1437, backdoor acc: 1.0000
2026-04-28 06:49:09,319 - => Stage 1 client 2 epoch 50/50, ce loss: 1.0776, train anchor loss: 0.1435, total loss: 1.1494, clean acc: 0.6283, eval anchor loss: 0.1526, backdoor acc: 1.0000
2026-04-28 06:49:09,901 - => Stage 1 final summary for passive client 2: best epoch: 48, clean acc: 0.6403, anchor loss: 0.1441, backdoor acc: 1.0000
2026-04-28 06:49:10,344 - => Stage 1 metrics were also saved to './results/AVGuard/threeclient_full_avguard_fixed_lambda_anchor_theta_supp_sensitivity/theta_supp_0.10/CIFAR10/stage1/anchor_stage1\stage1_metrics.json'
2026-04-28 06:49:10,345 - => Saved stage1 passive-party local models and anchors to './results/AVGuard/threeclient_full_avguard_fixed_lambda_anchor_theta_supp_sensitivity/theta_supp_0.10/CIFAR10/stage1/anchor_stage1'
2026-04-28 06:49:10,383 - => Saved anchor artifact to './results/AVGuard/threeclient_full_avguard_fixed_lambda_anchor_theta_supp_sensitivity/theta_supp_0.10/CIFAR10/stage1/anchor_bank.pt'
2026-04-28 06:49:10,383 - => Stage 3 is ready; it will use Stage 1 client reliability from the loaded anchor state when available. Stage 2 client anchor-loss stats are optional diagnostics.
