2026-04-03 10:18:23,973 - Namespace(config='', data_dir='./dataset/data_raw/', dataset='PHISHING', device=0, results_dir='./results/AVGuard/PHISHING/PHISHING_anchor_defense_stage3', seed=100, epoch=100, batch_size=256, client_num=3, pretrained_checkpoint=None, test_checkpoint='./results/AVGuard/PHISHINGPHISHING_anchor_defense_stage2/best_checkpoint.pth.tar', resume_latest=False, lr=0.001, start_epoch=0, print_steps=10, early_stop=20, attack='LFBA', target_label=None, poison_rate=0.1, poison_dimensions=30, trigger_feature_clip=1.0, attack_client_num=2, feature_extractor='', select_rate=0.3, lfba_poison_source='gradient', random_select=False, poison_all=False, anchor_idx=1000, pretrain_stage=0, mode='test', defense='anchor', defense_scheme='AVGuard', force_stage1_retrain=False, enable_anchor_loss=True, lambda_anchor=0.1, lambda_stage1_anchor=0.3, anchor_pretrain_epochs=5, anchor_pretrain_early_stop=5, anchor_pretrain_min_delta=0.0001, anchor_scale=16.0, anchor_margin=0.2, anchor_bank_path='./results/AVGuard/PHISHING/PHISHING_anchor_defense_stage1/anchor_artifact.pt', anchor_stage1_dir='./results/AVGuard/PHISHING/PHISHING_anchor_defense_stage1/anchor_stage1', anchor_ema_momentum=0.995, anchor_ema_update_freq=1, gamma=2.0, theta_supp=0.15, top_k=4, stage3_debug_batches=2, stage3_debug_max_samples=4, original_dataset='PHISHING', attack_target_label=None, anchor_margin_auto_adjusted=False, requested_anchor_margin=0.2)
2026-04-03 10:18:23,975 - => Defense scheme: AVGuard
2026-04-03 10:18:23,975 - => LFBA poison-set source: gradient
2026-04-03 10:18:23,975 - => Python executable: D:\Code\Miniconda\envs\backdoor\python.exe
2026-04-03 10:18:23,975 - => Torch version: 2.5.1+cu121, compiled CUDA: 12.1, cuda available: True, visible GPU count: 1
2026-04-03 10:18:23,977 - => Using GPU cuda:0 (NVIDIA GeForce RTX 4060 Laptop GPU)
2026-04-03 10:18:23,977 - => Preparing data...
2026-04-03 10:18:25,983 - => PHISHING file: ./dataset/data_raw/Phishing\PHISHING_full.csv
2026-04-03 10:18:25,984 - => PHISHING feature dim: 111, train samples: 70917, test samples: 17730
2026-04-03 10:18:25,988 - => Resolved LFBA attack target label=0 from training anchor_idx=1000
2026-04-03 10:18:26,091 - => No checkpoint found at './results/AVGuard/PHISHINGPHISHING_anchor_defense_stage2/best_checkpoint.pth.tar'
2026-04-03 10:18:26,111 - => Loading stage1 local models and anchors from './results/AVGuard/PHISHING/PHISHING_anchor_defense_stage1/anchor_stage1/stage1_artifact.pt'
2026-04-03 10:18:26,223 - => Stage 3 is ready; it will use Stage 1 client reliability from the loaded anchor state when available. Stage 2 client anchor-loss stats are optional diagnostics.
2026-04-03 10:18:26,227 - =>Add Trigger to Test Data
2026-04-03 10:18:26,710 - Add Trigger to 6130 Bad Samples, 11600 Clean Samples (1.00)
2026-04-03 10:18:26,711 - => Test ASR...
2026-04-03 10:18:26,714 - =>Add Trigger to Test Data
2026-04-03 10:18:27,143 - Add Trigger to 6130 Bad Samples, 11600 Clean Samples (1.00)
2026-04-03 10:18:27,510 - => Stage 3 Batch Debug [clean-suspicious] epoch=1 batch=1 samples=[{"sample_index_in_batch": 1, "y": 1, "predicted": 0, "weighted_labels": 1, "final_predictions": 1, "suspicious": true, "correction_applied": true, "weighted_tie": false, "global_support_counts": 0, "valid_support_counts": 0, "client_predictions": {"0": 1, "1": 1, "2": 1}, "dynamic_weights": [NaN, NaN, 0.0], "dynamic_vote_scores": [0.0, NaN]}, {"sample_index_in_batch": 3, "y": 1, "predicted": 0, "weighted_labels": 1, "final_predictions": 1, "suspicious": true, "correction_applied": true, "weighted_tie": false, "global_support_counts": 0, "valid_support_counts": 0, "client_predictions": {"0": 1, "1": 1, "2": 1}, "dynamic_weights": [NaN, NaN, NaN], "dynamic_vote_scores": [0.0, NaN]}, {"sample_index_in_batch": 9, "y": 1, "predicted": 0, "weighted_labels": 1, "final_predictions": 1, "suspicious": true, "correction_applied": true, "weighted_tie": false, "global_support_counts": 0, "valid_support_counts": 0, "client_predictions": {"0": 1, "1": 1, "2": 1}, "dynamic_weights": [NaN, NaN, 0.0], "dynamic_vote_scores": [0.0, NaN]}, {"sample_index_in_batch": 10, "y": 1, "predicted": 0, "weighted_labels": 1, "final_predictions": 1, "suspicious": true, "correction_applied": true, "weighted_tie": false, "global_support_counts": 0, "valid_support_counts": 0, "client_predictions": {"0": 1, "1": 1, "2": 1}, "dynamic_weights": [NaN, NaN, NaN], "dynamic_vote_scores": [0.0, NaN]}]
2026-04-03 10:18:27,535 - => Stage 3 Batch Debug [clean-suspicious] epoch=1 batch=2 samples=[{"sample_index_in_batch": 0, "y": 0, "predicted": 0, "weighted_labels": 0, "final_predictions": 0, "suspicious": true, "correction_applied": true, "weighted_tie": false, "global_support_counts": 1, "valid_support_counts": 1, "client_predictions": {"0": 1, "1": 1, "2": 0}, "dynamic_weights": [NaN, NaN, NaN], "dynamic_vote_scores": [NaN, NaN]}, {"sample_index_in_batch": 4, "y": 1, "predicted": 0, "weighted_labels": 1, "final_predictions": 1, "suspicious": true, "correction_applied": true, "weighted_tie": false, "global_support_counts": 0, "valid_support_counts": 0, "client_predictions": {"0": 1, "1": 1, "2": 1}, "dynamic_weights": [NaN, NaN, NaN], "dynamic_vote_scores": [0.0, NaN]}, {"sample_index_in_batch": 13, "y": 1, "predicted": 0, "weighted_labels": 1, "final_predictions": 1, "suspicious": true, "correction_applied": true, "weighted_tie": false, "global_support_counts": 0, "valid_support_counts": 0, "client_predictions": {"0": 1, "1": 1, "2": 1}, "dynamic_weights": [NaN, NaN, 0.0], "dynamic_vote_scores": [0.0, NaN]}, {"sample_index_in_batch": 19, "y": 1, "predicted": 0, "weighted_labels": 1, "final_predictions": 1, "suspicious": true, "correction_applied": true, "weighted_tie": false, "global_support_counts": 0, "valid_support_counts": 0, "client_predictions": {"0": 1, "1": 1, "2": 1}, "dynamic_weights": [NaN, NaN, 0.0], "dynamic_vote_scores": [0.0, NaN]}]
2026-04-03 10:18:30,227 - => Test Epoch: 1, main task samples: 17730, attack samples: 17730, test loss: 0.6795, clean acc: 0.9329, Top-2: 1.0000, ASR: 0.9217, RAC: 0.6576, test target accuracy: 0.9782, stage3 final accuracy: 0.9329, stage3 final target accuracy: 0.9638, stage3 final asr: 0.9217, anchor loss: 0.0339
2026-04-03 10:18:30,227 - => Stage 3 Detection Summary: recall: 0.8457, precision: 0.4646, f1: 0.5998, false positive rate: 0.3034, correction rate: 0.0000
2026-04-03 10:18:30,227 - => Stage 3 Debug (clean): suspicious=5379/17730, correction_applied=5379, prediction_changed=4753, skipped_tied_vote=0, skipped_other=0
2026-04-03 10:18:30,227 - => Stage 3 Debug (poison-valid): suspicious=4788/6130, correction_applied=4788, prediction_changed=64, skipped_tied_vote=0, skipped_other=0
2026-04-03 10:18:30,227 - => Stage 3 Debug (attack-success): suspicious=4724/5586, correction_applied=4724, prediction_changed=0, corrected_to_true=0
2026-04-03 10:43:05,796 - Namespace(config='', data_dir='./dataset/data_raw/', dataset='PHISHING', device=0, results_dir='./results/AVGuard/PHISHING/PHISHING_anchor_defense_stage3', seed=100, epoch=100, batch_size=256, client_num=3, pretrained_checkpoint=None, test_checkpoint='./results/AVGuard/PHISHINGPHISHING_anchor_defense_stage2/best_checkpoint.pth.tar', resume_latest=False, lr=0.001, start_epoch=0, print_steps=10, early_stop=20, attack='LFBA', target_label=None, poison_rate=0.1, poison_dimensions=30, trigger_feature_clip=1.0, attack_client_num=2, feature_extractor='', select_rate=0.3, lfba_poison_source='gradient', random_select=False, poison_all=False, anchor_idx=1000, pretrain_stage=0, mode='test', defense='anchor', defense_scheme='AVGuard', force_stage1_retrain=False, enable_anchor_loss=True, lambda_anchor=0.1, lambda_stage1_anchor=0.3, anchor_pretrain_epochs=5, anchor_pretrain_early_stop=5, anchor_pretrain_min_delta=0.0001, anchor_scale=16.0, anchor_margin=0.2, anchor_bank_path='./results/AVGuard/PHISHING/PHISHING_anchor_defense_stage1/anchor_artifact.pt', anchor_stage1_dir='./results/AVGuard/PHISHING/PHISHING_anchor_defense_stage1/anchor_stage1', anchor_ema_momentum=0.995, anchor_ema_update_freq=1, gamma=2.0, theta_supp=0.15, top_k=4, stage3_debug_batches=2, stage3_debug_max_samples=4, original_dataset='PHISHING', attack_target_label=None, anchor_margin_auto_adjusted=False, requested_anchor_margin=0.2)
2026-04-03 10:43:05,796 - => Defense scheme: AVGuard
2026-04-03 10:43:05,797 - => LFBA poison-set source: gradient
2026-04-03 10:43:05,797 - => Python executable: D:\Code\Miniconda\envs\backdoor\python.exe
2026-04-03 10:43:05,797 - => Torch version: 2.5.1+cu121, compiled CUDA: 12.1, cuda available: True, visible GPU count: 1
2026-04-03 10:43:05,797 - => Using GPU cuda:0 (NVIDIA GeForce RTX 4060 Laptop GPU)
2026-04-03 10:43:05,797 - => Preparing data...
2026-04-03 10:43:08,062 - => PHISHING file: ./dataset/data_raw/Phishing\PHISHING_full.csv
2026-04-03 10:43:08,063 - => PHISHING feature dim: 111, train samples: 70917, test samples: 17730
2026-04-03 10:43:08,073 - => Resolved LFBA attack target label=0 from training anchor_idx=1000
2026-04-03 10:43:08,178 - => No checkpoint found at './results/AVGuard/PHISHINGPHISHING_anchor_defense_stage2/best_checkpoint.pth.tar'
2026-04-03 10:43:08,196 - => Loading stage1 local models and anchors from './results/AVGuard/PHISHING/PHISHING_anchor_defense_stage1/anchor_stage1/stage1_artifact.pt'
2026-04-03 10:43:08,307 - => Stage 3 is ready; it will use Stage 1 client reliability from the loaded anchor state when available. Stage 2 client anchor-loss stats are optional diagnostics.
2026-04-03 10:43:08,310 - =>Add Trigger to Test Data
2026-04-03 10:43:08,712 - Add Trigger to 6130 Bad Samples, 11600 Clean Samples (1.00)
2026-04-03 10:43:08,713 - => Test ASR...
2026-04-03 10:43:08,715 - =>Add Trigger to Test Data
2026-04-03 10:43:09,191 - Add Trigger to 6130 Bad Samples, 11600 Clean Samples (1.00)
2026-04-03 10:43:09,608 - => Stage 3 Batch Debug [clean-suspicious] epoch=1 batch=1 samples=[{"sample_index_in_batch": 1, "y": 1, "predicted": 0, "weighted_labels": 1, "final_predictions": 1, "suspicious": true, "correction_applied": true, "weighted_tie": false, "global_support_counts": 0, "valid_support_counts": 0, "client_predictions": {"0": 1, "1": 1, "2": 1}, "dynamic_weights": [1.0, 0.0, 0.0], "dynamic_vote_scores": [0.0, 1.0]}, {"sample_index_in_batch": 3, "y": 1, "predicted": 0, "weighted_labels": 1, "final_predictions": 1, "suspicious": true, "correction_applied": true, "weighted_tie": false, "global_support_counts": 0, "valid_support_counts": 0, "client_predictions": {"0": 1, "1": 1, "2": 1}, "dynamic_weights": [1.0, 0.0, 0.0], "dynamic_vote_scores": [0.0, 1.0]}, {"sample_index_in_batch": 9, "y": 1, "predicted": 0, "weighted_labels": 1, "final_predictions": 1, "suspicious": true, "correction_applied": true, "weighted_tie": false, "global_support_counts": 0, "valid_support_counts": 0, "client_predictions": {"0": 1, "1": 1, "2": 1}, "dynamic_weights": [1.0, 0.0, 0.0], "dynamic_vote_scores": [0.0, 1.0]}, {"sample_index_in_batch": 10, "y": 1, "predicted": 0, "weighted_labels": 1, "final_predictions": 1, "suspicious": true, "correction_applied": true, "weighted_tie": false, "global_support_counts": 0, "valid_support_counts": 0, "client_predictions": {"0": 1, "1": 1, "2": 1}, "dynamic_weights": [1.0, 0.0, 0.0], "dynamic_vote_scores": [0.0, 1.0]}]
2026-04-03 10:43:09,631 - => Stage 3 Batch Debug [clean-suspicious] epoch=1 batch=2 samples=[{"sample_index_in_batch": 0, "y": 0, "predicted": 0, "weighted_labels": 1, "final_predictions": 1, "suspicious": true, "correction_applied": true, "weighted_tie": false, "global_support_counts": 1, "valid_support_counts": 1, "client_predictions": {"0": 1, "1": 1, "2": 0}, "dynamic_weights": [1.0, 0.0, 0.0], "dynamic_vote_scores": [0.0, 1.0]}, {"sample_index_in_batch": 4, "y": 1, "predicted": 0, "weighted_labels": 1, "final_predictions": 1, "suspicious": true, "correction_applied": true, "weighted_tie": false, "global_support_counts": 0, "valid_support_counts": 0, "client_predictions": {"0": 1, "1": 1, "2": 1}, "dynamic_weights": [1.0, 0.0, 0.0], "dynamic_vote_scores": [0.0, 1.0]}, {"sample_index_in_batch": 13, "y": 1, "predicted": 0, "weighted_labels": 1, "final_predictions": 1, "suspicious": true, "correction_applied": true, "weighted_tie": false, "global_support_counts": 0, "valid_support_counts": 0, "client_predictions": {"0": 1, "1": 1, "2": 1}, "dynamic_weights": [1.0, 0.0, 0.0], "dynamic_vote_scores": [0.0, 1.0]}, {"sample_index_in_batch": 19, "y": 1, "predicted": 0, "weighted_labels": 1, "final_predictions": 1, "suspicious": true, "correction_applied": true, "weighted_tie": false, "global_support_counts": 0, "valid_support_counts": 0, "client_predictions": {"0": 1, "1": 1, "2": 1}, "dynamic_weights": [1.0, 0.0, 0.0], "dynamic_vote_scores": [0.0, 1.0]}]
2026-04-03 10:43:12,576 - => Test Epoch: 1, main task samples: 17730, attack samples: 17730, test loss: 0.6795, clean acc: 0.9277, Top-2: 1.0000, ASR: 0.1511, RAC: 0.9038, test target accuracy: 0.9782, stage3 final accuracy: 0.9277, stage3 final target accuracy: 0.9328, stage3 final asr: 0.1511, anchor loss: 0.0339
2026-04-03 10:43:12,576 - => Stage 3 Detection Summary: recall: 0.8457, precision: 0.4646, f1: 0.5998, false positive rate: 0.3034, correction rate: 0.8457
2026-04-03 10:43:12,577 - => Stage 3 Debug (clean): suspicious=5379/17730, correction_applied=5379, prediction_changed=5379, skipped_tied_vote=0, skipped_other=0
2026-04-03 10:43:12,577 - => Stage 3 Debug (poison-valid): suspicious=4788/6130, correction_applied=4788, prediction_changed=4788, skipped_tied_vote=0, skipped_other=0
2026-04-03 10:43:12,577 - => Stage 3 Debug (attack-success): suspicious=4724/5586, correction_applied=4724, prediction_changed=4724, corrected_to_true=4724
