2026-04-22 06:30:16,299 - Namespace(config='', data_dir='./dataset/data_raw/', dataset='CIFAR10', device=0, results_dir='./results/AVGuard/cifar10_ablation_rerun_scale16/lambda_stage1_anchor_sensitivity/lambda_0.7/stage1', seed=100, epoch=100, batch_size=256, client_num=3, pretrained_checkpoint='./results/AVGuard/cifar10_ablation_rerun_scale16/lambda_stage1_anchor_sensitivity/lambda_0.7/stage1\\latest_checkpoint.pth.tar', test_checkpoint=None, resume_latest=True, lr=0.001, start_epoch=0, print_steps=10, early_stop=20, attack='LFBA', target_label=None, poison_rate=0.1, poison_dimensions=5, trigger_feature_clip=1.0, attack_client_num=2, feature_extractor='', select_rate=0.5, lfba_poison_source='gradient', random_select=False, poison_all=False, anchor_idx=23470, pretrain_stage=0, mode='pretrain_anchor', defense='anchor', defense_scheme='AVGuard', enable_stage1=True, force_stage1_retrain=True, enable_anchor_loss=True, lambda_anchor=0.1, lambda_stage1_anchor=0.7, anchor_pretrain_epochs=50, anchor_pretrain_early_stop=5, anchor_pretrain_min_delta=0.0001, anchor_scale=16.0, anchor_margin=0.0, anchor_bank_path='./results/AVGuard/cifar10_ablation_rerun_scale16/lambda_stage1_anchor_sensitivity/lambda_0.7/stage1/anchor_bank.pt', anchor_stage1_dir='./results/AVGuard/cifar10_ablation_rerun_scale16/lambda_stage1_anchor_sensitivity/lambda_0.7/stage1/anchor_stage1', anchor_ema_momentum=1.0, anchor_ema_update_freq=1, stage3_enable_joint_weighted_voting=True, stage3_enable_static_reliability=True, gamma=2.0, theta_supp=0.15, enable_conservative_correction=False, tau_corr=0.0, top_k=4, stage3_debug_batches=0, stage3_debug_max_samples=8, original_dataset='CIFAR10', attack_target_label=None, anchor_margin_auto_adjusted=False, requested_anchor_margin=0.0)
2026-04-22 06:30:16,301 - => Defense scheme: AVGuard
2026-04-22 06:30:16,302 - => LFBA poison-set source: gradient
2026-04-22 06:30:16,302 - => Python executable: D:\python3\generative-compression-master1\KAVF\python.exe
2026-04-22 06:30:16,302 - => Torch version: 2.7.1+cu126, compiled CUDA: 12.6, cuda available: True, visible GPU count: 1
2026-04-22 06:30:16,303 - => Using GPU cuda:0 (NVIDIA GeForce RTX 4080)
2026-04-22 06:30:16,303 - => Preparing data...
2026-04-22 06:30:18,070 - => Resolved LFBA attack target label=6 from training anchor_idx=23470
2026-04-22 06:30:19,296 - => No checkpoint found at './results/AVGuard/cifar10_ablation_rerun_scale16/lambda_stage1_anchor_sensitivity/lambda_0.7/stage1\latest_checkpoint.pth.tar'
2026-04-22 06:30:19,297 - => Enter Stage 1: passive local backbones are trained with active-party private two-layer MLP heads
2026-04-22 06:30:19,297 - => Stage 1 latest checkpoint path: './results/AVGuard/cifar10_ablation_rerun_scale16/lambda_stage1_anchor_sensitivity/lambda_0.7/stage1\latest_checkpoint.pth.tar'
2026-04-22 06:30:19,566 - =>Add Trigger to Train Data
2026-04-22 06:30:19,601 - Add Trigger to 5000 Poison Samples, 45000 Clean Samples (0.10)
2026-04-22 06:30:19,621 - =>Add Trigger to Test Data
2026-04-22 06:30:19,687 - Add Trigger to 10000 Poison Samples, 0 Clean Samples (1.00)
2026-04-22 06:30:19,708 - => Stage 1 start for passive client 0
2026-04-22 06:30:19,708 - => Stage 1 early stop for passive client 0: patience=5, min_delta=0.000100
2026-04-22 06:31:21,386 - => Stage 1 client 0 epoch 1/50, ce loss: 1.8720, train anchor loss: 1.0555, total loss: 2.6108, clean acc: 0.4012, eval anchor loss: 0.3471, backdoor acc: 0.0000
2026-04-22 06:32:21,453 - => Stage 1 client 0 epoch 2/50, ce loss: 1.7350, train anchor loss: 0.1947, total loss: 1.8713, clean acc: 0.4192, eval anchor loss: 0.1328, backdoor acc: 0.0000
2026-04-22 06:33:21,784 - => Stage 1 client 0 epoch 3/50, ce loss: 1.6242, train anchor loss: 0.1253, total loss: 1.7119, clean acc: 0.4574, eval anchor loss: 0.1162, backdoor acc: 0.0000
2026-04-22 06:34:22,978 - => Stage 1 client 0 epoch 4/50, ce loss: 1.5742, train anchor loss: 0.1248, total loss: 1.6615, clean acc: 0.4831, eval anchor loss: 0.1235, backdoor acc: 0.0000
2026-04-22 06:35:23,483 - => Stage 1 client 0 epoch 5/50, ce loss: 1.5238, train anchor loss: 0.1260, total loss: 1.6120, clean acc: 0.4856, eval anchor loss: 0.1249, backdoor acc: 0.0000
2026-04-22 06:36:24,639 - => Stage 1 client 0 epoch 6/50, ce loss: 1.4818, train anchor loss: 0.1270, total loss: 1.5707, clean acc: 0.5050, eval anchor loss: 0.1337, backdoor acc: 0.0000
2026-04-22 06:37:24,860 - => Stage 1 client 0 epoch 7/50, ce loss: 1.4468, train anchor loss: 0.1283, total loss: 1.5366, clean acc: 0.5169, eval anchor loss: 0.1371, backdoor acc: 0.0000
2026-04-22 06:38:25,335 - => Stage 1 client 0 epoch 8/50, ce loss: 1.4236, train anchor loss: 0.1289, total loss: 1.5138, clean acc: 0.5259, eval anchor loss: 0.1242, backdoor acc: 0.0000
2026-04-22 06:39:25,498 - => Stage 1 client 0 epoch 9/50, ce loss: 1.3870, train anchor loss: 0.1303, total loss: 1.4782, clean acc: 0.5182, eval anchor loss: 0.1406, backdoor acc: 0.0000
2026-04-22 06:40:26,403 - => Stage 1 client 0 epoch 10/50, ce loss: 1.3703, train anchor loss: 0.1311, total loss: 1.4621, clean acc: 0.5331, eval anchor loss: 0.1291, backdoor acc: 0.0000
2026-04-22 06:41:26,987 - => Stage 1 client 0 epoch 11/50, ce loss: 1.3477, train anchor loss: 0.1302, total loss: 1.4389, clean acc: 0.5441, eval anchor loss: 0.1381, backdoor acc: 0.0000
2026-04-22 06:42:28,013 - => Stage 1 client 0 epoch 12/50, ce loss: 1.3269, train anchor loss: 0.1310, total loss: 1.4186, clean acc: 0.5331, eval anchor loss: 0.1355, backdoor acc: 0.0000
2026-04-22 06:43:28,754 - => Stage 1 client 0 epoch 13/50, ce loss: 1.3089, train anchor loss: 0.1313, total loss: 1.4008, clean acc: 0.5587, eval anchor loss: 0.1335, backdoor acc: 0.0000
2026-04-22 06:44:29,071 - => Stage 1 client 0 epoch 14/50, ce loss: 1.2812, train anchor loss: 0.1319, total loss: 1.3736, clean acc: 0.5647, eval anchor loss: 0.1386, backdoor acc: 0.0000
2026-04-22 06:45:29,035 - => Stage 1 client 0 epoch 15/50, ce loss: 1.2750, train anchor loss: 0.1326, total loss: 1.3678, clean acc: 0.5616, eval anchor loss: 0.1306, backdoor acc: 0.0000
2026-04-22 06:46:29,148 - => Stage 1 client 0 epoch 16/50, ce loss: 1.2529, train anchor loss: 0.1320, total loss: 1.3453, clean acc: 0.5649, eval anchor loss: 0.1478, backdoor acc: 0.0000
2026-04-22 06:47:30,362 - => Stage 1 client 0 epoch 17/50, ce loss: 1.2370, train anchor loss: 0.1313, total loss: 1.3290, clean acc: 0.5845, eval anchor loss: 0.1359, backdoor acc: 0.0000
2026-04-22 06:48:31,470 - => Stage 1 client 0 epoch 18/50, ce loss: 1.2318, train anchor loss: 0.1317, total loss: 1.3240, clean acc: 0.5815, eval anchor loss: 0.1384, backdoor acc: 0.0000
2026-04-22 06:49:31,663 - => Stage 1 client 0 epoch 19/50, ce loss: 1.2197, train anchor loss: 0.1317, total loss: 1.3119, clean acc: 0.5912, eval anchor loss: 0.1264, backdoor acc: 0.0000
2026-04-22 06:50:34,209 - => Stage 1 client 0 epoch 20/50, ce loss: 1.2018, train anchor loss: 0.1311, total loss: 1.2935, clean acc: 0.5987, eval anchor loss: 0.1351, backdoor acc: 0.0000
2026-04-22 06:51:35,703 - => Stage 1 client 0 epoch 21/50, ce loss: 1.1959, train anchor loss: 0.1311, total loss: 1.2877, clean acc: 0.5909, eval anchor loss: 0.1353, backdoor acc: 0.0000
2026-04-22 06:52:36,749 - => Stage 1 client 0 epoch 22/50, ce loss: 1.1737, train anchor loss: 0.1308, total loss: 1.2652, clean acc: 0.6003, eval anchor loss: 0.1359, backdoor acc: 0.0000
2026-04-22 06:53:37,662 - => Stage 1 client 0 epoch 23/50, ce loss: 1.1740, train anchor loss: 0.1310, total loss: 1.2658, clean acc: 0.5937, eval anchor loss: 0.1410, backdoor acc: 0.0000
2026-04-22 06:54:37,769 - => Stage 1 client 0 epoch 24/50, ce loss: 1.1573, train anchor loss: 0.1318, total loss: 1.2495, clean acc: 0.5952, eval anchor loss: 0.1414, backdoor acc: 0.0000
2026-04-22 06:55:38,746 - => Stage 1 client 0 epoch 25/50, ce loss: 1.1530, train anchor loss: 0.1312, total loss: 1.2448, clean acc: 0.6062, eval anchor loss: 0.1370, backdoor acc: 0.0000
2026-04-22 06:56:38,891 - => Stage 1 client 0 epoch 26/50, ce loss: 1.1439, train anchor loss: 0.1293, total loss: 1.2344, clean acc: 0.6092, eval anchor loss: 0.1382, backdoor acc: 0.0000
2026-04-22 06:57:38,828 - => Stage 1 client 0 epoch 27/50, ce loss: 1.1342, train anchor loss: 0.1296, total loss: 1.2250, clean acc: 0.6163, eval anchor loss: 0.1391, backdoor acc: 0.0000
2026-04-22 06:58:39,635 - => Stage 1 client 0 epoch 28/50, ce loss: 1.1193, train anchor loss: 0.1301, total loss: 1.2104, clean acc: 0.6213, eval anchor loss: 0.1391, backdoor acc: 0.0000
2026-04-22 06:59:39,993 - => Stage 1 client 0 epoch 29/50, ce loss: 1.1150, train anchor loss: 0.1294, total loss: 1.2056, clean acc: 0.6105, eval anchor loss: 0.1335, backdoor acc: 0.0000
2026-04-22 07:00:40,452 - => Stage 1 client 0 epoch 30/50, ce loss: 1.1073, train anchor loss: 0.1297, total loss: 1.1980, clean acc: 0.6168, eval anchor loss: 0.1313, backdoor acc: 0.0000
2026-04-22 07:01:40,755 - => Stage 1 client 0 epoch 31/50, ce loss: 1.0983, train anchor loss: 0.1289, total loss: 1.1886, clean acc: 0.6169, eval anchor loss: 0.1328, backdoor acc: 0.0000
2026-04-22 07:02:41,321 - => Stage 1 client 0 epoch 32/50, ce loss: 1.0895, train anchor loss: 0.1292, total loss: 1.1800, clean acc: 0.6202, eval anchor loss: 0.1353, backdoor acc: 0.0000
2026-04-22 07:03:41,291 - => Stage 1 client 0 epoch 33/50, ce loss: 1.0760, train anchor loss: 0.1290, total loss: 1.1663, clean acc: 0.6268, eval anchor loss: 0.1371, backdoor acc: 0.0000
2026-04-22 07:04:43,066 - => Stage 1 client 0 epoch 34/50, ce loss: 1.0740, train anchor loss: 0.1292, total loss: 1.1645, clean acc: 0.6184, eval anchor loss: 0.1316, backdoor acc: 0.0000
2026-04-22 07:05:43,932 - => Stage 1 client 0 epoch 35/50, ce loss: 1.0679, train anchor loss: 0.1295, total loss: 1.1585, clean acc: 0.6218, eval anchor loss: 0.1332, backdoor acc: 0.0000
2026-04-22 07:06:44,297 - => Stage 1 client 0 epoch 36/50, ce loss: 1.0564, train anchor loss: 0.1289, total loss: 1.1466, clean acc: 0.6272, eval anchor loss: 0.1357, backdoor acc: 0.0000
2026-04-22 07:07:45,642 - => Stage 1 client 0 epoch 37/50, ce loss: 1.0451, train anchor loss: 0.1283, total loss: 1.1350, clean acc: 0.6266, eval anchor loss: 0.1372, backdoor acc: 0.0000
2026-04-22 07:08:47,100 - => Stage 1 client 0 epoch 38/50, ce loss: 1.0505, train anchor loss: 0.1288, total loss: 1.1406, clean acc: 0.6259, eval anchor loss: 0.1407, backdoor acc: 0.0000
2026-04-22 07:09:47,308 - => Stage 1 client 0 epoch 39/50, ce loss: 1.0324, train anchor loss: 0.1272, total loss: 1.1215, clean acc: 0.6360, eval anchor loss: 0.1383, backdoor acc: 0.0000
2026-04-22 07:10:47,600 - => Stage 1 client 0 epoch 40/50, ce loss: 1.0319, train anchor loss: 0.1282, total loss: 1.1217, clean acc: 0.6306, eval anchor loss: 0.1363, backdoor acc: 0.0000
2026-04-22 07:11:47,909 - => Stage 1 client 0 epoch 41/50, ce loss: 1.0272, train anchor loss: 0.1279, total loss: 1.1167, clean acc: 0.6391, eval anchor loss: 0.1324, backdoor acc: 0.0000
2026-04-22 07:12:48,139 - => Stage 1 client 0 epoch 42/50, ce loss: 1.0151, train anchor loss: 0.1273, total loss: 1.1042, clean acc: 0.6276, eval anchor loss: 0.1391, backdoor acc: 0.0000
2026-04-22 07:13:48,145 - => Stage 1 client 0 epoch 43/50, ce loss: 1.0168, train anchor loss: 0.1276, total loss: 1.1061, clean acc: 0.6420, eval anchor loss: 0.1319, backdoor acc: 0.0000
2026-04-22 07:14:48,961 - => Stage 1 client 0 epoch 44/50, ce loss: 1.0073, train anchor loss: 0.1273, total loss: 1.0964, clean acc: 0.6318, eval anchor loss: 0.1394, backdoor acc: 0.0000
2026-04-22 07:15:49,850 - => Stage 1 client 0 epoch 45/50, ce loss: 0.9910, train anchor loss: 0.1264, total loss: 1.0795, clean acc: 0.6314, eval anchor loss: 0.1442, backdoor acc: 0.0000
2026-04-22 07:16:50,811 - => Stage 1 client 0 epoch 46/50, ce loss: 0.9974, train anchor loss: 0.1271, total loss: 1.0864, clean acc: 0.6352, eval anchor loss: 0.1347, backdoor acc: 0.0000
2026-04-22 07:17:50,966 - => Stage 1 client 0 epoch 47/50, ce loss: 0.9839, train anchor loss: 0.1268, total loss: 1.0726, clean acc: 0.6432, eval anchor loss: 0.1392, backdoor acc: 0.0000
2026-04-22 07:18:51,383 - => Stage 1 client 0 epoch 48/50, ce loss: 0.9895, train anchor loss: 0.1263, total loss: 1.0779, clean acc: 0.6419, eval anchor loss: 0.1390, backdoor acc: 0.0000
2026-04-22 07:19:52,198 - => Stage 1 client 0 epoch 49/50, ce loss: 0.9821, train anchor loss: 0.1258, total loss: 1.0702, clean acc: 0.6384, eval anchor loss: 0.1407, backdoor acc: 0.0000
2026-04-22 07:20:52,462 - => Stage 1 client 0 epoch 50/50, ce loss: 0.9804, train anchor loss: 0.1264, total loss: 1.0689, clean acc: 0.6356, eval anchor loss: 0.1372, backdoor acc: 0.0000
2026-04-22 07:20:52,934 - => Stage 1 final summary for passive client 0: best epoch: 47, clean acc: 0.6432, anchor loss: 0.1392, backdoor acc: 0.0000
2026-04-22 07:20:52,952 - => Stage 1 start for passive client 1
2026-04-22 07:20:52,953 - => Stage 1 early stop for passive client 1: patience=5, min_delta=0.000100
2026-04-22 07:21:53,427 - => Stage 1 client 1 epoch 1/50, ce loss: 1.7159, train anchor loss: 0.9013, total loss: 2.3468, clean acc: 0.4710, eval anchor loss: 0.2708, backdoor acc: 0.0000
2026-04-22 07:22:54,964 - => Stage 1 client 1 epoch 2/50, ce loss: 1.5488, train anchor loss: 0.1693, total loss: 1.6673, clean acc: 0.4980, eval anchor loss: 0.1308, backdoor acc: 0.0000
2026-04-22 07:23:56,038 - => Stage 1 client 1 epoch 3/50, ce loss: 1.4409, train anchor loss: 0.1297, total loss: 1.5316, clean acc: 0.5277, eval anchor loss: 0.1415, backdoor acc: 0.0000
2026-04-22 07:24:56,558 - => Stage 1 client 1 epoch 4/50, ce loss: 1.3696, train anchor loss: 0.1286, total loss: 1.4596, clean acc: 0.5528, eval anchor loss: 0.1275, backdoor acc: 0.0000
2026-04-22 07:25:57,899 - => Stage 1 client 1 epoch 5/50, ce loss: 1.3181, train anchor loss: 0.1296, total loss: 1.4088, clean acc: 0.5633, eval anchor loss: 0.1327, backdoor acc: 0.0000
2026-04-22 07:26:58,846 - => Stage 1 client 1 epoch 6/50, ce loss: 1.2732, train anchor loss: 0.1295, total loss: 1.3638, clean acc: 0.5701, eval anchor loss: 0.1249, backdoor acc: 0.0000
2026-04-22 07:27:58,930 - => Stage 1 client 1 epoch 7/50, ce loss: 1.2335, train anchor loss: 0.1299, total loss: 1.3244, clean acc: 0.5880, eval anchor loss: 0.1358, backdoor acc: 0.0000
2026-04-22 07:29:00,003 - => Stage 1 client 1 epoch 8/50, ce loss: 1.2010, train anchor loss: 0.1296, total loss: 1.2918, clean acc: 0.6000, eval anchor loss: 0.1267, backdoor acc: 0.0000
2026-04-22 07:30:00,408 - => Stage 1 client 1 epoch 9/50, ce loss: 1.1691, train anchor loss: 0.1293, total loss: 1.2596, clean acc: 0.5994, eval anchor loss: 0.1360, backdoor acc: 0.0000
2026-04-22 07:31:01,080 - => Stage 1 client 1 epoch 10/50, ce loss: 1.1436, train anchor loss: 0.1291, total loss: 1.2340, clean acc: 0.6187, eval anchor loss: 0.1335, backdoor acc: 0.0000
2026-04-22 07:32:01,625 - => Stage 1 client 1 epoch 11/50, ce loss: 1.1150, train anchor loss: 0.1281, total loss: 1.2047, clean acc: 0.6250, eval anchor loss: 0.1364, backdoor acc: 0.0000
2026-04-22 07:33:01,953 - => Stage 1 client 1 epoch 12/50, ce loss: 1.0935, train anchor loss: 0.1289, total loss: 1.1837, clean acc: 0.6406, eval anchor loss: 0.1242, backdoor acc: 0.0000
2026-04-22 07:34:03,132 - => Stage 1 client 1 epoch 13/50, ce loss: 1.0716, train anchor loss: 0.1278, total loss: 1.1611, clean acc: 0.6508, eval anchor loss: 0.1274, backdoor acc: 0.0000
2026-04-22 07:35:03,300 - => Stage 1 client 1 epoch 14/50, ce loss: 1.0455, train anchor loss: 0.1271, total loss: 1.1344, clean acc: 0.6415, eval anchor loss: 0.1308, backdoor acc: 0.0000
2026-04-22 07:36:04,167 - => Stage 1 client 1 epoch 15/50, ce loss: 1.0390, train anchor loss: 0.1274, total loss: 1.1281, clean acc: 0.6504, eval anchor loss: 0.1274, backdoor acc: 0.0000
2026-04-22 07:37:04,469 - => Stage 1 client 1 epoch 16/50, ce loss: 1.0146, train anchor loss: 0.1263, total loss: 1.1030, clean acc: 0.6449, eval anchor loss: 0.1322, backdoor acc: 0.0000
2026-04-22 07:38:05,047 - => Stage 1 client 1 epoch 17/50, ce loss: 0.9967, train anchor loss: 0.1255, total loss: 1.0845, clean acc: 0.6402, eval anchor loss: 0.1387, backdoor acc: 0.0000
2026-04-22 07:39:05,346 - => Stage 1 client 1 epoch 18/50, ce loss: 0.9870, train anchor loss: 0.1256, total loss: 1.0749, clean acc: 0.6728, eval anchor loss: 0.1246, backdoor acc: 0.0000
2026-04-22 07:40:05,977 - => Stage 1 client 1 epoch 19/50, ce loss: 0.9699, train anchor loss: 0.1245, total loss: 1.0570, clean acc: 0.6655, eval anchor loss: 0.1249, backdoor acc: 0.0000
2026-04-22 07:41:06,994 - => Stage 1 client 1 epoch 20/50, ce loss: 0.9559, train anchor loss: 0.1235, total loss: 1.0423, clean acc: 0.6681, eval anchor loss: 0.1248, backdoor acc: 0.0000
2026-04-22 07:42:08,908 - => Stage 1 client 1 epoch 21/50, ce loss: 0.9358, train anchor loss: 0.1226, total loss: 1.0216, clean acc: 0.6620, eval anchor loss: 0.1314, backdoor acc: 0.0000
2026-04-22 07:43:09,998 - => Stage 1 client 1 epoch 22/50, ce loss: 0.9280, train anchor loss: 0.1221, total loss: 1.0134, clean acc: 0.6800, eval anchor loss: 0.1255, backdoor acc: 0.0000
2026-04-22 07:44:10,759 - => Stage 1 client 1 epoch 23/50, ce loss: 0.9118, train anchor loss: 0.1216, total loss: 0.9969, clean acc: 0.6848, eval anchor loss: 0.1215, backdoor acc: 0.0000
2026-04-22 07:45:11,337 - => Stage 1 client 1 epoch 24/50, ce loss: 0.8992, train anchor loss: 0.1207, total loss: 0.9837, clean acc: 0.6841, eval anchor loss: 0.1263, backdoor acc: 0.0000
2026-04-22 07:46:12,167 - => Stage 1 client 1 epoch 25/50, ce loss: 0.8908, train anchor loss: 0.1207, total loss: 0.9753, clean acc: 0.6852, eval anchor loss: 0.1241, backdoor acc: 0.0000
2026-04-22 07:47:12,521 - => Stage 1 client 1 epoch 26/50, ce loss: 0.8665, train anchor loss: 0.1191, total loss: 0.9499, clean acc: 0.6832, eval anchor loss: 0.1289, backdoor acc: 0.0000
2026-04-22 07:48:13,394 - => Stage 1 client 1 epoch 27/50, ce loss: 0.8615, train anchor loss: 0.1192, total loss: 0.9449, clean acc: 0.6882, eval anchor loss: 0.1282, backdoor acc: 0.0000
2026-04-22 07:49:15,469 - => Stage 1 client 1 epoch 28/50, ce loss: 0.8545, train anchor loss: 0.1188, total loss: 0.9376, clean acc: 0.6810, eval anchor loss: 0.1315, backdoor acc: 0.0000
2026-04-22 07:50:16,431 - => Stage 1 client 1 epoch 29/50, ce loss: 0.8519, train anchor loss: 0.1180, total loss: 0.9345, clean acc: 0.6785, eval anchor loss: 0.1308, backdoor acc: 0.0000
2026-04-22 07:51:17,976 - => Stage 1 client 1 epoch 30/50, ce loss: 0.8326, train anchor loss: 0.1168, total loss: 0.9143, clean acc: 0.6868, eval anchor loss: 0.1314, backdoor acc: 0.0000
2026-04-22 07:52:18,800 - => Stage 1 client 1 epoch 31/50, ce loss: 0.8149, train anchor loss: 0.1162, total loss: 0.8963, clean acc: 0.6994, eval anchor loss: 0.1303, backdoor acc: 0.0000
2026-04-22 07:53:19,953 - => Stage 1 client 1 epoch 32/50, ce loss: 0.8116, train anchor loss: 0.1156, total loss: 0.8925, clean acc: 0.6862, eval anchor loss: 0.1309, backdoor acc: 0.0000
2026-04-22 07:54:20,422 - => Stage 1 client 1 epoch 33/50, ce loss: 0.8087, train anchor loss: 0.1150, total loss: 0.8892, clean acc: 0.6983, eval anchor loss: 0.1263, backdoor acc: 0.0000
2026-04-22 07:55:21,674 - => Stage 1 client 1 epoch 34/50, ce loss: 0.7980, train anchor loss: 0.1152, total loss: 0.8786, clean acc: 0.6915, eval anchor loss: 0.1278, backdoor acc: 0.0000
2026-04-22 07:56:22,580 - => Stage 1 client 1 epoch 35/50, ce loss: 0.7866, train anchor loss: 0.1133, total loss: 0.8659, clean acc: 0.6998, eval anchor loss: 0.1334, backdoor acc: 0.0000
2026-04-22 07:57:22,602 - => Stage 1 client 1 epoch 36/50, ce loss: 0.7677, train anchor loss: 0.1124, total loss: 0.8463, clean acc: 0.7019, eval anchor loss: 0.1303, backdoor acc: 0.0000
2026-04-22 07:58:24,091 - => Stage 1 client 1 epoch 37/50, ce loss: 0.7676, train anchor loss: 0.1128, total loss: 0.8465, clean acc: 0.7048, eval anchor loss: 0.1270, backdoor acc: 0.0000
2026-04-22 07:59:25,642 - => Stage 1 client 1 epoch 38/50, ce loss: 0.7557, train anchor loss: 0.1123, total loss: 0.8343, clean acc: 0.6980, eval anchor loss: 0.1290, backdoor acc: 0.0000
2026-04-22 08:00:26,507 - => Stage 1 client 1 epoch 39/50, ce loss: 0.7516, train anchor loss: 0.1117, total loss: 0.8298, clean acc: 0.6951, eval anchor loss: 0.1296, backdoor acc: 0.0000
2026-04-22 08:01:27,372 - => Stage 1 client 1 epoch 40/50, ce loss: 0.7339, train anchor loss: 0.1111, total loss: 0.8116, clean acc: 0.7015, eval anchor loss: 0.1313, backdoor acc: 0.0000
2026-04-22 08:02:28,172 - => Stage 1 client 1 epoch 41/50, ce loss: 0.7279, train anchor loss: 0.1101, total loss: 0.8050, clean acc: 0.7058, eval anchor loss: 0.1322, backdoor acc: 0.0000
2026-04-22 08:03:29,214 - => Stage 1 client 1 epoch 42/50, ce loss: 0.7238, train anchor loss: 0.1099, total loss: 0.8007, clean acc: 0.7048, eval anchor loss: 0.1288, backdoor acc: 0.0000
2026-04-22 08:04:29,965 - => Stage 1 client 1 epoch 43/50, ce loss: 0.7147, train anchor loss: 0.1092, total loss: 0.7912, clean acc: 0.7084, eval anchor loss: 0.1302, backdoor acc: 0.0000
2026-04-22 08:05:30,875 - => Stage 1 client 1 epoch 44/50, ce loss: 0.7140, train anchor loss: 0.1091, total loss: 0.7904, clean acc: 0.7113, eval anchor loss: 0.1292, backdoor acc: 0.0000
2026-04-22 08:06:32,039 - => Stage 1 client 1 epoch 45/50, ce loss: 0.6949, train anchor loss: 0.1075, total loss: 0.7702, clean acc: 0.7071, eval anchor loss: 0.1322, backdoor acc: 0.0000
2026-04-22 08:07:32,564 - => Stage 1 client 1 epoch 46/50, ce loss: 0.6974, train anchor loss: 0.1078, total loss: 0.7729, clean acc: 0.7067, eval anchor loss: 0.1293, backdoor acc: 0.0000
2026-04-22 08:08:33,309 - => Stage 1 client 1 epoch 47/50, ce loss: 0.6842, train anchor loss: 0.1057, total loss: 0.7581, clean acc: 0.7133, eval anchor loss: 0.1285, backdoor acc: 0.0000
2026-04-22 08:09:35,252 - => Stage 1 client 1 epoch 48/50, ce loss: 0.6770, train anchor loss: 0.1058, total loss: 0.7511, clean acc: 0.7156, eval anchor loss: 0.1265, backdoor acc: 0.0000
2026-04-22 08:10:36,228 - => Stage 1 client 1 epoch 49/50, ce loss: 0.6669, train anchor loss: 0.1048, total loss: 0.7402, clean acc: 0.7123, eval anchor loss: 0.1316, backdoor acc: 0.0000
2026-04-22 08:11:37,821 - => Stage 1 client 1 epoch 50/50, ce loss: 0.6602, train anchor loss: 0.1043, total loss: 0.7333, clean acc: 0.7114, eval anchor loss: 0.1307, backdoor acc: 0.0000
2026-04-22 08:11:38,297 - => Stage 1 final summary for passive client 1: best epoch: 48, clean acc: 0.7156, anchor loss: 0.1265, backdoor acc: 0.0000
2026-04-22 08:11:38,315 - => Stage 1 start for passive client 2
2026-04-22 08:11:38,316 - => Stage 1 early stop for passive client 2: patience=5, min_delta=0.000100
2026-04-22 08:12:44,876 - => Stage 1 client 2 epoch 1/50, ce loss: 1.9178, train anchor loss: 0.9921, total loss: 2.6122, clean acc: 0.3685, eval anchor loss: 0.3141, backdoor acc: 0.1799
2026-04-22 08:13:51,701 - => Stage 1 client 2 epoch 2/50, ce loss: 1.8072, train anchor loss: 0.1736, total loss: 1.9288, clean acc: 0.3940, eval anchor loss: 0.1429, backdoor acc: 0.2469
2026-04-22 08:14:58,330 - => Stage 1 client 2 epoch 3/50, ce loss: 1.7338, train anchor loss: 0.1248, total loss: 1.8212, clean acc: 0.4442, eval anchor loss: 0.1163, backdoor acc: 0.3749
2026-04-22 08:16:05,297 - => Stage 1 client 2 epoch 4/50, ce loss: 1.6628, train anchor loss: 0.1296, total loss: 1.7535, clean acc: 0.4480, eval anchor loss: 0.1186, backdoor acc: 0.9147
2026-04-22 08:17:12,141 - => Stage 1 client 2 epoch 5/50, ce loss: 1.6176, train anchor loss: 0.1323, total loss: 1.7102, clean acc: 0.4681, eval anchor loss: 0.1201, backdoor acc: 0.9996
2026-04-22 08:18:18,830 - => Stage 1 client 2 epoch 6/50, ce loss: 1.5696, train anchor loss: 0.1351, total loss: 1.6642, clean acc: 0.4876, eval anchor loss: 0.1329, backdoor acc: 0.9993
2026-04-22 08:19:25,539 - => Stage 1 client 2 epoch 7/50, ce loss: 1.5450, train anchor loss: 0.1350, total loss: 1.6395, clean acc: 0.4980, eval anchor loss: 0.1249, backdoor acc: 0.9999
2026-04-22 08:20:32,715 - => Stage 1 client 2 epoch 8/50, ce loss: 1.5053, train anchor loss: 0.1374, total loss: 1.6015, clean acc: 0.5008, eval anchor loss: 0.1376, backdoor acc: 0.9998
2026-04-22 08:21:40,009 - => Stage 1 client 2 epoch 9/50, ce loss: 1.4899, train anchor loss: 0.1389, total loss: 1.5872, clean acc: 0.5123, eval anchor loss: 0.1307, backdoor acc: 0.9999
2026-04-22 08:22:47,998 - => Stage 1 client 2 epoch 10/50, ce loss: 1.4664, train anchor loss: 0.1391, total loss: 1.5638, clean acc: 0.5105, eval anchor loss: 0.1336, backdoor acc: 0.9999
2026-04-22 08:23:54,870 - => Stage 1 client 2 epoch 11/50, ce loss: 1.4497, train anchor loss: 0.1397, total loss: 1.5475, clean acc: 0.5382, eval anchor loss: 0.1374, backdoor acc: 1.0000
2026-04-22 08:25:01,906 - => Stage 1 client 2 epoch 12/50, ce loss: 1.4251, train anchor loss: 0.1401, total loss: 1.5232, clean acc: 0.5378, eval anchor loss: 0.1265, backdoor acc: 1.0000
2026-04-22 08:26:09,020 - => Stage 1 client 2 epoch 13/50, ce loss: 1.4270, train anchor loss: 0.1398, total loss: 1.5249, clean acc: 0.5449, eval anchor loss: 0.1383, backdoor acc: 0.9991
2026-04-22 08:27:16,275 - => Stage 1 client 2 epoch 14/50, ce loss: 1.4044, train anchor loss: 0.1407, total loss: 1.5029, clean acc: 0.5609, eval anchor loss: 0.1238, backdoor acc: 1.0000
2026-04-22 08:28:23,483 - => Stage 1 client 2 epoch 15/50, ce loss: 1.3814, train anchor loss: 0.1403, total loss: 1.4796, clean acc: 0.5632, eval anchor loss: 0.1281, backdoor acc: 0.9998
2026-04-22 08:29:30,423 - => Stage 1 client 2 epoch 16/50, ce loss: 1.3714, train anchor loss: 0.1411, total loss: 1.4702, clean acc: 0.5673, eval anchor loss: 0.1287, backdoor acc: 0.9997
2026-04-22 08:30:38,055 - => Stage 1 client 2 epoch 17/50, ce loss: 1.3659, train anchor loss: 0.1413, total loss: 1.4649, clean acc: 0.5637, eval anchor loss: 0.1294, backdoor acc: 0.9996
2026-04-22 08:31:45,640 - => Stage 1 client 2 epoch 18/50, ce loss: 1.3522, train anchor loss: 0.1405, total loss: 1.4506, clean acc: 0.5700, eval anchor loss: 0.1353, backdoor acc: 0.9998
2026-04-22 08:32:55,684 - => Stage 1 client 2 epoch 19/50, ce loss: 1.3489, train anchor loss: 0.1409, total loss: 1.4475, clean acc: 0.5679, eval anchor loss: 0.1311, backdoor acc: 0.9999
2026-04-22 08:34:02,296 - => Stage 1 client 2 epoch 20/50, ce loss: 1.3315, train anchor loss: 0.1422, total loss: 1.4311, clean acc: 0.5776, eval anchor loss: 0.1337, backdoor acc: 1.0000
2026-04-22 08:35:08,935 - => Stage 1 client 2 epoch 21/50, ce loss: 1.3253, train anchor loss: 0.1417, total loss: 1.4245, clean acc: 0.5845, eval anchor loss: 0.1319, backdoor acc: 0.9999
2026-04-22 08:36:16,967 - => Stage 1 client 2 epoch 22/50, ce loss: 1.3186, train anchor loss: 0.1410, total loss: 1.4173, clean acc: 0.5778, eval anchor loss: 0.1306, backdoor acc: 1.0000
2026-04-22 08:37:24,536 - => Stage 1 client 2 epoch 23/50, ce loss: 1.3101, train anchor loss: 0.1414, total loss: 1.4090, clean acc: 0.5747, eval anchor loss: 0.1338, backdoor acc: 1.0000
2026-04-22 08:38:31,423 - => Stage 1 client 2 epoch 24/50, ce loss: 1.3035, train anchor loss: 0.1419, total loss: 1.4028, clean acc: 0.5852, eval anchor loss: 0.1330, backdoor acc: 1.0000
2026-04-22 08:39:38,770 - => Stage 1 client 2 epoch 25/50, ce loss: 1.2838, train anchor loss: 0.1415, total loss: 1.3829, clean acc: 0.5774, eval anchor loss: 0.1349, backdoor acc: 1.0000
2026-04-22 08:40:45,398 - => Stage 1 client 2 epoch 26/50, ce loss: 1.2715, train anchor loss: 0.1418, total loss: 1.3707, clean acc: 0.5904, eval anchor loss: 0.1301, backdoor acc: 1.0000
2026-04-22 08:41:52,441 - => Stage 1 client 2 epoch 27/50, ce loss: 1.2737, train anchor loss: 0.1418, total loss: 1.3730, clean acc: 0.5930, eval anchor loss: 0.1317, backdoor acc: 1.0000
2026-04-22 08:42:59,508 - => Stage 1 client 2 epoch 28/50, ce loss: 1.2678, train anchor loss: 0.1415, total loss: 1.3669, clean acc: 0.5905, eval anchor loss: 0.1349, backdoor acc: 1.0000
2026-04-22 08:44:06,758 - => Stage 1 client 2 epoch 29/50, ce loss: 1.2575, train anchor loss: 0.1421, total loss: 1.3570, clean acc: 0.5904, eval anchor loss: 0.1352, backdoor acc: 1.0000
2026-04-22 08:45:13,545 - => Stage 1 client 2 epoch 30/50, ce loss: 1.2521, train anchor loss: 0.1419, total loss: 1.3515, clean acc: 0.6024, eval anchor loss: 0.1343, backdoor acc: 1.0000
2026-04-22 08:46:20,374 - => Stage 1 client 2 epoch 31/50, ce loss: 1.2477, train anchor loss: 0.1414, total loss: 1.3467, clean acc: 0.6025, eval anchor loss: 0.1331, backdoor acc: 1.0000
2026-04-22 08:47:28,091 - => Stage 1 client 2 epoch 32/50, ce loss: 1.2418, train anchor loss: 0.1419, total loss: 1.3412, clean acc: 0.6034, eval anchor loss: 0.1374, backdoor acc: 1.0000
2026-04-22 08:48:34,517 - => Stage 1 client 2 epoch 33/50, ce loss: 1.2320, train anchor loss: 0.1417, total loss: 1.3311, clean acc: 0.6052, eval anchor loss: 0.1367, backdoor acc: 1.0000
2026-04-22 08:49:42,313 - => Stage 1 client 2 epoch 34/50, ce loss: 1.2252, train anchor loss: 0.1419, total loss: 1.3245, clean acc: 0.6087, eval anchor loss: 0.1357, backdoor acc: 1.0000
2026-04-22 08:50:49,408 - => Stage 1 client 2 epoch 35/50, ce loss: 1.2189, train anchor loss: 0.1407, total loss: 1.3174, clean acc: 0.6113, eval anchor loss: 0.1341, backdoor acc: 1.0000
2026-04-22 08:51:56,576 - => Stage 1 client 2 epoch 36/50, ce loss: 1.2084, train anchor loss: 0.1416, total loss: 1.3075, clean acc: 0.6090, eval anchor loss: 0.1361, backdoor acc: 1.0000
2026-04-22 08:53:03,552 - => Stage 1 client 2 epoch 37/50, ce loss: 1.2043, train anchor loss: 0.1414, total loss: 1.3033, clean acc: 0.6123, eval anchor loss: 0.1346, backdoor acc: 1.0000
2026-04-22 08:54:12,882 - => Stage 1 client 2 epoch 38/50, ce loss: 1.2056, train anchor loss: 0.1420, total loss: 1.3050, clean acc: 0.6122, eval anchor loss: 0.1373, backdoor acc: 1.0000
2026-04-22 08:55:19,500 - => Stage 1 client 2 epoch 39/50, ce loss: 1.1920, train anchor loss: 0.1418, total loss: 1.2913, clean acc: 0.6103, eval anchor loss: 0.1396, backdoor acc: 1.0000
2026-04-22 08:56:31,586 - => Stage 1 client 2 epoch 40/50, ce loss: 1.1901, train anchor loss: 0.1411, total loss: 1.2889, clean acc: 0.6046, eval anchor loss: 0.1390, backdoor acc: 1.0000
2026-04-22 08:57:39,100 - => Stage 1 client 2 epoch 41/50, ce loss: 1.1820, train anchor loss: 0.1418, total loss: 1.2813, clean acc: 0.6061, eval anchor loss: 0.1402, backdoor acc: 1.0000
2026-04-22 08:58:47,056 - => Stage 1 client 2 epoch 42/50, ce loss: 1.1745, train anchor loss: 0.1412, total loss: 1.2733, clean acc: 0.6233, eval anchor loss: 0.1410, backdoor acc: 1.0000
2026-04-22 08:59:54,916 - => Stage 1 client 2 epoch 43/50, ce loss: 1.1651, train anchor loss: 0.1404, total loss: 1.2634, clean acc: 0.6105, eval anchor loss: 0.1428, backdoor acc: 1.0000
2026-04-22 09:01:03,778 - => Stage 1 client 2 epoch 44/50, ce loss: 1.1634, train anchor loss: 0.1411, total loss: 1.2621, clean acc: 0.6110, eval anchor loss: 0.1372, backdoor acc: 1.0000
2026-04-22 09:02:10,136 - => Stage 1 client 2 epoch 45/50, ce loss: 1.1617, train anchor loss: 0.1406, total loss: 1.2602, clean acc: 0.6224, eval anchor loss: 0.1447, backdoor acc: 1.0000
2026-04-22 09:03:17,260 - => Stage 1 client 2 epoch 46/50, ce loss: 1.1583, train anchor loss: 0.1400, total loss: 1.2563, clean acc: 0.6173, eval anchor loss: 0.1398, backdoor acc: 1.0000
2026-04-22 09:04:24,063 - => Stage 1 client 2 epoch 47/50, ce loss: 1.1521, train anchor loss: 0.1403, total loss: 1.2503, clean acc: 0.6204, eval anchor loss: 0.1367, backdoor acc: 1.0000
2026-04-22 09:04:24,443 - => Stage 1 early stop triggered for passive client 2 at epoch 47/50; best clean acc: 0.6233 at epoch 42
2026-04-22 09:04:24,654 - => Stage 1 final summary for passive client 2: best epoch: 42, clean acc: 0.6233, anchor loss: 0.1410, backdoor acc: 1.0000
2026-04-22 09:04:25,035 - => Stage 1 metrics were also saved to './results/AVGuard/cifar10_ablation_rerun_scale16/lambda_stage1_anchor_sensitivity/lambda_0.7/stage1/anchor_stage1\stage1_metrics.json'
2026-04-22 09:04:25,035 - => Saved stage1 passive-party local models and anchors to './results/AVGuard/cifar10_ablation_rerun_scale16/lambda_stage1_anchor_sensitivity/lambda_0.7/stage1/anchor_stage1'
2026-04-22 09:04:25,050 - => Saved anchor artifact to './results/AVGuard/cifar10_ablation_rerun_scale16/lambda_stage1_anchor_sensitivity/lambda_0.7/stage1/anchor_bank.pt'
2026-04-22 09:04:25,051 - => Stage 3 is ready; it will use Stage 1 client reliability from the loaded anchor state when available. Stage 2 client anchor-loss stats are optional diagnostics.
