2026-04-20 11:32:20,726 - Namespace(config='', data_dir='./dataset/data_raw/', dataset='PHISHING', device=0, results_dir='./results/AVGuard/lambda_anchor_sensitivity/PHISHING/stage1', seed=100, epoch=100, batch_size=256, client_num=3, pretrained_checkpoint='./results/AVGuard/lambda_anchor_sensitivity/PHISHING/stage1\\latest_checkpoint.pth.tar', test_checkpoint=None, resume_latest=True, lr=0.003, start_epoch=0, print_steps=10, early_stop=20, attack='LFBA', target_label=None, poison_rate=0.25, poison_dimensions=30, trigger_feature_clip=1.0, attack_client_num=2, feature_extractor='', select_rate=0.3, lfba_poison_source='gradient', random_select=False, poison_all=False, anchor_idx=1000, pretrain_stage=0, mode='pretrain_anchor', defense='anchor', defense_scheme='AVGuard', enable_stage1=True, force_stage1_retrain=True, enable_anchor_loss=True, lambda_anchor=0.1, lambda_stage1_anchor=0.7, anchor_pretrain_epochs=20, anchor_pretrain_early_stop=5, anchor_pretrain_min_delta=0.0001, anchor_scale=1.0, anchor_margin=0.0, anchor_bank_path='./results/AVGuard/lambda_anchor_sensitivity/PHISHING/stage1/anchor_artifact.pt', anchor_stage1_dir='./results/AVGuard/lambda_anchor_sensitivity/PHISHING/stage1/anchor_stage1', anchor_ema_momentum=1.0, anchor_ema_update_freq=1, stage3_enable_joint_weighted_voting=True, stage3_enable_static_reliability=True, gamma=2.0, theta_supp=0.15, enable_conservative_correction=False, tau_corr=0.0, top_k=4, stage3_debug_batches=0, stage3_debug_max_samples=8, original_dataset='PHISHING', attack_target_label=None, anchor_margin_auto_adjusted=False, requested_anchor_margin=0.0)
2026-04-20 11:32:20,728 - => Defense scheme: AVGuard
2026-04-20 11:32:20,728 - => LFBA poison-set source: gradient
2026-04-20 11:32:20,729 - => Python executable: D:\python3\generative-compression-master1\KAVF\python.exe
2026-04-20 11:32:20,729 - => Torch version: 2.7.1+cu126, compiled CUDA: 12.6, cuda available: True, visible GPU count: 1
2026-04-20 11:32:20,729 - => Using GPU cuda:0 (NVIDIA GeForce RTX 4080)
2026-04-20 11:32:20,729 - => Preparing data...
2026-04-20 11:32:22,679 - => PHISHING file: ./dataset/data_raw/Phishing\PHISHING_full.csv
2026-04-20 11:32:22,680 - => PHISHING feature dim: 111, train samples: 70917, test samples: 17730
2026-04-20 11:32:22,686 - => Resolved LFBA attack target label=0 from training anchor_idx=1000
2026-04-20 11:32:22,776 - => No checkpoint found at './results/AVGuard/lambda_anchor_sensitivity/PHISHING/stage1\latest_checkpoint.pth.tar'
2026-04-20 11:32:22,776 - => Enter Stage 1: passive local backbones are trained with active-party private two-layer MLP heads
2026-04-20 11:32:22,777 - => Stage 1 latest checkpoint path: './results/AVGuard/lambda_anchor_sensitivity/PHISHING/stage1\latest_checkpoint.pth.tar'
2026-04-20 11:32:22,808 - =>Add Trigger to Train Data
2026-04-20 11:32:23,668 - Add Trigger to 17729 Bad Samples, 53188 Clean Samples (0.25)
2026-04-20 11:32:23,671 - =>Add Trigger to Test Data
2026-04-20 11:32:24,293 - Add Trigger to 17730 Bad Samples, 0 Clean Samples (1.00)
2026-04-20 11:32:24,299 - => Stage 1 start for passive client 0
2026-04-20 11:32:24,299 - => Stage 1 early stop for passive client 0: patience=5, min_delta=0.000100
2026-04-20 11:32:29,213 - => Stage 1 client 0 epoch 1/20, ce loss: 0.4893, train anchor loss: 0.3938, total loss: 0.7650, clean acc: 0.9093, eval anchor loss: 0.1580, backdoor acc: 0.0000
2026-04-20 11:32:33,631 - => Stage 1 client 0 epoch 2/20, ce loss: 0.3873, train anchor loss: 0.1591, total loss: 0.4987, clean acc: 0.9150, eval anchor loss: 0.1531, backdoor acc: 0.0000
2026-04-20 11:32:38,883 - => Stage 1 client 0 epoch 3/20, ce loss: 0.3861, train anchor loss: 0.1575, total loss: 0.4964, clean acc: 0.9183, eval anchor loss: 0.1467, backdoor acc: 0.0000
2026-04-20 11:32:44,531 - => Stage 1 client 0 epoch 4/20, ce loss: 0.3835, train anchor loss: 0.1542, total loss: 0.4915, clean acc: 0.9193, eval anchor loss: 0.1533, backdoor acc: 0.0000
2026-04-20 11:32:50,030 - => Stage 1 client 0 epoch 5/20, ce loss: 0.3822, train anchor loss: 0.1562, total loss: 0.4916, clean acc: 0.9189, eval anchor loss: 0.1472, backdoor acc: 0.0000
2026-04-20 11:32:55,555 - => Stage 1 client 0 epoch 6/20, ce loss: 0.3812, train anchor loss: 0.1544, total loss: 0.4893, clean acc: 0.9183, eval anchor loss: 0.1494, backdoor acc: 0.0000
2026-04-20 11:33:01,287 - => Stage 1 client 0 epoch 7/20, ce loss: 0.3816, train anchor loss: 0.1550, total loss: 0.4901, clean acc: 0.9186, eval anchor loss: 0.1498, backdoor acc: 0.0000
2026-04-20 11:33:06,815 - => Stage 1 client 0 epoch 8/20, ce loss: 0.3805, train anchor loss: 0.1547, total loss: 0.4887, clean acc: 0.9173, eval anchor loss: 0.1511, backdoor acc: 0.0000
2026-04-20 11:33:12,434 - => Stage 1 client 0 epoch 9/20, ce loss: 0.3803, train anchor loss: 0.1523, total loss: 0.4870, clean acc: 0.9209, eval anchor loss: 0.1480, backdoor acc: 0.0000
2026-04-20 11:33:18,152 - => Stage 1 client 0 epoch 10/20, ce loss: 0.3790, train anchor loss: 0.1533, total loss: 0.4863, clean acc: 0.9205, eval anchor loss: 0.1472, backdoor acc: 0.0000
2026-04-20 11:33:23,671 - => Stage 1 client 0 epoch 11/20, ce loss: 0.3793, train anchor loss: 0.1530, total loss: 0.4864, clean acc: 0.9211, eval anchor loss: 0.1424, backdoor acc: 0.0000
2026-04-20 11:33:29,186 - => Stage 1 client 0 epoch 12/20, ce loss: 0.3785, train anchor loss: 0.1530, total loss: 0.4856, clean acc: 0.9199, eval anchor loss: 0.1498, backdoor acc: 0.0000
2026-04-20 11:33:34,884 - => Stage 1 client 0 epoch 13/20, ce loss: 0.3783, train anchor loss: 0.1527, total loss: 0.4852, clean acc: 0.9219, eval anchor loss: 0.1539, backdoor acc: 0.0000
2026-04-20 11:33:40,397 - => Stage 1 client 0 epoch 14/20, ce loss: 0.3778, train anchor loss: 0.1523, total loss: 0.4844, clean acc: 0.9208, eval anchor loss: 0.1487, backdoor acc: 0.0000
2026-04-20 11:33:46,074 - => Stage 1 client 0 epoch 15/20, ce loss: 0.3770, train anchor loss: 0.1521, total loss: 0.4835, clean acc: 0.9204, eval anchor loss: 0.1480, backdoor acc: 0.0000
2026-04-20 11:33:51,555 - => Stage 1 client 0 epoch 16/20, ce loss: 0.3770, train anchor loss: 0.1522, total loss: 0.4835, clean acc: 0.9216, eval anchor loss: 0.1460, backdoor acc: 0.0000
2026-04-20 11:33:57,055 - => Stage 1 client 0 epoch 17/20, ce loss: 0.3770, train anchor loss: 0.1517, total loss: 0.4832, clean acc: 0.9199, eval anchor loss: 0.1560, backdoor acc: 0.0000
2026-04-20 11:34:02,770 - => Stage 1 client 0 epoch 18/20, ce loss: 0.3766, train anchor loss: 0.1521, total loss: 0.4831, clean acc: 0.9162, eval anchor loss: 0.1552, backdoor acc: 0.0000
2026-04-20 11:34:02,785 - => Stage 1 early stop triggered for passive client 0 at epoch 18/20; best clean acc: 0.9219 at epoch 13
2026-04-20 11:34:02,794 - => Stage 1 final summary for passive client 0: best epoch: 13, clean acc: 0.9219, anchor loss: 0.1539, backdoor acc: 0.0000
2026-04-20 11:34:02,796 - => Stage 1 start for passive client 1
2026-04-20 11:34:02,796 - => Stage 1 early stop for passive client 1: patience=5, min_delta=0.000100
2026-04-20 11:34:08,303 - => Stage 1 client 1 epoch 1/20, ce loss: 0.5267, train anchor loss: 0.4147, total loss: 0.8170, clean acc: 0.8859, eval anchor loss: 0.1884, backdoor acc: 0.0000
2026-04-20 11:34:13,807 - => Stage 1 client 1 epoch 2/20, ce loss: 0.4127, train anchor loss: 0.1744, total loss: 0.5348, clean acc: 0.8999, eval anchor loss: 0.1778, backdoor acc: 0.0000
2026-04-20 11:34:19,512 - => Stage 1 client 1 epoch 3/20, ce loss: 0.4031, train anchor loss: 0.1743, total loss: 0.5251, clean acc: 0.9014, eval anchor loss: 0.1710, backdoor acc: 0.0000
2026-04-20 11:34:25,031 - => Stage 1 client 1 epoch 4/20, ce loss: 0.4018, train anchor loss: 0.1735, total loss: 0.5233, clean acc: 0.9001, eval anchor loss: 0.1707, backdoor acc: 0.0000
2026-04-20 11:34:30,465 - => Stage 1 client 1 epoch 5/20, ce loss: 0.4030, train anchor loss: 0.1731, total loss: 0.5241, clean acc: 0.9015, eval anchor loss: 0.1735, backdoor acc: 0.0000
2026-04-20 11:34:36,138 - => Stage 1 client 1 epoch 6/20, ce loss: 0.4023, train anchor loss: 0.1760, total loss: 0.5255, clean acc: 0.9010, eval anchor loss: 0.1660, backdoor acc: 0.0000
2026-04-20 11:34:41,142 - => Stage 1 client 1 epoch 7/20, ce loss: 0.4004, train anchor loss: 0.1729, total loss: 0.5215, clean acc: 0.9018, eval anchor loss: 0.1669, backdoor acc: 0.0000
2026-04-20 11:34:46,162 - => Stage 1 client 1 epoch 8/20, ce loss: 0.4011, train anchor loss: 0.1711, total loss: 0.5209, clean acc: 0.8961, eval anchor loss: 0.1807, backdoor acc: 0.0000
2026-04-20 11:34:51,353 - => Stage 1 client 1 epoch 9/20, ce loss: 0.4010, train anchor loss: 0.1712, total loss: 0.5208, clean acc: 0.9037, eval anchor loss: 0.1676, backdoor acc: 0.0000
2026-04-20 11:34:56,426 - => Stage 1 client 1 epoch 10/20, ce loss: 0.3999, train anchor loss: 0.1706, total loss: 0.5193, clean acc: 0.9033, eval anchor loss: 0.1701, backdoor acc: 0.0000
2026-04-20 11:35:01,943 - => Stage 1 client 1 epoch 11/20, ce loss: 0.3998, train anchor loss: 0.1709, total loss: 0.5195, clean acc: 0.9048, eval anchor loss: 0.1713, backdoor acc: 0.0000
2026-04-20 11:35:07,608 - => Stage 1 client 1 epoch 12/20, ce loss: 0.4004, train anchor loss: 0.1701, total loss: 0.5194, clean acc: 0.9027, eval anchor loss: 0.1715, backdoor acc: 0.0000
2026-04-20 11:35:12,625 - => Stage 1 client 1 epoch 13/20, ce loss: 0.3997, train anchor loss: 0.1713, total loss: 0.5196, clean acc: 0.9039, eval anchor loss: 0.1669, backdoor acc: 0.0000
2026-04-20 11:35:17,624 - => Stage 1 client 1 epoch 14/20, ce loss: 0.4003, train anchor loss: 0.1709, total loss: 0.5199, clean acc: 0.9023, eval anchor loss: 0.1664, backdoor acc: 0.0000
2026-04-20 11:35:22,876 - => Stage 1 client 1 epoch 15/20, ce loss: 0.4003, train anchor loss: 0.1700, total loss: 0.5193, clean acc: 0.9039, eval anchor loss: 0.1753, backdoor acc: 0.0000
2026-04-20 11:35:28,460 - => Stage 1 client 1 epoch 16/20, ce loss: 0.3991, train anchor loss: 0.1699, total loss: 0.5181, clean acc: 0.9007, eval anchor loss: 0.1691, backdoor acc: 0.0000
2026-04-20 11:35:28,475 - => Stage 1 early stop triggered for passive client 1 at epoch 16/20; best clean acc: 0.9048 at epoch 11
2026-04-20 11:35:28,486 - => Stage 1 final summary for passive client 1: best epoch: 11, clean acc: 0.9048, anchor loss: 0.1713, backdoor acc: 0.0000
2026-04-20 11:35:28,493 - => Stage 1 start for passive client 2
2026-04-20 11:35:28,493 - => Stage 1 early stop for passive client 2: patience=5, min_delta=0.000100
2026-04-20 11:35:34,035 - => Stage 1 client 2 epoch 1/20, ce loss: 0.6573, train anchor loss: 0.2189, total loss: 0.8106, clean acc: 0.7248, eval anchor loss: 0.0241, backdoor acc: 1.0000
2026-04-20 11:35:40,074 - => Stage 1 client 2 epoch 2/20, ce loss: 0.6804, train anchor loss: 0.0178, total loss: 0.6929, clean acc: 0.7255, eval anchor loss: 0.0297, backdoor acc: 0.9998
2026-04-20 11:35:46,107 - => Stage 1 client 2 epoch 3/20, ce loss: 0.6758, train anchor loss: 0.0241, total loss: 0.6927, clean acc: 0.7263, eval anchor loss: 0.0221, backdoor acc: 1.0000
2026-04-20 11:35:52,090 - => Stage 1 client 2 epoch 4/20, ce loss: 0.5009, train anchor loss: 0.0949, total loss: 0.5673, clean acc: 0.9076, eval anchor loss: 0.2023, backdoor acc: 1.0000
2026-04-20 11:35:58,261 - => Stage 1 client 2 epoch 5/20, ce loss: 0.3408, train anchor loss: 0.1446, total loss: 0.4421, clean acc: 0.9111, eval anchor loss: 0.1902, backdoor acc: 1.0000
2026-04-20 11:36:04,254 - => Stage 1 client 2 epoch 6/20, ce loss: 0.3377, train anchor loss: 0.1430, total loss: 0.4378, clean acc: 0.9127, eval anchor loss: 0.1907, backdoor acc: 1.0000
2026-04-20 11:36:10,422 - => Stage 1 client 2 epoch 7/20, ce loss: 0.3335, train anchor loss: 0.1371, total loss: 0.4295, clean acc: 0.9204, eval anchor loss: 0.1797, backdoor acc: 1.0000
2026-04-20 11:36:16,402 - => Stage 1 client 2 epoch 8/20, ce loss: 0.3296, train anchor loss: 0.1338, total loss: 0.4233, clean acc: 0.9220, eval anchor loss: 0.1708, backdoor acc: 0.9998
2026-04-20 11:36:22,286 - => Stage 1 client 2 epoch 9/20, ce loss: 0.3283, train anchor loss: 0.1309, total loss: 0.4200, clean acc: 0.9246, eval anchor loss: 0.1744, backdoor acc: 1.0000
2026-04-20 11:36:28,025 - => Stage 1 client 2 epoch 10/20, ce loss: 0.3264, train anchor loss: 0.1293, total loss: 0.4169, clean acc: 0.9266, eval anchor loss: 0.1742, backdoor acc: 1.0000
2026-04-20 11:36:34,009 - => Stage 1 client 2 epoch 11/20, ce loss: 0.3251, train anchor loss: 0.1282, total loss: 0.4149, clean acc: 0.9275, eval anchor loss: 0.1688, backdoor acc: 1.0000
2026-04-20 11:36:40,140 - => Stage 1 client 2 epoch 12/20, ce loss: 0.3252, train anchor loss: 0.1274, total loss: 0.4144, clean acc: 0.9262, eval anchor loss: 0.1747, backdoor acc: 1.0000
2026-04-20 11:36:46,084 - => Stage 1 client 2 epoch 13/20, ce loss: 0.3242, train anchor loss: 0.1275, total loss: 0.4134, clean acc: 0.9272, eval anchor loss: 0.1750, backdoor acc: 1.0000
2026-04-20 11:36:52,053 - => Stage 1 client 2 epoch 14/20, ce loss: 0.3233, train anchor loss: 0.1262, total loss: 0.4117, clean acc: 0.9265, eval anchor loss: 0.1730, backdoor acc: 1.0000
2026-04-20 11:36:58,223 - => Stage 1 client 2 epoch 15/20, ce loss: 0.3235, train anchor loss: 0.1254, total loss: 0.4113, clean acc: 0.9262, eval anchor loss: 0.1726, backdoor acc: 1.0000
2026-04-20 11:37:04,202 - => Stage 1 client 2 epoch 16/20, ce loss: 0.3228, train anchor loss: 0.1243, total loss: 0.4098, clean acc: 0.9263, eval anchor loss: 0.1756, backdoor acc: 1.0000
2026-04-20 11:37:04,218 - => Stage 1 early stop triggered for passive client 2 at epoch 16/20; best clean acc: 0.9275 at epoch 11
2026-04-20 11:37:04,227 - => Stage 1 final summary for passive client 2: best epoch: 11, clean acc: 0.9275, anchor loss: 0.1688, backdoor acc: 1.0000
2026-04-20 11:37:04,248 - => Stage 1 metrics were also saved to './results/AVGuard/lambda_anchor_sensitivity/PHISHING/stage1/anchor_stage1\stage1_metrics.json'
2026-04-20 11:37:04,248 - => Saved stage1 passive-party local models and anchors to './results/AVGuard/lambda_anchor_sensitivity/PHISHING/stage1/anchor_stage1'
2026-04-20 11:37:04,252 - => Saved anchor artifact to './results/AVGuard/lambda_anchor_sensitivity/PHISHING/stage1/anchor_artifact.pt'
2026-04-20 11:37:04,252 - => Stage 3 is ready; it will use Stage 1 client reliability from the loaded anchor state when available. Stage 2 client anchor-loss stats are optional diagnostics.
