2026-04-20 18:49:32,845 - Namespace(config='', data_dir='./dataset/', dataset='IEEE_CIS_FRAUD', device=0, results_dir='./results/AVGuard/lambda_anchor_sensitivity/IEEE_CIS_FRAUD/lambda_anchor_0.5/stage3', seed=100, epoch=100, batch_size=256, client_num=3, pretrained_checkpoint=None, test_checkpoint='./results/AVGuard/lambda_anchor_sensitivity/IEEE_CIS_FRAUD/lambda_anchor_0.5/stage2/best_checkpoint.pth.tar', resume_latest=False, lr=0.001, start_epoch=0, print_steps=10, early_stop=20, attack='LFBA', target_label=None, poison_rate=0.25, poison_dimensions=30, trigger_feature_clip=1.0, attack_client_num=2, feature_extractor='', select_rate=0.3, lfba_poison_source='gradient', random_select=False, poison_all=False, anchor_idx=1001, pretrain_stage=0, mode='test', defense='anchor', defense_scheme='AVGuard', enable_stage1=True, force_stage1_retrain=False, enable_anchor_loss=True, lambda_anchor=0.5, lambda_stage1_anchor=0.5, anchor_pretrain_epochs=5, anchor_pretrain_early_stop=5, anchor_pretrain_min_delta=0.0001, anchor_scale=1.0, anchor_margin=0.0, anchor_bank_path='./results/AVGuard/lambda_anchor_sensitivity/IEEE_CIS_FRAUD/stage1/anchor_artifact.pt', anchor_stage1_dir='./results/AVGuard/lambda_anchor_sensitivity/IEEE_CIS_FRAUD/stage1/anchor_stage1', anchor_ema_momentum=1.0, anchor_ema_update_freq=1, stage3_enable_joint_weighted_voting=True, stage3_enable_static_reliability=True, gamma=2.0, theta_supp=0.15, enable_conservative_correction=False, tau_corr=0.0, top_k=4, stage3_debug_batches=0, stage3_debug_max_samples=8, original_dataset='IEEE-CIS-FRAUD', attack_target_label=None, anchor_margin_auto_adjusted=False, requested_anchor_margin=0.0)
2026-04-20 18:49:32,847 - => Canonicalized dataset name from 'IEEE-CIS-FRAUD' to 'IEEE_CIS_FRAUD'; legacy NUS-WIDE aliases now share the unified NUSWIDE entry
2026-04-20 18:49:32,848 - => Defense scheme: AVGuard
2026-04-20 18:49:32,848 - => LFBA poison-set source: gradient
2026-04-20 18:49:32,848 - => Python executable: D:\python3\generative-compression-master1\KAVF\python.exe
2026-04-20 18:49:32,849 - => Torch version: 2.7.1+cu126, compiled CUDA: 12.6, cuda available: True, visible GPU count: 1
2026-04-20 18:49:32,849 - => Using GPU cuda:0 (NVIDIA GeForce RTX 4080)
2026-04-20 18:49:32,849 - => Preparing data...
2026-04-20 18:49:33,897 - => IEEE-CIS-Fraud directory: ./dataset/data_raw\processed\IEEE-CIS-Fraud
2026-04-20 18:49:33,898 - => IEEE-CIS-Fraud feature dim: 432, train samples: 49591, test samples: 12398
2026-04-20 18:49:33,909 - => Resolved LFBA attack target label=1 from training anchor_idx=1001
2026-04-20 18:49:34,011 - => Loading checkpoint './results/AVGuard/lambda_anchor_sensitivity/IEEE_CIS_FRAUD/lambda_anchor_0.5/stage2/best_checkpoint.pth.tar'
2026-04-20 18:49:34,111 - => checkpoint './results/AVGuard/lambda_anchor_sensitivity/IEEE_CIS_FRAUD/lambda_anchor_0.5/stage2/best_checkpoint.pth.tar' requires full pickle loading; falling back to weights_only=False
2026-04-20 18:49:34,149 - => Loaded checkpoint './results/AVGuard/lambda_anchor_sensitivity/IEEE_CIS_FRAUD/lambda_anchor_0.5/stage2/best_checkpoint.pth.tar' (epoch 5, best clean accuracy: 0.8313)
2026-04-20 18:49:34,150 - => Loading anchor defense state from checkpoint
2026-04-20 18:49:34,233 - => Stage 3 is ready; it will use Stage 1 client reliability from the loaded anchor state when available. Stage 2 client anchor-loss stats are optional diagnostics.
2026-04-20 18:49:34,240 - =>Add Trigger to Test Data
2026-04-20 18:49:35,145 - Add Trigger to 8265 Bad Samples, 4133 Clean Samples (1.00)
2026-04-20 18:49:35,151 - => Restored LFBA runtime state: cached_features=49591, poison_indexes=12397, anchor_label=1
2026-04-20 18:49:35,152 - => Test ASR...
2026-04-20 18:49:35,167 - =>Add Trigger to Test Data
2026-04-20 18:49:36,069 - Add Trigger to 8265 Bad Samples, 4133 Clean Samples (1.00)
2026-04-20 18:49:38,416 - => Test Epoch: 5, main task samples: 12398, attack samples: 12398, test loss: 0.3586, clean acc: 0.8234, Top-2: 1.0000, ASR: 0.0935, RAC: 0.7813, test target accuracy: 0.6402, stage3 final accuracy: 0.8234, stage3 final target accuracy: 0.5308, stage3 final asr: 0.0935, anchor loss: 0.2425
2026-04-20 18:49:38,417 - => Stage 3 Detection Summary: recall: 0.9063, precision: 0.8867, f1: 0.8964, false positive rate: 0.0769, correction rate: 0.9063
2026-04-20 18:49:38,417 - => Stage 3 Debug (clean): suspicious=953/12398, correction_applied=951, prediction_changed=951, skipped_tied_vote=0, skipped_low_margin=0, skipped_other=2
2026-04-20 18:49:38,417 - => Stage 3 Debug (poison-valid): suspicious=7470/8265, correction_applied=7470, prediction_changed=7470, skipped_tied_vote=0, skipped_low_margin=0, skipped_other=0
2026-04-20 18:49:38,418 - => Stage 3 Debug (attack-success): suspicious=7469/8241, correction_applied=7469, prediction_changed=7469, corrected_to_true=7469
