2026-04-28 20:03:55,135 - Namespace(config='', data_dir='./dataset/', dataset='IEEE_CIS_FRAUD', device=0, results_dir='./results/AVGuard/threeclient_full_avguard_fixed_lambda_anchor_theta_supp_sensitivity/theta_supp_0.20/IEEE_CIS_FRAUD/stage1', seed=100, epoch=100, batch_size=256, client_num=3, pretrained_checkpoint='./results/AVGuard/threeclient_full_avguard_fixed_lambda_anchor_theta_supp_sensitivity/theta_supp_0.20/IEEE_CIS_FRAUD/stage1\\latest_checkpoint.pth.tar', test_checkpoint=None, resume_latest=True, lr=0.001, start_epoch=0, print_steps=10, early_stop=20, attack='LFBA', target_label=None, poison_rate=0.25, poison_dimensions=30, trigger_feature_clip=1.0, attack_client_num=2, feature_extractor='', select_rate=0.3, lfba_poison_source='gradient', random_select=False, poison_all=False, anchor_idx=1001, pretrain_stage=0, mode='pretrain_anchor', defense='anchor', defense_scheme='AVGuard', enable_stage1=True, force_stage1_retrain=True, enable_anchor_loss=True, lambda_anchor=0.5, lambda_stage1_anchor=0.5, anchor_pretrain_epochs=20, anchor_pretrain_early_stop=10, anchor_pretrain_min_delta=0.0001, anchor_scale=1, anchor_margin=0, anchor_bank_path='./results/AVGuard/threeclient_full_avguard_fixed_lambda_anchor_theta_supp_sensitivity/theta_supp_0.20/IEEE_CIS_FRAUD/stage1/anchor_artifact.pt', anchor_stage1_dir='./results/AVGuard/threeclient_full_avguard_fixed_lambda_anchor_theta_supp_sensitivity/theta_supp_0.20/IEEE_CIS_FRAUD/stage1/anchor_stage1', anchor_ema_momentum=1.0, anchor_ema_update_freq=1, stage3_enable_joint_weighted_voting=True, stage3_enable_static_reliability=True, disable_stage3_eval=False, gamma=2.0, theta_supp=0.15, stage3_required_support_count=2, enable_conservative_correction=False, tau_corr=0.0, top_k=4, stage3_debug_batches=0, stage3_debug_max_samples=8, original_dataset='IEEE-CIS-FRAUD', attack_target_label=None, anchor_margin_auto_adjusted=False, requested_anchor_margin=0)
2026-04-28 20:03:55,138 - => Canonicalized dataset name from 'IEEE-CIS-FRAUD' to 'IEEE_CIS_FRAUD'; legacy NUS-WIDE aliases now share the unified NUSWIDE entry
2026-04-28 20:03:55,139 - => Defense scheme: AVGuard
2026-04-28 20:03:55,140 - => LFBA poison-set source: gradient
2026-04-28 20:03:55,140 - => Python executable: D:\python3\generative-compression-master1\KAVF\python.exe
2026-04-28 20:03:55,141 - => Torch version: 2.7.1+cu126, compiled CUDA: 12.6, cuda available: True, visible GPU count: 1
2026-04-28 20:03:55,142 - => Using GPU cuda:0 (NVIDIA GeForce RTX 4080)
2026-04-28 20:03:55,142 - => Preparing data...
2026-04-28 20:03:56,387 - => IEEE-CIS-Fraud directory: ./dataset/data_raw\processed\IEEE-CIS-Fraud
2026-04-28 20:03:56,388 - => IEEE-CIS-Fraud feature dim: 432, train samples: 49591, test samples: 12398
2026-04-28 20:03:56,400 - => Resolved LFBA attack target label=1 from training anchor_idx=1001
2026-04-28 20:03:56,520 - => No checkpoint found at './results/AVGuard/threeclient_full_avguard_fixed_lambda_anchor_theta_supp_sensitivity/theta_supp_0.20/IEEE_CIS_FRAUD/stage1\latest_checkpoint.pth.tar'
2026-04-28 20:03:56,521 - => Enter Stage 1: passive local backbones are trained with active-party private two-layer MLP heads
2026-04-28 20:03:56,521 - => Stage 1 latest checkpoint path: './results/AVGuard/threeclient_full_avguard_fixed_lambda_anchor_theta_supp_sensitivity/theta_supp_0.20/IEEE_CIS_FRAUD/stage1\latest_checkpoint.pth.tar'
2026-04-28 20:03:56,599 - =>Add Trigger to Train Data
2026-04-28 20:03:57,317 - Add Trigger to 12397 Bad Samples, 37194 Clean Samples (0.25)
2026-04-28 20:03:57,323 - =>Add Trigger to Test Data
2026-04-28 20:03:57,806 - Add Trigger to 12398 Bad Samples, 0 Clean Samples (1.00)
2026-04-28 20:03:57,830 - => Stage 1 start for passive client 0
2026-04-28 20:03:57,831 - => Stage 1 early stop for passive client 0: patience=10, min_delta=0.000100
2026-04-28 20:04:02,119 - => Stage 1 client 0 epoch 1/20, ce loss: 0.5844, train anchor loss: 0.6609, total loss: 0.9149, clean acc: 0.7950, eval anchor loss: 0.1832, backdoor acc: 0.0000
2026-04-28 20:04:06,089 - => Stage 1 client 0 epoch 2/20, ce loss: 0.5575, train anchor loss: 0.1883, total loss: 0.6516, clean acc: 0.8084, eval anchor loss: 0.1975, backdoor acc: 0.0000
2026-04-28 20:04:10,157 - => Stage 1 client 0 epoch 3/20, ce loss: 0.5359, train anchor loss: 0.2028, total loss: 0.6373, clean acc: 0.8178, eval anchor loss: 0.1937, backdoor acc: 0.0000
2026-04-28 20:04:14,151 - => Stage 1 client 0 epoch 4/20, ce loss: 0.5231, train anchor loss: 0.2091, total loss: 0.6277, clean acc: 0.8213, eval anchor loss: 0.2222, backdoor acc: 0.0000
2026-04-28 20:04:18,286 - => Stage 1 client 0 epoch 5/20, ce loss: 0.5075, train anchor loss: 0.2177, total loss: 0.6163, clean acc: 0.8256, eval anchor loss: 0.2306, backdoor acc: 0.0000
2026-04-28 20:04:22,318 - => Stage 1 client 0 epoch 6/20, ce loss: 0.4959, train anchor loss: 0.2235, total loss: 0.6076, clean acc: 0.8246, eval anchor loss: 0.2391, backdoor acc: 0.0000
2026-04-28 20:04:26,355 - => Stage 1 client 0 epoch 7/20, ce loss: 0.4814, train anchor loss: 0.2311, total loss: 0.5969, clean acc: 0.8328, eval anchor loss: 0.2539, backdoor acc: 0.0000
2026-04-28 20:04:30,383 - => Stage 1 client 0 epoch 8/20, ce loss: 0.4724, train anchor loss: 0.2343, total loss: 0.5895, clean acc: 0.8292, eval anchor loss: 0.2505, backdoor acc: 0.0000
2026-04-28 20:04:34,141 - => Stage 1 client 0 epoch 9/20, ce loss: 0.4670, train anchor loss: 0.2315, total loss: 0.5828, clean acc: 0.8331, eval anchor loss: 0.2565, backdoor acc: 0.0000
2026-04-28 20:04:38,077 - => Stage 1 client 0 epoch 10/20, ce loss: 0.4602, train anchor loss: 0.2321, total loss: 0.5762, clean acc: 0.8420, eval anchor loss: 0.2467, backdoor acc: 0.0000
2026-04-28 20:04:42,067 - => Stage 1 client 0 epoch 11/20, ce loss: 0.4548, train anchor loss: 0.2292, total loss: 0.5694, clean acc: 0.8394, eval anchor loss: 0.2615, backdoor acc: 0.0000
2026-04-28 20:04:46,092 - => Stage 1 client 0 epoch 12/20, ce loss: 0.4514, train anchor loss: 0.2277, total loss: 0.5652, clean acc: 0.8391, eval anchor loss: 0.2627, backdoor acc: 0.0000
2026-04-28 20:04:50,176 - => Stage 1 client 0 epoch 13/20, ce loss: 0.4484, train anchor loss: 0.2281, total loss: 0.5625, clean acc: 0.8407, eval anchor loss: 0.2724, backdoor acc: 0.0000
2026-04-28 20:04:54,155 - => Stage 1 client 0 epoch 14/20, ce loss: 0.4448, train anchor loss: 0.2277, total loss: 0.5586, clean acc: 0.8416, eval anchor loss: 0.2719, backdoor acc: 0.0000
2026-04-28 20:04:58,123 - => Stage 1 client 0 epoch 15/20, ce loss: 0.4422, train anchor loss: 0.2257, total loss: 0.5550, clean acc: 0.8480, eval anchor loss: 0.2682, backdoor acc: 0.0000
2026-04-28 20:05:02,077 - => Stage 1 client 0 epoch 16/20, ce loss: 0.4373, train anchor loss: 0.2252, total loss: 0.5499, clean acc: 0.8455, eval anchor loss: 0.2691, backdoor acc: 0.0000
2026-04-28 20:05:06,120 - => Stage 1 client 0 epoch 17/20, ce loss: 0.4359, train anchor loss: 0.2247, total loss: 0.5482, clean acc: 0.8430, eval anchor loss: 0.2686, backdoor acc: 0.0000
2026-04-28 20:05:10,254 - => Stage 1 client 0 epoch 18/20, ce loss: 0.4316, train anchor loss: 0.2215, total loss: 0.5424, clean acc: 0.8492, eval anchor loss: 0.2676, backdoor acc: 0.0000
2026-04-28 20:05:14,305 - => Stage 1 client 0 epoch 19/20, ce loss: 0.4293, train anchor loss: 0.2203, total loss: 0.5394, clean acc: 0.8475, eval anchor loss: 0.2739, backdoor acc: 0.0000
2026-04-28 20:05:18,274 - => Stage 1 client 0 epoch 20/20, ce loss: 0.4287, train anchor loss: 0.2193, total loss: 0.5384, clean acc: 0.8451, eval anchor loss: 0.2858, backdoor acc: 0.0000
2026-04-28 20:05:18,307 - => Stage 1 final summary for passive client 0: best epoch: 18, clean acc: 0.8492, anchor loss: 0.2676, backdoor acc: 0.0000
2026-04-28 20:05:18,309 - => Stage 1 start for passive client 1
2026-04-28 20:05:18,310 - => Stage 1 early stop for passive client 1: patience=10, min_delta=0.000100
2026-04-28 20:05:22,288 - => Stage 1 client 1 epoch 1/20, ce loss: 0.5903, train anchor loss: 0.6774, total loss: 0.9290, clean acc: 0.7843, eval anchor loss: 0.1986, backdoor acc: 0.0000
2026-04-28 20:05:26,448 - => Stage 1 client 1 epoch 2/20, ce loss: 0.5914, train anchor loss: 0.1659, total loss: 0.6744, clean acc: 0.7898, eval anchor loss: 0.1578, backdoor acc: 0.0000
2026-04-28 20:05:30,409 - => Stage 1 client 1 epoch 3/20, ce loss: 0.5809, train anchor loss: 0.1687, total loss: 0.6652, clean acc: 0.7910, eval anchor loss: 0.1677, backdoor acc: 0.0000
2026-04-28 20:05:34,365 - => Stage 1 client 1 epoch 4/20, ce loss: 0.5728, train anchor loss: 0.1794, total loss: 0.6625, clean acc: 0.7929, eval anchor loss: 0.1889, backdoor acc: 0.0000
2026-04-28 20:05:38,371 - => Stage 1 client 1 epoch 5/20, ce loss: 0.5672, train anchor loss: 0.1869, total loss: 0.6606, clean acc: 0.7918, eval anchor loss: 0.1858, backdoor acc: 0.0000
2026-04-28 20:05:42,450 - => Stage 1 client 1 epoch 6/20, ce loss: 0.5657, train anchor loss: 0.1850, total loss: 0.6582, clean acc: 0.7943, eval anchor loss: 0.1990, backdoor acc: 0.0000
2026-04-28 20:05:46,077 - => Stage 1 client 1 epoch 7/20, ce loss: 0.5601, train anchor loss: 0.1932, total loss: 0.6567, clean acc: 0.7913, eval anchor loss: 0.1980, backdoor acc: 0.0000
2026-04-28 20:05:50,017 - => Stage 1 client 1 epoch 8/20, ce loss: 0.5581, train anchor loss: 0.1944, total loss: 0.6552, clean acc: 0.7962, eval anchor loss: 0.2054, backdoor acc: 0.0000
2026-04-28 20:05:53,966 - => Stage 1 client 1 epoch 9/20, ce loss: 0.5549, train anchor loss: 0.1975, total loss: 0.6537, clean acc: 0.7930, eval anchor loss: 0.2064, backdoor acc: 0.0000
2026-04-28 20:05:57,717 - => Stage 1 client 1 epoch 10/20, ce loss: 0.5541, train anchor loss: 0.1984, total loss: 0.6533, clean acc: 0.7944, eval anchor loss: 0.2052, backdoor acc: 0.0000
2026-04-28 20:06:01,677 - => Stage 1 client 1 epoch 11/20, ce loss: 0.5533, train anchor loss: 0.1989, total loss: 0.6527, clean acc: 0.7932, eval anchor loss: 0.2161, backdoor acc: 0.0000
2026-04-28 20:06:05,605 - => Stage 1 client 1 epoch 12/20, ce loss: 0.5490, train anchor loss: 0.2041, total loss: 0.6510, clean acc: 0.7959, eval anchor loss: 0.1931, backdoor acc: 0.0000
2026-04-28 20:06:09,589 - => Stage 1 client 1 epoch 13/20, ce loss: 0.5498, train anchor loss: 0.2015, total loss: 0.6506, clean acc: 0.7923, eval anchor loss: 0.2046, backdoor acc: 0.0000
2026-04-28 20:06:13,175 - => Stage 1 client 1 epoch 14/20, ce loss: 0.5478, train anchor loss: 0.2039, total loss: 0.6498, clean acc: 0.7960, eval anchor loss: 0.2068, backdoor acc: 0.0000
2026-04-28 20:06:17,244 - => Stage 1 client 1 epoch 15/20, ce loss: 0.5458, train anchor loss: 0.2048, total loss: 0.6482, clean acc: 0.7967, eval anchor loss: 0.2287, backdoor acc: 0.0000
2026-04-28 20:06:20,866 - => Stage 1 client 1 epoch 16/20, ce loss: 0.5432, train anchor loss: 0.2081, total loss: 0.6472, clean acc: 0.7973, eval anchor loss: 0.2194, backdoor acc: 0.0000
2026-04-28 20:06:24,820 - => Stage 1 client 1 epoch 17/20, ce loss: 0.5422, train anchor loss: 0.2111, total loss: 0.6477, clean acc: 0.7946, eval anchor loss: 0.1999, backdoor acc: 0.0000
2026-04-28 20:06:28,852 - => Stage 1 client 1 epoch 18/20, ce loss: 0.5435, train anchor loss: 0.2060, total loss: 0.6465, clean acc: 0.7984, eval anchor loss: 0.2135, backdoor acc: 0.0000
2026-04-28 20:06:33,033 - => Stage 1 client 1 epoch 19/20, ce loss: 0.5398, train anchor loss: 0.2120, total loss: 0.6458, clean acc: 0.7974, eval anchor loss: 0.2118, backdoor acc: 0.0000
2026-04-28 20:06:37,050 - => Stage 1 client 1 epoch 20/20, ce loss: 0.5399, train anchor loss: 0.2120, total loss: 0.6458, clean acc: 0.7971, eval anchor loss: 0.2191, backdoor acc: 0.0000
2026-04-28 20:06:37,085 - => Stage 1 final summary for passive client 1: best epoch: 18, clean acc: 0.7984, anchor loss: 0.2135, backdoor acc: 0.0000
2026-04-28 20:06:37,087 - => Stage 1 start for passive client 2
2026-04-28 20:06:37,088 - => Stage 1 early stop for passive client 2: patience=10, min_delta=0.000100
2026-04-28 20:06:41,532 - => Stage 1 client 2 epoch 1/20, ce loss: 0.5503, train anchor loss: 0.7390, total loss: 0.9198, clean acc: 0.7567, eval anchor loss: 0.3401, backdoor acc: 1.0000
2026-04-28 20:06:45,911 - => Stage 1 client 2 epoch 2/20, ce loss: 0.5101, train anchor loss: 0.2408, total loss: 0.6305, clean acc: 0.7656, eval anchor loss: 0.2870, backdoor acc: 1.0000
2026-04-28 20:06:50,424 - => Stage 1 client 2 epoch 3/20, ce loss: 0.5001, train anchor loss: 0.2295, total loss: 0.6149, clean acc: 0.7704, eval anchor loss: 0.3153, backdoor acc: 1.0000
2026-04-28 20:06:54,768 - => Stage 1 client 2 epoch 4/20, ce loss: 0.4887, train anchor loss: 0.2373, total loss: 0.6074, clean acc: 0.7834, eval anchor loss: 0.2967, backdoor acc: 1.0000
2026-04-28 20:06:59,070 - => Stage 1 client 2 epoch 5/20, ce loss: 0.4829, train anchor loss: 0.2384, total loss: 0.6021, clean acc: 0.7817, eval anchor loss: 0.3049, backdoor acc: 1.0000
2026-04-28 20:07:03,563 - => Stage 1 client 2 epoch 6/20, ce loss: 0.4821, train anchor loss: 0.2403, total loss: 0.6023, clean acc: 0.7879, eval anchor loss: 0.2796, backdoor acc: 1.0000
2026-04-28 20:07:07,951 - => Stage 1 client 2 epoch 7/20, ce loss: 0.4803, train anchor loss: 0.2354, total loss: 0.5980, clean acc: 0.7913, eval anchor loss: 0.2940, backdoor acc: 1.0000
2026-04-28 20:07:12,354 - => Stage 1 client 2 epoch 8/20, ce loss: 0.4781, train anchor loss: 0.2344, total loss: 0.5953, clean acc: 0.7875, eval anchor loss: 0.3067, backdoor acc: 1.0000
2026-04-28 20:07:16,742 - => Stage 1 client 2 epoch 9/20, ce loss: 0.4780, train anchor loss: 0.2349, total loss: 0.5954, clean acc: 0.7878, eval anchor loss: 0.2956, backdoor acc: 1.0000
2026-04-28 20:07:21,216 - => Stage 1 client 2 epoch 10/20, ce loss: 0.4759, train anchor loss: 0.2331, total loss: 0.5925, clean acc: 0.7938, eval anchor loss: 0.2903, backdoor acc: 1.0000
2026-04-28 20:07:25,538 - => Stage 1 client 2 epoch 11/20, ce loss: 0.4751, train anchor loss: 0.2333, total loss: 0.5917, clean acc: 0.7925, eval anchor loss: 0.2955, backdoor acc: 1.0000
2026-04-28 20:07:29,868 - => Stage 1 client 2 epoch 12/20, ce loss: 0.4751, train anchor loss: 0.2329, total loss: 0.5915, clean acc: 0.7805, eval anchor loss: 0.3062, backdoor acc: 1.0000
2026-04-28 20:07:34,224 - => Stage 1 client 2 epoch 13/20, ce loss: 0.4739, train anchor loss: 0.2325, total loss: 0.5901, clean acc: 0.7946, eval anchor loss: 0.2913, backdoor acc: 1.0000
2026-04-28 20:07:38,639 - => Stage 1 client 2 epoch 14/20, ce loss: 0.4761, train anchor loss: 0.2340, total loss: 0.5931, clean acc: 0.7940, eval anchor loss: 0.2917, backdoor acc: 1.0000
2026-04-28 20:07:42,971 - => Stage 1 client 2 epoch 15/20, ce loss: 0.4725, train anchor loss: 0.2310, total loss: 0.5880, clean acc: 0.7867, eval anchor loss: 0.3157, backdoor acc: 1.0000
2026-04-28 20:07:47,318 - => Stage 1 client 2 epoch 16/20, ce loss: 0.4731, train anchor loss: 0.2320, total loss: 0.5891, clean acc: 0.7910, eval anchor loss: 0.2942, backdoor acc: 1.0000
2026-04-28 20:07:51,792 - => Stage 1 client 2 epoch 17/20, ce loss: 0.4724, train anchor loss: 0.2322, total loss: 0.5884, clean acc: 0.7941, eval anchor loss: 0.2907, backdoor acc: 1.0000
2026-04-28 20:07:56,173 - => Stage 1 client 2 epoch 18/20, ce loss: 0.4717, train anchor loss: 0.2339, total loss: 0.5887, clean acc: 0.7968, eval anchor loss: 0.2881, backdoor acc: 1.0000
2026-04-28 20:08:00,614 - => Stage 1 client 2 epoch 19/20, ce loss: 0.4706, train anchor loss: 0.2317, total loss: 0.5865, clean acc: 0.7793, eval anchor loss: 0.3406, backdoor acc: 1.0000
2026-04-28 20:08:04,968 - => Stage 1 client 2 epoch 20/20, ce loss: 0.4711, train anchor loss: 0.2309, total loss: 0.5865, clean acc: 0.7943, eval anchor loss: 0.2978, backdoor acc: 1.0000
2026-04-28 20:08:04,996 - => Stage 1 final summary for passive client 2: best epoch: 18, clean acc: 0.7968, anchor loss: 0.2881, backdoor acc: 1.0000
2026-04-28 20:08:05,019 - => Stage 1 metrics were also saved to './results/AVGuard/threeclient_full_avguard_fixed_lambda_anchor_theta_supp_sensitivity/theta_supp_0.20/IEEE_CIS_FRAUD/stage1/anchor_stage1\stage1_metrics.json'
2026-04-28 20:08:05,020 - => Saved stage1 passive-party local models and anchors to './results/AVGuard/threeclient_full_avguard_fixed_lambda_anchor_theta_supp_sensitivity/theta_supp_0.20/IEEE_CIS_FRAUD/stage1/anchor_stage1'
2026-04-28 20:08:05,029 - => Saved anchor artifact to './results/AVGuard/threeclient_full_avguard_fixed_lambda_anchor_theta_supp_sensitivity/theta_supp_0.20/IEEE_CIS_FRAUD/stage1/anchor_artifact.pt'
2026-04-28 20:08:05,029 - => Stage 3 is ready; it will use Stage 1 client reliability from the loaded anchor state when available. Stage 2 client anchor-loss stats are optional diagnostics.
