2026-04-29 01:54:22,862 - Namespace(config='', data_dir='./dataset/', dataset='IEEE_CIS_FRAUD', device=0, results_dir='./results/AVGuard/threeclient_full_avguard_fixed_lambda_anchor_theta_supp_sensitivity/theta_supp_0.25/IEEE_CIS_FRAUD/stage1', seed=100, epoch=100, batch_size=256, client_num=3, pretrained_checkpoint='./results/AVGuard/threeclient_full_avguard_fixed_lambda_anchor_theta_supp_sensitivity/theta_supp_0.25/IEEE_CIS_FRAUD/stage1\\latest_checkpoint.pth.tar', test_checkpoint=None, resume_latest=True, lr=0.001, start_epoch=0, print_steps=10, early_stop=20, attack='LFBA', target_label=None, poison_rate=0.25, poison_dimensions=30, trigger_feature_clip=1.0, attack_client_num=2, feature_extractor='', select_rate=0.3, lfba_poison_source='gradient', random_select=False, poison_all=False, anchor_idx=1001, pretrain_stage=0, mode='pretrain_anchor', defense='anchor', defense_scheme='AVGuard', enable_stage1=True, force_stage1_retrain=True, enable_anchor_loss=True, lambda_anchor=0.5, lambda_stage1_anchor=0.5, anchor_pretrain_epochs=20, anchor_pretrain_early_stop=10, anchor_pretrain_min_delta=0.0001, anchor_scale=1, anchor_margin=0, anchor_bank_path='./results/AVGuard/threeclient_full_avguard_fixed_lambda_anchor_theta_supp_sensitivity/theta_supp_0.25/IEEE_CIS_FRAUD/stage1/anchor_artifact.pt', anchor_stage1_dir='./results/AVGuard/threeclient_full_avguard_fixed_lambda_anchor_theta_supp_sensitivity/theta_supp_0.25/IEEE_CIS_FRAUD/stage1/anchor_stage1', anchor_ema_momentum=1.0, anchor_ema_update_freq=1, stage3_enable_joint_weighted_voting=True, stage3_enable_static_reliability=True, disable_stage3_eval=False, gamma=2.0, theta_supp=0.15, stage3_required_support_count=2, enable_conservative_correction=False, tau_corr=0.0, top_k=4, stage3_debug_batches=0, stage3_debug_max_samples=8, original_dataset='IEEE-CIS-FRAUD', attack_target_label=None, anchor_margin_auto_adjusted=False, requested_anchor_margin=0)
2026-04-29 01:54:22,865 - => Canonicalized dataset name from 'IEEE-CIS-FRAUD' to 'IEEE_CIS_FRAUD'; legacy NUS-WIDE aliases now share the unified NUSWIDE entry
2026-04-29 01:54:22,865 - => Defense scheme: AVGuard
2026-04-29 01:54:22,866 - => LFBA poison-set source: gradient
2026-04-29 01:54:22,867 - => Python executable: D:\python3\generative-compression-master1\KAVF\python.exe
2026-04-29 01:54:22,868 - => Torch version: 2.7.1+cu126, compiled CUDA: 12.6, cuda available: True, visible GPU count: 1
2026-04-29 01:54:22,869 - => Using GPU cuda:0 (NVIDIA GeForce RTX 4080)
2026-04-29 01:54:22,869 - => Preparing data...
2026-04-29 01:54:24,135 - => IEEE-CIS-Fraud directory: ./dataset/data_raw\processed\IEEE-CIS-Fraud
2026-04-29 01:54:24,136 - => IEEE-CIS-Fraud feature dim: 432, train samples: 49591, test samples: 12398
2026-04-29 01:54:24,148 - => Resolved LFBA attack target label=1 from training anchor_idx=1001
2026-04-29 01:54:24,251 - => No checkpoint found at './results/AVGuard/threeclient_full_avguard_fixed_lambda_anchor_theta_supp_sensitivity/theta_supp_0.25/IEEE_CIS_FRAUD/stage1\latest_checkpoint.pth.tar'
2026-04-29 01:54:24,251 - => Enter Stage 1: passive local backbones are trained with active-party private two-layer MLP heads
2026-04-29 01:54:24,252 - => Stage 1 latest checkpoint path: './results/AVGuard/threeclient_full_avguard_fixed_lambda_anchor_theta_supp_sensitivity/theta_supp_0.25/IEEE_CIS_FRAUD/stage1\latest_checkpoint.pth.tar'
2026-04-29 01:54:24,327 - =>Add Trigger to Train Data
2026-04-29 01:54:24,979 - Add Trigger to 12397 Bad Samples, 37194 Clean Samples (0.25)
2026-04-29 01:54:24,983 - =>Add Trigger to Test Data
2026-04-29 01:54:25,434 - Add Trigger to 12398 Bad Samples, 0 Clean Samples (1.00)
2026-04-29 01:54:25,445 - => Stage 1 start for passive client 0
2026-04-29 01:54:25,446 - => Stage 1 early stop for passive client 0: patience=10, min_delta=0.000100
2026-04-29 01:54:29,305 - => Stage 1 client 0 epoch 1/20, ce loss: 0.5844, train anchor loss: 0.6609, total loss: 0.9149, clean acc: 0.7950, eval anchor loss: 0.1832, backdoor acc: 0.0000
2026-04-29 01:54:32,660 - => Stage 1 client 0 epoch 2/20, ce loss: 0.5575, train anchor loss: 0.1883, total loss: 0.6516, clean acc: 0.8084, eval anchor loss: 0.1975, backdoor acc: 0.0000
2026-04-29 01:54:35,978 - => Stage 1 client 0 epoch 3/20, ce loss: 0.5359, train anchor loss: 0.2028, total loss: 0.6373, clean acc: 0.8184, eval anchor loss: 0.1936, backdoor acc: 0.0000
2026-04-29 01:54:39,451 - => Stage 1 client 0 epoch 4/20, ce loss: 0.5232, train anchor loss: 0.2095, total loss: 0.6279, clean acc: 0.8212, eval anchor loss: 0.2183, backdoor acc: 0.0000
2026-04-29 01:54:43,373 - => Stage 1 client 0 epoch 5/20, ce loss: 0.5071, train anchor loss: 0.2172, total loss: 0.6157, clean acc: 0.8251, eval anchor loss: 0.2319, backdoor acc: 0.0000
2026-04-29 01:54:47,578 - => Stage 1 client 0 epoch 6/20, ce loss: 0.4960, train anchor loss: 0.2243, total loss: 0.6081, clean acc: 0.8276, eval anchor loss: 0.2399, backdoor acc: 0.0000
2026-04-29 01:54:51,481 - => Stage 1 client 0 epoch 7/20, ce loss: 0.4813, train anchor loss: 0.2316, total loss: 0.5971, clean acc: 0.8376, eval anchor loss: 0.2472, backdoor acc: 0.0000
2026-04-29 01:54:55,413 - => Stage 1 client 0 epoch 8/20, ce loss: 0.4724, train anchor loss: 0.2346, total loss: 0.5897, clean acc: 0.8359, eval anchor loss: 0.2415, backdoor acc: 0.0000
2026-04-29 01:54:59,306 - => Stage 1 client 0 epoch 9/20, ce loss: 0.4680, train anchor loss: 0.2322, total loss: 0.5841, clean acc: 0.8357, eval anchor loss: 0.2476, backdoor acc: 0.0000
2026-04-29 01:55:03,298 - => Stage 1 client 0 epoch 10/20, ce loss: 0.4609, train anchor loss: 0.2324, total loss: 0.5771, clean acc: 0.8384, eval anchor loss: 0.2581, backdoor acc: 0.0000
2026-04-29 01:55:07,204 - => Stage 1 client 0 epoch 11/20, ce loss: 0.4563, train anchor loss: 0.2295, total loss: 0.5711, clean acc: 0.8405, eval anchor loss: 0.2594, backdoor acc: 0.0000
2026-04-29 01:55:11,099 - => Stage 1 client 0 epoch 12/20, ce loss: 0.4516, train anchor loss: 0.2276, total loss: 0.5654, clean acc: 0.8396, eval anchor loss: 0.2670, backdoor acc: 0.0000
2026-04-29 01:55:15,099 - => Stage 1 client 0 epoch 13/20, ce loss: 0.4491, train anchor loss: 0.2295, total loss: 0.5639, clean acc: 0.8447, eval anchor loss: 0.2640, backdoor acc: 0.0000
2026-04-29 01:55:18,987 - => Stage 1 client 0 epoch 14/20, ce loss: 0.4430, train anchor loss: 0.2260, total loss: 0.5559, clean acc: 0.8452, eval anchor loss: 0.2684, backdoor acc: 0.0000
2026-04-29 01:55:22,918 - => Stage 1 client 0 epoch 15/20, ce loss: 0.4406, train anchor loss: 0.2262, total loss: 0.5537, clean acc: 0.8462, eval anchor loss: 0.2680, backdoor acc: 0.0000
2026-04-29 01:55:26,816 - => Stage 1 client 0 epoch 16/20, ce loss: 0.4375, train anchor loss: 0.2252, total loss: 0.5501, clean acc: 0.8497, eval anchor loss: 0.2652, backdoor acc: 0.0000
2026-04-29 01:55:30,715 - => Stage 1 client 0 epoch 17/20, ce loss: 0.4348, train anchor loss: 0.2239, total loss: 0.5468, clean acc: 0.8391, eval anchor loss: 0.2771, backdoor acc: 0.0000
2026-04-29 01:55:34,740 - => Stage 1 client 0 epoch 18/20, ce loss: 0.4334, train anchor loss: 0.2223, total loss: 0.5446, clean acc: 0.8492, eval anchor loss: 0.2634, backdoor acc: 0.0000
2026-04-29 01:55:38,751 - => Stage 1 client 0 epoch 19/20, ce loss: 0.4306, train anchor loss: 0.2219, total loss: 0.5415, clean acc: 0.8476, eval anchor loss: 0.2718, backdoor acc: 0.0000
2026-04-29 01:55:42,654 - => Stage 1 client 0 epoch 20/20, ce loss: 0.4284, train anchor loss: 0.2205, total loss: 0.5386, clean acc: 0.8427, eval anchor loss: 0.2881, backdoor acc: 0.0000
2026-04-29 01:55:42,693 - => Stage 1 final summary for passive client 0: best epoch: 16, clean acc: 0.8497, anchor loss: 0.2652, backdoor acc: 0.0000
2026-04-29 01:55:42,696 - => Stage 1 start for passive client 1
2026-04-29 01:55:42,696 - => Stage 1 early stop for passive client 1: patience=10, min_delta=0.000100
2026-04-29 01:55:46,528 - => Stage 1 client 1 epoch 1/20, ce loss: 0.5903, train anchor loss: 0.6774, total loss: 0.9290, clean acc: 0.7843, eval anchor loss: 0.1986, backdoor acc: 0.0000
2026-04-29 01:55:50,570 - => Stage 1 client 1 epoch 2/20, ce loss: 0.5914, train anchor loss: 0.1659, total loss: 0.6744, clean acc: 0.7898, eval anchor loss: 0.1578, backdoor acc: 0.0000
2026-04-29 01:55:54,499 - => Stage 1 client 1 epoch 3/20, ce loss: 0.5809, train anchor loss: 0.1687, total loss: 0.6652, clean acc: 0.7910, eval anchor loss: 0.1677, backdoor acc: 0.0000
2026-04-29 01:55:58,407 - => Stage 1 client 1 epoch 4/20, ce loss: 0.5728, train anchor loss: 0.1794, total loss: 0.6625, clean acc: 0.7929, eval anchor loss: 0.1889, backdoor acc: 0.0000
2026-04-29 01:56:02,348 - => Stage 1 client 1 epoch 5/20, ce loss: 0.5671, train anchor loss: 0.1869, total loss: 0.6606, clean acc: 0.7918, eval anchor loss: 0.1861, backdoor acc: 0.0000
2026-04-29 01:56:06,412 - => Stage 1 client 1 epoch 6/20, ce loss: 0.5657, train anchor loss: 0.1850, total loss: 0.6582, clean acc: 0.7942, eval anchor loss: 0.1955, backdoor acc: 0.0000
2026-04-29 01:56:10,367 - => Stage 1 client 1 epoch 7/20, ce loss: 0.5600, train anchor loss: 0.1933, total loss: 0.6566, clean acc: 0.7914, eval anchor loss: 0.1980, backdoor acc: 0.0000
2026-04-29 01:56:14,151 - => Stage 1 client 1 epoch 8/20, ce loss: 0.5580, train anchor loss: 0.1945, total loss: 0.6552, clean acc: 0.7953, eval anchor loss: 0.2088, backdoor acc: 0.0000
2026-04-29 01:56:18,063 - => Stage 1 client 1 epoch 9/20, ce loss: 0.5546, train anchor loss: 0.1982, total loss: 0.6537, clean acc: 0.7938, eval anchor loss: 0.2056, backdoor acc: 0.0000
2026-04-29 01:56:21,971 - => Stage 1 client 1 epoch 10/20, ce loss: 0.5542, train anchor loss: 0.1984, total loss: 0.6534, clean acc: 0.7934, eval anchor loss: 0.2035, backdoor acc: 0.0000
2026-04-29 01:56:25,871 - => Stage 1 client 1 epoch 11/20, ce loss: 0.5537, train anchor loss: 0.1984, total loss: 0.6529, clean acc: 0.7929, eval anchor loss: 0.2154, backdoor acc: 0.0000
2026-04-29 01:56:29,673 - => Stage 1 client 1 epoch 12/20, ce loss: 0.5492, train anchor loss: 0.2042, total loss: 0.6513, clean acc: 0.7959, eval anchor loss: 0.1950, backdoor acc: 0.0000
2026-04-29 01:56:33,493 - => Stage 1 client 1 epoch 13/20, ce loss: 0.5504, train anchor loss: 0.2008, total loss: 0.6508, clean acc: 0.7949, eval anchor loss: 0.1999, backdoor acc: 0.0000
2026-04-29 01:56:37,195 - => Stage 1 client 1 epoch 14/20, ce loss: 0.5483, train anchor loss: 0.2029, total loss: 0.6498, clean acc: 0.7973, eval anchor loss: 0.2098, backdoor acc: 0.0000
2026-04-29 01:56:41,251 - => Stage 1 client 1 epoch 15/20, ce loss: 0.5459, train anchor loss: 0.2046, total loss: 0.6482, clean acc: 0.7965, eval anchor loss: 0.2278, backdoor acc: 0.0000
2026-04-29 01:56:45,254 - => Stage 1 client 1 epoch 16/20, ce loss: 0.5437, train anchor loss: 0.2079, total loss: 0.6476, clean acc: 0.7975, eval anchor loss: 0.2189, backdoor acc: 0.0000
2026-04-29 01:56:49,215 - => Stage 1 client 1 epoch 17/20, ce loss: 0.5415, train anchor loss: 0.2118, total loss: 0.6474, clean acc: 0.7971, eval anchor loss: 0.2031, backdoor acc: 0.0000
2026-04-29 01:56:53,017 - => Stage 1 client 1 epoch 18/20, ce loss: 0.5437, train anchor loss: 0.2061, total loss: 0.6467, clean acc: 0.7975, eval anchor loss: 0.2121, backdoor acc: 0.0000
2026-04-29 01:56:57,036 - => Stage 1 client 1 epoch 19/20, ce loss: 0.5396, train anchor loss: 0.2117, total loss: 0.6454, clean acc: 0.7998, eval anchor loss: 0.2097, backdoor acc: 0.0000
2026-04-29 01:57:00,992 - => Stage 1 client 1 epoch 20/20, ce loss: 0.5396, train anchor loss: 0.2118, total loss: 0.6455, clean acc: 0.7998, eval anchor loss: 0.2203, backdoor acc: 0.0000
2026-04-29 01:57:01,025 - => Stage 1 final summary for passive client 1: best epoch: 19, clean acc: 0.7998, anchor loss: 0.2097, backdoor acc: 0.0000
2026-04-29 01:57:01,028 - => Stage 1 start for passive client 2
2026-04-29 01:57:01,028 - => Stage 1 early stop for passive client 2: patience=10, min_delta=0.000100
2026-04-29 01:57:05,339 - => Stage 1 client 2 epoch 1/20, ce loss: 0.5512, train anchor loss: 0.7402, total loss: 0.9213, clean acc: 0.7631, eval anchor loss: 0.2894, backdoor acc: 1.0000
2026-04-29 01:57:09,502 - => Stage 1 client 2 epoch 2/20, ce loss: 0.5095, train anchor loss: 0.2354, total loss: 0.6272, clean acc: 0.7588, eval anchor loss: 0.3044, backdoor acc: 1.0000
2026-04-29 01:57:13,926 - => Stage 1 client 2 epoch 3/20, ce loss: 0.4979, train anchor loss: 0.2318, total loss: 0.6138, clean acc: 0.7737, eval anchor loss: 0.3115, backdoor acc: 1.0000
2026-04-29 01:57:18,140 - => Stage 1 client 2 epoch 4/20, ce loss: 0.4883, train anchor loss: 0.2375, total loss: 0.6071, clean acc: 0.7863, eval anchor loss: 0.2997, backdoor acc: 1.0000
2026-04-29 01:57:22,276 - => Stage 1 client 2 epoch 5/20, ce loss: 0.4834, train anchor loss: 0.2382, total loss: 0.6025, clean acc: 0.7810, eval anchor loss: 0.3133, backdoor acc: 1.0000
2026-04-29 01:57:26,603 - => Stage 1 client 2 epoch 6/20, ce loss: 0.4842, train anchor loss: 0.2413, total loss: 0.6049, clean acc: 0.7875, eval anchor loss: 0.2869, backdoor acc: 1.0000
2026-04-29 01:57:30,856 - => Stage 1 client 2 epoch 7/20, ce loss: 0.4813, train anchor loss: 0.2339, total loss: 0.5983, clean acc: 0.7915, eval anchor loss: 0.2891, backdoor acc: 1.0000
2026-04-29 01:57:35,118 - => Stage 1 client 2 epoch 8/20, ce loss: 0.4784, train anchor loss: 0.2342, total loss: 0.5955, clean acc: 0.7887, eval anchor loss: 0.3040, backdoor acc: 1.0000
2026-04-29 01:57:39,329 - => Stage 1 client 2 epoch 9/20, ce loss: 0.4784, train anchor loss: 0.2347, total loss: 0.5957, clean acc: 0.7911, eval anchor loss: 0.2893, backdoor acc: 1.0000
2026-04-29 01:57:43,718 - => Stage 1 client 2 epoch 10/20, ce loss: 0.4770, train anchor loss: 0.2338, total loss: 0.5940, clean acc: 0.7944, eval anchor loss: 0.2909, backdoor acc: 1.0000
2026-04-29 01:57:47,937 - => Stage 1 client 2 epoch 11/20, ce loss: 0.4755, train anchor loss: 0.2351, total loss: 0.5930, clean acc: 0.7939, eval anchor loss: 0.2946, backdoor acc: 1.0000
2026-04-29 01:57:52,148 - => Stage 1 client 2 epoch 12/20, ce loss: 0.4756, train anchor loss: 0.2330, total loss: 0.5921, clean acc: 0.7819, eval anchor loss: 0.3134, backdoor acc: 1.0000
2026-04-29 01:57:56,426 - => Stage 1 client 2 epoch 13/20, ce loss: 0.4745, train anchor loss: 0.2336, total loss: 0.5913, clean acc: 0.7889, eval anchor loss: 0.3039, backdoor acc: 1.0000
2026-04-29 01:58:00,728 - => Stage 1 client 2 epoch 14/20, ce loss: 0.4763, train anchor loss: 0.2331, total loss: 0.5929, clean acc: 0.7944, eval anchor loss: 0.2912, backdoor acc: 1.0000
2026-04-29 01:58:04,965 - => Stage 1 client 2 epoch 15/20, ce loss: 0.4726, train anchor loss: 0.2311, total loss: 0.5882, clean acc: 0.7878, eval anchor loss: 0.3153, backdoor acc: 1.0000
2026-04-29 01:58:09,211 - => Stage 1 client 2 epoch 16/20, ce loss: 0.4736, train anchor loss: 0.2329, total loss: 0.5901, clean acc: 0.7905, eval anchor loss: 0.3021, backdoor acc: 1.0000
2026-04-29 01:58:13,581 - => Stage 1 client 2 epoch 17/20, ce loss: 0.4723, train anchor loss: 0.2323, total loss: 0.5884, clean acc: 0.7941, eval anchor loss: 0.2924, backdoor acc: 1.0000
2026-04-29 01:58:17,850 - => Stage 1 client 2 epoch 18/20, ce loss: 0.4715, train anchor loss: 0.2331, total loss: 0.5881, clean acc: 0.7971, eval anchor loss: 0.2850, backdoor acc: 1.0000
2026-04-29 01:58:21,961 - => Stage 1 client 2 epoch 19/20, ce loss: 0.4702, train anchor loss: 0.2320, total loss: 0.5862, clean acc: 0.7799, eval anchor loss: 0.3413, backdoor acc: 1.0000
2026-04-29 01:58:26,218 - => Stage 1 client 2 epoch 20/20, ce loss: 0.4706, train anchor loss: 0.2312, total loss: 0.5863, clean acc: 0.7947, eval anchor loss: 0.3033, backdoor acc: 1.0000
2026-04-29 01:58:26,255 - => Stage 1 final summary for passive client 2: best epoch: 18, clean acc: 0.7971, anchor loss: 0.2850, backdoor acc: 1.0000
2026-04-29 01:58:26,278 - => Stage 1 metrics were also saved to './results/AVGuard/threeclient_full_avguard_fixed_lambda_anchor_theta_supp_sensitivity/theta_supp_0.25/IEEE_CIS_FRAUD/stage1/anchor_stage1\stage1_metrics.json'
2026-04-29 01:58:26,278 - => Saved stage1 passive-party local models and anchors to './results/AVGuard/threeclient_full_avguard_fixed_lambda_anchor_theta_supp_sensitivity/theta_supp_0.25/IEEE_CIS_FRAUD/stage1/anchor_stage1'
2026-04-29 01:58:26,284 - => Saved anchor artifact to './results/AVGuard/threeclient_full_avguard_fixed_lambda_anchor_theta_supp_sensitivity/theta_supp_0.25/IEEE_CIS_FRAUD/stage1/anchor_artifact.pt'
2026-04-29 01:58:26,285 - => Stage 3 is ready; it will use Stage 1 client reliability from the loaded anchor state when available. Stage 2 client anchor-loss stats are optional diagnostics.
