2026-04-15 18:11:17,671 - => Preparing data...
2026-04-15 18:12:11,293 - => NUSWIDE total feature dim: 1634, client_num: 4, local output dims: [60, 16, 8, 16]
2026-04-15 18:12:11,293 - => NUSWIDE fixed feature order: [CH | CM55 | CORR | EDH | WT | Tags1k]
2026-04-15 18:12:11,294 - => NUSWIDE split: client0 = TEXT[1000]
2026-04-15 18:12:11,294 - => NUSWIDE split: client1 = CH + CM55 [289]
2026-04-15 18:12:11,294 - => NUSWIDE split: client2 = CORR [144]
2026-04-15 18:12:11,294 - => NUSWIDE split: client3 = EDH + WT [201]
2026-04-15 18:12:11,294 - => NUSWIDE attacker client: client3
2026-04-15 18:12:11,412 - => Resolved LFBA attack target label=3 from training anchor_idx=33930
2026-04-15 18:12:11,440 - => Loading checkpoint 'results\AVGuard\stage3_static_reliability_ablation_4clients\NUSWIDE_4clients_static_reliability_off\latest_checkpoint.pth.tar'
2026-04-15 18:12:11,663 - => checkpoint 'results\AVGuard\stage3_static_reliability_ablation_4clients\NUSWIDE_4clients_static_reliability_off\latest_checkpoint.pth.tar' requires full pickle loading; falling back to weights_only=False
2026-04-15 18:12:11,757 - => Restored RNG state from checkpoint for deterministic resume
2026-04-15 18:12:11,757 - => Loaded checkpoint 'results\AVGuard\stage3_static_reliability_ablation_4clients\NUSWIDE_4clients_static_reliability_off\latest_checkpoint.pth.tar' (epoch 50, best clean accuracy: 0.6190)
2026-04-15 18:12:11,759 - => Resume training from epoch 50/50 using checkpoint 'results\AVGuard\stage3_static_reliability_ablation_4clients\NUSWIDE_4clients_static_reliability_off\latest_checkpoint.pth.tar'
2026-04-15 18:12:11,759 - => Loading anchor defense state from checkpoint
2026-04-15 18:12:11,767 - => Stage 3 is ready; it will use Stage 1 client reliability from the loaded anchor state when available. Stage 2 client anchor-loss stats are optional diagnostics.
2026-04-15 18:12:11,825 - =>Add Trigger to Test Data
2026-04-15 18:12:14,933 - Add Trigger to 37064 Bad Samples, 9629 Clean Samples (1.00)
2026-04-15 18:12:15,036 - =>Add Trigger to Test Data
2026-04-15 18:12:18,426 - Add Trigger to 37064 Bad Samples, 9629 Clean Samples (1.00)
