2026-04-20 18:40:15,850 - Namespace(config='', data_dir='./dataset/data_raw/', dataset='CIFAR10', device=0, results_dir='./results/AVGuard/lambda_anchor_sensitivity/CIFAR10/lambda_anchor_0.75/stage3', seed=100, epoch=100, batch_size=256, client_num=3, pretrained_checkpoint=None, test_checkpoint='./results/AVGuard/lambda_anchor_sensitivity/CIFAR10/lambda_anchor_0.75/stage2/best_checkpoint.pth.tar', resume_latest=True, lr=0.001, start_epoch=0, print_steps=10, early_stop=20, attack='LFBA', target_label=None, poison_rate=0.05, poison_dimensions=5, trigger_feature_clip=1.0, attack_client_num=2, feature_extractor='', select_rate=0.5, lfba_poison_source='gradient', random_select=False, poison_all=False, anchor_idx=23470, pretrain_stage=0, mode='test', defense='anchor', defense_scheme='AVGuard', enable_stage1=True, force_stage1_retrain=False, enable_anchor_loss=True, lambda_anchor=0.75, lambda_stage1_anchor=0.5, anchor_pretrain_epochs=40, anchor_pretrain_early_stop=5, anchor_pretrain_min_delta=0.0001, anchor_scale=1.0, anchor_margin=0.0, anchor_bank_path='./results/AVGuard/lambda_anchor_sensitivity/CIFAR10/stage1/anchor_bank.pt', anchor_stage1_dir='./results/AVGuard/lambda_anchor_sensitivity/CIFAR10/stage1/anchor_stage1', anchor_ema_momentum=1.0, anchor_ema_update_freq=1, stage3_enable_joint_weighted_voting=True, stage3_enable_static_reliability=True, gamma=2.0, theta_supp=0.15, enable_conservative_correction=False, tau_corr=0.0, top_k=4, stage3_debug_batches=0, stage3_debug_max_samples=8, original_dataset='CIFAR10', attack_target_label=None, anchor_margin_auto_adjusted=False, requested_anchor_margin=0.0)
2026-04-20 18:40:15,851 - => Defense scheme: AVGuard
2026-04-20 18:40:15,851 - => LFBA poison-set source: gradient
2026-04-20 18:40:15,852 - => Python executable: D:\python3\generative-compression-master1\KAVF\python.exe
2026-04-20 18:40:15,852 - => Torch version: 2.7.1+cu126, compiled CUDA: 12.6, cuda available: True, visible GPU count: 1
2026-04-20 18:40:15,852 - => Using GPU cuda:0 (NVIDIA GeForce RTX 4080)
2026-04-20 18:40:15,853 - => Preparing data...
2026-04-20 18:40:17,620 - => Resolved LFBA attack target label=6 from training anchor_idx=23470
2026-04-20 18:40:18,814 - => Loading checkpoint './results/AVGuard/lambda_anchor_sensitivity/CIFAR10/lambda_anchor_0.75/stage2/best_checkpoint.pth.tar'
2026-04-20 18:40:19,475 - => checkpoint './results/AVGuard/lambda_anchor_sensitivity/CIFAR10/lambda_anchor_0.75/stage2/best_checkpoint.pth.tar' requires full pickle loading; falling back to weights_only=False
2026-04-20 18:40:19,960 - => Loaded checkpoint './results/AVGuard/lambda_anchor_sensitivity/CIFAR10/lambda_anchor_0.75/stage2/best_checkpoint.pth.tar' (epoch 73, best clean accuracy: 0.5626)
2026-04-20 18:40:19,961 - => Loading anchor defense state from checkpoint
2026-04-20 18:40:20,041 - => Stage 3 is ready; it will use Stage 1 client reliability from the loaded anchor state when available. Stage 2 client anchor-loss stats are optional diagnostics.
2026-04-20 18:40:20,059 - =>Add Trigger to Test Data
2026-04-20 18:40:20,158 - Add Trigger to 9000 Poison Samples, 1000 Clean Samples (1.00)
2026-04-20 18:40:20,182 - => Restored LFBA runtime state: cached_features=50000, poison_indexes=2500, anchor_label=6
2026-04-20 18:40:20,183 - => Test ASR...
2026-04-20 18:40:20,217 - =>Add Trigger to Test Data
2026-04-20 18:40:20,323 - Add Trigger to 9000 Poison Samples, 1000 Clean Samples (1.00)
2026-04-20 18:40:34,935 - => Test Epoch: 73, main task samples: 10000, attack samples: 10000, test loss: 0.6015, clean acc: 0.5626, Top-4: 0.9785, ASR: 0.0133, RAC: 0.6482, test target accuracy: 0.8240, stage3 final accuracy: 0.5626, stage3 final target accuracy: 0.5390, stage3 final asr: 0.0133, anchor loss: 0.0932
2026-04-20 18:40:34,936 - => Stage 3 Detection Summary: recall: 0.9868, precision: 0.6722, f1: 0.7997, false positive rate: 0.4326, correction rate: 0.6602
2026-04-20 18:40:34,937 - => Stage 3 Debug (clean): suspicious=4326/10000, correction_applied=4302, prediction_changed=4302, skipped_tied_vote=0, skipped_low_margin=0, skipped_other=24
2026-04-20 18:40:34,938 - => Stage 3 Debug (poison-valid): suspicious=8875/9000, correction_applied=8875, prediction_changed=8875, skipped_tied_vote=0, skipped_low_margin=0, skipped_other=0
2026-04-20 18:40:34,938 - => Stage 3 Debug (attack-success): suspicious=8874/8993, correction_applied=8874, prediction_changed=8874, corrected_to_true=5937
