2026-04-21 16:59:29,789 - Namespace(config='', data_dir='./dataset/data_raw/', dataset='CIFAR10', device=0, results_dir='./results/AVGuard/cifar10_ablation_rerun_scale16/lambda_anchor_sensitivity/stage1', seed=100, epoch=100, batch_size=256, client_num=3, pretrained_checkpoint='./results/AVGuard/cifar10_ablation_rerun_scale16/lambda_anchor_sensitivity/stage1\\latest_checkpoint.pth.tar', test_checkpoint=None, resume_latest=True, lr=0.001, start_epoch=0, print_steps=10, early_stop=20, attack='LFBA', target_label=None, poison_rate=0.05, poison_dimensions=5, trigger_feature_clip=1.0, attack_client_num=2, feature_extractor='', select_rate=0.5, lfba_poison_source='gradient', random_select=False, poison_all=False, anchor_idx=23470, pretrain_stage=0, mode='pretrain_anchor', defense='anchor', defense_scheme='AVGuard', enable_stage1=True, force_stage1_retrain=True, enable_anchor_loss=True, lambda_anchor=0.1, lambda_stage1_anchor=0.5, anchor_pretrain_epochs=50, anchor_pretrain_early_stop=5, anchor_pretrain_min_delta=0.0001, anchor_scale=16.0, anchor_margin=0.0, anchor_bank_path='./results/AVGuard/cifar10_ablation_rerun_scale16/lambda_anchor_sensitivity/stage1/anchor_bank.pt', anchor_stage1_dir='./results/AVGuard/cifar10_ablation_rerun_scale16/lambda_anchor_sensitivity/stage1/anchor_stage1', anchor_ema_momentum=1.0, anchor_ema_update_freq=1, stage3_enable_joint_weighted_voting=True, stage3_enable_static_reliability=True, gamma=2.0, theta_supp=0.15, enable_conservative_correction=False, tau_corr=0.0, top_k=4, stage3_debug_batches=0, stage3_debug_max_samples=8, original_dataset='CIFAR10', attack_target_label=None, anchor_margin_auto_adjusted=False, requested_anchor_margin=0.0)
2026-04-21 16:59:29,792 - => Defense scheme: AVGuard
2026-04-21 16:59:29,792 - => LFBA poison-set source: gradient
2026-04-21 16:59:29,793 - => Python executable: D:\python3\generative-compression-master1\KAVF\python.exe
2026-04-21 16:59:29,793 - => Torch version: 2.7.1+cu126, compiled CUDA: 12.6, cuda available: True, visible GPU count: 1
2026-04-21 16:59:29,793 - => Using GPU cuda:0 (NVIDIA GeForce RTX 4080)
2026-04-21 16:59:29,794 - => Preparing data...
2026-04-21 16:59:32,436 - => Resolved LFBA attack target label=6 from training anchor_idx=23470
2026-04-21 16:59:33,904 - => No checkpoint found at './results/AVGuard/cifar10_ablation_rerun_scale16/lambda_anchor_sensitivity/stage1\latest_checkpoint.pth.tar'
2026-04-21 16:59:33,905 - => Enter Stage 1: passive local backbones are trained with active-party private two-layer MLP heads
2026-04-21 16:59:33,906 - => Stage 1 latest checkpoint path: './results/AVGuard/cifar10_ablation_rerun_scale16/lambda_anchor_sensitivity/stage1\latest_checkpoint.pth.tar'
2026-04-21 16:59:34,215 - =>Add Trigger to Train Data
2026-04-21 16:59:34,237 - Add Trigger to 2500 Poison Samples, 47500 Clean Samples (0.05)
2026-04-21 16:59:34,260 - =>Add Trigger to Test Data
2026-04-21 16:59:34,341 - Add Trigger to 10000 Poison Samples, 0 Clean Samples (1.00)
2026-04-21 16:59:34,366 - => Stage 1 start for passive client 0
2026-04-21 16:59:34,366 - => Stage 1 early stop for passive client 0: patience=5, min_delta=0.000100
2026-04-21 17:00:46,224 - => Stage 1 client 0 epoch 1/50, ce loss: 1.8750, train anchor loss: 1.2354, total loss: 2.4927, clean acc: 0.4098, eval anchor loss: 0.5768, backdoor acc: 0.0000
2026-04-21 17:01:57,109 - => Stage 1 client 0 epoch 2/50, ce loss: 1.7386, train anchor loss: 0.3237, total loss: 1.9005, clean acc: 0.4293, eval anchor loss: 0.1727, backdoor acc: 0.0000
2026-04-21 17:03:08,630 - => Stage 1 client 0 epoch 3/50, ce loss: 1.6106, train anchor loss: 0.1483, total loss: 1.6847, clean acc: 0.4541, eval anchor loss: 0.1368, backdoor acc: 0.0000
2026-04-21 17:04:20,306 - => Stage 1 client 0 epoch 4/50, ce loss: 1.5591, train anchor loss: 0.1362, total loss: 1.6272, clean acc: 0.4726, eval anchor loss: 0.1292, backdoor acc: 0.0000
2026-04-21 17:05:31,801 - => Stage 1 client 0 epoch 5/50, ce loss: 1.5120, train anchor loss: 0.1354, total loss: 1.5797, clean acc: 0.4985, eval anchor loss: 0.1309, backdoor acc: 0.0000
2026-04-21 17:06:43,650 - => Stage 1 client 0 epoch 6/50, ce loss: 1.4682, train anchor loss: 0.1375, total loss: 1.5369, clean acc: 0.4939, eval anchor loss: 0.1434, backdoor acc: 0.0000
2026-04-21 17:07:55,402 - => Stage 1 client 0 epoch 7/50, ce loss: 1.4354, train anchor loss: 0.1372, total loss: 1.5040, clean acc: 0.5248, eval anchor loss: 0.1474, backdoor acc: 0.0000
2026-04-21 17:09:07,024 - => Stage 1 client 0 epoch 8/50, ce loss: 1.4070, train anchor loss: 0.1383, total loss: 1.4762, clean acc: 0.5233, eval anchor loss: 0.1360, backdoor acc: 0.0000
2026-04-21 17:10:18,335 - => Stage 1 client 0 epoch 9/50, ce loss: 1.3819, train anchor loss: 0.1395, total loss: 1.4516, clean acc: 0.5147, eval anchor loss: 0.1479, backdoor acc: 0.0000
2026-04-21 17:11:29,507 - => Stage 1 client 0 epoch 10/50, ce loss: 1.3586, train anchor loss: 0.1400, total loss: 1.4286, clean acc: 0.5470, eval anchor loss: 0.1354, backdoor acc: 0.0000
2026-04-21 17:12:40,446 - => Stage 1 client 0 epoch 11/50, ce loss: 1.3356, train anchor loss: 0.1388, total loss: 1.4050, clean acc: 0.5504, eval anchor loss: 0.1522, backdoor acc: 0.0000
2026-04-21 17:13:51,659 - => Stage 1 client 0 epoch 12/50, ce loss: 1.3099, train anchor loss: 0.1404, total loss: 1.3801, clean acc: 0.5527, eval anchor loss: 0.1418, backdoor acc: 0.0000
2026-04-21 17:15:03,183 - => Stage 1 client 0 epoch 13/50, ce loss: 1.2966, train anchor loss: 0.1402, total loss: 1.3667, clean acc: 0.5651, eval anchor loss: 0.1407, backdoor acc: 0.0000
2026-04-21 17:16:14,586 - => Stage 1 client 0 epoch 14/50, ce loss: 1.2771, train anchor loss: 0.1407, total loss: 1.3475, clean acc: 0.5720, eval anchor loss: 0.1462, backdoor acc: 0.0000
2026-04-21 17:17:26,256 - => Stage 1 client 0 epoch 15/50, ce loss: 1.2637, train anchor loss: 0.1415, total loss: 1.3345, clean acc: 0.5752, eval anchor loss: 0.1380, backdoor acc: 0.0000
2026-04-21 17:18:38,109 - => Stage 1 client 0 epoch 16/50, ce loss: 1.2485, train anchor loss: 0.1405, total loss: 1.3188, clean acc: 0.5718, eval anchor loss: 0.1419, backdoor acc: 0.0000
2026-04-21 17:19:49,731 - => Stage 1 client 0 epoch 17/50, ce loss: 1.2269, train anchor loss: 0.1393, total loss: 1.2965, clean acc: 0.5888, eval anchor loss: 0.1469, backdoor acc: 0.0000
2026-04-21 17:21:01,032 - => Stage 1 client 0 epoch 18/50, ce loss: 1.2145, train anchor loss: 0.1401, total loss: 1.2846, clean acc: 0.5906, eval anchor loss: 0.1432, backdoor acc: 0.0000
2026-04-21 17:22:12,255 - => Stage 1 client 0 epoch 19/50, ce loss: 1.2034, train anchor loss: 0.1400, total loss: 1.2734, clean acc: 0.5834, eval anchor loss: 0.1385, backdoor acc: 0.0000
2026-04-21 17:23:24,689 - => Stage 1 client 0 epoch 20/50, ce loss: 1.1909, train anchor loss: 0.1393, total loss: 1.2605, clean acc: 0.6071, eval anchor loss: 0.1352, backdoor acc: 0.0000
2026-04-21 17:24:36,150 - => Stage 1 client 0 epoch 21/50, ce loss: 1.1815, train anchor loss: 0.1396, total loss: 1.2513, clean acc: 0.5968, eval anchor loss: 0.1384, backdoor acc: 0.0000
2026-04-21 17:25:47,623 - => Stage 1 client 0 epoch 22/50, ce loss: 1.1613, train anchor loss: 0.1393, total loss: 1.2310, clean acc: 0.6116, eval anchor loss: 0.1437, backdoor acc: 0.0000
2026-04-21 17:26:58,424 - => Stage 1 client 0 epoch 23/50, ce loss: 1.1610, train anchor loss: 0.1399, total loss: 1.2309, clean acc: 0.6095, eval anchor loss: 0.1423, backdoor acc: 0.0000
2026-04-21 17:28:10,551 - => Stage 1 client 0 epoch 24/50, ce loss: 1.1426, train anchor loss: 0.1402, total loss: 1.2127, clean acc: 0.6011, eval anchor loss: 0.1473, backdoor acc: 0.0000
2026-04-21 17:29:22,190 - => Stage 1 client 0 epoch 25/50, ce loss: 1.1428, train anchor loss: 0.1398, total loss: 1.2127, clean acc: 0.6092, eval anchor loss: 0.1418, backdoor acc: 0.0000
2026-04-21 17:30:33,599 - => Stage 1 client 0 epoch 26/50, ce loss: 1.1324, train anchor loss: 0.1393, total loss: 1.2020, clean acc: 0.6172, eval anchor loss: 0.1434, backdoor acc: 0.0000
2026-04-21 17:31:44,939 - => Stage 1 client 0 epoch 27/50, ce loss: 1.1200, train anchor loss: 0.1393, total loss: 1.1897, clean acc: 0.6086, eval anchor loss: 0.1493, backdoor acc: 0.0000
2026-04-21 17:32:56,538 - => Stage 1 client 0 epoch 28/50, ce loss: 1.1139, train anchor loss: 0.1396, total loss: 1.1837, clean acc: 0.6174, eval anchor loss: 0.1465, backdoor acc: 0.0000
2026-04-21 17:34:08,561 - => Stage 1 client 0 epoch 29/50, ce loss: 1.1046, train anchor loss: 0.1396, total loss: 1.1744, clean acc: 0.6232, eval anchor loss: 0.1389, backdoor acc: 0.0000
2026-04-21 17:35:20,070 - => Stage 1 client 0 epoch 30/50, ce loss: 1.0903, train anchor loss: 0.1397, total loss: 1.1601, clean acc: 0.6168, eval anchor loss: 0.1400, backdoor acc: 0.0000
2026-04-21 17:36:31,471 - => Stage 1 client 0 epoch 31/50, ce loss: 1.0827, train anchor loss: 0.1381, total loss: 1.1518, clean acc: 0.6253, eval anchor loss: 0.1441, backdoor acc: 0.0000
2026-04-21 17:37:43,482 - => Stage 1 client 0 epoch 32/50, ce loss: 1.0786, train anchor loss: 0.1384, total loss: 1.1478, clean acc: 0.6253, eval anchor loss: 0.1437, backdoor acc: 0.0000
2026-04-21 17:38:56,048 - => Stage 1 client 0 epoch 33/50, ce loss: 1.0652, train anchor loss: 0.1380, total loss: 1.1342, clean acc: 0.6340, eval anchor loss: 0.1412, backdoor acc: 0.0000
2026-04-21 17:40:08,382 - => Stage 1 client 0 epoch 34/50, ce loss: 1.0615, train anchor loss: 0.1380, total loss: 1.1305, clean acc: 0.6153, eval anchor loss: 0.1456, backdoor acc: 0.0000
2026-04-21 17:41:20,471 - => Stage 1 client 0 epoch 35/50, ce loss: 1.0575, train anchor loss: 0.1377, total loss: 1.1263, clean acc: 0.6295, eval anchor loss: 0.1448, backdoor acc: 0.0000
2026-04-21 17:42:32,075 - => Stage 1 client 0 epoch 36/50, ce loss: 1.0447, train anchor loss: 0.1382, total loss: 1.1138, clean acc: 0.6333, eval anchor loss: 0.1471, backdoor acc: 0.0000
2026-04-21 17:43:44,560 - => Stage 1 client 0 epoch 37/50, ce loss: 1.0396, train anchor loss: 0.1379, total loss: 1.1086, clean acc: 0.6225, eval anchor loss: 0.1427, backdoor acc: 0.0000
2026-04-21 17:44:55,085 - => Stage 1 client 0 epoch 38/50, ce loss: 1.0386, train anchor loss: 0.1380, total loss: 1.1076, clean acc: 0.6391, eval anchor loss: 0.1432, backdoor acc: 0.0000
2026-04-21 17:46:07,019 - => Stage 1 client 0 epoch 39/50, ce loss: 1.0241, train anchor loss: 0.1369, total loss: 1.0925, clean acc: 0.6374, eval anchor loss: 0.1449, backdoor acc: 0.0000
2026-04-21 17:47:18,556 - => Stage 1 client 0 epoch 40/50, ce loss: 1.0230, train anchor loss: 0.1375, total loss: 1.0917, clean acc: 0.6330, eval anchor loss: 0.1490, backdoor acc: 0.0000
2026-04-21 17:48:30,996 - => Stage 1 client 0 epoch 41/50, ce loss: 1.0125, train anchor loss: 0.1377, total loss: 1.0813, clean acc: 0.6441, eval anchor loss: 0.1444, backdoor acc: 0.0000
2026-04-21 17:49:42,429 - => Stage 1 client 0 epoch 42/50, ce loss: 1.0045, train anchor loss: 0.1363, total loss: 1.0726, clean acc: 0.6417, eval anchor loss: 0.1473, backdoor acc: 0.0000
2026-04-21 17:50:53,805 - => Stage 1 client 0 epoch 43/50, ce loss: 0.9954, train anchor loss: 0.1363, total loss: 1.0636, clean acc: 0.6452, eval anchor loss: 0.1474, backdoor acc: 0.0000
2026-04-21 17:52:05,018 - => Stage 1 client 0 epoch 44/50, ce loss: 0.9933, train anchor loss: 0.1363, total loss: 1.0615, clean acc: 0.6388, eval anchor loss: 0.1449, backdoor acc: 0.0000
2026-04-21 17:53:16,988 - => Stage 1 client 0 epoch 45/50, ce loss: 0.9877, train anchor loss: 0.1358, total loss: 1.0556, clean acc: 0.6415, eval anchor loss: 0.1504, backdoor acc: 0.0000
2026-04-21 17:54:28,317 - => Stage 1 client 0 epoch 46/50, ce loss: 0.9879, train anchor loss: 0.1362, total loss: 1.0560, clean acc: 0.6475, eval anchor loss: 0.1469, backdoor acc: 0.0000
2026-04-21 17:55:39,692 - => Stage 1 client 0 epoch 47/50, ce loss: 0.9779, train anchor loss: 0.1357, total loss: 1.0457, clean acc: 0.6382, eval anchor loss: 0.1442, backdoor acc: 0.0000
2026-04-21 17:56:51,770 - => Stage 1 client 0 epoch 48/50, ce loss: 0.9776, train anchor loss: 0.1356, total loss: 1.0454, clean acc: 0.6441, eval anchor loss: 0.1528, backdoor acc: 0.0000
2026-04-21 17:58:03,264 - => Stage 1 client 0 epoch 49/50, ce loss: 0.9650, train anchor loss: 0.1351, total loss: 1.0326, clean acc: 0.6440, eval anchor loss: 0.1495, backdoor acc: 0.0000
2026-04-21 17:59:15,228 - => Stage 1 client 0 epoch 50/50, ce loss: 0.9627, train anchor loss: 0.1339, total loss: 1.0297, clean acc: 0.6466, eval anchor loss: 0.1413, backdoor acc: 0.0000
2026-04-21 17:59:16,086 - => Stage 1 final summary for passive client 0: best epoch: 46, clean acc: 0.6475, anchor loss: 0.1469, backdoor acc: 0.0000
2026-04-21 17:59:16,126 - => Stage 1 start for passive client 1
2026-04-21 17:59:16,126 - => Stage 1 early stop for passive client 1: patience=5, min_delta=0.000100
2026-04-21 18:00:27,211 - => Stage 1 client 1 epoch 1/50, ce loss: 1.7197, train anchor loss: 1.0570, total loss: 2.2482, clean acc: 0.4720, eval anchor loss: 0.4507, backdoor acc: 0.0000
2026-04-21 18:01:39,275 - => Stage 1 client 1 epoch 2/50, ce loss: 1.5543, train anchor loss: 0.2623, total loss: 1.6854, clean acc: 0.4925, eval anchor loss: 0.1551, backdoor acc: 0.0000
2026-04-21 18:02:51,219 - => Stage 1 client 1 epoch 3/50, ce loss: 1.4334, train anchor loss: 0.1473, total loss: 1.5071, clean acc: 0.5381, eval anchor loss: 0.1455, backdoor acc: 0.0000
2026-04-21 18:04:02,976 - => Stage 1 client 1 epoch 4/50, ce loss: 1.3592, train anchor loss: 0.1399, total loss: 1.4291, clean acc: 0.5535, eval anchor loss: 0.1435, backdoor acc: 0.0000
2026-04-21 18:05:14,550 - => Stage 1 client 1 epoch 5/50, ce loss: 1.3129, train anchor loss: 0.1404, total loss: 1.3831, clean acc: 0.5724, eval anchor loss: 0.1354, backdoor acc: 0.0000
2026-04-21 18:06:25,729 - => Stage 1 client 1 epoch 6/50, ce loss: 1.2542, train anchor loss: 0.1389, total loss: 1.3237, clean acc: 0.5931, eval anchor loss: 0.1281, backdoor acc: 0.0000
2026-04-21 18:07:37,166 - => Stage 1 client 1 epoch 7/50, ce loss: 1.2205, train anchor loss: 0.1391, total loss: 1.2900, clean acc: 0.5817, eval anchor loss: 0.1496, backdoor acc: 0.0000
2026-04-21 18:08:48,024 - => Stage 1 client 1 epoch 8/50, ce loss: 1.1985, train anchor loss: 0.1385, total loss: 1.2677, clean acc: 0.6035, eval anchor loss: 0.1429, backdoor acc: 0.0000
2026-04-21 18:09:58,906 - => Stage 1 client 1 epoch 9/50, ce loss: 1.1612, train anchor loss: 0.1385, total loss: 1.2305, clean acc: 0.6113, eval anchor loss: 0.1376, backdoor acc: 0.0000
2026-04-21 18:11:10,230 - => Stage 1 client 1 epoch 10/50, ce loss: 1.1432, train anchor loss: 0.1388, total loss: 1.2126, clean acc: 0.6315, eval anchor loss: 0.1370, backdoor acc: 0.0000
2026-04-21 18:12:21,731 - => Stage 1 client 1 epoch 11/50, ce loss: 1.1035, train anchor loss: 0.1376, total loss: 1.1723, clean acc: 0.6305, eval anchor loss: 0.1458, backdoor acc: 0.0000
2026-04-21 18:13:33,288 - => Stage 1 client 1 epoch 12/50, ce loss: 1.0800, train anchor loss: 0.1371, total loss: 1.1486, clean acc: 0.6361, eval anchor loss: 0.1393, backdoor acc: 0.0000
2026-04-21 18:14:44,852 - => Stage 1 client 1 epoch 13/50, ce loss: 1.0634, train anchor loss: 0.1367, total loss: 1.1318, clean acc: 0.6324, eval anchor loss: 0.1467, backdoor acc: 0.0000
2026-04-21 18:15:56,494 - => Stage 1 client 1 epoch 14/50, ce loss: 1.0399, train anchor loss: 0.1356, total loss: 1.1077, clean acc: 0.6483, eval anchor loss: 0.1348, backdoor acc: 0.0000
2026-04-21 18:17:08,427 - => Stage 1 client 1 epoch 15/50, ce loss: 1.0331, train anchor loss: 0.1357, total loss: 1.1009, clean acc: 0.6449, eval anchor loss: 0.1355, backdoor acc: 0.0000
2026-04-21 18:18:20,226 - => Stage 1 client 1 epoch 16/50, ce loss: 1.0143, train anchor loss: 0.1351, total loss: 1.0818, clean acc: 0.6621, eval anchor loss: 0.1352, backdoor acc: 0.0000
2026-04-21 18:19:31,853 - => Stage 1 client 1 epoch 17/50, ce loss: 0.9893, train anchor loss: 0.1338, total loss: 1.0562, clean acc: 0.6448, eval anchor loss: 0.1484, backdoor acc: 0.0000
2026-04-21 18:20:43,730 - => Stage 1 client 1 epoch 18/50, ce loss: 0.9866, train anchor loss: 0.1333, total loss: 1.0532, clean acc: 0.6678, eval anchor loss: 0.1375, backdoor acc: 0.0000
2026-04-21 18:21:55,850 - => Stage 1 client 1 epoch 19/50, ce loss: 0.9603, train anchor loss: 0.1334, total loss: 1.0271, clean acc: 0.6709, eval anchor loss: 0.1379, backdoor acc: 0.0000
2026-04-21 18:23:07,722 - => Stage 1 client 1 epoch 20/50, ce loss: 0.9480, train anchor loss: 0.1319, total loss: 1.0139, clean acc: 0.6717, eval anchor loss: 0.1309, backdoor acc: 0.0000
2026-04-21 18:24:19,223 - => Stage 1 client 1 epoch 21/50, ce loss: 0.9348, train anchor loss: 0.1309, total loss: 1.0003, clean acc: 0.6707, eval anchor loss: 0.1354, backdoor acc: 0.0000
2026-04-21 18:25:30,772 - => Stage 1 client 1 epoch 22/50, ce loss: 0.9219, train anchor loss: 0.1302, total loss: 0.9871, clean acc: 0.6799, eval anchor loss: 0.1370, backdoor acc: 0.0000
2026-04-21 18:26:42,365 - => Stage 1 client 1 epoch 23/50, ce loss: 0.9065, train anchor loss: 0.1295, total loss: 0.9712, clean acc: 0.6820, eval anchor loss: 0.1330, backdoor acc: 0.0000
2026-04-21 18:27:53,884 - => Stage 1 client 1 epoch 24/50, ce loss: 0.9038, train anchor loss: 0.1302, total loss: 0.9689, clean acc: 0.6873, eval anchor loss: 0.1336, backdoor acc: 0.0000
2026-04-21 18:29:05,704 - => Stage 1 client 1 epoch 25/50, ce loss: 0.8894, train anchor loss: 0.1287, total loss: 0.9538, clean acc: 0.6856, eval anchor loss: 0.1325, backdoor acc: 0.0000
2026-04-21 18:30:16,905 - => Stage 1 client 1 epoch 26/50, ce loss: 0.8620, train anchor loss: 0.1274, total loss: 0.9257, clean acc: 0.6836, eval anchor loss: 0.1380, backdoor acc: 0.0000
2026-04-21 18:31:28,103 - => Stage 1 client 1 epoch 27/50, ce loss: 0.8568, train anchor loss: 0.1264, total loss: 0.9199, clean acc: 0.6907, eval anchor loss: 0.1382, backdoor acc: 0.0000
2026-04-21 18:32:39,554 - => Stage 1 client 1 epoch 28/50, ce loss: 0.8526, train anchor loss: 0.1275, total loss: 0.9163, clean acc: 0.6874, eval anchor loss: 0.1349, backdoor acc: 0.0000
2026-04-21 18:33:51,103 - => Stage 1 client 1 epoch 29/50, ce loss: 0.8475, train anchor loss: 0.1269, total loss: 0.9110, clean acc: 0.6933, eval anchor loss: 0.1374, backdoor acc: 0.0000
2026-04-21 18:35:02,378 - => Stage 1 client 1 epoch 30/50, ce loss: 0.8283, train anchor loss: 0.1255, total loss: 0.8910, clean acc: 0.6997, eval anchor loss: 0.1414, backdoor acc: 0.0000
2026-04-21 18:36:13,759 - => Stage 1 client 1 epoch 31/50, ce loss: 0.8145, train anchor loss: 0.1245, total loss: 0.8768, clean acc: 0.6896, eval anchor loss: 0.1366, backdoor acc: 0.0000
2026-04-21 18:37:25,450 - => Stage 1 client 1 epoch 32/50, ce loss: 0.8120, train anchor loss: 0.1249, total loss: 0.8744, clean acc: 0.6940, eval anchor loss: 0.1358, backdoor acc: 0.0000
2026-04-21 18:38:36,864 - => Stage 1 client 1 epoch 33/50, ce loss: 0.7975, train anchor loss: 0.1233, total loss: 0.8592, clean acc: 0.7005, eval anchor loss: 0.1336, backdoor acc: 0.0000
2026-04-21 18:39:48,576 - => Stage 1 client 1 epoch 34/50, ce loss: 0.7944, train anchor loss: 0.1232, total loss: 0.8560, clean acc: 0.7015, eval anchor loss: 0.1317, backdoor acc: 0.0000
2026-04-21 18:40:59,973 - => Stage 1 client 1 epoch 35/50, ce loss: 0.7863, train anchor loss: 0.1226, total loss: 0.8476, clean acc: 0.7015, eval anchor loss: 0.1410, backdoor acc: 0.0000
2026-04-21 18:42:11,442 - => Stage 1 client 1 epoch 36/50, ce loss: 0.7701, train anchor loss: 0.1206, total loss: 0.8304, clean acc: 0.7008, eval anchor loss: 0.1381, backdoor acc: 0.0000
2026-04-21 18:43:21,991 - => Stage 1 client 1 epoch 37/50, ce loss: 0.7695, train anchor loss: 0.1212, total loss: 0.8301, clean acc: 0.7076, eval anchor loss: 0.1347, backdoor acc: 0.0000
2026-04-21 18:44:33,621 - => Stage 1 client 1 epoch 38/50, ce loss: 0.7547, train anchor loss: 0.1212, total loss: 0.8154, clean acc: 0.7017, eval anchor loss: 0.1355, backdoor acc: 0.0000
2026-04-21 18:45:45,077 - => Stage 1 client 1 epoch 39/50, ce loss: 0.7519, train anchor loss: 0.1206, total loss: 0.8122, clean acc: 0.7039, eval anchor loss: 0.1417, backdoor acc: 0.0000
2026-04-21 18:46:56,660 - => Stage 1 client 1 epoch 40/50, ce loss: 0.7413, train anchor loss: 0.1201, total loss: 0.8014, clean acc: 0.6996, eval anchor loss: 0.1396, backdoor acc: 0.0000
2026-04-21 18:48:07,832 - => Stage 1 client 1 epoch 41/50, ce loss: 0.7256, train anchor loss: 0.1188, total loss: 0.7850, clean acc: 0.7057, eval anchor loss: 0.1424, backdoor acc: 0.0000
2026-04-21 18:49:19,420 - => Stage 1 client 1 epoch 42/50, ce loss: 0.7211, train anchor loss: 0.1189, total loss: 0.7806, clean acc: 0.7115, eval anchor loss: 0.1427, backdoor acc: 0.0000
2026-04-21 18:50:31,109 - => Stage 1 client 1 epoch 43/50, ce loss: 0.7136, train anchor loss: 0.1181, total loss: 0.7727, clean acc: 0.7055, eval anchor loss: 0.1332, backdoor acc: 0.0000
2026-04-21 18:51:42,761 - => Stage 1 client 1 epoch 44/50, ce loss: 0.7080, train anchor loss: 0.1174, total loss: 0.7667, clean acc: 0.7059, eval anchor loss: 0.1419, backdoor acc: 0.0000
2026-04-21 18:52:54,669 - => Stage 1 client 1 epoch 45/50, ce loss: 0.6938, train anchor loss: 0.1163, total loss: 0.7520, clean acc: 0.7110, eval anchor loss: 0.1440, backdoor acc: 0.0000
2026-04-21 18:54:06,253 - => Stage 1 client 1 epoch 46/50, ce loss: 0.6974, train anchor loss: 0.1166, total loss: 0.7557, clean acc: 0.7063, eval anchor loss: 0.1381, backdoor acc: 0.0000
2026-04-21 18:55:17,693 - => Stage 1 client 1 epoch 47/50, ce loss: 0.6856, train anchor loss: 0.1155, total loss: 0.7434, clean acc: 0.7103, eval anchor loss: 0.1366, backdoor acc: 0.0000
2026-04-21 18:55:18,155 - => Stage 1 early stop triggered for passive client 1 at epoch 47/50; best clean acc: 0.7115 at epoch 42
2026-04-21 18:55:18,407 - => Stage 1 final summary for passive client 1: best epoch: 42, clean acc: 0.7115, anchor loss: 0.1427, backdoor acc: 0.0000
2026-04-21 18:55:18,428 - => Stage 1 start for passive client 2
2026-04-21 18:55:18,429 - => Stage 1 early stop for passive client 2: patience=5, min_delta=0.000100
2026-04-21 18:56:37,054 - => Stage 1 client 2 epoch 1/50, ce loss: 1.9044, train anchor loss: 1.1688, total loss: 2.4889, clean acc: 0.3779, eval anchor loss: 0.5440, backdoor acc: 0.2409
2026-04-21 18:57:56,521 - => Stage 1 client 2 epoch 2/50, ce loss: 1.7921, train anchor loss: 0.3037, total loss: 1.9439, clean acc: 0.4074, eval anchor loss: 0.1670, backdoor acc: 0.2006
2026-04-21 18:59:15,417 - => Stage 1 client 2 epoch 3/50, ce loss: 1.6931, train anchor loss: 0.1473, total loss: 1.7667, clean acc: 0.4221, eval anchor loss: 0.1533, backdoor acc: 0.3408
2026-04-21 19:00:34,725 - => Stage 1 client 2 epoch 4/50, ce loss: 1.6453, train anchor loss: 0.1370, total loss: 1.7138, clean acc: 0.4640, eval anchor loss: 0.1258, backdoor acc: 0.5272
2026-04-21 19:01:53,611 - => Stage 1 client 2 epoch 5/50, ce loss: 1.5871, train anchor loss: 0.1380, total loss: 1.6561, clean acc: 0.4732, eval anchor loss: 0.1283, backdoor acc: 0.9043
2026-04-21 19:03:12,941 - => Stage 1 client 2 epoch 6/50, ce loss: 1.5473, train anchor loss: 0.1393, total loss: 1.6169, clean acc: 0.4868, eval anchor loss: 0.1418, backdoor acc: 0.9850
2026-04-21 19:04:31,779 - => Stage 1 client 2 epoch 7/50, ce loss: 1.5167, train anchor loss: 0.1401, total loss: 1.5868, clean acc: 0.4955, eval anchor loss: 0.1369, backdoor acc: 0.9861
2026-04-21 19:05:51,244 - => Stage 1 client 2 epoch 8/50, ce loss: 1.4896, train anchor loss: 0.1421, total loss: 1.5606, clean acc: 0.4934, eval anchor loss: 0.1314, backdoor acc: 0.9989
2026-04-21 19:07:10,075 - => Stage 1 client 2 epoch 9/50, ce loss: 1.4644, train anchor loss: 0.1418, total loss: 1.5353, clean acc: 0.5224, eval anchor loss: 0.1371, backdoor acc: 0.9983
2026-04-21 19:08:29,451 - => Stage 1 client 2 epoch 10/50, ce loss: 1.4425, train anchor loss: 0.1423, total loss: 1.5137, clean acc: 0.5253, eval anchor loss: 0.1380, backdoor acc: 1.0000
2026-04-21 19:09:48,913 - => Stage 1 client 2 epoch 11/50, ce loss: 1.4218, train anchor loss: 0.1430, total loss: 1.4933, clean acc: 0.5267, eval anchor loss: 0.1396, backdoor acc: 1.0000
2026-04-21 19:11:08,014 - => Stage 1 client 2 epoch 12/50, ce loss: 1.3995, train anchor loss: 0.1436, total loss: 1.4713, clean acc: 0.5452, eval anchor loss: 0.1387, backdoor acc: 1.0000
2026-04-21 19:12:27,019 - => Stage 1 client 2 epoch 13/50, ce loss: 1.3881, train anchor loss: 0.1436, total loss: 1.4598, clean acc: 0.5360, eval anchor loss: 0.1413, backdoor acc: 0.9999
2026-04-21 19:13:46,523 - => Stage 1 client 2 epoch 14/50, ce loss: 1.3745, train anchor loss: 0.1446, total loss: 1.4468, clean acc: 0.5540, eval anchor loss: 0.1331, backdoor acc: 1.0000
2026-04-21 19:15:05,662 - => Stage 1 client 2 epoch 15/50, ce loss: 1.3645, train anchor loss: 0.1459, total loss: 1.4375, clean acc: 0.5493, eval anchor loss: 0.1433, backdoor acc: 1.0000
2026-04-21 19:16:24,697 - => Stage 1 client 2 epoch 16/50, ce loss: 1.3419, train anchor loss: 0.1450, total loss: 1.4144, clean acc: 0.5582, eval anchor loss: 0.1421, backdoor acc: 0.9998
2026-04-21 19:17:43,197 - => Stage 1 client 2 epoch 17/50, ce loss: 1.3341, train anchor loss: 0.1455, total loss: 1.4068, clean acc: 0.5632, eval anchor loss: 0.1391, backdoor acc: 1.0000
2026-04-21 19:19:02,287 - => Stage 1 client 2 epoch 18/50, ce loss: 1.3174, train anchor loss: 0.1456, total loss: 1.3902, clean acc: 0.5583, eval anchor loss: 0.1400, backdoor acc: 1.0000
2026-04-21 19:20:21,299 - => Stage 1 client 2 epoch 19/50, ce loss: 1.3006, train anchor loss: 0.1449, total loss: 1.3731, clean acc: 0.5789, eval anchor loss: 0.1339, backdoor acc: 0.9993
2026-04-21 19:21:40,229 - => Stage 1 client 2 epoch 20/50, ce loss: 1.2964, train anchor loss: 0.1468, total loss: 1.3698, clean acc: 0.5697, eval anchor loss: 0.1479, backdoor acc: 1.0000
2026-04-21 19:22:56,900 - => Stage 1 client 2 epoch 21/50, ce loss: 1.2931, train anchor loss: 0.1471, total loss: 1.3667, clean acc: 0.5668, eval anchor loss: 0.1413, backdoor acc: 1.0000
2026-04-21 19:24:16,061 - => Stage 1 client 2 epoch 22/50, ce loss: 1.2791, train anchor loss: 0.1457, total loss: 1.3519, clean acc: 0.5921, eval anchor loss: 0.1357, backdoor acc: 1.0000
2026-04-21 19:25:33,207 - => Stage 1 client 2 epoch 23/50, ce loss: 1.2683, train anchor loss: 0.1455, total loss: 1.3410, clean acc: 0.5945, eval anchor loss: 0.1379, backdoor acc: 1.0000
2026-04-21 19:26:52,857 - => Stage 1 client 2 epoch 24/50, ce loss: 1.2621, train anchor loss: 0.1463, total loss: 1.3352, clean acc: 0.5863, eval anchor loss: 0.1412, backdoor acc: 1.0000
2026-04-21 19:28:12,077 - => Stage 1 client 2 epoch 25/50, ce loss: 1.2435, train anchor loss: 0.1460, total loss: 1.3165, clean acc: 0.5867, eval anchor loss: 0.1477, backdoor acc: 1.0000
2026-04-21 19:29:31,328 - => Stage 1 client 2 epoch 26/50, ce loss: 1.2378, train anchor loss: 0.1460, total loss: 1.3108, clean acc: 0.5960, eval anchor loss: 0.1421, backdoor acc: 1.0000
2026-04-21 19:30:50,509 - => Stage 1 client 2 epoch 27/50, ce loss: 1.2265, train anchor loss: 0.1458, total loss: 1.2993, clean acc: 0.5954, eval anchor loss: 0.1428, backdoor acc: 1.0000
2026-04-21 19:32:09,248 - => Stage 1 client 2 epoch 28/50, ce loss: 1.2188, train anchor loss: 0.1469, total loss: 1.2922, clean acc: 0.5873, eval anchor loss: 0.1501, backdoor acc: 1.0000
2026-04-21 19:33:28,255 - => Stage 1 client 2 epoch 29/50, ce loss: 1.2219, train anchor loss: 0.1466, total loss: 1.2951, clean acc: 0.5988, eval anchor loss: 0.1421, backdoor acc: 1.0000
2026-04-21 19:34:47,328 - => Stage 1 client 2 epoch 30/50, ce loss: 1.2118, train anchor loss: 0.1474, total loss: 1.2855, clean acc: 0.5980, eval anchor loss: 0.1486, backdoor acc: 1.0000
2026-04-21 19:36:05,332 - => Stage 1 client 2 epoch 31/50, ce loss: 1.1984, train anchor loss: 0.1464, total loss: 1.2716, clean acc: 0.6063, eval anchor loss: 0.1435, backdoor acc: 1.0000
2026-04-21 19:37:24,426 - => Stage 1 client 2 epoch 32/50, ce loss: 1.1908, train anchor loss: 0.1450, total loss: 1.2633, clean acc: 0.6063, eval anchor loss: 0.1490, backdoor acc: 1.0000
2026-04-21 19:38:43,297 - => Stage 1 client 2 epoch 33/50, ce loss: 1.1789, train anchor loss: 0.1459, total loss: 1.2518, clean acc: 0.6059, eval anchor loss: 0.1420, backdoor acc: 1.0000
2026-04-21 19:40:02,408 - => Stage 1 client 2 epoch 34/50, ce loss: 1.1731, train anchor loss: 0.1458, total loss: 1.2460, clean acc: 0.6127, eval anchor loss: 0.1390, backdoor acc: 1.0000
2026-04-21 19:41:21,217 - => Stage 1 client 2 epoch 35/50, ce loss: 1.1682, train anchor loss: 0.1456, total loss: 1.2410, clean acc: 0.5902, eval anchor loss: 0.1531, backdoor acc: 1.0000
2026-04-21 19:42:40,255 - => Stage 1 client 2 epoch 36/50, ce loss: 1.1650, train anchor loss: 0.1456, total loss: 1.2378, clean acc: 0.6088, eval anchor loss: 0.1471, backdoor acc: 1.0000
2026-04-21 19:43:58,692 - => Stage 1 client 2 epoch 37/50, ce loss: 1.1626, train anchor loss: 0.1462, total loss: 1.2356, clean acc: 0.6161, eval anchor loss: 0.1463, backdoor acc: 1.0000
2026-04-21 19:45:16,600 - => Stage 1 client 2 epoch 38/50, ce loss: 1.1462, train anchor loss: 0.1453, total loss: 1.2188, clean acc: 0.6112, eval anchor loss: 0.1387, backdoor acc: 0.9999
2026-04-21 19:46:35,805 - => Stage 1 client 2 epoch 39/50, ce loss: 1.1402, train anchor loss: 0.1453, total loss: 1.2129, clean acc: 0.6056, eval anchor loss: 0.1466, backdoor acc: 1.0000
2026-04-21 19:47:54,847 - => Stage 1 client 2 epoch 40/50, ce loss: 1.1358, train anchor loss: 0.1444, total loss: 1.2080, clean acc: 0.6240, eval anchor loss: 0.1410, backdoor acc: 1.0000
2026-04-21 19:49:14,572 - => Stage 1 client 2 epoch 41/50, ce loss: 1.1309, train anchor loss: 0.1455, total loss: 1.2037, clean acc: 0.6204, eval anchor loss: 0.1405, backdoor acc: 1.0000
2026-04-21 19:50:33,989 - => Stage 1 client 2 epoch 42/50, ce loss: 1.1337, train anchor loss: 0.1447, total loss: 1.2061, clean acc: 0.6070, eval anchor loss: 0.1456, backdoor acc: 1.0000
2026-04-21 19:51:53,109 - => Stage 1 client 2 epoch 43/50, ce loss: 1.1275, train anchor loss: 0.1440, total loss: 1.1995, clean acc: 0.6172, eval anchor loss: 0.1475, backdoor acc: 1.0000
2026-04-21 19:53:12,016 - => Stage 1 client 2 epoch 44/50, ce loss: 1.1185, train anchor loss: 0.1454, total loss: 1.1912, clean acc: 0.6098, eval anchor loss: 0.1496, backdoor acc: 1.0000
2026-04-21 19:54:30,646 - => Stage 1 client 2 epoch 45/50, ce loss: 1.1185, train anchor loss: 0.1457, total loss: 1.1914, clean acc: 0.6290, eval anchor loss: 0.1474, backdoor acc: 1.0000
2026-04-21 19:55:49,666 - => Stage 1 client 2 epoch 46/50, ce loss: 1.1148, train anchor loss: 0.1442, total loss: 1.1869, clean acc: 0.6139, eval anchor loss: 0.1450, backdoor acc: 1.0000
2026-04-21 19:57:08,893 - => Stage 1 client 2 epoch 47/50, ce loss: 1.1058, train anchor loss: 0.1449, total loss: 1.1783, clean acc: 0.6292, eval anchor loss: 0.1477, backdoor acc: 1.0000
2026-04-21 19:58:28,402 - => Stage 1 client 2 epoch 48/50, ce loss: 1.0955, train anchor loss: 0.1445, total loss: 1.1678, clean acc: 0.6217, eval anchor loss: 0.1458, backdoor acc: 0.9999
2026-04-21 19:59:47,158 - => Stage 1 client 2 epoch 49/50, ce loss: 1.0885, train anchor loss: 0.1441, total loss: 1.1606, clean acc: 0.6267, eval anchor loss: 0.1459, backdoor acc: 1.0000
2026-04-21 20:01:06,403 - => Stage 1 client 2 epoch 50/50, ce loss: 1.0866, train anchor loss: 0.1438, total loss: 1.1585, clean acc: 0.6250, eval anchor loss: 0.1466, backdoor acc: 1.0000
2026-04-21 20:01:06,972 - => Stage 1 final summary for passive client 2: best epoch: 47, clean acc: 0.6292, anchor loss: 0.1477, backdoor acc: 1.0000
2026-04-21 20:01:07,400 - => Stage 1 metrics were also saved to './results/AVGuard/cifar10_ablation_rerun_scale16/lambda_anchor_sensitivity/stage1/anchor_stage1\stage1_metrics.json'
2026-04-21 20:01:07,401 - => Saved stage1 passive-party local models and anchors to './results/AVGuard/cifar10_ablation_rerun_scale16/lambda_anchor_sensitivity/stage1/anchor_stage1'
2026-04-21 20:01:07,419 - => Saved anchor artifact to './results/AVGuard/cifar10_ablation_rerun_scale16/lambda_anchor_sensitivity/stage1/anchor_bank.pt'
2026-04-21 20:01:07,419 - => Stage 3 is ready; it will use Stage 1 client reliability from the loaded anchor state when available. Stage 2 client anchor-loss stats are optional diagnostics.
