2026-04-22 03:00:07,996 - Namespace(config='', data_dir='./dataset/data_raw/', dataset='CIFAR10', device=0, results_dir='./results/AVGuard/cifar10_ablation_rerun_scale16/lambda_stage1_anchor_sensitivity/lambda_0.5/stage1', seed=100, epoch=100, batch_size=256, client_num=3, pretrained_checkpoint='./results/AVGuard/cifar10_ablation_rerun_scale16/lambda_stage1_anchor_sensitivity/lambda_0.5/stage1\\latest_checkpoint.pth.tar', test_checkpoint=None, resume_latest=True, lr=0.001, start_epoch=0, print_steps=10, early_stop=20, attack='LFBA', target_label=None, poison_rate=0.1, poison_dimensions=5, trigger_feature_clip=1.0, attack_client_num=2, feature_extractor='', select_rate=0.5, lfba_poison_source='gradient', random_select=False, poison_all=False, anchor_idx=23470, pretrain_stage=0, mode='pretrain_anchor', defense='anchor', defense_scheme='AVGuard', enable_stage1=True, force_stage1_retrain=True, enable_anchor_loss=True, lambda_anchor=0.1, lambda_stage1_anchor=0.5, anchor_pretrain_epochs=50, anchor_pretrain_early_stop=5, anchor_pretrain_min_delta=0.0001, anchor_scale=16.0, anchor_margin=0.0, anchor_bank_path='./results/AVGuard/cifar10_ablation_rerun_scale16/lambda_stage1_anchor_sensitivity/lambda_0.5/stage1/anchor_bank.pt', anchor_stage1_dir='./results/AVGuard/cifar10_ablation_rerun_scale16/lambda_stage1_anchor_sensitivity/lambda_0.5/stage1/anchor_stage1', anchor_ema_momentum=1.0, anchor_ema_update_freq=1, stage3_enable_joint_weighted_voting=True, stage3_enable_static_reliability=True, gamma=2.0, theta_supp=0.15, enable_conservative_correction=False, tau_corr=0.0, top_k=4, stage3_debug_batches=0, stage3_debug_max_samples=8, original_dataset='CIFAR10', attack_target_label=None, anchor_margin_auto_adjusted=False, requested_anchor_margin=0.0)
2026-04-22 03:00:07,998 - => Defense scheme: AVGuard
2026-04-22 03:00:07,998 - => LFBA poison-set source: gradient
2026-04-22 03:00:07,999 - => Python executable: D:\python3\generative-compression-master1\KAVF\python.exe
2026-04-22 03:00:07,999 - => Torch version: 2.7.1+cu126, compiled CUDA: 12.6, cuda available: True, visible GPU count: 1
2026-04-22 03:00:07,999 - => Using GPU cuda:0 (NVIDIA GeForce RTX 4080)
2026-04-22 03:00:08,000 - => Preparing data...
2026-04-22 03:00:09,769 - => Resolved LFBA attack target label=6 from training anchor_idx=23470
2026-04-22 03:00:10,980 - => No checkpoint found at './results/AVGuard/cifar10_ablation_rerun_scale16/lambda_stage1_anchor_sensitivity/lambda_0.5/stage1\latest_checkpoint.pth.tar'
2026-04-22 03:00:10,981 - => Enter Stage 1: passive local backbones are trained with active-party private two-layer MLP heads
2026-04-22 03:00:10,981 - => Stage 1 latest checkpoint path: './results/AVGuard/cifar10_ablation_rerun_scale16/lambda_stage1_anchor_sensitivity/lambda_0.5/stage1\latest_checkpoint.pth.tar'
2026-04-22 03:00:11,255 - =>Add Trigger to Train Data
2026-04-22 03:00:11,290 - Add Trigger to 5000 Poison Samples, 45000 Clean Samples (0.10)
2026-04-22 03:00:11,311 - =>Add Trigger to Test Data
2026-04-22 03:00:11,376 - Add Trigger to 10000 Poison Samples, 0 Clean Samples (1.00)
2026-04-22 03:00:11,397 - => Stage 1 start for passive client 0
2026-04-22 03:00:11,397 - => Stage 1 early stop for passive client 0: patience=5, min_delta=0.000100
2026-04-22 03:01:15,666 - => Stage 1 client 0 epoch 1/50, ce loss: 1.8761, train anchor loss: 1.2316, total loss: 2.4919, clean acc: 0.4099, eval anchor loss: 0.5732, backdoor acc: 0.0000
2026-04-22 03:02:20,428 - => Stage 1 client 0 epoch 2/50, ce loss: 1.7347, train anchor loss: 0.3217, total loss: 1.8956, clean acc: 0.4216, eval anchor loss: 0.1766, backdoor acc: 0.0000
2026-04-22 03:03:25,022 - => Stage 1 client 0 epoch 3/50, ce loss: 1.6106, train anchor loss: 0.1479, total loss: 1.6845, clean acc: 0.4539, eval anchor loss: 0.1428, backdoor acc: 0.0000
2026-04-22 03:04:30,114 - => Stage 1 client 0 epoch 4/50, ce loss: 1.5558, train anchor loss: 0.1358, total loss: 1.6237, clean acc: 0.4848, eval anchor loss: 0.1458, backdoor acc: 0.0000
2026-04-22 03:05:34,963 - => Stage 1 client 0 epoch 5/50, ce loss: 1.5105, train anchor loss: 0.1359, total loss: 1.5784, clean acc: 0.4973, eval anchor loss: 0.1247, backdoor acc: 0.0000
2026-04-22 03:06:41,667 - => Stage 1 client 0 epoch 6/50, ce loss: 1.4619, train anchor loss: 0.1376, total loss: 1.5307, clean acc: 0.5052, eval anchor loss: 0.1390, backdoor acc: 0.0000
2026-04-22 03:07:47,588 - => Stage 1 client 0 epoch 7/50, ce loss: 1.4343, train anchor loss: 0.1380, total loss: 1.5033, clean acc: 0.5196, eval anchor loss: 0.1503, backdoor acc: 0.0000
2026-04-22 03:08:52,530 - => Stage 1 client 0 epoch 8/50, ce loss: 1.4015, train anchor loss: 0.1387, total loss: 1.4709, clean acc: 0.5359, eval anchor loss: 0.1350, backdoor acc: 0.0000
2026-04-22 03:09:57,390 - => Stage 1 client 0 epoch 9/50, ce loss: 1.3780, train anchor loss: 0.1399, total loss: 1.4480, clean acc: 0.5192, eval anchor loss: 0.1520, backdoor acc: 0.0000
2026-04-22 03:11:02,144 - => Stage 1 client 0 epoch 10/50, ce loss: 1.3567, train anchor loss: 0.1399, total loss: 1.4267, clean acc: 0.5349, eval anchor loss: 0.1377, backdoor acc: 0.0000
2026-04-22 03:12:07,218 - => Stage 1 client 0 epoch 11/50, ce loss: 1.3332, train anchor loss: 0.1396, total loss: 1.4030, clean acc: 0.5501, eval anchor loss: 0.1477, backdoor acc: 0.0000
2026-04-22 03:13:12,201 - => Stage 1 client 0 epoch 12/50, ce loss: 1.3067, train anchor loss: 0.1403, total loss: 1.3769, clean acc: 0.5452, eval anchor loss: 0.1428, backdoor acc: 0.0000
2026-04-22 03:14:16,743 - => Stage 1 client 0 epoch 13/50, ce loss: 1.2953, train anchor loss: 0.1400, total loss: 1.3653, clean acc: 0.5644, eval anchor loss: 0.1404, backdoor acc: 0.0000
2026-04-22 03:15:21,438 - => Stage 1 client 0 epoch 14/50, ce loss: 1.2683, train anchor loss: 0.1406, total loss: 1.3386, clean acc: 0.5619, eval anchor loss: 0.1480, backdoor acc: 0.0000
2026-04-22 03:16:26,319 - => Stage 1 client 0 epoch 15/50, ce loss: 1.2594, train anchor loss: 0.1420, total loss: 1.3304, clean acc: 0.5778, eval anchor loss: 0.1369, backdoor acc: 0.0000
2026-04-22 03:17:31,228 - => Stage 1 client 0 epoch 16/50, ce loss: 1.2380, train anchor loss: 0.1401, total loss: 1.3081, clean acc: 0.5812, eval anchor loss: 0.1459, backdoor acc: 0.0000
2026-04-22 03:18:35,840 - => Stage 1 client 0 epoch 17/50, ce loss: 1.2229, train anchor loss: 0.1401, total loss: 1.2930, clean acc: 0.5858, eval anchor loss: 0.1418, backdoor acc: 0.0000
2026-04-22 03:19:40,358 - => Stage 1 client 0 epoch 18/50, ce loss: 1.2128, train anchor loss: 0.1393, total loss: 1.2825, clean acc: 0.5864, eval anchor loss: 0.1476, backdoor acc: 0.0000
2026-04-22 03:20:45,101 - => Stage 1 client 0 epoch 19/50, ce loss: 1.2007, train anchor loss: 0.1396, total loss: 1.2705, clean acc: 0.5898, eval anchor loss: 0.1367, backdoor acc: 0.0000
2026-04-22 03:21:49,737 - => Stage 1 client 0 epoch 20/50, ce loss: 1.1868, train anchor loss: 0.1392, total loss: 1.2564, clean acc: 0.6038, eval anchor loss: 0.1392, backdoor acc: 0.0000
2026-04-22 03:22:54,157 - => Stage 1 client 0 epoch 21/50, ce loss: 1.1751, train anchor loss: 0.1390, total loss: 1.2446, clean acc: 0.6068, eval anchor loss: 0.1373, backdoor acc: 0.0000
2026-04-22 03:23:58,786 - => Stage 1 client 0 epoch 22/50, ce loss: 1.1562, train anchor loss: 0.1392, total loss: 1.2257, clean acc: 0.6028, eval anchor loss: 0.1520, backdoor acc: 0.0000
2026-04-22 03:25:03,329 - => Stage 1 client 0 epoch 23/50, ce loss: 1.1546, train anchor loss: 0.1387, total loss: 1.2240, clean acc: 0.5968, eval anchor loss: 0.1466, backdoor acc: 0.0000
2026-04-22 03:26:07,793 - => Stage 1 client 0 epoch 24/50, ce loss: 1.1416, train anchor loss: 0.1396, total loss: 1.2114, clean acc: 0.6074, eval anchor loss: 0.1476, backdoor acc: 0.0000
2026-04-22 03:27:12,711 - => Stage 1 client 0 epoch 25/50, ce loss: 1.1369, train anchor loss: 0.1399, total loss: 1.2069, clean acc: 0.6104, eval anchor loss: 0.1411, backdoor acc: 0.0000
2026-04-22 03:28:17,387 - => Stage 1 client 0 epoch 26/50, ce loss: 1.1268, train anchor loss: 0.1391, total loss: 1.1964, clean acc: 0.6137, eval anchor loss: 0.1488, backdoor acc: 0.0000
2026-04-22 03:29:22,298 - => Stage 1 client 0 epoch 27/50, ce loss: 1.1177, train anchor loss: 0.1387, total loss: 1.1871, clean acc: 0.6183, eval anchor loss: 0.1432, backdoor acc: 0.0000
2026-04-22 03:30:28,027 - => Stage 1 client 0 epoch 28/50, ce loss: 1.1064, train anchor loss: 0.1392, total loss: 1.1759, clean acc: 0.6230, eval anchor loss: 0.1448, backdoor acc: 0.0000
2026-04-22 03:31:33,017 - => Stage 1 client 0 epoch 29/50, ce loss: 1.0953, train anchor loss: 0.1390, total loss: 1.1648, clean acc: 0.6172, eval anchor loss: 0.1426, backdoor acc: 0.0000
2026-04-22 03:32:38,269 - => Stage 1 client 0 epoch 30/50, ce loss: 1.0906, train anchor loss: 0.1393, total loss: 1.1602, clean acc: 0.6187, eval anchor loss: 0.1395, backdoor acc: 0.0000
2026-04-22 03:33:43,593 - => Stage 1 client 0 epoch 31/50, ce loss: 1.0806, train anchor loss: 0.1382, total loss: 1.1497, clean acc: 0.6243, eval anchor loss: 0.1419, backdoor acc: 0.0000
2026-04-22 03:34:48,067 - => Stage 1 client 0 epoch 32/50, ce loss: 1.0708, train anchor loss: 0.1385, total loss: 1.1401, clean acc: 0.6301, eval anchor loss: 0.1423, backdoor acc: 0.0000
2026-04-22 03:35:52,715 - => Stage 1 client 0 epoch 33/50, ce loss: 1.0583, train anchor loss: 0.1376, total loss: 1.1271, clean acc: 0.6246, eval anchor loss: 0.1439, backdoor acc: 0.0000
2026-04-22 03:36:57,228 - => Stage 1 client 0 epoch 34/50, ce loss: 1.0544, train anchor loss: 0.1390, total loss: 1.1239, clean acc: 0.6344, eval anchor loss: 0.1408, backdoor acc: 0.0000
2026-04-22 03:38:01,598 - => Stage 1 client 0 epoch 35/50, ce loss: 1.0488, train anchor loss: 0.1378, total loss: 1.1177, clean acc: 0.6278, eval anchor loss: 0.1449, backdoor acc: 0.0000
2026-04-22 03:39:06,189 - => Stage 1 client 0 epoch 36/50, ce loss: 1.0399, train anchor loss: 0.1377, total loss: 1.1088, clean acc: 0.6388, eval anchor loss: 0.1408, backdoor acc: 0.0000
2026-04-22 03:40:10,804 - => Stage 1 client 0 epoch 37/50, ce loss: 1.0358, train anchor loss: 0.1365, total loss: 1.1041, clean acc: 0.6295, eval anchor loss: 0.1481, backdoor acc: 0.0000
2026-04-22 03:41:15,508 - => Stage 1 client 0 epoch 38/50, ce loss: 1.0307, train anchor loss: 0.1373, total loss: 1.0994, clean acc: 0.6321, eval anchor loss: 0.1485, backdoor acc: 0.0000
2026-04-22 03:42:20,115 - => Stage 1 client 0 epoch 39/50, ce loss: 1.0165, train anchor loss: 0.1367, total loss: 1.0848, clean acc: 0.6398, eval anchor loss: 0.1461, backdoor acc: 0.0000
2026-04-22 03:43:24,882 - => Stage 1 client 0 epoch 40/50, ce loss: 1.0117, train anchor loss: 0.1362, total loss: 1.0798, clean acc: 0.6422, eval anchor loss: 0.1428, backdoor acc: 0.0000
2026-04-22 03:44:29,391 - => Stage 1 client 0 epoch 41/50, ce loss: 1.0081, train anchor loss: 0.1372, total loss: 1.0767, clean acc: 0.6368, eval anchor loss: 0.1460, backdoor acc: 0.0000
2026-04-22 03:45:33,842 - => Stage 1 client 0 epoch 42/50, ce loss: 1.0027, train anchor loss: 0.1352, total loss: 1.0704, clean acc: 0.6321, eval anchor loss: 0.1446, backdoor acc: 0.0000
2026-04-22 03:46:38,219 - => Stage 1 client 0 epoch 43/50, ce loss: 0.9949, train anchor loss: 0.1361, total loss: 1.0630, clean acc: 0.6424, eval anchor loss: 0.1428, backdoor acc: 0.0000
2026-04-22 03:47:43,155 - => Stage 1 client 0 epoch 44/50, ce loss: 0.9918, train anchor loss: 0.1361, total loss: 1.0598, clean acc: 0.6408, eval anchor loss: 0.1426, backdoor acc: 0.0000
2026-04-22 03:48:47,842 - => Stage 1 client 0 epoch 45/50, ce loss: 0.9749, train anchor loss: 0.1351, total loss: 1.0424, clean acc: 0.6365, eval anchor loss: 0.1519, backdoor acc: 0.0000
2026-04-22 03:49:58,410 - => Stage 1 client 0 epoch 46/50, ce loss: 0.9825, train anchor loss: 0.1364, total loss: 1.0507, clean acc: 0.6510, eval anchor loss: 0.1447, backdoor acc: 0.0000
2026-04-22 03:51:12,810 - => Stage 1 client 0 epoch 47/50, ce loss: 0.9702, train anchor loss: 0.1349, total loss: 1.0376, clean acc: 0.6505, eval anchor loss: 0.1423, backdoor acc: 0.0000
2026-04-22 03:52:27,174 - => Stage 1 client 0 epoch 48/50, ce loss: 0.9772, train anchor loss: 0.1350, total loss: 1.0447, clean acc: 0.6457, eval anchor loss: 0.1517, backdoor acc: 0.0000
2026-04-22 03:53:40,990 - => Stage 1 client 0 epoch 49/50, ce loss: 0.9586, train anchor loss: 0.1344, total loss: 1.0259, clean acc: 0.6487, eval anchor loss: 0.1493, backdoor acc: 0.0000
2026-04-22 03:54:55,097 - => Stage 1 client 0 epoch 50/50, ce loss: 0.9565, train anchor loss: 0.1339, total loss: 1.0234, clean acc: 0.6380, eval anchor loss: 0.1487, backdoor acc: 0.0000
2026-04-22 03:54:55,665 - => Stage 1 final summary for passive client 0: best epoch: 46, clean acc: 0.6510, anchor loss: 0.1447, backdoor acc: 0.0000
2026-04-22 03:54:55,687 - => Stage 1 start for passive client 1
2026-04-22 03:54:55,687 - => Stage 1 early stop for passive client 1: patience=5, min_delta=0.000100
2026-04-22 03:56:10,794 - => Stage 1 client 1 epoch 1/50, ce loss: 1.7226, train anchor loss: 1.0579, total loss: 2.2515, clean acc: 0.4679, eval anchor loss: 0.4556, backdoor acc: 0.0000
2026-04-22 03:57:25,713 - => Stage 1 client 1 epoch 2/50, ce loss: 1.5622, train anchor loss: 0.2613, total loss: 1.6928, clean acc: 0.4893, eval anchor loss: 0.1627, backdoor acc: 0.0000
2026-04-22 03:58:39,265 - => Stage 1 client 1 epoch 3/50, ce loss: 1.4386, train anchor loss: 0.1462, total loss: 1.5117, clean acc: 0.5339, eval anchor loss: 0.1411, backdoor acc: 0.0000
2026-04-22 03:59:53,740 - => Stage 1 client 1 epoch 4/50, ce loss: 1.3575, train anchor loss: 0.1392, total loss: 1.4271, clean acc: 0.5621, eval anchor loss: 0.1380, backdoor acc: 0.0000
2026-04-22 04:01:07,901 - => Stage 1 client 1 epoch 5/50, ce loss: 1.3154, train anchor loss: 0.1388, total loss: 1.3848, clean acc: 0.5755, eval anchor loss: 0.1364, backdoor acc: 0.0000
2026-04-22 04:02:21,881 - => Stage 1 client 1 epoch 6/50, ce loss: 1.2636, train anchor loss: 0.1390, total loss: 1.3331, clean acc: 0.5703, eval anchor loss: 0.1330, backdoor acc: 0.0000
2026-04-22 04:03:26,272 - => Stage 1 client 1 epoch 7/50, ce loss: 1.2276, train anchor loss: 0.1385, total loss: 1.2969, clean acc: 0.5782, eval anchor loss: 0.1480, backdoor acc: 0.0000
2026-04-22 04:04:31,313 - => Stage 1 client 1 epoch 8/50, ce loss: 1.1967, train anchor loss: 0.1390, total loss: 1.2662, clean acc: 0.6081, eval anchor loss: 0.1347, backdoor acc: 0.0000
2026-04-22 04:05:35,913 - => Stage 1 client 1 epoch 9/50, ce loss: 1.1588, train anchor loss: 0.1378, total loss: 1.2276, clean acc: 0.6053, eval anchor loss: 0.1382, backdoor acc: 0.0000
2026-04-22 04:06:40,442 - => Stage 1 client 1 epoch 10/50, ce loss: 1.1424, train anchor loss: 0.1378, total loss: 1.2113, clean acc: 0.6257, eval anchor loss: 0.1380, backdoor acc: 0.0000
2026-04-22 04:07:58,651 - => Stage 1 client 1 epoch 11/50, ce loss: 1.1123, train anchor loss: 0.1374, total loss: 1.1810, clean acc: 0.6140, eval anchor loss: 0.1480, backdoor acc: 0.0000
2026-04-22 04:09:18,388 - => Stage 1 client 1 epoch 12/50, ce loss: 1.0844, train anchor loss: 0.1373, total loss: 1.1530, clean acc: 0.6285, eval anchor loss: 0.1405, backdoor acc: 0.0000
2026-04-22 04:10:22,504 - => Stage 1 client 1 epoch 13/50, ce loss: 1.0633, train anchor loss: 0.1366, total loss: 1.1316, clean acc: 0.6483, eval anchor loss: 0.1364, backdoor acc: 0.0000
2026-04-22 04:11:27,600 - => Stage 1 client 1 epoch 14/50, ce loss: 1.0426, train anchor loss: 0.1354, total loss: 1.1103, clean acc: 0.6426, eval anchor loss: 0.1360, backdoor acc: 0.0000
2026-04-22 04:12:32,212 - => Stage 1 client 1 epoch 15/50, ce loss: 1.0324, train anchor loss: 0.1353, total loss: 1.1000, clean acc: 0.6504, eval anchor loss: 0.1351, backdoor acc: 0.0000
2026-04-22 04:13:37,606 - => Stage 1 client 1 epoch 16/50, ce loss: 1.0081, train anchor loss: 0.1344, total loss: 1.0753, clean acc: 0.6592, eval anchor loss: 0.1330, backdoor acc: 0.0000
2026-04-22 04:14:43,124 - => Stage 1 client 1 epoch 17/50, ce loss: 0.9893, train anchor loss: 0.1334, total loss: 1.0561, clean acc: 0.6441, eval anchor loss: 0.1458, backdoor acc: 0.0000
2026-04-22 04:15:47,090 - => Stage 1 client 1 epoch 18/50, ce loss: 0.9820, train anchor loss: 0.1337, total loss: 1.0489, clean acc: 0.6672, eval anchor loss: 0.1346, backdoor acc: 0.0000
2026-04-22 04:16:51,556 - => Stage 1 client 1 epoch 19/50, ce loss: 0.9674, train anchor loss: 0.1332, total loss: 1.0340, clean acc: 0.6665, eval anchor loss: 0.1360, backdoor acc: 0.0000
2026-04-22 04:17:57,024 - => Stage 1 client 1 epoch 20/50, ce loss: 0.9405, train anchor loss: 0.1313, total loss: 1.0062, clean acc: 0.6753, eval anchor loss: 0.1310, backdoor acc: 0.0000
2026-04-22 04:19:02,210 - => Stage 1 client 1 epoch 21/50, ce loss: 0.9268, train anchor loss: 0.1306, total loss: 0.9921, clean acc: 0.6678, eval anchor loss: 0.1378, backdoor acc: 0.0000
2026-04-22 04:20:06,470 - => Stage 1 client 1 epoch 22/50, ce loss: 0.9198, train anchor loss: 0.1303, total loss: 0.9850, clean acc: 0.6753, eval anchor loss: 0.1354, backdoor acc: 0.0000
2026-04-22 04:21:11,035 - => Stage 1 client 1 epoch 23/50, ce loss: 0.9054, train anchor loss: 0.1299, total loss: 0.9703, clean acc: 0.6863, eval anchor loss: 0.1300, backdoor acc: 0.0000
2026-04-22 04:22:15,758 - => Stage 1 client 1 epoch 24/50, ce loss: 0.8963, train anchor loss: 0.1300, total loss: 0.9613, clean acc: 0.6828, eval anchor loss: 0.1368, backdoor acc: 0.0000
2026-04-22 04:23:20,142 - => Stage 1 client 1 epoch 25/50, ce loss: 0.8831, train anchor loss: 0.1286, total loss: 0.9474, clean acc: 0.6831, eval anchor loss: 0.1345, backdoor acc: 0.0000
2026-04-22 04:24:24,667 - => Stage 1 client 1 epoch 26/50, ce loss: 0.8685, train anchor loss: 0.1276, total loss: 0.9323, clean acc: 0.6795, eval anchor loss: 0.1327, backdoor acc: 0.0000
2026-04-22 04:25:30,722 - => Stage 1 client 1 epoch 27/50, ce loss: 0.8528, train anchor loss: 0.1263, total loss: 0.9159, clean acc: 0.6850, eval anchor loss: 0.1377, backdoor acc: 0.0000
2026-04-22 04:26:35,315 - => Stage 1 client 1 epoch 28/50, ce loss: 0.8454, train anchor loss: 0.1272, total loss: 0.9090, clean acc: 0.6855, eval anchor loss: 0.1407, backdoor acc: 0.0000
2026-04-22 04:26:35,696 - => Stage 1 early stop triggered for passive client 1 at epoch 28/50; best clean acc: 0.6863 at epoch 23
2026-04-22 04:26:35,911 - => Stage 1 final summary for passive client 1: best epoch: 23, clean acc: 0.6863, anchor loss: 0.1300, backdoor acc: 0.0000
2026-04-22 04:26:35,929 - => Stage 1 start for passive client 2
2026-04-22 04:26:35,930 - => Stage 1 early stop for passive client 2: patience=5, min_delta=0.000100
2026-04-22 04:27:47,722 - => Stage 1 client 2 epoch 1/50, ce loss: 1.9079, train anchor loss: 1.1673, total loss: 2.4916, clean acc: 0.3715, eval anchor loss: 0.5353, backdoor acc: 0.2481
2026-04-22 04:28:58,528 - => Stage 1 client 2 epoch 2/50, ce loss: 1.7837, train anchor loss: 0.2923, total loss: 1.9299, clean acc: 0.4057, eval anchor loss: 0.1756, backdoor acc: 0.8612
2026-04-22 04:30:09,910 - => Stage 1 client 2 epoch 3/50, ce loss: 1.6838, train anchor loss: 0.1514, total loss: 1.7594, clean acc: 0.4394, eval anchor loss: 0.1359, backdoor acc: 0.9989
2026-04-22 04:31:20,970 - => Stage 1 client 2 epoch 4/50, ce loss: 1.6212, train anchor loss: 0.1443, total loss: 1.6933, clean acc: 0.4561, eval anchor loss: 0.1360, backdoor acc: 0.9996
2026-04-22 04:32:33,410 - => Stage 1 client 2 epoch 5/50, ce loss: 1.5814, train anchor loss: 0.1446, total loss: 1.6537, clean acc: 0.4757, eval anchor loss: 0.1388, backdoor acc: 1.0000
2026-04-22 04:33:44,879 - => Stage 1 client 2 epoch 6/50, ce loss: 1.5547, train anchor loss: 0.1458, total loss: 1.6276, clean acc: 0.4727, eval anchor loss: 0.1454, backdoor acc: 0.9999
2026-04-22 04:34:56,750 - => Stage 1 client 2 epoch 7/50, ce loss: 1.5188, train anchor loss: 0.1475, total loss: 1.5925, clean acc: 0.4978, eval anchor loss: 0.1381, backdoor acc: 1.0000
2026-04-22 04:36:08,041 - => Stage 1 client 2 epoch 8/50, ce loss: 1.4995, train anchor loss: 0.1484, total loss: 1.5737, clean acc: 0.4919, eval anchor loss: 0.1379, backdoor acc: 1.0000
2026-04-22 04:37:18,648 - => Stage 1 client 2 epoch 9/50, ce loss: 1.4705, train anchor loss: 0.1495, total loss: 1.5452, clean acc: 0.5068, eval anchor loss: 0.1376, backdoor acc: 1.0000
2026-04-22 04:38:29,650 - => Stage 1 client 2 epoch 10/50, ce loss: 1.4558, train anchor loss: 0.1503, total loss: 1.5310, clean acc: 0.5316, eval anchor loss: 0.1461, backdoor acc: 1.0000
2026-04-22 04:39:40,511 - => Stage 1 client 2 epoch 11/50, ce loss: 1.4351, train anchor loss: 0.1514, total loss: 1.5108, clean acc: 0.5230, eval anchor loss: 0.1468, backdoor acc: 1.0000
2026-04-22 04:40:51,099 - => Stage 1 client 2 epoch 12/50, ce loss: 1.4126, train anchor loss: 0.1516, total loss: 1.4884, clean acc: 0.5412, eval anchor loss: 0.1483, backdoor acc: 1.0000
2026-04-22 04:42:02,316 - => Stage 1 client 2 epoch 13/50, ce loss: 1.3957, train anchor loss: 0.1522, total loss: 1.4718, clean acc: 0.5444, eval anchor loss: 0.1549, backdoor acc: 1.0000
2026-04-22 04:43:13,226 - => Stage 1 client 2 epoch 14/50, ce loss: 1.3919, train anchor loss: 0.1528, total loss: 1.4683, clean acc: 0.5638, eval anchor loss: 0.1366, backdoor acc: 1.0000
2026-04-22 04:44:23,695 - => Stage 1 client 2 epoch 15/50, ce loss: 1.3771, train anchor loss: 0.1528, total loss: 1.4535, clean acc: 0.5305, eval anchor loss: 0.1494, backdoor acc: 1.0000
2026-04-22 04:45:35,411 - => Stage 1 client 2 epoch 16/50, ce loss: 1.3683, train anchor loss: 0.1525, total loss: 1.4446, clean acc: 0.5580, eval anchor loss: 0.1448, backdoor acc: 1.0000
2026-04-22 04:46:46,561 - => Stage 1 client 2 epoch 17/50, ce loss: 1.3465, train anchor loss: 0.1530, total loss: 1.4230, clean acc: 0.5629, eval anchor loss: 0.1455, backdoor acc: 1.0000
2026-04-22 04:47:58,277 - => Stage 1 client 2 epoch 18/50, ce loss: 1.3374, train anchor loss: 0.1531, total loss: 1.4139, clean acc: 0.5715, eval anchor loss: 0.1445, backdoor acc: 1.0000
2026-04-22 04:49:09,006 - => Stage 1 client 2 epoch 19/50, ce loss: 1.3288, train anchor loss: 0.1538, total loss: 1.4057, clean acc: 0.5779, eval anchor loss: 0.1506, backdoor acc: 1.0000
2026-04-22 04:50:19,791 - => Stage 1 client 2 epoch 20/50, ce loss: 1.3123, train anchor loss: 0.1535, total loss: 1.3890, clean acc: 0.5754, eval anchor loss: 0.1561, backdoor acc: 1.0000
2026-04-22 04:51:31,632 - => Stage 1 client 2 epoch 21/50, ce loss: 1.3103, train anchor loss: 0.1528, total loss: 1.3867, clean acc: 0.5821, eval anchor loss: 0.1489, backdoor acc: 1.0000
2026-04-22 04:52:42,682 - => Stage 1 client 2 epoch 22/50, ce loss: 1.2950, train anchor loss: 0.1536, total loss: 1.3718, clean acc: 0.5846, eval anchor loss: 0.1483, backdoor acc: 1.0000
2026-04-22 04:53:53,669 - => Stage 1 client 2 epoch 23/50, ce loss: 1.2948, train anchor loss: 0.1541, total loss: 1.3719, clean acc: 0.5858, eval anchor loss: 0.1433, backdoor acc: 1.0000
2026-04-22 04:55:04,850 - => Stage 1 client 2 epoch 24/50, ce loss: 1.2816, train anchor loss: 0.1533, total loss: 1.3583, clean acc: 0.5914, eval anchor loss: 0.1417, backdoor acc: 1.0000
2026-04-22 04:56:17,741 - => Stage 1 client 2 epoch 25/50, ce loss: 1.2772, train anchor loss: 0.1533, total loss: 1.3538, clean acc: 0.6006, eval anchor loss: 0.1441, backdoor acc: 1.0000
2026-04-22 04:57:28,541 - => Stage 1 client 2 epoch 26/50, ce loss: 1.2626, train anchor loss: 0.1540, total loss: 1.3396, clean acc: 0.5864, eval anchor loss: 0.1578, backdoor acc: 1.0000
2026-04-22 04:58:39,709 - => Stage 1 client 2 epoch 27/50, ce loss: 1.2581, train anchor loss: 0.1537, total loss: 1.3349, clean acc: 0.5921, eval anchor loss: 0.1530, backdoor acc: 1.0000
2026-04-22 04:59:50,528 - => Stage 1 client 2 epoch 28/50, ce loss: 1.2491, train anchor loss: 0.1534, total loss: 1.3258, clean acc: 0.5957, eval anchor loss: 0.1431, backdoor acc: 1.0000
2026-04-22 05:01:00,983 - => Stage 1 client 2 epoch 29/50, ce loss: 1.2438, train anchor loss: 0.1531, total loss: 1.3203, clean acc: 0.5979, eval anchor loss: 0.1454, backdoor acc: 0.9999
2026-04-22 05:02:11,545 - => Stage 1 client 2 epoch 30/50, ce loss: 1.2306, train anchor loss: 0.1530, total loss: 1.3071, clean acc: 0.5985, eval anchor loss: 0.1505, backdoor acc: 0.9999
2026-04-22 05:02:11,937 - => Stage 1 early stop triggered for passive client 2 at epoch 30/50; best clean acc: 0.6006 at epoch 25
2026-04-22 05:02:12,167 - => Stage 1 final summary for passive client 2: best epoch: 25, clean acc: 0.6006, anchor loss: 0.1441, backdoor acc: 1.0000
2026-04-22 05:02:12,806 - => Stage 1 metrics were also saved to './results/AVGuard/cifar10_ablation_rerun_scale16/lambda_stage1_anchor_sensitivity/lambda_0.5/stage1/anchor_stage1\stage1_metrics.json'
2026-04-22 05:02:12,807 - => Saved stage1 passive-party local models and anchors to './results/AVGuard/cifar10_ablation_rerun_scale16/lambda_stage1_anchor_sensitivity/lambda_0.5/stage1/anchor_stage1'
2026-04-22 05:02:12,823 - => Saved anchor artifact to './results/AVGuard/cifar10_ablation_rerun_scale16/lambda_stage1_anchor_sensitivity/lambda_0.5/stage1/anchor_bank.pt'
2026-04-22 05:02:12,823 - => Stage 3 is ready; it will use Stage 1 client reliability from the loaded anchor state when available. Stage 2 client anchor-loss stats are optional diagnostics.
