2026-04-29 01:43:47,583 - Namespace(config='', data_dir='./dataset/data_raw/', dataset='NUSWIDE', device=0, results_dir='./results/AVGuard/threeclient_full_avguard_fixed_lambda_anchor_theta_supp_sensitivity/theta_supp_0.25/NUSWIDE/stage3', seed=100, epoch=100, batch_size=256, client_num=3, pretrained_checkpoint=None, test_checkpoint='./results/AVGuard/threeclient_full_avguard_fixed_lambda_anchor_theta_supp_sensitivity/theta_supp_0.25/NUSWIDE/stage2/best_checkpoint.pth.tar', resume_latest=False, lr=0.001, start_epoch=0, print_steps=10, early_stop=20, attack='LFBA', target_label=None, poison_rate=0.1, poison_dimensions=10, trigger_feature_clip=1.0, attack_client_num=2, feature_extractor='', select_rate=0.3, lfba_poison_source='gradient', random_select=False, poison_all=False, anchor_idx=33930, pretrain_stage=0, mode='test', defense='anchor', defense_scheme='AVGuard', enable_stage1=True, force_stage1_retrain=False, enable_anchor_loss=True, lambda_anchor=0.5, lambda_stage1_anchor=0.3, anchor_pretrain_epochs=5, anchor_pretrain_early_stop=5, anchor_pretrain_min_delta=0.0001, anchor_scale=1, anchor_margin=0, anchor_bank_path='./results/AVGuard/threeclient_full_avguard_fixed_lambda_anchor_theta_supp_sensitivity/theta_supp_0.25/NUSWIDE/stage1/anchor_bank.pt', anchor_stage1_dir='./results/AVGuard/threeclient_full_avguard_fixed_lambda_anchor_theta_supp_sensitivity/theta_supp_0.25/NUSWIDE/stage1/anchor_stage1', anchor_ema_momentum=1.0, anchor_ema_update_freq=1, stage3_enable_joint_weighted_voting=True, stage3_enable_static_reliability=True, disable_stage3_eval=False, gamma=2.0, theta_supp=0.25, stage3_required_support_count=2, enable_conservative_correction=False, tau_corr=0.0, top_k=4, stage3_debug_batches=0, stage3_debug_max_samples=8, original_dataset='NUSWIDE', attack_target_label=None, anchor_margin_auto_adjusted=False, requested_anchor_margin=0)
2026-04-29 01:43:47,586 - => Defense scheme: AVGuard
2026-04-29 01:43:47,587 - => LFBA poison-set source: gradient
2026-04-29 01:43:47,587 - => Python executable: D:\python3\generative-compression-master1\KAVF\python.exe
2026-04-29 01:43:47,588 - => Torch version: 2.7.1+cu126, compiled CUDA: 12.6, cuda available: True, visible GPU count: 1
2026-04-29 01:43:47,589 - => Using GPU cuda:0 (NVIDIA GeForce RTX 4080)
2026-04-29 01:43:47,590 - => Preparing data...
2026-04-29 01:44:37,787 - => NUSWIDE total feature dim: 1634, client_num: 3, local output dims: [60, 24, 16]
2026-04-29 01:44:37,788 - => NUSWIDE fixed feature order: [CH | CM55 | CORR | EDH | WT | Tags1k]
2026-04-29 01:44:37,788 - => NUSWIDE split: client0 = TEXT[1000]
2026-04-29 01:44:37,788 - => NUSWIDE split: client1 = CH + CM55 + EDH [362]
2026-04-29 01:44:37,788 - => NUSWIDE split: client2 = CORR + WT [272]
2026-04-29 01:44:37,788 - => NUSWIDE attacker client: client2
2026-04-29 01:44:38,004 - => Resolved LFBA attack target label=3 from training anchor_idx=33930
2026-04-29 01:44:38,223 - => Loading checkpoint './results/AVGuard/threeclient_full_avguard_fixed_lambda_anchor_theta_supp_sensitivity/theta_supp_0.25/NUSWIDE/stage2/best_checkpoint.pth.tar'
2026-04-29 01:44:38,303 - => checkpoint './results/AVGuard/threeclient_full_avguard_fixed_lambda_anchor_theta_supp_sensitivity/theta_supp_0.25/NUSWIDE/stage2/best_checkpoint.pth.tar' requires full pickle loading; falling back to weights_only=False
2026-04-29 01:44:38,357 - => Loaded checkpoint './results/AVGuard/threeclient_full_avguard_fixed_lambda_anchor_theta_supp_sensitivity/theta_supp_0.25/NUSWIDE/stage2/best_checkpoint.pth.tar' (epoch 2, best clean accuracy: 0.7849)
2026-04-29 01:44:38,358 - => Loading anchor defense state from checkpoint
2026-04-29 01:44:38,443 - => Stage 3 is ready; it will use Stage 1 client reliability from the loaded anchor state when available. Stage 2 client anchor-loss stats are optional diagnostics.
2026-04-29 01:44:38,541 - =>Add Trigger to Test Data
2026-04-29 01:44:42,525 - Add Trigger to 37064 Bad Samples, 9629 Clean Samples (1.00)
2026-04-29 01:44:42,530 - => Restored LFBA runtime state: cached_features=69966, poison_indexes=6996, anchor_label=3
2026-04-29 01:44:42,530 - => Test ASR...
2026-04-29 01:44:42,736 - =>Add Trigger to Test Data
2026-04-29 01:44:46,688 - Add Trigger to 37064 Bad Samples, 9629 Clean Samples (1.00)
2026-04-29 01:45:01,911 - => Test Epoch: 2, main task samples: 46693, attack samples: 46693, test loss: 0.3320, clean acc: 0.7824, Top-4: 0.9962, ASR: 0.2084, RAC: 0.7035, test target accuracy: 0.8704, stage3 final accuracy: 0.7824, stage3 final target accuracy: 0.7178, stage3 final asr: 0.2084, anchor loss: 0.5396
2026-04-29 01:45:01,912 - => Stage 3 Detection Summary: recall: 0.8312, precision: 0.4372, f1: 0.5730, false positive rate: 0.1876, correction rate: 0.8518
2026-04-29 01:45:01,912 - => Stage 3 Debug (clean): suspicious=8759/46693, correction_applied=8751, prediction_changed=8751, skipped_tied_vote=0, skipped_low_margin=0, skipped_other=8
2026-04-29 01:45:01,913 - => Stage 3 Debug (poison-valid): suspicious=24952/37064, correction_applied=24952, prediction_changed=24952, skipped_tied_vote=0, skipped_low_margin=0, skipped_other=0
2026-04-29 01:45:01,913 - => Stage 3 Debug (attack-success): suspicious=14739/17732, correction_applied=14739, prediction_changed=14739, corrected_to_true=12555
2026-04-29 01:45:01,913 - => Stage 3 Effective Support Avg: clean(all)=2.3187, clean_suspicious(false_positive)=0.9613, clean_correction_applied=0.9613, poison_valid(all)=1.1966, poison_valid_suspicious=0.7960, poison_valid_correction_applied=0.7960, attack_success(all)=1.1837, attack_success_suspicious=1.0000
