2026-03-29 22:21:55,476 - Namespace(config='', data_dir='./dataset/data_raw/', dataset='PHISHING', device=0, results_dir='./results/AVGuard/PHISHING_anchor_defense_stage3', seed=100, epoch=25, batch_size=256, client_num=3, pretrained_checkpoint=None, test_checkpoint='./results/AVGuard/PHISHING_anchor_defense_stage2/best_checkpoint.pth.tar', lr=0.003, start_epoch=0, print_steps=10, early_stop=10, attack='LFBA', target_label=1, poison_rate=0.1, poison_dimensions=5, trigger_feature_clip=1.0, attack_client_num=2, feature_extractor='', select_rate=0.3, random_select=False, select_replace=True, poison_all=False, anchor_idx=1000, pretrain_stage=0, mode='test', defense='anchor', defense_scheme='AVGuard', force_stage1_retrain=False, enable_anchor_loss=True, lambda_anchor=1.0, lambda_stage1_anchor=0.3, anchor_pretrain_epochs=20, anchor_scale=16.0, anchor_margin=0.2, anchor_bank_path='./results/AVGuard/PHISHING_anchor_defense_stage1/anchor_artifact.pt', anchor_stage1_dir='./results/AVGuard/PHISHING_anchor_defense_stage1/anchor_stage1', detect_threshold=1.2, detect_threshold_cap=2.0, majority_ratio=0.5, anchor_margin_auto_adjusted=False, requested_anchor_margin=0.2)
2026-03-29 22:21:55,477 - => Defense scheme: AVGuard
2026-03-29 22:21:55,477 - => Python executable: D:\Code\Miniconda\envs\backdoor\python.exe
2026-03-29 22:21:55,477 - => Torch version: 2.5.1+cu121, compiled CUDA: 12.1, cuda available: True, visible GPU count: 1
2026-03-29 22:21:55,478 - => Using GPU cuda:0 (NVIDIA GeForce RTX 4060 Laptop GPU)
2026-03-29 22:21:55,478 - => Preparing data...
2026-03-29 22:21:58,036 - => PHISHING file: ./dataset/data_raw/Phishing\PHISHING_full.csv
2026-03-29 22:21:58,037 - => PHISHING feature dim: 111, train samples: 70917, test samples: 17730
2026-03-29 22:21:58,200 - => Loading checkpoint './results/AVGuard/PHISHING_anchor_defense_stage2/best_checkpoint.pth.tar'
2026-03-29 22:21:58,245 - => Loaded checkpoint './results/AVGuard/PHISHING_anchor_defense_stage2/best_checkpoint.pth.tar' (epoch 23, best accuracy: 0.9626)
2026-03-29 22:21:58,246 - => Restored target_label=0 from checkpoint
2026-03-29 22:21:58,246 - => Loading anchor defense state from checkpoint
2026-03-29 22:21:58,255 - => Stage 3 will reuse client anchor losses stored in the loaded anchor state
2026-03-29 22:21:58,259 - =>Add Trigger to Test Data
2026-03-29 22:21:58,629 - Add Trigger to 6130 Bad Samples, 11600 Clean Samples (1.00)
2026-03-29 22:21:58,631 - => Test ASR...
2026-03-29 22:21:58,634 - =>Add Trigger to Test Data
2026-03-29 22:21:59,057 - Add Trigger to 6130 Bad Samples, 11600 Clean Samples (1.00)
2026-03-29 22:22:01,818 - => Test Epoch: 23, main task samples: 17730, attack samples: 17730, test loss: 0.1073, test main task accuracy: 0.9626, test target accuracy: 0.9686, test asr: 0.8416, stage3 final accuracy: 0.9173, stage3 final target accuracy: 0.9595, stage3 final asr: 0.1623, anchor loss: 0.0190
2026-03-29 22:22:01,818 - => Stage 3 Detection Summary: recall: 0.8135, precision: 0.7684, f1: 0.7903, false positive rate: 0.0695, correction rate: 0.8135
2026-03-29 23:30:19,704 - Namespace(config='', data_dir='./dataset/data_raw/', dataset='PHISHING', device=0, results_dir='./results/AVGuard/PHISHING_anchor_defense_stage3', seed=100, epoch=25, batch_size=256, client_num=3, pretrained_checkpoint=None, test_checkpoint='./results/AVGuard/PHISHING_anchor_defense_stage2/best_checkpoint.pth.tar', lr=0.003, start_epoch=0, print_steps=10, early_stop=10, attack='LFBA', target_label=1, poison_rate=0.1, poison_dimensions=5, trigger_feature_clip=1.0, attack_client_num=2, feature_extractor='', select_rate=0.3, random_select=False, select_replace=True, poison_all=False, anchor_idx=1000, pretrain_stage=0, mode='test', defense='anchor', defense_scheme='AVGuard', force_stage1_retrain=False, enable_anchor_loss=True, lambda_anchor=1.0, lambda_stage1_anchor=0.3, anchor_pretrain_epochs=20, anchor_scale=16.0, anchor_margin=0.2, anchor_bank_path='./results/AVGuard/AVGuard/PHISHING_anchor_defense_stage1/anchor_artifact.pt', anchor_stage1_dir='./results/AVGuard/PHISHING_anchor_defense_stage1/anchor_stage1', detect_threshold=1.2, detect_threshold_cap=2.0, majority_ratio=0.5, anchor_margin_auto_adjusted=False, requested_anchor_margin=0.2)
2026-03-29 23:30:19,706 - => Defense scheme: AVGuard
2026-03-29 23:30:19,706 - => Python executable: D:\Code\Miniconda\envs\backdoor\python.exe
2026-03-29 23:30:19,706 - => Torch version: 2.5.1+cu121, compiled CUDA: 12.1, cuda available: True, visible GPU count: 1
2026-03-29 23:30:19,706 - => Using GPU cuda:0 (NVIDIA GeForce RTX 4060 Laptop GPU)
2026-03-29 23:30:19,707 - => Preparing data...
2026-03-29 23:30:21,872 - => PHISHING file: ./dataset/data_raw/Phishing\PHISHING_full.csv
2026-03-29 23:30:21,873 - => PHISHING feature dim: 111, train samples: 70917, test samples: 17730
2026-03-29 23:30:22,044 - => Loading checkpoint './results/AVGuard/PHISHING_anchor_defense_stage2/best_checkpoint.pth.tar'
2026-03-29 23:30:22,084 - => Loaded checkpoint './results/AVGuard/PHISHING_anchor_defense_stage2/best_checkpoint.pth.tar' (epoch 23, best accuracy: 0.9626)
2026-03-29 23:30:22,085 - => Restored target_label=0 from checkpoint
2026-03-29 23:30:22,085 - => Loading anchor defense state from checkpoint
2026-03-29 23:30:22,090 - => Stage 3 will reuse client anchor losses stored in the loaded anchor state
2026-03-29 23:30:22,093 - =>Add Trigger to Test Data
2026-03-29 23:30:22,420 - Add Trigger to 6130 Bad Samples, 11600 Clean Samples (1.00)
2026-03-29 23:30:22,422 - => Test ASR...
2026-03-29 23:30:22,425 - =>Add Trigger to Test Data
2026-03-29 23:30:22,739 - Add Trigger to 6130 Bad Samples, 11600 Clean Samples (1.00)
2026-03-29 23:30:25,210 - => Test Epoch: 23, main task samples: 17730, attack samples: 17730, test loss: 0.1073, test main task accuracy: 0.9626, test target accuracy: 0.9686, test asr: 0.8416, stage3 final accuracy: 0.9173, stage3 final target accuracy: 0.9595, stage3 final asr: 0.1623, anchor loss: 0.0190
2026-03-29 23:30:25,210 - => Stage 3 Detection Summary: recall: 0.8135, precision: 0.7684, f1: 0.7903, false positive rate: 0.0695, correction rate: 0.8135
2026-03-29 23:50:38,860 - Namespace(config='', data_dir='./dataset/data_raw/', dataset='PHISHING', device=0, results_dir='./results/AVGuard/PHISHING_anchor_defense_stage3', seed=100, epoch=25, batch_size=256, client_num=3, pretrained_checkpoint=None, test_checkpoint='./results/AVGuard/PHISHING_anchor_defense_stage2/best_checkpoint.pth.tar', lr=0.003, start_epoch=0, print_steps=10, early_stop=10, attack='LFBA', target_label=1, poison_rate=0.1, poison_dimensions=5, trigger_feature_clip=1.0, attack_client_num=2, feature_extractor='', select_rate=0.3, random_select=False, select_replace=True, poison_all=False, anchor_idx=1000, pretrain_stage=0, mode='test', defense='anchor', defense_scheme='AVGuard', force_stage1_retrain=False, enable_anchor_loss=True, lambda_anchor=1.0, lambda_stage1_anchor=0.3, anchor_pretrain_epochs=20, anchor_scale=16.0, anchor_margin=0.2, anchor_bank_path='./results/AVGuard/AVGuard/PHISHING_anchor_defense_stage1/anchor_artifact.pt', anchor_stage1_dir='./results/AVGuard/PHISHING_anchor_defense_stage1/anchor_stage1', detect_threshold=1.2, detect_threshold_cap=2.0, majority_ratio=0.5, anchor_margin_auto_adjusted=False, requested_anchor_margin=0.2)
2026-03-29 23:50:38,862 - => Defense scheme: AVGuard
2026-03-29 23:50:38,862 - => Python executable: D:\Code\Miniconda\envs\backdoor\python.exe
2026-03-29 23:50:38,862 - => Torch version: 2.5.1+cu121, compiled CUDA: 12.1, cuda available: True, visible GPU count: 1
2026-03-29 23:50:38,862 - => Using GPU cuda:0 (NVIDIA GeForce RTX 4060 Laptop GPU)
2026-03-29 23:50:38,862 - => Preparing data...
2026-03-29 23:50:41,912 - => PHISHING file: ./dataset/data_raw/Phishing\PHISHING_full.csv
2026-03-29 23:50:41,913 - => PHISHING feature dim: 111, train samples: 70917, test samples: 17730
2026-03-29 23:50:42,084 - => Loading checkpoint './results/AVGuard/PHISHING_anchor_defense_stage2/best_checkpoint.pth.tar'
2026-03-29 23:50:42,128 - => Loaded checkpoint './results/AVGuard/PHISHING_anchor_defense_stage2/best_checkpoint.pth.tar' (epoch 23, best accuracy: 0.9626)
2026-03-29 23:50:42,129 - => Restored target_label=0 from checkpoint
2026-03-29 23:50:42,129 - => Loading anchor defense state from checkpoint
2026-03-29 23:50:42,134 - => Stage 3 will reuse client anchor losses stored in the loaded anchor state
2026-03-29 23:50:42,138 - =>Add Trigger to Test Data
2026-03-29 23:50:42,635 - Add Trigger to 6130 Bad Samples, 11600 Clean Samples (1.00)
2026-03-29 23:50:42,636 - => Test ASR...
2026-03-29 23:50:42,638 - =>Add Trigger to Test Data
2026-03-29 23:50:43,123 - Add Trigger to 6130 Bad Samples, 11600 Clean Samples (1.00)
2026-03-29 23:50:46,444 - => Test Epoch: 23, main task samples: 17730, attack samples: 17730, test loss: 0.1073, test main task accuracy: 0.9626, test target accuracy: 0.9686, test asr: 0.8416, stage3 final accuracy: 0.9173, stage3 final target accuracy: 0.9595, stage3 final asr: 0.1623, anchor loss: 0.0190
2026-03-29 23:50:46,444 - => Stage 3 Detection Summary: recall: 0.8135, precision: 0.7684, f1: 0.7903, false positive rate: 0.0695, correction rate: 0.8135
2026-03-30 20:44:07,492 - Namespace(config='', data_dir='./dataset/data_raw/', dataset='PHISHING', device=0, results_dir='./results/AVGuard/PHISHING_anchor_defense_stage3', seed=100, epoch=25, batch_size=256, client_num=3, pretrained_checkpoint=None, test_checkpoint='./results/AVGuard/PHISHING_anchor_defense_stage2/best_checkpoint.pth.tar', resume_latest=False, lr=0.003, start_epoch=0, print_steps=10, early_stop=10, attack='LFBA', target_label=1, poison_rate=0.1, poison_dimensions=5, trigger_feature_clip=1.0, attack_client_num=2, feature_extractor='', select_rate=0.3, random_select=False, select_replace=True, poison_all=False, anchor_idx=1000, pretrain_stage=0, mode='test', defense='anchor', defense_scheme='AVGuard', force_stage1_retrain=False, enable_anchor_loss=True, lambda_anchor=1.0, lambda_stage1_anchor=0.3, anchor_pretrain_epochs=20, anchor_scale=16.0, anchor_margin=0.2, anchor_bank_path='./results/AVGuard/AVGuard/PHISHING_anchor_defense_stage1/anchor_artifact.pt', anchor_stage1_dir='./results/AVGuard/PHISHING_anchor_defense_stage1/anchor_stage1', detect_threshold=1.2, detect_threshold_cap=2.0, majority_ratio=0.5, top_k=4, vflip_checkpoint='', vflip_artifact_path='', vflip_epochs=20, vflip_batch_size=256, vflip_lr=0.001, vflip_recon_weight=1.0, vflip_cls_weight=0.1, vflip_threshold=2.0, vflip_min_std=1e-06, vflip_max_fit_batches=0, vflip_apply_train=False, vflip_apply_test=True, vflip_allow_defended_checkpoint=False, anchor_margin_auto_adjusted=False, requested_anchor_margin=0.2)
2026-03-30 20:44:07,497 - => Defense scheme: AVGuard
2026-03-30 20:44:07,497 - => Python executable: D:\Code\Miniconda\envs\backdoor\python.exe
2026-03-30 20:44:07,497 - => Torch version: 2.5.1+cu121, compiled CUDA: 12.1, cuda available: True, visible GPU count: 1
2026-03-30 20:44:07,497 - => Using GPU cuda:0 (NVIDIA GeForce RTX 4060 Laptop GPU)
2026-03-30 20:44:07,497 - => Preparing data...
2026-03-30 20:44:09,567 - => PHISHING file: ./dataset/data_raw/Phishing\PHISHING_full.csv
2026-03-30 20:44:09,568 - => PHISHING feature dim: 111, train samples: 70917, test samples: 17730
2026-03-30 20:44:09,718 - => Loading checkpoint './results/AVGuard/PHISHING_anchor_defense_stage2/best_checkpoint.pth.tar'
2026-03-30 20:44:09,782 - => Loaded checkpoint './results/AVGuard/PHISHING_anchor_defense_stage2/best_checkpoint.pth.tar' (epoch 23, best accuracy: 0.9626)
2026-03-30 20:44:09,782 - => Restored target_label=0 from checkpoint
2026-03-30 20:44:09,783 - => Loading anchor defense state from checkpoint
2026-03-30 20:44:09,788 - => Stage 3 will reuse client anchor losses stored in the loaded anchor state
2026-03-30 20:44:09,790 - =>Add Trigger to Test Data
2026-03-30 20:44:10,180 - Add Trigger to 6130 Bad Samples, 11600 Clean Samples (1.00)
2026-03-30 20:44:10,181 - => No serialized attack runtime state found in checkpoint; falling back to compatibility resume path
2026-03-30 20:44:10,181 - => Test ASR...
2026-03-30 20:44:10,185 - =>Add Trigger to Test Data
2026-03-30 20:44:10,569 - Add Trigger to 6130 Bad Samples, 11600 Clean Samples (1.00)
2026-03-30 20:44:12,683 - => Test Epoch: 23, main task samples: 17730, attack samples: 17730, test loss: 0.1073, clean acc: 0.9173, Top-2: 1.0000, ASR: 0.1623, RAC: 0.9174, test target accuracy: 0.9686, stage3 final accuracy: 0.9173, stage3 final target accuracy: 0.9595, stage3 final asr: 0.1623, anchor loss: 0.0190
2026-03-30 20:44:12,683 - => Stage 3 Detection Summary: recall: 0.8135, precision: 0.7684, f1: 0.7903, false positive rate: 0.0695, correction rate: 0.8135
