2026-04-02 18:47:57,812 - Namespace(config='', data_dir='./dataset/data_raw/', dataset='NUSWIDE', device=0, results_dir='./results/AVGuard/NUSWIDE_anchor_stage2_3clients', seed=100, epoch=50, batch_size=256, client_num=3, pretrained_checkpoint='./results/AVGuard/NUSWIDE_anchor_stage2_3clients\\latest_checkpoint.pth.tar', test_checkpoint=None, resume_latest=True, lr=0.003, start_epoch=0, print_steps=10, early_stop=10, attack='LFBA', target_label=None, poison_rate=0.1, poison_dimensions=5, trigger_feature_clip=1.0, attack_client_num=2, feature_extractor='', select_rate=0.3, random_select=False, poison_all=False, anchor_idx=33930, pretrain_stage=0, mode='train', defense='anchor', defense_scheme='AVGuard', force_stage1_retrain=False, enable_anchor_loss=True, lambda_anchor=1.0, lambda_stage1_anchor=0.3, anchor_pretrain_epochs=20, anchor_scale=16.0, anchor_margin=0.2, anchor_bank_path='./results/AVGuard/NUSWIDE_anchor_stage1_3clients/anchor_bank.pt', anchor_stage1_dir='./results/AVGuard/NUSWIDE_anchor_stage1_3clients/anchor_stage1', anchor_ema_momentum=0.995, anchor_ema_update_freq=1, gamma=5.0, top_k=4, original_dataset='NUSWIDE', attack_target_label=None, anchor_margin_auto_adjusted=False, requested_anchor_margin=0.2)
2026-04-02 18:47:57,813 - => Defense scheme: AVGuard
2026-04-02 18:47:57,814 - => Python executable: D:\Code\Miniconda\envs\backdoor\python.exe
2026-04-02 18:47:57,815 - => Torch version: 2.5.1+cu121, compiled CUDA: 12.1, cuda available: True, visible GPU count: 1
2026-04-02 18:47:57,815 - => Using GPU cuda:0 (NVIDIA GeForce RTX 4060 Laptop GPU)
2026-04-02 18:47:57,815 - => Preparing data...
2026-04-02 18:49:16,753 - => NUSWIDE total feature dim: 1634, client_num: 3, local output dims: [60, 24, 16]
2026-04-02 18:49:16,754 - => NUSWIDE fixed feature order: [CH | CM55 | CORR | EDH | WT | Tags1k]
2026-04-02 18:49:16,754 - => NUSWIDE split: client0 = TEXT[1000]
2026-04-02 18:49:16,755 - => NUSWIDE split: client1 = CH + CM55 + CORR [433]
2026-04-02 18:49:16,755 - => NUSWIDE split: client2 = EDH + WT [201]
2026-04-02 18:49:16,755 - => NUSWIDE attacker client: client2
2026-04-02 18:49:16,888 - => Resolved LFBA attack target label=3 from training anchor_idx=33930
2026-04-02 18:49:17,101 - => No checkpoint found at './results/AVGuard/NUSWIDE_anchor_stage2_3clients\latest_checkpoint.pth.tar'
2026-04-02 18:49:17,150 - => Loading stage1 local models and anchors from './results/AVGuard/NUSWIDE_anchor_stage1_3clients/anchor_stage1/stage1_artifact.pt'
2026-04-02 18:49:17,485 - => Stage 3 will reuse client anchor losses stored in the loaded anchor state
2026-04-02 18:49:17,547 - =>Add Trigger to Test Data
2026-04-02 18:49:20,834 - Add Trigger to 37064 Bad Samples, 9629 Clean Samples (1.00)
2026-04-02 18:49:20,836 - => Start Training with LFBA...
2026-04-02 18:49:20,836 - => Enter Stage 2: joint VFL training starts from stage1 passive local backbones with frozen anchor heads
2026-04-02 18:49:20,836 - => Stage 2 anchor loss enabled: True
2026-04-02 18:49:20,837 - => Stage 2 EMA anchor calibration: momentum=0.9950, update_freq=1 epoch(s)
2026-04-02 18:49:20,837 - => Stage 2 latest checkpoint path: './results/AVGuard/NUSWIDE_anchor_stage2_3clients\latest_checkpoint.pth.tar'
2026-04-02 18:49:20,838 - => Stage 2 best checkpoint path: './results/AVGuard/NUSWIDE_anchor_stage2_3clients\best_checkpoint.pth.tar'
2026-04-02 18:49:20,852 - => Start Training for Injecting Backdoor...
2026-04-02 18:49:21,895 - Epoch: 1, 1/274: VFL loss: 2.1963, total loss: 2.2561, anchor loss: 0.0597, VFL train accuracy: 0.0156
2026-04-02 18:49:22,557 - Epoch: 1, 11/274: VFL loss: 0.4823, total loss: 0.5519, anchor loss: 0.0696, VFL train accuracy: 0.8537
2026-04-02 18:49:23,038 - Epoch: 1, 21/274: VFL loss: 0.3329, total loss: 0.3995, anchor loss: 0.0666, VFL train accuracy: 0.9046
2026-04-02 18:49:23,549 - Epoch: 1, 31/274: VFL loss: 0.2815, total loss: 0.3464, anchor loss: 0.0649, VFL train accuracy: 0.9236
2026-04-02 18:49:23,959 - Epoch: 1, 41/274: VFL loss: 0.2443, total loss: 0.3080, anchor loss: 0.0637, VFL train accuracy: 0.9330
2026-04-02 18:49:24,353 - Epoch: 1, 51/274: VFL loss: 0.2224, total loss: 0.2855, anchor loss: 0.0630, VFL train accuracy: 0.9402
2026-04-02 18:49:24,748 - Epoch: 1, 61/274: VFL loss: 0.2054, total loss: 0.2676, anchor loss: 0.0622, VFL train accuracy: 0.9455
2026-04-02 18:49:25,142 - Epoch: 1, 71/274: VFL loss: 0.1922, total loss: 0.2539, anchor loss: 0.0617, VFL train accuracy: 0.9494
2026-04-02 18:49:25,536 - Epoch: 1, 81/274: VFL loss: 0.1828, total loss: 0.2444, anchor loss: 0.0617, VFL train accuracy: 0.9517
2026-04-02 18:49:25,954 - Epoch: 1, 91/274: VFL loss: 0.1721, total loss: 0.2331, anchor loss: 0.0610, VFL train accuracy: 0.9547
2026-04-02 18:49:26,418 - Epoch: 1, 101/274: VFL loss: 0.1672, total loss: 0.2278, anchor loss: 0.0607, VFL train accuracy: 0.9565
2026-04-02 18:49:26,809 - Epoch: 1, 111/274: VFL loss: 0.1608, total loss: 0.2212, anchor loss: 0.0604, VFL train accuracy: 0.9582
2026-04-02 18:49:27,204 - Epoch: 1, 121/274: VFL loss: 0.1600, total loss: 0.2204, anchor loss: 0.0604, VFL train accuracy: 0.9586
2026-04-02 18:49:27,571 - Epoch: 1, 131/274: VFL loss: 0.1547, total loss: 0.2149, anchor loss: 0.0602, VFL train accuracy: 0.9597
2026-04-02 18:49:27,949 - Epoch: 1, 141/274: VFL loss: 0.1509, total loss: 0.2109, anchor loss: 0.0600, VFL train accuracy: 0.9606
2026-04-02 18:49:28,341 - Epoch: 1, 151/274: VFL loss: 0.1465, total loss: 0.2063, anchor loss: 0.0599, VFL train accuracy: 0.9614
2026-04-02 18:49:28,739 - Epoch: 1, 161/274: VFL loss: 0.1444, total loss: 0.2042, anchor loss: 0.0598, VFL train accuracy: 0.9622
2026-04-02 18:49:29,125 - Epoch: 1, 171/274: VFL loss: 0.1410, total loss: 0.2008, anchor loss: 0.0598, VFL train accuracy: 0.9629
2026-04-02 18:49:29,507 - Epoch: 1, 181/274: VFL loss: 0.1390, total loss: 0.1988, anchor loss: 0.0598, VFL train accuracy: 0.9633
2026-04-02 18:49:29,902 - Epoch: 1, 191/274: VFL loss: 0.1379, total loss: 0.1976, anchor loss: 0.0597, VFL train accuracy: 0.9638
2026-04-02 18:49:30,290 - Epoch: 1, 201/274: VFL loss: 0.1351, total loss: 0.1947, anchor loss: 0.0596, VFL train accuracy: 0.9644
2026-04-02 18:49:30,677 - Epoch: 1, 211/274: VFL loss: 0.1323, total loss: 0.1919, anchor loss: 0.0595, VFL train accuracy: 0.9651
2026-04-02 18:49:31,051 - Epoch: 1, 221/274: VFL loss: 0.1307, total loss: 0.1901, anchor loss: 0.0594, VFL train accuracy: 0.9656
2026-04-02 18:49:31,422 - Epoch: 1, 231/274: VFL loss: 0.1290, total loss: 0.1884, anchor loss: 0.0594, VFL train accuracy: 0.9660
2026-04-02 18:49:31,803 - Epoch: 1, 241/274: VFL loss: 0.1288, total loss: 0.1883, anchor loss: 0.0595, VFL train accuracy: 0.9660
2026-04-02 18:49:32,186 - Epoch: 1, 251/274: VFL loss: 0.1282, total loss: 0.1878, anchor loss: 0.0596, VFL train accuracy: 0.9662
2026-04-02 18:49:32,560 - Epoch: 1, 261/274: VFL loss: 0.1277, total loss: 0.1873, anchor loss: 0.0596, VFL train accuracy: 0.9664
2026-04-02 18:49:32,988 - Epoch: 1, 271/274: VFL loss: 0.1268, total loss: 0.1865, anchor loss: 0.0597, VFL train accuracy: 0.9667
2026-04-02 18:49:33,127 - => Recorded Stage 2 client anchor losses for epoch 1 to './results/AVGuard/NUSWIDE_anchor_stage2_3clients\stage2_final_epoch_client_anchor_losses.json': {0: 0.033542, 1: 0.066321, 2: 0.079148}
2026-04-02 18:49:33,238 - => Stage 2 EMA anchor update applied at epoch 1 with momentum 0.9950: updated classes per client {0: 5, 1: 5, 2: 5}
2026-04-02 18:49:33,239 - => Stage 2 Epoch 1 Training Summary: VFL loss: 0.1264, total loss: 0.1861, anchor loss: 0.0597, VFL train accuracy: 0.9668
2026-04-02 18:49:33,239 - => Test ASR...
2026-04-02 18:49:33,344 - =>Add Trigger to Test Data
2026-04-02 18:49:36,765 - Add Trigger to 37064 Bad Samples, 9629 Clean Samples (1.00)
2026-04-02 18:49:50,352 - => Test Epoch: 1, main task samples: 46693, attack samples: 46693, test loss: 0.5802, clean acc: 0.7745, Top-4: 0.9935, ASR: 0.2171, RAC: 0.6617, test target accuracy: 0.8382, stage3 final accuracy: 0.7745, stage3 final target accuracy: 0.7324, stage3 final asr: 0.2171, anchor loss: 0.0979
2026-04-02 18:49:50,353 - => Stage 3 Detection Summary: recall: 0.6996, precision: 0.2695, f1: 0.3892, false positive rate: 0.2137, correction rate: 0.5143
2026-04-02 18:49:50,353 - => Stage 3 Debug (clean): suspicious=9976/46693, correction_applied=9976, prediction_changed=9976, skipped_tied_vote=0, skipped_other=0
2026-04-02 18:49:50,353 - => Stage 3 Debug (poison-valid): suspicious=15553/37064, correction_applied=15553, prediction_changed=15553, skipped_tied_vote=0, skipped_other=0
2026-04-02 18:49:50,354 - => Stage 3 Debug (attack-success): suspicious=6881/9835, correction_applied=6881, prediction_changed=6881, corrected_to_true=5058
2026-04-02 18:49:50,354 - => Save best model...
2026-04-02 18:49:50,507 - => End Epoch: 1, early stop epochs: 0, best epoch: 1, best clean acc: 0.7745, best Top-4: 0.9935, best ASR: 0.2171, best RAC: 0.6617, anchor loss: 0.0979
2026-04-02 18:49:50,508 - => Stage 3 Detection Summary: recall: 0.6996, precision: 0.2695, f1: 0.3892, false positive rate: 0.2137, correction rate: 0.5143
2026-04-02 18:49:50,544 - => Rebuilt LFBA poison set from cached gradients: anchor label=3, poison samples=6996, same-label poison samples=386, consistent rate=0.0552
2026-04-02 18:49:50,617 - => LFBA current anchor-derived target label: 3
2026-04-02 18:49:50,696 - =>Add Trigger to Train Data
2026-04-02 18:49:50,996 - Add Trigger to 6996 Bad Samples, 62970 Clean Samples (0.10)
2026-04-02 18:49:51,003 - => Start Training for Injecting Backdoor...
2026-04-02 18:49:51,061 - Epoch: 2, 1/274: VFL loss: 0.0577, total loss: 0.1216, anchor loss: 0.0638, VFL train accuracy: 0.9727
2026-04-02 18:49:51,798 - Epoch: 2, 11/274: VFL loss: 0.0650, total loss: 0.1264, anchor loss: 0.0615, VFL train accuracy: 0.9790
2026-04-02 18:49:52,244 - Epoch: 2, 21/274: VFL loss: 0.0583, total loss: 0.1189, anchor loss: 0.0606, VFL train accuracy: 0.9814
2026-04-02 18:49:52,626 - Epoch: 2, 31/274: VFL loss: 0.0563, total loss: 0.1155, anchor loss: 0.0592, VFL train accuracy: 0.9837
2026-04-02 18:49:52,974 - Epoch: 2, 41/274: VFL loss: 0.0592, total loss: 0.1177, anchor loss: 0.0585, VFL train accuracy: 0.9826
2026-04-02 18:49:53,370 - Epoch: 2, 51/274: VFL loss: 0.0563, total loss: 0.1142, anchor loss: 0.0579, VFL train accuracy: 0.9838
2026-04-02 18:49:53,750 - Epoch: 2, 61/274: VFL loss: 0.0543, total loss: 0.1118, anchor loss: 0.0574, VFL train accuracy: 0.9841
2026-04-02 18:49:54,118 - Epoch: 2, 71/274: VFL loss: 0.0524, total loss: 0.1094, anchor loss: 0.0570, VFL train accuracy: 0.9845
2026-04-02 18:49:54,477 - Epoch: 2, 81/274: VFL loss: 0.0525, total loss: 0.1091, anchor loss: 0.0566, VFL train accuracy: 0.9850
2026-04-02 18:49:54,851 - Epoch: 2, 91/274: VFL loss: 0.0512, total loss: 0.1075, anchor loss: 0.0564, VFL train accuracy: 0.9852
2026-04-02 18:49:55,254 - Epoch: 2, 101/274: VFL loss: 0.0530, total loss: 0.1094, anchor loss: 0.0564, VFL train accuracy: 0.9848
2026-04-02 18:49:55,580 - Epoch: 2, 111/274: VFL loss: 0.0535, total loss: 0.1100, anchor loss: 0.0565, VFL train accuracy: 0.9847
2026-04-02 18:49:55,891 - Epoch: 2, 121/274: VFL loss: 0.0542, total loss: 0.1109, anchor loss: 0.0567, VFL train accuracy: 0.9843
2026-04-02 18:49:56,136 - Epoch: 2, 131/274: VFL loss: 0.0533, total loss: 0.1099, anchor loss: 0.0566, VFL train accuracy: 0.9846
2026-04-02 18:49:56,434 - Epoch: 2, 141/274: VFL loss: 0.0543, total loss: 0.1110, anchor loss: 0.0567, VFL train accuracy: 0.9845
2026-04-02 18:49:56,681 - Epoch: 2, 151/274: VFL loss: 0.0544, total loss: 0.1111, anchor loss: 0.0567, VFL train accuracy: 0.9842
2026-04-02 18:49:56,969 - Epoch: 2, 161/274: VFL loss: 0.0542, total loss: 0.1108, anchor loss: 0.0566, VFL train accuracy: 0.9842
2026-04-02 18:49:57,232 - Epoch: 2, 171/274: VFL loss: 0.0541, total loss: 0.1106, anchor loss: 0.0565, VFL train accuracy: 0.9841
2026-04-02 18:49:57,492 - Epoch: 2, 181/274: VFL loss: 0.0554, total loss: 0.1119, anchor loss: 0.0565, VFL train accuracy: 0.9839
2026-04-02 18:49:57,766 - Epoch: 2, 191/274: VFL loss: 0.0564, total loss: 0.1128, anchor loss: 0.0565, VFL train accuracy: 0.9835
2026-04-02 18:49:58,060 - Epoch: 2, 201/274: VFL loss: 0.0564, total loss: 0.1128, anchor loss: 0.0564, VFL train accuracy: 0.9836
2026-04-02 18:49:58,321 - Epoch: 2, 211/274: VFL loss: 0.0565, total loss: 0.1129, anchor loss: 0.0564, VFL train accuracy: 0.9834
2026-04-02 18:49:58,589 - Epoch: 2, 221/274: VFL loss: 0.0566, total loss: 0.1131, anchor loss: 0.0565, VFL train accuracy: 0.9835
2026-04-02 18:49:58,855 - Epoch: 2, 231/274: VFL loss: 0.0569, total loss: 0.1134, anchor loss: 0.0565, VFL train accuracy: 0.9833
2026-04-02 18:49:59,190 - Epoch: 2, 241/274: VFL loss: 0.0577, total loss: 0.1141, anchor loss: 0.0564, VFL train accuracy: 0.9832
2026-04-02 18:49:59,432 - Epoch: 2, 251/274: VFL loss: 0.0574, total loss: 0.1138, anchor loss: 0.0565, VFL train accuracy: 0.9832
2026-04-02 18:49:59,724 - Epoch: 2, 261/274: VFL loss: 0.0571, total loss: 0.1136, anchor loss: 0.0565, VFL train accuracy: 0.9833
2026-04-02 18:49:59,986 - Epoch: 2, 271/274: VFL loss: 0.0572, total loss: 0.1137, anchor loss: 0.0564, VFL train accuracy: 0.9832
2026-04-02 18:50:00,082 - => Recorded Stage 2 client anchor losses for epoch 2 to './results/AVGuard/NUSWIDE_anchor_stage2_3clients\stage2_final_epoch_client_anchor_losses.json': {0: 0.028903, 1: 0.064191, 2: 0.076253}
2026-04-02 18:50:00,088 - => Stage 2 EMA anchor update applied at epoch 2 with momentum 0.9950: updated classes per client {0: 5, 1: 5, 2: 5}
2026-04-02 18:50:00,088 - => Stage 2 Epoch 2 Training Summary: VFL loss: 0.0573, total loss: 0.1137, anchor loss: 0.0564, VFL train accuracy: 0.9831
2026-04-02 18:50:00,088 - => Test ASR...
2026-04-02 18:50:00,204 - =>Add Trigger to Test Data
2026-04-02 18:50:02,257 - Add Trigger to 37064 Bad Samples, 9629 Clean Samples (1.00)
2026-04-02 18:50:11,941 - => Test Epoch: 2, main task samples: 46693, attack samples: 46693, test loss: 0.7111, clean acc: 0.7661, Top-4: 0.9941, ASR: 0.0661, RAC: 0.7222, test target accuracy: 0.8698, stage3 final accuracy: 0.7661, stage3 final target accuracy: 0.7614, stage3 final asr: 0.0661, anchor loss: 0.0981
2026-04-02 18:50:11,941 - => Stage 3 Detection Summary: recall: 0.6583, precision: 0.0380, f1: 0.0718, false positive rate: 0.2176, correction rate: 0.3529
2026-04-02 18:50:11,942 - => Stage 3 Debug (clean): suspicious=10161/46693, correction_applied=10161, prediction_changed=10161, skipped_tied_vote=0, skipped_other=0
2026-04-02 18:50:11,942 - => Stage 3 Debug (poison-valid): suspicious=9881/37064, correction_applied=9881, prediction_changed=9881, skipped_tied_vote=0, skipped_other=0
2026-04-02 18:50:11,942 - => Stage 3 Debug (attack-success): suspicious=761/1156, correction_applied=761, prediction_changed=761, corrected_to_true=408
2026-04-02 18:50:12,005 - => End Epoch: 2, early stop epochs: 1, best epoch: 1, best clean acc: 0.7745, best Top-4: 0.9935, best ASR: 0.2171, best RAC: 0.6617, anchor loss: 0.0979
2026-04-02 18:50:12,005 - => Stage 3 Detection Summary: recall: 0.6996, precision: 0.2695, f1: 0.3892, false positive rate: 0.2137, correction rate: 0.5143
2026-04-02 18:50:12,062 - => LFBA current anchor-derived target label: 3
2026-04-02 18:50:12,178 - =>Add Trigger to Train Data
2026-04-02 18:50:12,458 - Add Trigger to 6996 Bad Samples, 62970 Clean Samples (0.10)
2026-04-02 18:50:12,462 - => Start Training for Injecting Backdoor...
2026-04-02 18:50:12,508 - Epoch: 3, 1/274: VFL loss: 0.0205, total loss: 0.0730, anchor loss: 0.0525, VFL train accuracy: 0.9961
2026-04-02 18:50:13,072 - Epoch: 3, 11/274: VFL loss: 0.0320, total loss: 0.0864, anchor loss: 0.0544, VFL train accuracy: 0.9925
2026-04-02 18:50:13,413 - Epoch: 3, 21/274: VFL loss: 0.0329, total loss: 0.0868, anchor loss: 0.0539, VFL train accuracy: 0.9905
2026-04-02 18:50:13,744 - Epoch: 3, 31/274: VFL loss: 0.0334, total loss: 0.0875, anchor loss: 0.0541, VFL train accuracy: 0.9908
2026-04-02 18:50:14,053 - Epoch: 3, 41/274: VFL loss: 0.0319, total loss: 0.0858, anchor loss: 0.0539, VFL train accuracy: 0.9909
2026-04-02 18:50:14,473 - Epoch: 3, 51/274: VFL loss: 0.0328, total loss: 0.0866, anchor loss: 0.0538, VFL train accuracy: 0.9906
2026-04-02 18:50:14,762 - Epoch: 3, 61/274: VFL loss: 0.0312, total loss: 0.0850, anchor loss: 0.0537, VFL train accuracy: 0.9909
2026-04-02 18:50:15,052 - Epoch: 3, 71/274: VFL loss: 0.0325, total loss: 0.0866, anchor loss: 0.0541, VFL train accuracy: 0.9902
2026-04-02 18:50:15,352 - Epoch: 3, 81/274: VFL loss: 0.0320, total loss: 0.0860, anchor loss: 0.0541, VFL train accuracy: 0.9901
2026-04-02 18:50:15,643 - Epoch: 3, 91/274: VFL loss: 0.0332, total loss: 0.0874, anchor loss: 0.0542, VFL train accuracy: 0.9899
2026-04-02 18:50:15,932 - Epoch: 3, 101/274: VFL loss: 0.0341, total loss: 0.0884, anchor loss: 0.0543, VFL train accuracy: 0.9896
2026-04-02 18:50:16,216 - Epoch: 3, 111/274: VFL loss: 0.0346, total loss: 0.0889, anchor loss: 0.0543, VFL train accuracy: 0.9894
2026-04-02 18:50:16,537 - Epoch: 3, 121/274: VFL loss: 0.0344, total loss: 0.0889, anchor loss: 0.0545, VFL train accuracy: 0.9897
2026-04-02 18:50:16,815 - Epoch: 3, 131/274: VFL loss: 0.0347, total loss: 0.0893, anchor loss: 0.0546, VFL train accuracy: 0.9896
2026-04-02 18:50:17,076 - Epoch: 3, 141/274: VFL loss: 0.0354, total loss: 0.0899, anchor loss: 0.0546, VFL train accuracy: 0.9894
2026-04-02 18:50:17,362 - Epoch: 3, 151/274: VFL loss: 0.0356, total loss: 0.0901, anchor loss: 0.0545, VFL train accuracy: 0.9894
2026-04-02 18:50:17,643 - Epoch: 3, 161/274: VFL loss: 0.0369, total loss: 0.0916, anchor loss: 0.0546, VFL train accuracy: 0.9891
2026-04-02 18:50:17,947 - Epoch: 3, 171/274: VFL loss: 0.0368, total loss: 0.0917, anchor loss: 0.0549, VFL train accuracy: 0.9891
2026-04-02 18:50:18,191 - Epoch: 3, 181/274: VFL loss: 0.0366, total loss: 0.0915, anchor loss: 0.0549, VFL train accuracy: 0.9890
2026-04-02 18:50:18,497 - Epoch: 3, 191/274: VFL loss: 0.0364, total loss: 0.0914, anchor loss: 0.0550, VFL train accuracy: 0.9890
2026-04-02 18:50:18,773 - Epoch: 3, 201/274: VFL loss: 0.0381, total loss: 0.0931, anchor loss: 0.0550, VFL train accuracy: 0.9884
2026-04-02 18:50:19,051 - Epoch: 3, 211/274: VFL loss: 0.0382, total loss: 0.0934, anchor loss: 0.0551, VFL train accuracy: 0.9884
2026-04-02 18:50:19,329 - Epoch: 3, 221/274: VFL loss: 0.0386, total loss: 0.0938, anchor loss: 0.0552, VFL train accuracy: 0.9883
2026-04-02 18:50:19,578 - Epoch: 3, 231/274: VFL loss: 0.0386, total loss: 0.0939, anchor loss: 0.0553, VFL train accuracy: 0.9883
2026-04-02 18:50:19,863 - Epoch: 3, 241/274: VFL loss: 0.0391, total loss: 0.0945, anchor loss: 0.0553, VFL train accuracy: 0.9881
2026-04-02 18:50:20,147 - Epoch: 3, 251/274: VFL loss: 0.0399, total loss: 0.0954, anchor loss: 0.0555, VFL train accuracy: 0.9877
2026-04-02 18:50:20,411 - Epoch: 3, 261/274: VFL loss: 0.0399, total loss: 0.0956, anchor loss: 0.0557, VFL train accuracy: 0.9877
2026-04-02 18:50:20,673 - Epoch: 3, 271/274: VFL loss: 0.0407, total loss: 0.0965, anchor loss: 0.0558, VFL train accuracy: 0.9874
2026-04-02 18:50:20,775 - => Recorded Stage 2 client anchor losses for epoch 3 to './results/AVGuard/NUSWIDE_anchor_stage2_3clients\stage2_final_epoch_client_anchor_losses.json': {0: 0.02712, 1: 0.065726, 2: 0.074413}
2026-04-02 18:50:20,785 - => Stage 2 EMA anchor update applied at epoch 3 with momentum 0.9950: updated classes per client {0: 5, 1: 5, 2: 5}
2026-04-02 18:50:20,785 - => Stage 2 Epoch 3 Training Summary: VFL loss: 0.0410, total loss: 0.0968, anchor loss: 0.0557, VFL train accuracy: 0.9873
2026-04-02 18:50:20,787 - => Test ASR...
2026-04-02 18:50:20,892 - =>Add Trigger to Test Data
2026-04-02 18:50:23,065 - Add Trigger to 37064 Bad Samples, 9629 Clean Samples (1.00)
2026-04-02 18:50:32,086 - => Test Epoch: 3, main task samples: 46693, attack samples: 46693, test loss: 0.8666, clean acc: 0.7595, Top-4: 0.9922, ASR: 0.0639, RAC: 0.7106, test target accuracy: 0.8441, stage3 final accuracy: 0.7595, stage3 final target accuracy: 0.7406, stage3 final asr: 0.0639, anchor loss: 0.0989
2026-04-02 18:50:32,088 - => Stage 3 Detection Summary: recall: 0.7004, precision: 0.0329, f1: 0.0628, false positive rate: 0.2348, correction rate: 0.4038
2026-04-02 18:50:32,088 - => Stage 3 Debug (clean): suspicious=10964/46693, correction_applied=10964, prediction_changed=10964, skipped_tied_vote=0, skipped_other=0
2026-04-02 18:50:32,088 - => Stage 3 Debug (poison-valid): suspicious=10088/37064, correction_applied=10088, prediction_changed=10088, skipped_tied_vote=0, skipped_other=0
2026-04-02 18:50:32,089 - => Stage 3 Debug (attack-success): suspicious=692/988, correction_applied=692, prediction_changed=692, corrected_to_true=399
2026-04-02 18:50:32,154 - => End Epoch: 3, early stop epochs: 2, best epoch: 1, best clean acc: 0.7745, best Top-4: 0.9935, best ASR: 0.2171, best RAC: 0.6617, anchor loss: 0.0979
2026-04-02 18:50:32,155 - => Stage 3 Detection Summary: recall: 0.6996, precision: 0.2695, f1: 0.3892, false positive rate: 0.2137, correction rate: 0.5143
2026-04-02 18:50:32,221 - => LFBA current anchor-derived target label: 3
2026-04-02 18:50:32,321 - =>Add Trigger to Train Data
2026-04-02 18:50:32,572 - Add Trigger to 6996 Bad Samples, 62970 Clean Samples (0.10)
2026-04-02 18:50:32,579 - => Start Training for Injecting Backdoor...
2026-04-02 18:50:32,628 - Epoch: 4, 1/274: VFL loss: 0.0611, total loss: 0.1156, anchor loss: 0.0545, VFL train accuracy: 0.9883
2026-04-02 18:50:33,142 - Epoch: 4, 11/274: VFL loss: 0.0516, total loss: 0.1094, anchor loss: 0.0578, VFL train accuracy: 0.9865
2026-04-02 18:50:33,468 - Epoch: 4, 21/274: VFL loss: 0.0425, total loss: 0.1000, anchor loss: 0.0575, VFL train accuracy: 0.9875
2026-04-02 18:50:33,809 - Epoch: 4, 31/274: VFL loss: 0.0374, total loss: 0.0943, anchor loss: 0.0570, VFL train accuracy: 0.9888
2026-04-02 18:50:34,140 - Epoch: 4, 41/274: VFL loss: 0.0354, total loss: 0.0917, anchor loss: 0.0564, VFL train accuracy: 0.9890
2026-04-02 18:50:34,458 - Epoch: 4, 51/274: VFL loss: 0.0368, total loss: 0.0929, anchor loss: 0.0561, VFL train accuracy: 0.9892
2026-04-02 18:50:34,783 - Epoch: 4, 61/274: VFL loss: 0.0350, total loss: 0.0908, anchor loss: 0.0558, VFL train accuracy: 0.9898
2026-04-02 18:50:35,128 - Epoch: 4, 71/274: VFL loss: 0.0345, total loss: 0.0903, anchor loss: 0.0558, VFL train accuracy: 0.9902
2026-04-02 18:50:35,419 - Epoch: 4, 81/274: VFL loss: 0.0328, total loss: 0.0885, anchor loss: 0.0557, VFL train accuracy: 0.9906
2026-04-02 18:50:35,726 - Epoch: 4, 91/274: VFL loss: 0.0322, total loss: 0.0876, anchor loss: 0.0554, VFL train accuracy: 0.9906
2026-04-02 18:50:35,998 - Epoch: 4, 101/274: VFL loss: 0.0309, total loss: 0.0862, anchor loss: 0.0553, VFL train accuracy: 0.9910
2026-04-02 18:50:36,325 - Epoch: 4, 111/274: VFL loss: 0.0313, total loss: 0.0867, anchor loss: 0.0554, VFL train accuracy: 0.9908
2026-04-02 18:50:36,600 - Epoch: 4, 121/274: VFL loss: 0.0310, total loss: 0.0863, anchor loss: 0.0554, VFL train accuracy: 0.9907
2026-04-02 18:50:36,913 - Epoch: 4, 131/274: VFL loss: 0.0314, total loss: 0.0867, anchor loss: 0.0553, VFL train accuracy: 0.9907
2026-04-02 18:50:37,187 - Epoch: 4, 141/274: VFL loss: 0.0313, total loss: 0.0866, anchor loss: 0.0553, VFL train accuracy: 0.9907
2026-04-02 18:50:37,668 - Epoch: 4, 151/274: VFL loss: 0.0313, total loss: 0.0866, anchor loss: 0.0553, VFL train accuracy: 0.9907
2026-04-02 18:50:37,968 - Epoch: 4, 161/274: VFL loss: 0.0315, total loss: 0.0868, anchor loss: 0.0553, VFL train accuracy: 0.9905
2026-04-02 18:50:38,249 - Epoch: 4, 171/274: VFL loss: 0.0318, total loss: 0.0872, anchor loss: 0.0555, VFL train accuracy: 0.9904
2026-04-02 18:50:38,645 - Epoch: 4, 181/274: VFL loss: 0.0315, total loss: 0.0870, anchor loss: 0.0556, VFL train accuracy: 0.9903
2026-04-02 18:50:39,068 - Epoch: 4, 191/274: VFL loss: 0.0321, total loss: 0.0877, anchor loss: 0.0556, VFL train accuracy: 0.9902
2026-04-02 18:50:39,475 - Epoch: 4, 201/274: VFL loss: 0.0314, total loss: 0.0871, anchor loss: 0.0557, VFL train accuracy: 0.9905
2026-04-02 18:50:39,862 - Epoch: 4, 211/274: VFL loss: 0.0322, total loss: 0.0879, anchor loss: 0.0557, VFL train accuracy: 0.9903
2026-04-02 18:50:40,249 - Epoch: 4, 221/274: VFL loss: 0.0323, total loss: 0.0880, anchor loss: 0.0557, VFL train accuracy: 0.9902
2026-04-02 18:50:40,630 - Epoch: 4, 231/274: VFL loss: 0.0320, total loss: 0.0878, anchor loss: 0.0557, VFL train accuracy: 0.9902
2026-04-02 18:50:41,013 - Epoch: 4, 241/274: VFL loss: 0.0323, total loss: 0.0881, anchor loss: 0.0558, VFL train accuracy: 0.9901
2026-04-02 18:50:41,384 - Epoch: 4, 251/274: VFL loss: 0.0331, total loss: 0.0889, anchor loss: 0.0558, VFL train accuracy: 0.9899
2026-04-02 18:50:41,762 - Epoch: 4, 261/274: VFL loss: 0.0335, total loss: 0.0894, anchor loss: 0.0559, VFL train accuracy: 0.9896
2026-04-02 18:50:42,141 - Epoch: 4, 271/274: VFL loss: 0.0336, total loss: 0.0896, anchor loss: 0.0560, VFL train accuracy: 0.9895
2026-04-02 18:50:42,281 - => Recorded Stage 2 client anchor losses for epoch 4 to './results/AVGuard/NUSWIDE_anchor_stage2_3clients\stage2_final_epoch_client_anchor_losses.json': {0: 0.026773, 1: 0.067546, 2: 0.073731}
2026-04-02 18:50:42,286 - => Stage 2 EMA anchor update applied at epoch 4 with momentum 0.9950: updated classes per client {0: 5, 1: 5, 2: 5}
2026-04-02 18:50:42,286 - => Stage 2 Epoch 4 Training Summary: VFL loss: 0.0336, total loss: 0.0896, anchor loss: 0.0560, VFL train accuracy: 0.9895
2026-04-02 18:50:42,286 - => Test ASR...
2026-04-02 18:50:42,389 - =>Add Trigger to Test Data
2026-04-02 18:50:45,622 - Add Trigger to 37064 Bad Samples, 9629 Clean Samples (1.00)
2026-04-02 18:50:57,908 - => Test Epoch: 4, main task samples: 46693, attack samples: 46693, test loss: 0.9434, clean acc: 0.7716, Top-4: 0.9920, ASR: 0.0788, RAC: 0.7191, test target accuracy: 0.8643, stage3 final accuracy: 0.7716, stage3 final target accuracy: 0.7798, stage3 final asr: 0.0788, anchor loss: 0.0984
2026-04-02 18:50:57,908 - => Stage 3 Detection Summary: recall: 0.6520, precision: 0.0360, f1: 0.0682, false positive rate: 0.2171, correction rate: 0.3595
2026-04-02 18:50:57,909 - => Stage 3 Debug (clean): suspicious=10137/46693, correction_applied=10137, prediction_changed=10137, skipped_tied_vote=0, skipped_other=0
2026-04-02 18:50:57,909 - => Stage 3 Debug (poison-valid): suspicious=10424/37064, correction_applied=10424, prediction_changed=10424, skipped_tied_vote=0, skipped_other=0
2026-04-02 18:50:57,909 - => Stage 3 Debug (attack-success): suspicious=740/1135, correction_applied=740, prediction_changed=740, corrected_to_true=408
2026-04-02 18:50:57,981 - => End Epoch: 4, early stop epochs: 3, best epoch: 1, best clean acc: 0.7745, best Top-4: 0.9935, best ASR: 0.2171, best RAC: 0.6617, anchor loss: 0.0979
2026-04-02 18:50:57,981 - => Stage 3 Detection Summary: recall: 0.6996, precision: 0.2695, f1: 0.3892, false positive rate: 0.2137, correction rate: 0.5143
2026-04-02 18:50:58,046 - => LFBA current anchor-derived target label: 3
2026-04-02 18:50:58,127 - =>Add Trigger to Train Data
2026-04-02 18:50:58,426 - Add Trigger to 6996 Bad Samples, 62970 Clean Samples (0.10)
2026-04-02 18:50:58,433 - => Start Training for Injecting Backdoor...
2026-04-02 18:50:58,486 - Epoch: 5, 1/274: VFL loss: 0.0085, total loss: 0.0628, anchor loss: 0.0542, VFL train accuracy: 0.9961
2026-04-02 18:50:59,220 - Epoch: 5, 11/274: VFL loss: 0.0174, total loss: 0.0725, anchor loss: 0.0551, VFL train accuracy: 0.9943
2026-04-02 18:50:59,619 - Epoch: 5, 21/274: VFL loss: 0.0182, total loss: 0.0730, anchor loss: 0.0549, VFL train accuracy: 0.9944
2026-04-02 18:51:00,041 - Epoch: 5, 31/274: VFL loss: 0.0205, total loss: 0.0747, anchor loss: 0.0543, VFL train accuracy: 0.9938
2026-04-02 18:51:00,413 - Epoch: 5, 41/274: VFL loss: 0.0214, total loss: 0.0754, anchor loss: 0.0539, VFL train accuracy: 0.9936
2026-04-02 18:51:00,798 - Epoch: 5, 51/274: VFL loss: 0.0223, total loss: 0.0769, anchor loss: 0.0546, VFL train accuracy: 0.9931
2026-04-02 18:51:01,176 - Epoch: 5, 61/274: VFL loss: 0.0224, total loss: 0.0771, anchor loss: 0.0548, VFL train accuracy: 0.9930
2026-04-02 18:51:01,579 - Epoch: 5, 71/274: VFL loss: 0.0228, total loss: 0.0779, anchor loss: 0.0551, VFL train accuracy: 0.9926
2026-04-02 18:51:02,017 - Epoch: 5, 81/274: VFL loss: 0.0233, total loss: 0.0785, anchor loss: 0.0552, VFL train accuracy: 0.9923
2026-04-02 18:51:02,422 - Epoch: 5, 91/274: VFL loss: 0.0230, total loss: 0.0782, anchor loss: 0.0552, VFL train accuracy: 0.9924
2026-04-02 18:51:02,846 - Epoch: 5, 101/274: VFL loss: 0.0230, total loss: 0.0782, anchor loss: 0.0553, VFL train accuracy: 0.9926
2026-04-02 18:51:03,244 - Epoch: 5, 111/274: VFL loss: 0.0231, total loss: 0.0783, anchor loss: 0.0552, VFL train accuracy: 0.9927
2026-04-02 18:51:03,643 - Epoch: 5, 121/274: VFL loss: 0.0234, total loss: 0.0786, anchor loss: 0.0553, VFL train accuracy: 0.9927
2026-04-02 18:51:04,054 - Epoch: 5, 131/274: VFL loss: 0.0247, total loss: 0.0802, anchor loss: 0.0554, VFL train accuracy: 0.9923
2026-04-02 18:51:04,461 - Epoch: 5, 141/274: VFL loss: 0.0253, total loss: 0.0809, anchor loss: 0.0556, VFL train accuracy: 0.9922
2026-04-02 18:51:04,886 - Epoch: 5, 151/274: VFL loss: 0.0257, total loss: 0.0812, anchor loss: 0.0555, VFL train accuracy: 0.9921
2026-04-02 18:51:05,280 - Epoch: 5, 161/274: VFL loss: 0.0256, total loss: 0.0811, anchor loss: 0.0556, VFL train accuracy: 0.9920
2026-04-02 18:51:05,662 - Epoch: 5, 171/274: VFL loss: 0.0259, total loss: 0.0817, anchor loss: 0.0558, VFL train accuracy: 0.9919
2026-04-02 18:51:06,024 - Epoch: 5, 181/274: VFL loss: 0.0267, total loss: 0.0826, anchor loss: 0.0559, VFL train accuracy: 0.9915
2026-04-02 18:51:06,410 - Epoch: 5, 191/274: VFL loss: 0.0272, total loss: 0.0832, anchor loss: 0.0560, VFL train accuracy: 0.9913
2026-04-02 18:51:06,821 - Epoch: 5, 201/274: VFL loss: 0.0279, total loss: 0.0841, anchor loss: 0.0562, VFL train accuracy: 0.9912
2026-04-02 18:51:07,209 - Epoch: 5, 211/274: VFL loss: 0.0287, total loss: 0.0849, anchor loss: 0.0563, VFL train accuracy: 0.9909
2026-04-02 18:51:07,574 - Epoch: 5, 221/274: VFL loss: 0.0290, total loss: 0.0853, anchor loss: 0.0563, VFL train accuracy: 0.9908
2026-04-02 18:51:07,942 - Epoch: 5, 231/274: VFL loss: 0.0296, total loss: 0.0860, anchor loss: 0.0564, VFL train accuracy: 0.9907
2026-04-02 18:51:08,306 - Epoch: 5, 241/274: VFL loss: 0.0296, total loss: 0.0860, anchor loss: 0.0564, VFL train accuracy: 0.9908
2026-04-02 18:51:08,666 - Epoch: 5, 251/274: VFL loss: 0.0298, total loss: 0.0862, anchor loss: 0.0564, VFL train accuracy: 0.9908
2026-04-02 18:51:09,068 - Epoch: 5, 261/274: VFL loss: 0.0299, total loss: 0.0863, anchor loss: 0.0564, VFL train accuracy: 0.9907
2026-04-02 18:51:09,454 - Epoch: 5, 271/274: VFL loss: 0.0308, total loss: 0.0872, anchor loss: 0.0564, VFL train accuracy: 0.9903
2026-04-02 18:51:09,571 - => Recorded Stage 2 client anchor losses for epoch 5 to './results/AVGuard/NUSWIDE_anchor_stage2_3clients\stage2_final_epoch_client_anchor_losses.json': {0: 0.026934, 1: 0.068776, 2: 0.073597}
2026-04-02 18:51:09,577 - => Stage 2 EMA anchor update applied at epoch 5 with momentum 0.9950: updated classes per client {0: 5, 1: 5, 2: 5}
2026-04-02 18:51:09,577 - => Stage 2 Epoch 5 Training Summary: VFL loss: 0.0310, total loss: 0.0875, anchor loss: 0.0564, VFL train accuracy: 0.9903
2026-04-02 18:51:09,578 - => Test ASR...
2026-04-02 18:51:09,685 - =>Add Trigger to Test Data
2026-04-02 18:51:13,075 - Add Trigger to 37064 Bad Samples, 9629 Clean Samples (1.00)
2026-04-02 18:51:25,437 - => Test Epoch: 5, main task samples: 46693, attack samples: 46693, test loss: 0.9860, clean acc: 0.7749, Top-4: 0.9930, ASR: 0.0656, RAC: 0.7163, test target accuracy: 0.8505, stage3 final accuracy: 0.7749, stage3 final target accuracy: 0.7540, stage3 final asr: 0.0656, anchor loss: 0.0985
2026-04-02 18:51:25,438 - => Stage 3 Detection Summary: recall: 0.6961, precision: 0.0296, f1: 0.0568, false positive rate: 0.2216, correction rate: 0.4070
2026-04-02 18:51:25,438 - => Stage 3 Debug (clean): suspicious=10347/46693, correction_applied=10347, prediction_changed=10347, skipped_tied_vote=0, skipped_other=0
2026-04-02 18:51:25,438 - => Stage 3 Debug (poison-valid): suspicious=10380/37064, correction_applied=10380, prediction_changed=10380, skipped_tied_vote=0, skipped_other=0
2026-04-02 18:51:25,439 - => Stage 3 Debug (attack-success): suspicious=614/882, correction_applied=614, prediction_changed=614, corrected_to_true=359
2026-04-02 18:51:25,525 - => End Epoch: 5, early stop epochs: 4, best epoch: 1, best clean acc: 0.7745, best Top-4: 0.9935, best ASR: 0.2171, best RAC: 0.6617, anchor loss: 0.0979
2026-04-02 18:51:25,525 - => Stage 3 Detection Summary: recall: 0.6996, precision: 0.2695, f1: 0.3892, false positive rate: 0.2137, correction rate: 0.5143
2026-04-02 18:51:25,584 - => LFBA current anchor-derived target label: 3
2026-04-02 18:51:25,661 - =>Add Trigger to Train Data
2026-04-02 18:51:25,985 - Add Trigger to 6996 Bad Samples, 62970 Clean Samples (0.10)
2026-04-02 18:51:25,991 - => Start Training for Injecting Backdoor...
2026-04-02 18:51:26,072 - Epoch: 6, 1/274: VFL loss: 0.0129, total loss: 0.0665, anchor loss: 0.0536, VFL train accuracy: 0.9922
2026-04-02 18:51:26,849 - Epoch: 6, 11/274: VFL loss: 0.0429, total loss: 0.0985, anchor loss: 0.0556, VFL train accuracy: 0.9911
2026-04-02 18:51:27,230 - Epoch: 6, 21/274: VFL loss: 0.0351, total loss: 0.0908, anchor loss: 0.0557, VFL train accuracy: 0.9922
2026-04-02 18:51:27,612 - Epoch: 6, 31/274: VFL loss: 0.0291, total loss: 0.0840, anchor loss: 0.0550, VFL train accuracy: 0.9934
2026-04-02 18:51:27,988 - Epoch: 6, 41/274: VFL loss: 0.0290, total loss: 0.0841, anchor loss: 0.0550, VFL train accuracy: 0.9931
2026-04-02 18:51:28,471 - Epoch: 6, 51/274: VFL loss: 0.0284, total loss: 0.0834, anchor loss: 0.0550, VFL train accuracy: 0.9928
2026-04-02 18:51:28,869 - Epoch: 6, 61/274: VFL loss: 0.0280, total loss: 0.0829, anchor loss: 0.0549, VFL train accuracy: 0.9927
2026-04-02 18:51:29,276 - Epoch: 6, 71/274: VFL loss: 0.0269, total loss: 0.0816, anchor loss: 0.0548, VFL train accuracy: 0.9930
2026-04-02 18:51:29,676 - Epoch: 6, 81/274: VFL loss: 0.0258, total loss: 0.0806, anchor loss: 0.0547, VFL train accuracy: 0.9931
2026-04-02 18:51:30,084 - Epoch: 6, 91/274: VFL loss: 0.0261, total loss: 0.0809, anchor loss: 0.0547, VFL train accuracy: 0.9928
2026-04-02 18:51:30,470 - Epoch: 6, 101/274: VFL loss: 0.0252, total loss: 0.0802, anchor loss: 0.0550, VFL train accuracy: 0.9929
2026-04-02 18:51:30,875 - Epoch: 6, 111/274: VFL loss: 0.0257, total loss: 0.0810, anchor loss: 0.0553, VFL train accuracy: 0.9928
2026-04-02 18:51:31,289 - Epoch: 6, 121/274: VFL loss: 0.0250, total loss: 0.0804, anchor loss: 0.0553, VFL train accuracy: 0.9928
2026-04-02 18:51:31,680 - Epoch: 6, 131/274: VFL loss: 0.0247, total loss: 0.0799, anchor loss: 0.0552, VFL train accuracy: 0.9929
2026-04-02 18:51:32,078 - Epoch: 6, 141/274: VFL loss: 0.0254, total loss: 0.0806, anchor loss: 0.0552, VFL train accuracy: 0.9926
2026-04-02 18:51:32,472 - Epoch: 6, 151/274: VFL loss: 0.0266, total loss: 0.0818, anchor loss: 0.0553, VFL train accuracy: 0.9922
2026-04-02 18:51:32,885 - Epoch: 6, 161/274: VFL loss: 0.0262, total loss: 0.0816, anchor loss: 0.0554, VFL train accuracy: 0.9923
2026-04-02 18:51:33,283 - Epoch: 6, 171/274: VFL loss: 0.0265, total loss: 0.0820, anchor loss: 0.0555, VFL train accuracy: 0.9923
2026-04-02 18:51:33,684 - Epoch: 6, 181/274: VFL loss: 0.0268, total loss: 0.0824, anchor loss: 0.0557, VFL train accuracy: 0.9921
2026-04-02 18:51:34,096 - Epoch: 6, 191/274: VFL loss: 0.0270, total loss: 0.0828, anchor loss: 0.0558, VFL train accuracy: 0.9921
2026-04-02 18:51:34,506 - Epoch: 6, 201/274: VFL loss: 0.0274, total loss: 0.0834, anchor loss: 0.0559, VFL train accuracy: 0.9919
2026-04-02 18:51:34,913 - Epoch: 6, 211/274: VFL loss: 0.0275, total loss: 0.0834, anchor loss: 0.0559, VFL train accuracy: 0.9918
2026-04-02 18:51:35,339 - Epoch: 6, 221/274: VFL loss: 0.0276, total loss: 0.0836, anchor loss: 0.0560, VFL train accuracy: 0.9917
2026-04-02 18:51:35,743 - Epoch: 6, 231/274: VFL loss: 0.0278, total loss: 0.0839, anchor loss: 0.0561, VFL train accuracy: 0.9916
2026-04-02 18:51:36,157 - Epoch: 6, 241/274: VFL loss: 0.0279, total loss: 0.0840, anchor loss: 0.0561, VFL train accuracy: 0.9916
2026-04-02 18:51:36,608 - Epoch: 6, 251/274: VFL loss: 0.0286, total loss: 0.0848, anchor loss: 0.0562, VFL train accuracy: 0.9914
2026-04-02 18:51:37,112 - Epoch: 6, 261/274: VFL loss: 0.0288, total loss: 0.0849, anchor loss: 0.0562, VFL train accuracy: 0.9913
2026-04-02 18:51:37,529 - Epoch: 6, 271/274: VFL loss: 0.0290, total loss: 0.0852, anchor loss: 0.0563, VFL train accuracy: 0.9912
2026-04-02 18:51:37,656 - => Recorded Stage 2 client anchor losses for epoch 6 to './results/AVGuard/NUSWIDE_anchor_stage2_3clients\stage2_final_epoch_client_anchor_losses.json': {0: 0.027265, 1: 0.068707, 2: 0.072872}
2026-04-02 18:51:37,664 - => Stage 2 EMA anchor update applied at epoch 6 with momentum 0.9950: updated classes per client {0: 5, 1: 5, 2: 5}
2026-04-02 18:51:37,665 - => Stage 2 Epoch 6 Training Summary: VFL loss: 0.0291, total loss: 0.0854, anchor loss: 0.0563, VFL train accuracy: 0.9912
2026-04-02 18:51:37,665 - => Test ASR...
2026-04-02 18:51:38,079 - =>Add Trigger to Test Data
2026-04-02 18:51:41,550 - Add Trigger to 37064 Bad Samples, 9629 Clean Samples (1.00)
2026-04-02 18:51:54,219 - => Test Epoch: 6, main task samples: 46693, attack samples: 46693, test loss: 1.1012, clean acc: 0.7631, Top-4: 0.9927, ASR: 0.0722, RAC: 0.7216, test target accuracy: 0.8484, stage3 final accuracy: 0.7631, stage3 final target accuracy: 0.7526, stage3 final asr: 0.0722, anchor loss: 0.0984
2026-04-02 18:51:54,219 - => Stage 3 Detection Summary: recall: 0.6821, precision: 0.0286, f1: 0.0549, false positive rate: 0.2254, correction rate: 0.4012
2026-04-02 18:51:54,221 - => Stage 3 Debug (clean): suspicious=10526/46693, correction_applied=10526, prediction_changed=10526, skipped_tied_vote=0, skipped_other=0
2026-04-02 18:51:54,221 - => Stage 3 Debug (poison-valid): suspicious=10097/37064, correction_applied=10097, prediction_changed=10097, skipped_tied_vote=0, skipped_other=0
2026-04-02 18:51:54,221 - => Stage 3 Debug (attack-success): suspicious=590/865, correction_applied=590, prediction_changed=590, corrected_to_true=347
2026-04-02 18:51:54,298 - => End Epoch: 6, early stop epochs: 5, best epoch: 1, best clean acc: 0.7745, best Top-4: 0.9935, best ASR: 0.2171, best RAC: 0.6617, anchor loss: 0.0979
2026-04-02 18:51:54,299 - => Stage 3 Detection Summary: recall: 0.6996, precision: 0.2695, f1: 0.3892, false positive rate: 0.2137, correction rate: 0.5143
2026-04-02 18:51:54,373 - => LFBA current anchor-derived target label: 3
2026-04-02 18:51:54,525 - =>Add Trigger to Train Data
2026-04-02 18:51:55,070 - Add Trigger to 6996 Bad Samples, 62970 Clean Samples (0.10)
2026-04-02 18:51:55,077 - => Start Training for Injecting Backdoor...
2026-04-02 18:51:55,132 - Epoch: 7, 1/274: VFL loss: 0.0428, total loss: 0.0941, anchor loss: 0.0513, VFL train accuracy: 0.9883
2026-04-02 18:51:55,848 - Epoch: 7, 11/274: VFL loss: 0.0190, total loss: 0.0728, anchor loss: 0.0538, VFL train accuracy: 0.9943
2026-04-02 18:51:56,265 - Epoch: 7, 21/274: VFL loss: 0.0196, total loss: 0.0740, anchor loss: 0.0544, VFL train accuracy: 0.9937
2026-04-02 18:51:56,659 - Epoch: 7, 31/274: VFL loss: 0.0200, total loss: 0.0744, anchor loss: 0.0544, VFL train accuracy: 0.9932
2026-04-02 18:51:57,075 - Epoch: 7, 41/274: VFL loss: 0.0217, total loss: 0.0766, anchor loss: 0.0548, VFL train accuracy: 0.9932
2026-04-02 18:51:57,499 - Epoch: 7, 51/274: VFL loss: 0.0223, total loss: 0.0773, anchor loss: 0.0550, VFL train accuracy: 0.9936
2026-04-02 18:51:57,908 - Epoch: 7, 61/274: VFL loss: 0.0232, total loss: 0.0781, anchor loss: 0.0550, VFL train accuracy: 0.9930
2026-04-02 18:51:58,321 - Epoch: 7, 71/274: VFL loss: 0.0232, total loss: 0.0784, anchor loss: 0.0552, VFL train accuracy: 0.9927
2026-04-02 18:51:58,717 - Epoch: 7, 81/274: VFL loss: 0.0235, total loss: 0.0787, anchor loss: 0.0552, VFL train accuracy: 0.9930
2026-04-02 18:51:59,113 - Epoch: 7, 91/274: VFL loss: 0.0236, total loss: 0.0787, anchor loss: 0.0551, VFL train accuracy: 0.9929
2026-04-02 18:51:59,678 - Epoch: 7, 101/274: VFL loss: 0.0231, total loss: 0.0783, anchor loss: 0.0553, VFL train accuracy: 0.9931
2026-04-02 18:52:00,115 - Epoch: 7, 111/274: VFL loss: 0.0239, total loss: 0.0793, anchor loss: 0.0554, VFL train accuracy: 0.9929
2026-04-02 18:52:00,532 - Epoch: 7, 121/274: VFL loss: 0.0238, total loss: 0.0792, anchor loss: 0.0555, VFL train accuracy: 0.9927
2026-04-02 18:52:00,894 - Epoch: 7, 131/274: VFL loss: 0.0239, total loss: 0.0796, anchor loss: 0.0556, VFL train accuracy: 0.9925
2026-04-02 18:52:01,289 - Epoch: 7, 141/274: VFL loss: 0.0245, total loss: 0.0800, anchor loss: 0.0556, VFL train accuracy: 0.9925
2026-04-02 18:52:01,688 - Epoch: 7, 151/274: VFL loss: 0.0248, total loss: 0.0805, anchor loss: 0.0557, VFL train accuracy: 0.9923
2026-04-02 18:52:02,070 - Epoch: 7, 161/274: VFL loss: 0.0251, total loss: 0.0808, anchor loss: 0.0557, VFL train accuracy: 0.9923
2026-04-02 18:52:02,447 - Epoch: 7, 171/274: VFL loss: 0.0260, total loss: 0.0817, anchor loss: 0.0558, VFL train accuracy: 0.9921
2026-04-02 18:52:02,837 - Epoch: 7, 181/274: VFL loss: 0.0256, total loss: 0.0814, anchor loss: 0.0559, VFL train accuracy: 0.9922
2026-04-02 18:52:03,219 - Epoch: 7, 191/274: VFL loss: 0.0255, total loss: 0.0815, anchor loss: 0.0559, VFL train accuracy: 0.9922
2026-04-02 18:52:03,590 - Epoch: 7, 201/274: VFL loss: 0.0263, total loss: 0.0823, anchor loss: 0.0561, VFL train accuracy: 0.9919
2026-04-02 18:52:03,964 - Epoch: 7, 211/274: VFL loss: 0.0268, total loss: 0.0830, anchor loss: 0.0562, VFL train accuracy: 0.9919
2026-04-02 18:52:04,343 - Epoch: 7, 221/274: VFL loss: 0.0268, total loss: 0.0831, anchor loss: 0.0563, VFL train accuracy: 0.9917
2026-04-02 18:52:04,715 - Epoch: 7, 231/274: VFL loss: 0.0272, total loss: 0.0834, anchor loss: 0.0562, VFL train accuracy: 0.9915
2026-04-02 18:52:05,095 - Epoch: 7, 241/274: VFL loss: 0.0273, total loss: 0.0835, anchor loss: 0.0562, VFL train accuracy: 0.9915
2026-04-02 18:52:05,485 - Epoch: 7, 251/274: VFL loss: 0.0284, total loss: 0.0847, anchor loss: 0.0563, VFL train accuracy: 0.9912
2026-04-02 18:52:05,893 - Epoch: 7, 261/274: VFL loss: 0.0288, total loss: 0.0851, anchor loss: 0.0563, VFL train accuracy: 0.9911
2026-04-02 18:52:06,263 - Epoch: 7, 271/274: VFL loss: 0.0294, total loss: 0.0858, anchor loss: 0.0565, VFL train accuracy: 0.9909
2026-04-02 18:52:06,381 - => Recorded Stage 2 client anchor losses for epoch 7 to './results/AVGuard/NUSWIDE_anchor_stage2_3clients\stage2_final_epoch_client_anchor_losses.json': {0: 0.027683, 1: 0.068913, 2: 0.072716}
2026-04-02 18:52:06,388 - => Stage 2 EMA anchor update applied at epoch 7 with momentum 0.9950: updated classes per client {0: 5, 1: 5, 2: 5}
2026-04-02 18:52:06,388 - => Stage 2 Epoch 7 Training Summary: VFL loss: 0.0297, total loss: 0.0862, anchor loss: 0.0564, VFL train accuracy: 0.9909
2026-04-02 18:52:06,389 - => Test ASR...
2026-04-02 18:52:06,493 - =>Add Trigger to Test Data
2026-04-02 18:52:09,946 - Add Trigger to 37064 Bad Samples, 9629 Clean Samples (1.00)
2026-04-02 18:52:22,121 - => Test Epoch: 7, main task samples: 46693, attack samples: 46693, test loss: 0.9842, clean acc: 0.7672, Top-4: 0.9929, ASR: 0.0644, RAC: 0.7208, test target accuracy: 0.8225, stage3 final accuracy: 0.7672, stage3 final target accuracy: 0.7433, stage3 final asr: 0.0644, anchor loss: 0.0994
2026-04-02 18:52:22,121 - => Stage 3 Detection Summary: recall: 0.6563, precision: 0.0193, f1: 0.0375, false positive rate: 0.2257, correction rate: 0.3699
2026-04-02 18:52:22,121 - => Stage 3 Debug (clean): suspicious=10538/46693, correction_applied=10538, prediction_changed=10538, skipped_tied_vote=0, skipped_other=0
2026-04-02 18:52:22,122 - => Stage 3 Debug (poison-valid): suspicious=10221/37064, correction_applied=10221, prediction_changed=10221, skipped_tied_vote=0, skipped_other=0
2026-04-02 18:52:22,122 - => Stage 3 Debug (attack-success): suspicious=401/611, correction_applied=401, prediction_changed=401, corrected_to_true=226
2026-04-02 18:52:22,193 - => End Epoch: 7, early stop epochs: 6, best epoch: 1, best clean acc: 0.7745, best Top-4: 0.9935, best ASR: 0.2171, best RAC: 0.6617, anchor loss: 0.0979
2026-04-02 18:52:22,193 - => Stage 3 Detection Summary: recall: 0.6996, precision: 0.2695, f1: 0.3892, false positive rate: 0.2137, correction rate: 0.5143
2026-04-02 18:52:22,265 - => LFBA current anchor-derived target label: 3
2026-04-02 18:52:22,357 - =>Add Trigger to Train Data
2026-04-02 18:52:22,675 - Add Trigger to 6996 Bad Samples, 62970 Clean Samples (0.10)
2026-04-02 18:52:22,682 - => Start Training for Injecting Backdoor...
2026-04-02 18:52:22,748 - Epoch: 8, 1/274: VFL loss: 0.0245, total loss: 0.0847, anchor loss: 0.0602, VFL train accuracy: 0.9883
2026-04-02 18:52:23,519 - Epoch: 8, 11/274: VFL loss: 0.0274, total loss: 0.0840, anchor loss: 0.0566, VFL train accuracy: 0.9911
2026-04-02 18:52:23,976 - Epoch: 8, 21/274: VFL loss: 0.0337, total loss: 0.0889, anchor loss: 0.0553, VFL train accuracy: 0.9916
2026-04-02 18:52:24,419 - Epoch: 8, 31/274: VFL loss: 0.0329, total loss: 0.0882, anchor loss: 0.0553, VFL train accuracy: 0.9907
2026-04-02 18:52:24,867 - Epoch: 8, 41/274: VFL loss: 0.0287, total loss: 0.0839, anchor loss: 0.0552, VFL train accuracy: 0.9916
2026-04-02 18:52:25,290 - Epoch: 8, 51/274: VFL loss: 0.0262, total loss: 0.0816, anchor loss: 0.0553, VFL train accuracy: 0.9922
2026-04-02 18:52:25,672 - Epoch: 8, 61/274: VFL loss: 0.0238, total loss: 0.0792, anchor loss: 0.0553, VFL train accuracy: 0.9928
2026-04-02 18:52:26,057 - Epoch: 8, 71/274: VFL loss: 0.0233, total loss: 0.0784, anchor loss: 0.0551, VFL train accuracy: 0.9930
2026-04-02 18:52:26,427 - Epoch: 8, 81/274: VFL loss: 0.0229, total loss: 0.0777, anchor loss: 0.0549, VFL train accuracy: 0.9932
2026-04-02 18:52:26,791 - Epoch: 8, 91/274: VFL loss: 0.0230, total loss: 0.0779, anchor loss: 0.0549, VFL train accuracy: 0.9932
2026-04-02 18:52:27,144 - Epoch: 8, 101/274: VFL loss: 0.0235, total loss: 0.0782, anchor loss: 0.0547, VFL train accuracy: 0.9931
2026-04-02 18:52:27,513 - Epoch: 8, 111/274: VFL loss: 0.0233, total loss: 0.0782, anchor loss: 0.0549, VFL train accuracy: 0.9932
2026-04-02 18:52:27,882 - Epoch: 8, 121/274: VFL loss: 0.0230, total loss: 0.0778, anchor loss: 0.0548, VFL train accuracy: 0.9932
2026-04-02 18:52:28,287 - Epoch: 8, 131/274: VFL loss: 0.0246, total loss: 0.0796, anchor loss: 0.0550, VFL train accuracy: 0.9931
2026-04-02 18:52:28,689 - Epoch: 8, 141/274: VFL loss: 0.0253, total loss: 0.0804, anchor loss: 0.0552, VFL train accuracy: 0.9929
2026-04-02 18:52:29,082 - Epoch: 8, 151/274: VFL loss: 0.0254, total loss: 0.0804, anchor loss: 0.0551, VFL train accuracy: 0.9929
2026-04-02 18:52:29,437 - Epoch: 8, 161/274: VFL loss: 0.0249, total loss: 0.0800, anchor loss: 0.0550, VFL train accuracy: 0.9930
2026-04-02 18:52:29,812 - Epoch: 8, 171/274: VFL loss: 0.0248, total loss: 0.0798, anchor loss: 0.0551, VFL train accuracy: 0.9930
2026-04-02 18:52:30,183 - Epoch: 8, 181/274: VFL loss: 0.0248, total loss: 0.0799, anchor loss: 0.0551, VFL train accuracy: 0.9929
2026-04-02 18:52:30,575 - Epoch: 8, 191/274: VFL loss: 0.0252, total loss: 0.0805, anchor loss: 0.0553, VFL train accuracy: 0.9927
2026-04-02 18:52:30,961 - Epoch: 8, 201/274: VFL loss: 0.0250, total loss: 0.0804, anchor loss: 0.0553, VFL train accuracy: 0.9928
2026-04-02 18:52:31,337 - Epoch: 8, 211/274: VFL loss: 0.0256, total loss: 0.0810, anchor loss: 0.0554, VFL train accuracy: 0.9925
2026-04-02 18:52:31,732 - Epoch: 8, 221/274: VFL loss: 0.0255, total loss: 0.0809, anchor loss: 0.0554, VFL train accuracy: 0.9925
2026-04-02 18:52:32,111 - Epoch: 8, 231/274: VFL loss: 0.0262, total loss: 0.0817, anchor loss: 0.0555, VFL train accuracy: 0.9924
2026-04-02 18:52:32,481 - Epoch: 8, 241/274: VFL loss: 0.0264, total loss: 0.0820, anchor loss: 0.0556, VFL train accuracy: 0.9923
2026-04-02 18:52:32,868 - Epoch: 8, 251/274: VFL loss: 0.0265, total loss: 0.0821, anchor loss: 0.0556, VFL train accuracy: 0.9922
2026-04-02 18:52:33,250 - Epoch: 8, 261/274: VFL loss: 0.0267, total loss: 0.0823, anchor loss: 0.0557, VFL train accuracy: 0.9921
2026-04-02 18:52:33,625 - Epoch: 8, 271/274: VFL loss: 0.0269, total loss: 0.0827, anchor loss: 0.0558, VFL train accuracy: 0.9920
2026-04-02 18:52:33,741 - => Recorded Stage 2 client anchor losses for epoch 8 to './results/AVGuard/NUSWIDE_anchor_stage2_3clients\stage2_final_epoch_client_anchor_losses.json': {0: 0.027953, 1: 0.067605, 2: 0.071836}
2026-04-02 18:52:33,747 - => Stage 2 EMA anchor update applied at epoch 8 with momentum 0.9950: updated classes per client {0: 5, 1: 5, 2: 5}
2026-04-02 18:52:33,747 - => Stage 2 Epoch 8 Training Summary: VFL loss: 0.0271, total loss: 0.0829, anchor loss: 0.0558, VFL train accuracy: 0.9920
2026-04-02 18:52:33,748 - => Test ASR...
2026-04-02 18:52:33,860 - =>Add Trigger to Test Data
2026-04-02 18:52:37,156 - Add Trigger to 37064 Bad Samples, 9629 Clean Samples (1.00)
2026-04-02 18:52:50,347 - => Test Epoch: 8, main task samples: 46693, attack samples: 46693, test loss: 1.2205, clean acc: 0.7638, Top-4: 0.9917, ASR: 0.0782, RAC: 0.7174, test target accuracy: 0.8885, stage3 final accuracy: 0.7638, stage3 final target accuracy: 0.7789, stage3 final asr: 0.0782, anchor loss: 0.0987
2026-04-02 18:52:50,347 - => Stage 3 Detection Summary: recall: 0.6817, precision: 0.0414, f1: 0.0780, false positive rate: 0.2228, correction rate: 0.3852
2026-04-02 18:52:50,347 - => Stage 3 Debug (clean): suspicious=10402/46693, correction_applied=10402, prediction_changed=10402, skipped_tied_vote=0, skipped_other=0
2026-04-02 18:52:50,348 - => Stage 3 Debug (poison-valid): suspicious=10039/37064, correction_applied=10039, prediction_changed=10039, skipped_tied_vote=0, skipped_other=0
2026-04-02 18:52:50,348 - => Stage 3 Debug (attack-success): suspicious=846/1241, correction_applied=846, prediction_changed=846, corrected_to_true=478
2026-04-02 18:52:50,424 - => End Epoch: 8, early stop epochs: 7, best epoch: 1, best clean acc: 0.7745, best Top-4: 0.9935, best ASR: 0.2171, best RAC: 0.6617, anchor loss: 0.0979
2026-04-02 18:52:50,424 - => Stage 3 Detection Summary: recall: 0.6996, precision: 0.2695, f1: 0.3892, false positive rate: 0.2137, correction rate: 0.5143
2026-04-02 18:52:50,497 - => LFBA current anchor-derived target label: 3
2026-04-02 18:52:50,578 - =>Add Trigger to Train Data
2026-04-02 18:52:51,027 - Add Trigger to 6996 Bad Samples, 62970 Clean Samples (0.10)
2026-04-02 18:52:51,032 - => Start Training for Injecting Backdoor...
2026-04-02 18:52:51,085 - Epoch: 9, 1/274: VFL loss: 0.0350, total loss: 0.0884, anchor loss: 0.0534, VFL train accuracy: 0.9922
2026-04-02 18:52:51,800 - Epoch: 9, 11/274: VFL loss: 0.0264, total loss: 0.0820, anchor loss: 0.0556, VFL train accuracy: 0.9922
2026-04-02 18:52:52,192 - Epoch: 9, 21/274: VFL loss: 0.0307, total loss: 0.0870, anchor loss: 0.0564, VFL train accuracy: 0.9914
2026-04-02 18:52:52,570 - Epoch: 9, 31/274: VFL loss: 0.0302, total loss: 0.0866, anchor loss: 0.0565, VFL train accuracy: 0.9923
2026-04-02 18:52:52,980 - Epoch: 9, 41/274: VFL loss: 0.0275, total loss: 0.0833, anchor loss: 0.0557, VFL train accuracy: 0.9928
2026-04-02 18:52:53,385 - Epoch: 9, 51/274: VFL loss: 0.0262, total loss: 0.0823, anchor loss: 0.0561, VFL train accuracy: 0.9932
2026-04-02 18:52:53,785 - Epoch: 9, 61/274: VFL loss: 0.0247, total loss: 0.0806, anchor loss: 0.0558, VFL train accuracy: 0.9934
2026-04-02 18:52:54,165 - Epoch: 9, 71/274: VFL loss: 0.0234, total loss: 0.0791, anchor loss: 0.0557, VFL train accuracy: 0.9937
2026-04-02 18:52:54,555 - Epoch: 9, 81/274: VFL loss: 0.0232, total loss: 0.0786, anchor loss: 0.0554, VFL train accuracy: 0.9933
2026-04-02 18:52:54,961 - Epoch: 9, 91/274: VFL loss: 0.0232, total loss: 0.0785, anchor loss: 0.0554, VFL train accuracy: 0.9935
2026-04-02 18:52:55,367 - Epoch: 9, 101/274: VFL loss: 0.0227, total loss: 0.0781, anchor loss: 0.0554, VFL train accuracy: 0.9935
2026-04-02 18:52:55,750 - Epoch: 9, 111/274: VFL loss: 0.0231, total loss: 0.0786, anchor loss: 0.0555, VFL train accuracy: 0.9938
2026-04-02 18:52:56,165 - Epoch: 9, 121/274: VFL loss: 0.0234, total loss: 0.0788, anchor loss: 0.0554, VFL train accuracy: 0.9936
2026-04-02 18:52:56,548 - Epoch: 9, 131/274: VFL loss: 0.0235, total loss: 0.0789, anchor loss: 0.0554, VFL train accuracy: 0.9935
2026-04-02 18:52:56,929 - Epoch: 9, 141/274: VFL loss: 0.0237, total loss: 0.0792, anchor loss: 0.0554, VFL train accuracy: 0.9933
2026-04-02 18:52:57,316 - Epoch: 9, 151/274: VFL loss: 0.0237, total loss: 0.0792, anchor loss: 0.0555, VFL train accuracy: 0.9934
2026-04-02 18:52:57,707 - Epoch: 9, 161/274: VFL loss: 0.0238, total loss: 0.0794, anchor loss: 0.0556, VFL train accuracy: 0.9932
2026-04-02 18:52:58,116 - Epoch: 9, 171/274: VFL loss: 0.0243, total loss: 0.0800, anchor loss: 0.0557, VFL train accuracy: 0.9931
2026-04-02 18:52:58,509 - Epoch: 9, 181/274: VFL loss: 0.0243, total loss: 0.0802, anchor loss: 0.0559, VFL train accuracy: 0.9931
2026-04-02 18:52:58,906 - Epoch: 9, 191/274: VFL loss: 0.0242, total loss: 0.0800, anchor loss: 0.0558, VFL train accuracy: 0.9932
2026-04-02 18:52:59,299 - Epoch: 9, 201/274: VFL loss: 0.0243, total loss: 0.0802, anchor loss: 0.0559, VFL train accuracy: 0.9932
2026-04-02 18:52:59,671 - Epoch: 9, 211/274: VFL loss: 0.0245, total loss: 0.0805, anchor loss: 0.0560, VFL train accuracy: 0.9930
2026-04-02 18:53:00,078 - Epoch: 9, 221/274: VFL loss: 0.0248, total loss: 0.0809, anchor loss: 0.0561, VFL train accuracy: 0.9929
2026-04-02 18:53:00,477 - Epoch: 9, 231/274: VFL loss: 0.0250, total loss: 0.0811, anchor loss: 0.0561, VFL train accuracy: 0.9929
2026-04-02 18:53:00,870 - Epoch: 9, 241/274: VFL loss: 0.0250, total loss: 0.0811, anchor loss: 0.0561, VFL train accuracy: 0.9928
2026-04-02 18:53:01,275 - Epoch: 9, 251/274: VFL loss: 0.0251, total loss: 0.0812, anchor loss: 0.0561, VFL train accuracy: 0.9927
2026-04-02 18:53:01,677 - Epoch: 9, 261/274: VFL loss: 0.0248, total loss: 0.0809, anchor loss: 0.0561, VFL train accuracy: 0.9929
2026-04-02 18:53:02,076 - Epoch: 9, 271/274: VFL loss: 0.0249, total loss: 0.0810, anchor loss: 0.0561, VFL train accuracy: 0.9928
2026-04-02 18:53:02,209 - => Recorded Stage 2 client anchor losses for epoch 9 to './results/AVGuard/NUSWIDE_anchor_stage2_3clients\stage2_final_epoch_client_anchor_losses.json': {0: 0.027658, 1: 0.06841, 2: 0.072318}
2026-04-02 18:53:02,219 - => Stage 2 EMA anchor update applied at epoch 9 with momentum 0.9950: updated classes per client {0: 5, 1: 5, 2: 5}
2026-04-02 18:53:02,219 - => Stage 2 Epoch 9 Training Summary: VFL loss: 0.0254, total loss: 0.0815, anchor loss: 0.0562, VFL train accuracy: 0.9927
2026-04-02 18:53:02,220 - => Test ASR...
2026-04-02 18:53:02,337 - =>Add Trigger to Test Data
2026-04-02 18:53:05,866 - Add Trigger to 37064 Bad Samples, 9629 Clean Samples (1.00)
2026-04-02 18:53:18,037 - => Test Epoch: 9, main task samples: 46693, attack samples: 46693, test loss: 1.1260, clean acc: 0.7701, Top-4: 0.9931, ASR: 0.0608, RAC: 0.7137, test target accuracy: 0.8586, stage3 final accuracy: 0.7701, stage3 final target accuracy: 0.7311, stage3 final asr: 0.0608, anchor loss: 0.0966
2026-04-02 18:53:18,037 - => Stage 3 Detection Summary: recall: 0.7086, precision: 0.0322, f1: 0.0616, false positive rate: 0.2250, correction rate: 0.4002
2026-04-02 18:53:18,038 - => Stage 3 Debug (clean): suspicious=10506/46693, correction_applied=10506, prediction_changed=10506, skipped_tied_vote=0, skipped_other=0
2026-04-02 18:53:18,038 - => Stage 3 Debug (poison-valid): suspicious=10326/37064, correction_applied=10326, prediction_changed=10326, skipped_tied_vote=0, skipped_other=0
2026-04-02 18:53:18,038 - => Stage 3 Debug (attack-success): suspicious=671/947, correction_applied=671, prediction_changed=671, corrected_to_true=379
2026-04-02 18:53:18,112 - => End Epoch: 9, early stop epochs: 8, best epoch: 1, best clean acc: 0.7745, best Top-4: 0.9935, best ASR: 0.2171, best RAC: 0.6617, anchor loss: 0.0979
2026-04-02 18:53:18,112 - => Stage 3 Detection Summary: recall: 0.6996, precision: 0.2695, f1: 0.3892, false positive rate: 0.2137, correction rate: 0.5143
2026-04-02 18:53:18,179 - => LFBA current anchor-derived target label: 3
2026-04-02 18:53:18,259 - =>Add Trigger to Train Data
2026-04-02 18:53:18,560 - Add Trigger to 6996 Bad Samples, 62970 Clean Samples (0.10)
2026-04-02 18:53:18,566 - => Start Training for Injecting Backdoor...
2026-04-02 18:53:18,621 - Epoch: 10, 1/274: VFL loss: 0.0160, total loss: 0.0762, anchor loss: 0.0603, VFL train accuracy: 0.9922
2026-04-02 18:53:19,335 - Epoch: 10, 11/274: VFL loss: 0.0172, total loss: 0.0713, anchor loss: 0.0541, VFL train accuracy: 0.9947
2026-04-02 18:53:19,748 - Epoch: 10, 21/274: VFL loss: 0.0139, total loss: 0.0682, anchor loss: 0.0542, VFL train accuracy: 0.9952
2026-04-02 18:53:20,149 - Epoch: 10, 31/274: VFL loss: 0.0176, total loss: 0.0717, anchor loss: 0.0542, VFL train accuracy: 0.9945
2026-04-02 18:53:20,552 - Epoch: 10, 41/274: VFL loss: 0.0169, total loss: 0.0711, anchor loss: 0.0542, VFL train accuracy: 0.9946
2026-04-02 18:53:20,941 - Epoch: 10, 51/274: VFL loss: 0.0168, total loss: 0.0711, anchor loss: 0.0543, VFL train accuracy: 0.9946
2026-04-02 18:53:21,352 - Epoch: 10, 61/274: VFL loss: 0.0171, total loss: 0.0714, anchor loss: 0.0544, VFL train accuracy: 0.9947
2026-04-02 18:53:21,742 - Epoch: 10, 71/274: VFL loss: 0.0170, total loss: 0.0716, anchor loss: 0.0547, VFL train accuracy: 0.9947
2026-04-02 18:53:22,131 - Epoch: 10, 81/274: VFL loss: 0.0177, total loss: 0.0722, anchor loss: 0.0545, VFL train accuracy: 0.9946
2026-04-02 18:53:22,521 - Epoch: 10, 91/274: VFL loss: 0.0178, total loss: 0.0725, anchor loss: 0.0547, VFL train accuracy: 0.9945
2026-04-02 18:53:22,912 - Epoch: 10, 101/274: VFL loss: 0.0187, total loss: 0.0734, anchor loss: 0.0547, VFL train accuracy: 0.9944
2026-04-02 18:53:23,291 - Epoch: 10, 111/274: VFL loss: 0.0197, total loss: 0.0744, anchor loss: 0.0547, VFL train accuracy: 0.9941
2026-04-02 18:53:23,680 - Epoch: 10, 121/274: VFL loss: 0.0193, total loss: 0.0742, anchor loss: 0.0548, VFL train accuracy: 0.9941
2026-04-02 18:53:24,070 - Epoch: 10, 131/274: VFL loss: 0.0196, total loss: 0.0746, anchor loss: 0.0549, VFL train accuracy: 0.9939
2026-04-02 18:53:24,467 - Epoch: 10, 141/274: VFL loss: 0.0200, total loss: 0.0748, anchor loss: 0.0549, VFL train accuracy: 0.9937
2026-04-02 18:53:24,856 - Epoch: 10, 151/274: VFL loss: 0.0207, total loss: 0.0756, anchor loss: 0.0549, VFL train accuracy: 0.9934
2026-04-02 18:53:25,236 - Epoch: 10, 161/274: VFL loss: 0.0206, total loss: 0.0756, anchor loss: 0.0551, VFL train accuracy: 0.9934
2026-04-02 18:53:25,603 - Epoch: 10, 171/274: VFL loss: 0.0207, total loss: 0.0758, anchor loss: 0.0551, VFL train accuracy: 0.9934
2026-04-02 18:53:25,978 - Epoch: 10, 181/274: VFL loss: 0.0215, total loss: 0.0768, anchor loss: 0.0553, VFL train accuracy: 0.9931
2026-04-02 18:53:26,347 - Epoch: 10, 191/274: VFL loss: 0.0215, total loss: 0.0769, anchor loss: 0.0554, VFL train accuracy: 0.9930
2026-04-02 18:53:26,724 - Epoch: 10, 201/274: VFL loss: 0.0222, total loss: 0.0776, anchor loss: 0.0554, VFL train accuracy: 0.9928
2026-04-02 18:53:27,118 - Epoch: 10, 211/274: VFL loss: 0.0232, total loss: 0.0787, anchor loss: 0.0555, VFL train accuracy: 0.9928
2026-04-02 18:53:27,494 - Epoch: 10, 221/274: VFL loss: 0.0235, total loss: 0.0790, anchor loss: 0.0555, VFL train accuracy: 0.9928
2026-04-02 18:53:27,876 - Epoch: 10, 231/274: VFL loss: 0.0240, total loss: 0.0795, anchor loss: 0.0556, VFL train accuracy: 0.9926
2026-04-02 18:53:28,243 - Epoch: 10, 241/274: VFL loss: 0.0240, total loss: 0.0796, anchor loss: 0.0556, VFL train accuracy: 0.9925
2026-04-02 18:53:28,620 - Epoch: 10, 251/274: VFL loss: 0.0241, total loss: 0.0796, anchor loss: 0.0556, VFL train accuracy: 0.9924
2026-04-02 18:53:29,007 - Epoch: 10, 261/274: VFL loss: 0.0241, total loss: 0.0797, anchor loss: 0.0556, VFL train accuracy: 0.9923
2026-04-02 18:53:29,379 - Epoch: 10, 271/274: VFL loss: 0.0241, total loss: 0.0797, anchor loss: 0.0556, VFL train accuracy: 0.9924
2026-04-02 18:53:29,509 - => Recorded Stage 2 client anchor losses for epoch 10 to './results/AVGuard/NUSWIDE_anchor_stage2_3clients\stage2_final_epoch_client_anchor_losses.json': {0: 0.027415, 1: 0.068354, 2: 0.071145}
2026-04-02 18:53:29,516 - => Stage 2 EMA anchor update applied at epoch 10 with momentum 0.9950: updated classes per client {0: 5, 1: 5, 2: 5}
2026-04-02 18:53:29,517 - => Stage 2 Epoch 10 Training Summary: VFL loss: 0.0240, total loss: 0.0796, anchor loss: 0.0557, VFL train accuracy: 0.9924
2026-04-02 18:53:29,517 - => Test ASR...
2026-04-02 18:53:29,623 - =>Add Trigger to Test Data
2026-04-02 18:53:32,669 - Add Trigger to 37064 Bad Samples, 9629 Clean Samples (1.00)
2026-04-02 18:53:43,477 - => Test Epoch: 10, main task samples: 46693, attack samples: 46693, test loss: 1.1245, clean acc: 0.7619, Top-4: 0.9927, ASR: 0.0810, RAC: 0.7110, test target accuracy: 0.8806, stage3 final accuracy: 0.7619, stage3 final target accuracy: 0.7564, stage3 final asr: 0.0810, anchor loss: 0.0971
2026-04-02 18:53:43,478 - => Stage 3 Detection Summary: recall: 0.6469, precision: 0.0266, f1: 0.0511, false positive rate: 0.2304, correction rate: 0.3676
2026-04-02 18:53:43,478 - => Stage 3 Debug (clean): suspicious=10760/46693, correction_applied=10760, prediction_changed=10760, skipped_tied_vote=0, skipped_other=0
2026-04-02 18:53:43,478 - => Stage 3 Debug (poison-valid): suspicious=10996/37064, correction_applied=10996, prediction_changed=10996, skipped_tied_vote=0, skipped_other=0
2026-04-02 18:53:43,479 - => Stage 3 Debug (attack-success): suspicious=579/895, correction_applied=579, prediction_changed=579, corrected_to_true=329
2026-04-02 18:53:43,531 - => End Epoch: 10, early stop epochs: 9, best epoch: 1, best clean acc: 0.7745, best Top-4: 0.9935, best ASR: 0.2171, best RAC: 0.6617, anchor loss: 0.0979
2026-04-02 18:53:43,532 - => Stage 3 Detection Summary: recall: 0.6996, precision: 0.2695, f1: 0.3892, false positive rate: 0.2137, correction rate: 0.5143
2026-04-02 18:53:43,590 - => LFBA current anchor-derived target label: 3
2026-04-02 18:53:43,670 - =>Add Trigger to Train Data
2026-04-02 18:53:44,043 - Add Trigger to 6996 Bad Samples, 62970 Clean Samples (0.10)
2026-04-02 18:53:44,048 - => Start Training for Injecting Backdoor...
2026-04-02 18:53:44,090 - Epoch: 11, 1/274: VFL loss: 0.0073, total loss: 0.0608, anchor loss: 0.0536, VFL train accuracy: 1.0000
2026-04-02 18:53:44,592 - Epoch: 11, 11/274: VFL loss: 0.0096, total loss: 0.0638, anchor loss: 0.0542, VFL train accuracy: 0.9975
2026-04-02 18:53:44,884 - Epoch: 11, 21/274: VFL loss: 0.0109, total loss: 0.0646, anchor loss: 0.0537, VFL train accuracy: 0.9967
2026-04-02 18:53:45,173 - Epoch: 11, 31/274: VFL loss: 0.0122, total loss: 0.0663, anchor loss: 0.0541, VFL train accuracy: 0.9960
2026-04-02 18:53:45,433 - Epoch: 11, 41/274: VFL loss: 0.0143, total loss: 0.0684, anchor loss: 0.0540, VFL train accuracy: 0.9959
2026-04-02 18:53:45,701 - Epoch: 11, 51/274: VFL loss: 0.0131, total loss: 0.0667, anchor loss: 0.0537, VFL train accuracy: 0.9964
2026-04-02 18:53:46,007 - Epoch: 11, 61/274: VFL loss: 0.0132, total loss: 0.0669, anchor loss: 0.0537, VFL train accuracy: 0.9964
2026-04-02 18:53:46,293 - Epoch: 11, 71/274: VFL loss: 0.0130, total loss: 0.0666, anchor loss: 0.0536, VFL train accuracy: 0.9963
2026-04-02 18:53:46,559 - Epoch: 11, 81/274: VFL loss: 0.0127, total loss: 0.0664, anchor loss: 0.0537, VFL train accuracy: 0.9964
2026-04-02 18:53:46,881 - Epoch: 11, 91/274: VFL loss: 0.0123, total loss: 0.0662, anchor loss: 0.0539, VFL train accuracy: 0.9965
2026-04-02 18:53:47,173 - Epoch: 11, 101/274: VFL loss: 0.0123, total loss: 0.0663, anchor loss: 0.0540, VFL train accuracy: 0.9965
2026-04-02 18:53:47,444 - Epoch: 11, 111/274: VFL loss: 0.0123, total loss: 0.0663, anchor loss: 0.0540, VFL train accuracy: 0.9964
2026-04-02 18:53:47,738 - Epoch: 11, 121/274: VFL loss: 0.0125, total loss: 0.0667, anchor loss: 0.0541, VFL train accuracy: 0.9962
2026-04-02 18:53:48,032 - Epoch: 11, 131/274: VFL loss: 0.0125, total loss: 0.0667, anchor loss: 0.0542, VFL train accuracy: 0.9962
2026-04-02 18:53:48,327 - Epoch: 11, 141/274: VFL loss: 0.0125, total loss: 0.0667, anchor loss: 0.0542, VFL train accuracy: 0.9960
2026-04-02 18:53:48,589 - Epoch: 11, 151/274: VFL loss: 0.0126, total loss: 0.0668, anchor loss: 0.0542, VFL train accuracy: 0.9958
2026-04-02 18:53:48,856 - Epoch: 11, 161/274: VFL loss: 0.0126, total loss: 0.0670, anchor loss: 0.0544, VFL train accuracy: 0.9959
2026-04-02 18:53:49,109 - Epoch: 11, 171/274: VFL loss: 0.0129, total loss: 0.0673, anchor loss: 0.0543, VFL train accuracy: 0.9957
2026-04-02 18:53:49,363 - Epoch: 11, 181/274: VFL loss: 0.0135, total loss: 0.0680, anchor loss: 0.0545, VFL train accuracy: 0.9956
2026-04-02 18:53:49,607 - Epoch: 11, 191/274: VFL loss: 0.0142, total loss: 0.0688, anchor loss: 0.0546, VFL train accuracy: 0.9954
2026-04-02 18:53:49,852 - Epoch: 11, 201/274: VFL loss: 0.0151, total loss: 0.0699, anchor loss: 0.0548, VFL train accuracy: 0.9952
2026-04-02 18:53:50,093 - Epoch: 11, 211/274: VFL loss: 0.0155, total loss: 0.0705, anchor loss: 0.0550, VFL train accuracy: 0.9951
2026-04-02 18:53:50,341 - Epoch: 11, 221/274: VFL loss: 0.0155, total loss: 0.0705, anchor loss: 0.0550, VFL train accuracy: 0.9951
2026-04-02 18:53:50,615 - Epoch: 11, 231/274: VFL loss: 0.0157, total loss: 0.0706, anchor loss: 0.0549, VFL train accuracy: 0.9950
2026-04-02 18:53:50,916 - Epoch: 11, 241/274: VFL loss: 0.0157, total loss: 0.0708, anchor loss: 0.0550, VFL train accuracy: 0.9950
2026-04-02 18:53:51,211 - Epoch: 11, 251/274: VFL loss: 0.0160, total loss: 0.0711, anchor loss: 0.0551, VFL train accuracy: 0.9949
2026-04-02 18:53:51,480 - Epoch: 11, 261/274: VFL loss: 0.0163, total loss: 0.0714, anchor loss: 0.0551, VFL train accuracy: 0.9948
2026-04-02 18:53:51,913 - Epoch: 11, 271/274: VFL loss: 0.0164, total loss: 0.0716, anchor loss: 0.0552, VFL train accuracy: 0.9947
2026-04-02 18:53:52,033 - => Recorded Stage 2 client anchor losses for epoch 11 to './results/AVGuard/NUSWIDE_anchor_stage2_3clients\stage2_final_epoch_client_anchor_losses.json': {0: 0.026139, 1: 0.068681, 2: 0.070863}
2026-04-02 18:53:52,049 - => Stage 2 EMA anchor update applied at epoch 11 with momentum 0.9950: updated classes per client {0: 5, 1: 5, 2: 5}
2026-04-02 18:53:52,049 - => Stage 2 Epoch 11 Training Summary: VFL loss: 0.0164, total loss: 0.0716, anchor loss: 0.0552, VFL train accuracy: 0.9947
2026-04-02 18:53:52,051 - => Test ASR...
2026-04-02 18:53:52,159 - =>Add Trigger to Test Data
2026-04-02 18:53:54,279 - Add Trigger to 37064 Bad Samples, 9629 Clean Samples (1.00)
2026-04-02 18:54:03,273 - => Test Epoch: 11, main task samples: 46693, attack samples: 46693, test loss: 1.3966, clean acc: 0.7632, Top-4: 0.9911, ASR: 0.0772, RAC: 0.7183, test target accuracy: 0.8466, stage3 final accuracy: 0.7632, stage3 final target accuracy: 0.7590, stage3 final asr: 0.0772, anchor loss: 0.0977
2026-04-02 18:54:03,274 - => Stage 3 Detection Summary: recall: 0.6643, precision: 0.0265, f1: 0.0510, false positive rate: 0.2293, correction rate: 0.3714
2026-04-02 18:54:03,274 - => Stage 3 Debug (clean): suspicious=10706/46693, correction_applied=10706, prediction_changed=10706, skipped_tied_vote=0, skipped_other=0
2026-04-02 18:54:03,274 - => Stage 3 Debug (poison-valid): suspicious=10329/37064, correction_applied=10329, prediction_changed=10329, skipped_tied_vote=0, skipped_other=0
2026-04-02 18:54:03,275 - => Stage 3 Debug (attack-success): suspicious=558/840, correction_applied=558, prediction_changed=558, corrected_to_true=312
2026-04-02 18:54:03,338 - => End Epoch: 11, early stop epochs: 10, best epoch: 1, best clean acc: 0.7745, best Top-4: 0.9935, best ASR: 0.2171, best RAC: 0.6617, anchor loss: 0.0979
2026-04-02 18:54:03,338 - => Stage 3 Detection Summary: recall: 0.6996, precision: 0.2695, f1: 0.3892, false positive rate: 0.2137, correction rate: 0.5143
