2026-04-28 14:29:51,081 - Namespace(config='', data_dir='./dataset/', dataset='IEEE_CIS_FRAUD', device=0, results_dir='./results/AVGuard/threeclient_full_avguard_fixed_lambda_anchor_theta_supp_sensitivity/theta_supp_0.15/IEEE_CIS_FRAUD/stage1', seed=100, epoch=100, batch_size=256, client_num=3, pretrained_checkpoint='./results/AVGuard/threeclient_full_avguard_fixed_lambda_anchor_theta_supp_sensitivity/theta_supp_0.15/IEEE_CIS_FRAUD/stage1\\latest_checkpoint.pth.tar', test_checkpoint=None, resume_latest=True, lr=0.001, start_epoch=0, print_steps=10, early_stop=20, attack='LFBA', target_label=None, poison_rate=0.25, poison_dimensions=30, trigger_feature_clip=1.0, attack_client_num=2, feature_extractor='', select_rate=0.3, lfba_poison_source='gradient', random_select=False, poison_all=False, anchor_idx=1001, pretrain_stage=0, mode='pretrain_anchor', defense='anchor', defense_scheme='AVGuard', enable_stage1=True, force_stage1_retrain=True, enable_anchor_loss=True, lambda_anchor=0.5, lambda_stage1_anchor=0.5, anchor_pretrain_epochs=20, anchor_pretrain_early_stop=10, anchor_pretrain_min_delta=0.0001, anchor_scale=1, anchor_margin=0, anchor_bank_path='./results/AVGuard/threeclient_full_avguard_fixed_lambda_anchor_theta_supp_sensitivity/theta_supp_0.15/IEEE_CIS_FRAUD/stage1/anchor_artifact.pt', anchor_stage1_dir='./results/AVGuard/threeclient_full_avguard_fixed_lambda_anchor_theta_supp_sensitivity/theta_supp_0.15/IEEE_CIS_FRAUD/stage1/anchor_stage1', anchor_ema_momentum=1.0, anchor_ema_update_freq=1, stage3_enable_joint_weighted_voting=True, stage3_enable_static_reliability=True, disable_stage3_eval=False, gamma=2.0, theta_supp=0.15, stage3_required_support_count=2, enable_conservative_correction=False, tau_corr=0.0, top_k=4, stage3_debug_batches=0, stage3_debug_max_samples=8, original_dataset='IEEE-CIS-FRAUD', attack_target_label=None, anchor_margin_auto_adjusted=False, requested_anchor_margin=0)
2026-04-28 14:29:51,084 - => Canonicalized dataset name from 'IEEE-CIS-FRAUD' to 'IEEE_CIS_FRAUD'; legacy NUS-WIDE aliases now share the unified NUSWIDE entry
2026-04-28 14:29:51,085 - => Defense scheme: AVGuard
2026-04-28 14:29:51,086 - => LFBA poison-set source: gradient
2026-04-28 14:29:51,086 - => Python executable: D:\python3\generative-compression-master1\KAVF\python.exe
2026-04-28 14:29:51,087 - => Torch version: 2.7.1+cu126, compiled CUDA: 12.6, cuda available: True, visible GPU count: 1
2026-04-28 14:29:51,088 - => Using GPU cuda:0 (NVIDIA GeForce RTX 4080)
2026-04-28 14:29:51,089 - => Preparing data...
2026-04-28 14:29:52,329 - => IEEE-CIS-Fraud directory: ./dataset/data_raw\processed\IEEE-CIS-Fraud
2026-04-28 14:29:52,330 - => IEEE-CIS-Fraud feature dim: 432, train samples: 49591, test samples: 12398
2026-04-28 14:29:52,342 - => Resolved LFBA attack target label=1 from training anchor_idx=1001
2026-04-28 14:29:52,452 - => No checkpoint found at './results/AVGuard/threeclient_full_avguard_fixed_lambda_anchor_theta_supp_sensitivity/theta_supp_0.15/IEEE_CIS_FRAUD/stage1\latest_checkpoint.pth.tar'
2026-04-28 14:29:52,453 - => Enter Stage 1: passive local backbones are trained with active-party private two-layer MLP heads
2026-04-28 14:29:52,453 - => Stage 1 latest checkpoint path: './results/AVGuard/threeclient_full_avguard_fixed_lambda_anchor_theta_supp_sensitivity/theta_supp_0.15/IEEE_CIS_FRAUD/stage1\latest_checkpoint.pth.tar'
2026-04-28 14:29:52,528 - =>Add Trigger to Train Data
2026-04-28 14:29:53,172 - Add Trigger to 12397 Bad Samples, 37194 Clean Samples (0.25)
2026-04-28 14:29:53,178 - =>Add Trigger to Test Data
2026-04-28 14:29:53,631 - Add Trigger to 12398 Bad Samples, 0 Clean Samples (1.00)
2026-04-28 14:29:53,646 - => Stage 1 start for passive client 0
2026-04-28 14:29:53,646 - => Stage 1 early stop for passive client 0: patience=10, min_delta=0.000100
2026-04-28 14:29:57,482 - => Stage 1 client 0 epoch 1/20, ce loss: 0.5844, train anchor loss: 0.6609, total loss: 0.9149, clean acc: 0.7950, eval anchor loss: 0.1832, backdoor acc: 0.0000
2026-04-28 14:30:00,854 - => Stage 1 client 0 epoch 2/20, ce loss: 0.5575, train anchor loss: 0.1883, total loss: 0.6516, clean acc: 0.8084, eval anchor loss: 0.1975, backdoor acc: 0.0000
2026-04-28 14:30:04,216 - => Stage 1 client 0 epoch 3/20, ce loss: 0.5359, train anchor loss: 0.2028, total loss: 0.6373, clean acc: 0.8184, eval anchor loss: 0.1936, backdoor acc: 0.0000
2026-04-28 14:30:07,720 - => Stage 1 client 0 epoch 4/20, ce loss: 0.5232, train anchor loss: 0.2095, total loss: 0.6279, clean acc: 0.8212, eval anchor loss: 0.2183, backdoor acc: 0.0000
2026-04-28 14:30:11,740 - => Stage 1 client 0 epoch 5/20, ce loss: 0.5071, train anchor loss: 0.2172, total loss: 0.6157, clean acc: 0.8251, eval anchor loss: 0.2319, backdoor acc: 0.0000
2026-04-28 14:30:15,659 - => Stage 1 client 0 epoch 6/20, ce loss: 0.4960, train anchor loss: 0.2243, total loss: 0.6081, clean acc: 0.8284, eval anchor loss: 0.2392, backdoor acc: 0.0000
2026-04-28 14:30:19,454 - => Stage 1 client 0 epoch 7/20, ce loss: 0.4814, train anchor loss: 0.2309, total loss: 0.5969, clean acc: 0.8393, eval anchor loss: 0.2460, backdoor acc: 0.0000
2026-04-28 14:30:23,248 - => Stage 1 client 0 epoch 8/20, ce loss: 0.4730, train anchor loss: 0.2342, total loss: 0.5901, clean acc: 0.8376, eval anchor loss: 0.2433, backdoor acc: 0.0000
2026-04-28 14:30:27,299 - => Stage 1 client 0 epoch 9/20, ce loss: 0.4692, train anchor loss: 0.2323, total loss: 0.5853, clean acc: 0.8335, eval anchor loss: 0.2474, backdoor acc: 0.0000
2026-04-28 14:30:31,107 - => Stage 1 client 0 epoch 10/20, ce loss: 0.4617, train anchor loss: 0.2314, total loss: 0.5774, clean acc: 0.8400, eval anchor loss: 0.2476, backdoor acc: 0.0000
2026-04-28 14:30:34,968 - => Stage 1 client 0 epoch 11/20, ce loss: 0.4560, train anchor loss: 0.2292, total loss: 0.5706, clean acc: 0.8415, eval anchor loss: 0.2601, backdoor acc: 0.0000
2026-04-28 14:30:38,836 - => Stage 1 client 0 epoch 12/20, ce loss: 0.4516, train anchor loss: 0.2284, total loss: 0.5658, clean acc: 0.8442, eval anchor loss: 0.2564, backdoor acc: 0.0000
2026-04-28 14:30:42,808 - => Stage 1 client 0 epoch 13/20, ce loss: 0.4478, train anchor loss: 0.2289, total loss: 0.5622, clean acc: 0.8413, eval anchor loss: 0.2684, backdoor acc: 0.0000
2026-04-28 14:30:46,760 - => Stage 1 client 0 epoch 14/20, ce loss: 0.4457, train anchor loss: 0.2277, total loss: 0.5595, clean acc: 0.8448, eval anchor loss: 0.2661, backdoor acc: 0.0000
2026-04-28 14:30:50,719 - => Stage 1 client 0 epoch 15/20, ce loss: 0.4412, train anchor loss: 0.2257, total loss: 0.5541, clean acc: 0.8437, eval anchor loss: 0.2716, backdoor acc: 0.0000
2026-04-28 14:30:54,586 - => Stage 1 client 0 epoch 16/20, ce loss: 0.4375, train anchor loss: 0.2259, total loss: 0.5504, clean acc: 0.8481, eval anchor loss: 0.2640, backdoor acc: 0.0000
2026-04-28 14:30:58,397 - => Stage 1 client 0 epoch 17/20, ce loss: 0.4342, train anchor loss: 0.2234, total loss: 0.5459, clean acc: 0.8384, eval anchor loss: 0.2850, backdoor acc: 0.0000
2026-04-28 14:31:02,485 - => Stage 1 client 0 epoch 18/20, ce loss: 0.4344, train anchor loss: 0.2243, total loss: 0.5466, clean acc: 0.8497, eval anchor loss: 0.2683, backdoor acc: 0.0000
2026-04-28 14:31:06,300 - => Stage 1 client 0 epoch 19/20, ce loss: 0.4300, train anchor loss: 0.2203, total loss: 0.5402, clean acc: 0.8484, eval anchor loss: 0.2701, backdoor acc: 0.0000
2026-04-28 14:31:10,111 - => Stage 1 client 0 epoch 20/20, ce loss: 0.4273, train anchor loss: 0.2185, total loss: 0.5365, clean acc: 0.8430, eval anchor loss: 0.2908, backdoor acc: 0.0000
2026-04-28 14:31:10,151 - => Stage 1 final summary for passive client 0: best epoch: 18, clean acc: 0.8497, anchor loss: 0.2683, backdoor acc: 0.0000
2026-04-28 14:31:10,155 - => Stage 1 start for passive client 1
2026-04-28 14:31:10,155 - => Stage 1 early stop for passive client 1: patience=10, min_delta=0.000100
2026-04-28 14:31:13,962 - => Stage 1 client 1 epoch 1/20, ce loss: 0.5903, train anchor loss: 0.6774, total loss: 0.9290, clean acc: 0.7843, eval anchor loss: 0.1986, backdoor acc: 0.0000
2026-04-28 14:31:18,021 - => Stage 1 client 1 epoch 2/20, ce loss: 0.5914, train anchor loss: 0.1659, total loss: 0.6744, clean acc: 0.7898, eval anchor loss: 0.1578, backdoor acc: 0.0000
2026-04-28 14:31:21,887 - => Stage 1 client 1 epoch 3/20, ce loss: 0.5809, train anchor loss: 0.1687, total loss: 0.6652, clean acc: 0.7910, eval anchor loss: 0.1677, backdoor acc: 0.0000
2026-04-28 14:31:25,773 - => Stage 1 client 1 epoch 4/20, ce loss: 0.5728, train anchor loss: 0.1794, total loss: 0.6625, clean acc: 0.7928, eval anchor loss: 0.1881, backdoor acc: 0.0000
2026-04-28 14:31:29,566 - => Stage 1 client 1 epoch 5/20, ce loss: 0.5672, train anchor loss: 0.1865, total loss: 0.6604, clean acc: 0.7917, eval anchor loss: 0.1848, backdoor acc: 0.0000
2026-04-28 14:31:33,536 - => Stage 1 client 1 epoch 6/20, ce loss: 0.5657, train anchor loss: 0.1853, total loss: 0.6584, clean acc: 0.7945, eval anchor loss: 0.1956, backdoor acc: 0.0000
2026-04-28 14:31:37,454 - => Stage 1 client 1 epoch 7/20, ce loss: 0.5600, train anchor loss: 0.1933, total loss: 0.6567, clean acc: 0.7899, eval anchor loss: 0.1992, backdoor acc: 0.0000
2026-04-28 14:31:41,337 - => Stage 1 client 1 epoch 8/20, ce loss: 0.5581, train anchor loss: 0.1942, total loss: 0.6552, clean acc: 0.7968, eval anchor loss: 0.2074, backdoor acc: 0.0000
2026-04-28 14:31:45,359 - => Stage 1 client 1 epoch 9/20, ce loss: 0.5554, train anchor loss: 0.1973, total loss: 0.6541, clean acc: 0.7958, eval anchor loss: 0.2039, backdoor acc: 0.0000
2026-04-28 14:31:49,399 - => Stage 1 client 1 epoch 10/20, ce loss: 0.5545, train anchor loss: 0.1978, total loss: 0.6534, clean acc: 0.7946, eval anchor loss: 0.2036, backdoor acc: 0.0000
2026-04-28 14:31:53,273 - => Stage 1 client 1 epoch 11/20, ce loss: 0.5542, train anchor loss: 0.1982, total loss: 0.6533, clean acc: 0.7951, eval anchor loss: 0.2130, backdoor acc: 0.0000
2026-04-28 14:31:57,169 - => Stage 1 client 1 epoch 12/20, ce loss: 0.5495, train anchor loss: 0.2038, total loss: 0.6514, clean acc: 0.7954, eval anchor loss: 0.1934, backdoor acc: 0.0000
2026-04-28 14:32:01,079 - => Stage 1 client 1 epoch 13/20, ce loss: 0.5501, train anchor loss: 0.2007, total loss: 0.6505, clean acc: 0.7825, eval anchor loss: 0.2077, backdoor acc: 0.0000
2026-04-28 14:32:04,966 - => Stage 1 client 1 epoch 14/20, ce loss: 0.5481, train anchor loss: 0.2036, total loss: 0.6499, clean acc: 0.7973, eval anchor loss: 0.2111, backdoor acc: 0.0000
2026-04-28 14:32:09,038 - => Stage 1 client 1 epoch 15/20, ce loss: 0.5456, train anchor loss: 0.2052, total loss: 0.6482, clean acc: 0.7965, eval anchor loss: 0.2295, backdoor acc: 0.0000
2026-04-28 14:32:12,944 - => Stage 1 client 1 epoch 16/20, ce loss: 0.5442, train anchor loss: 0.2075, total loss: 0.6480, clean acc: 0.7963, eval anchor loss: 0.2206, backdoor acc: 0.0000
2026-04-28 14:32:16,733 - => Stage 1 client 1 epoch 17/20, ce loss: 0.5424, train anchor loss: 0.2104, total loss: 0.6476, clean acc: 0.7957, eval anchor loss: 0.2026, backdoor acc: 0.0000
2026-04-28 14:32:20,579 - => Stage 1 client 1 epoch 18/20, ce loss: 0.5448, train anchor loss: 0.2055, total loss: 0.6475, clean acc: 0.7966, eval anchor loss: 0.2106, backdoor acc: 0.0000
2026-04-28 14:32:24,603 - => Stage 1 client 1 epoch 19/20, ce loss: 0.5404, train anchor loss: 0.2113, total loss: 0.6460, clean acc: 0.7989, eval anchor loss: 0.2139, backdoor acc: 0.0000
2026-04-28 14:32:28,451 - => Stage 1 client 1 epoch 20/20, ce loss: 0.5397, train anchor loss: 0.2116, total loss: 0.6455, clean acc: 0.7990, eval anchor loss: 0.2210, backdoor acc: 0.0000
2026-04-28 14:32:28,483 - => Stage 1 final summary for passive client 1: best epoch: 19, clean acc: 0.7989, anchor loss: 0.2139, backdoor acc: 0.0000
2026-04-28 14:32:28,486 - => Stage 1 start for passive client 2
2026-04-28 14:32:28,486 - => Stage 1 early stop for passive client 2: patience=10, min_delta=0.000100
2026-04-28 14:32:32,783 - => Stage 1 client 2 epoch 1/20, ce loss: 0.5501, train anchor loss: 0.7378, total loss: 0.9190, clean acc: 0.7602, eval anchor loss: 0.3332, backdoor acc: 1.0000
2026-04-28 14:32:36,978 - => Stage 1 client 2 epoch 2/20, ce loss: 0.5059, train anchor loss: 0.2360, total loss: 0.6238, clean acc: 0.7760, eval anchor loss: 0.2736, backdoor acc: 1.0000
2026-04-28 14:32:41,418 - => Stage 1 client 2 epoch 3/20, ce loss: 0.4945, train anchor loss: 0.2320, total loss: 0.6105, clean acc: 0.7794, eval anchor loss: 0.3041, backdoor acc: 1.0000
2026-04-28 14:32:45,690 - => Stage 1 client 2 epoch 4/20, ce loss: 0.4884, train anchor loss: 0.2365, total loss: 0.6067, clean acc: 0.7836, eval anchor loss: 0.2998, backdoor acc: 1.0000
2026-04-28 14:32:49,923 - => Stage 1 client 2 epoch 5/20, ce loss: 0.4821, train anchor loss: 0.2370, total loss: 0.6006, clean acc: 0.7893, eval anchor loss: 0.2936, backdoor acc: 1.0000
2026-04-28 14:32:54,272 - => Stage 1 client 2 epoch 6/20, ce loss: 0.4845, train anchor loss: 0.2417, total loss: 0.6053, clean acc: 0.7867, eval anchor loss: 0.2862, backdoor acc: 1.0000
2026-04-28 14:32:58,492 - => Stage 1 client 2 epoch 7/20, ce loss: 0.4809, train anchor loss: 0.2330, total loss: 0.5974, clean acc: 0.7862, eval anchor loss: 0.2976, backdoor acc: 1.0000
2026-04-28 14:33:02,748 - => Stage 1 client 2 epoch 8/20, ce loss: 0.4779, train anchor loss: 0.2329, total loss: 0.5943, clean acc: 0.7831, eval anchor loss: 0.3134, backdoor acc: 1.0000
2026-04-28 14:33:07,003 - => Stage 1 client 2 epoch 9/20, ce loss: 0.4787, train anchor loss: 0.2357, total loss: 0.5965, clean acc: 0.7888, eval anchor loss: 0.2986, backdoor acc: 1.0000
2026-04-28 14:33:11,437 - => Stage 1 client 2 epoch 10/20, ce loss: 0.4763, train anchor loss: 0.2333, total loss: 0.5929, clean acc: 0.7940, eval anchor loss: 0.2868, backdoor acc: 1.0000
2026-04-28 14:33:15,672 - => Stage 1 client 2 epoch 11/20, ce loss: 0.4752, train anchor loss: 0.2330, total loss: 0.5917, clean acc: 0.7936, eval anchor loss: 0.2973, backdoor acc: 1.0000
2026-04-28 14:33:19,812 - => Stage 1 client 2 epoch 12/20, ce loss: 0.4753, train anchor loss: 0.2320, total loss: 0.5913, clean acc: 0.7817, eval anchor loss: 0.3079, backdoor acc: 1.0000
2026-04-28 14:33:24,042 - => Stage 1 client 2 epoch 13/20, ce loss: 0.4741, train anchor loss: 0.2318, total loss: 0.5900, clean acc: 0.7855, eval anchor loss: 0.3048, backdoor acc: 1.0000
2026-04-28 14:33:28,352 - => Stage 1 client 2 epoch 14/20, ce loss: 0.4761, train anchor loss: 0.2329, total loss: 0.5926, clean acc: 0.7921, eval anchor loss: 0.2929, backdoor acc: 1.0000
2026-04-28 14:33:32,505 - => Stage 1 client 2 epoch 15/20, ce loss: 0.4732, train anchor loss: 0.2308, total loss: 0.5886, clean acc: 0.7881, eval anchor loss: 0.3124, backdoor acc: 1.0000
2026-04-28 14:33:36,499 - => Stage 1 client 2 epoch 16/20, ce loss: 0.4733, train anchor loss: 0.2323, total loss: 0.5895, clean acc: 0.7853, eval anchor loss: 0.3018, backdoor acc: 1.0000
2026-04-28 14:33:40,426 - => Stage 1 client 2 epoch 17/20, ce loss: 0.4725, train anchor loss: 0.2325, total loss: 0.5888, clean acc: 0.7954, eval anchor loss: 0.2900, backdoor acc: 1.0000
2026-04-28 14:33:44,595 - => Stage 1 client 2 epoch 18/20, ce loss: 0.4721, train anchor loss: 0.2332, total loss: 0.5887, clean acc: 0.7938, eval anchor loss: 0.2865, backdoor acc: 1.0000
2026-04-28 14:33:48,880 - => Stage 1 client 2 epoch 19/20, ce loss: 0.4702, train anchor loss: 0.2319, total loss: 0.5862, clean acc: 0.7830, eval anchor loss: 0.3363, backdoor acc: 1.0000
2026-04-28 14:33:53,072 - => Stage 1 client 2 epoch 20/20, ce loss: 0.4711, train anchor loss: 0.2305, total loss: 0.5864, clean acc: 0.7963, eval anchor loss: 0.2950, backdoor acc: 1.0000
2026-04-28 14:33:53,108 - => Stage 1 final summary for passive client 2: best epoch: 20, clean acc: 0.7963, anchor loss: 0.2950, backdoor acc: 1.0000
2026-04-28 14:33:53,131 - => Stage 1 metrics were also saved to './results/AVGuard/threeclient_full_avguard_fixed_lambda_anchor_theta_supp_sensitivity/theta_supp_0.15/IEEE_CIS_FRAUD/stage1/anchor_stage1\stage1_metrics.json'
2026-04-28 14:33:53,132 - => Saved stage1 passive-party local models and anchors to './results/AVGuard/threeclient_full_avguard_fixed_lambda_anchor_theta_supp_sensitivity/theta_supp_0.15/IEEE_CIS_FRAUD/stage1/anchor_stage1'
2026-04-28 14:33:53,146 - => Saved anchor artifact to './results/AVGuard/threeclient_full_avguard_fixed_lambda_anchor_theta_supp_sensitivity/theta_supp_0.15/IEEE_CIS_FRAUD/stage1/anchor_artifact.pt'
2026-04-28 14:33:53,147 - => Stage 3 is ready; it will use Stage 1 client reliability from the loaded anchor state when available. Stage 2 client anchor-loss stats are optional diagnostics.
