2026-04-22 15:29:37,194 - Namespace(config='', data_dir='./dataset/data_raw/', dataset='CIFAR10', device=0, results_dir='./results/AVGuard/cifar10_ablation_rerun_scale16/stage1_ablation/random_anchor/stage3', seed=100, epoch=100, batch_size=256, client_num=3, pretrained_checkpoint=None, test_checkpoint='./results/AVGuard/cifar10_ablation_rerun_scale16/stage1_ablation/random_anchor/stage2/best_checkpoint.pth.tar', resume_latest=True, lr=0.001, start_epoch=0, print_steps=10, early_stop=20, attack='LFBA', target_label=None, poison_rate=0.1, poison_dimensions=5, trigger_feature_clip=1.0, attack_client_num=2, feature_extractor='', select_rate=0.5, lfba_poison_source='gradient', random_select=False, poison_all=False, anchor_idx=23470, pretrain_stage=0, mode='test', defense='anchor', defense_scheme='AVGuard', enable_stage1=False, force_stage1_retrain=False, enable_anchor_loss=True, lambda_anchor=0.5, lambda_stage1_anchor=0.5, anchor_pretrain_epochs=40, anchor_pretrain_early_stop=5, anchor_pretrain_min_delta=0.0001, anchor_scale=16.0, anchor_margin=0.0, anchor_bank_path='./results/AVGuard/cifar10_ablation_rerun_scale16/stage1_ablation/random_anchor/stage2/random_anchor_artifact_unused.pt', anchor_stage1_dir='./results/AVGuard/cifar10_ablation_rerun_scale16/stage1_ablation/random_anchor/stage2/random_anchor_stage1_unused', anchor_ema_momentum=1.0, anchor_ema_update_freq=1, stage3_enable_joint_weighted_voting=True, stage3_enable_static_reliability=True, gamma=2.0, theta_supp=0.15, enable_conservative_correction=False, tau_corr=0.0, top_k=4, stage3_debug_batches=0, stage3_debug_max_samples=8, original_dataset='CIFAR10', attack_target_label=None, anchor_margin_auto_adjusted=False, requested_anchor_margin=0.0)
2026-04-22 15:29:37,196 - => Defense scheme: AVGuard
2026-04-22 15:29:37,196 - => LFBA poison-set source: gradient
2026-04-22 15:29:37,197 - => Python executable: D:\python3\generative-compression-master1\KAVF\python.exe
2026-04-22 15:29:37,197 - => Torch version: 2.7.1+cu126, compiled CUDA: 12.6, cuda available: True, visible GPU count: 1
2026-04-22 15:29:37,197 - => Using GPU cuda:0 (NVIDIA GeForce RTX 4080)
2026-04-22 15:29:37,198 - => Preparing data...
2026-04-22 15:29:38,967 - => Resolved LFBA attack target label=6 from training anchor_idx=23470
2026-04-22 15:29:40,185 - => Loading checkpoint './results/AVGuard/cifar10_ablation_rerun_scale16/stage1_ablation/random_anchor/stage2/best_checkpoint.pth.tar'
2026-04-22 15:29:40,828 - => checkpoint './results/AVGuard/cifar10_ablation_rerun_scale16/stage1_ablation/random_anchor/stage2/best_checkpoint.pth.tar' requires full pickle loading; falling back to weights_only=False
2026-04-22 15:29:41,303 - => Loaded checkpoint './results/AVGuard/cifar10_ablation_rerun_scale16/stage1_ablation/random_anchor/stage2/best_checkpoint.pth.tar' (epoch 36, best clean accuracy: 0.6782)
2026-04-22 15:29:41,303 - => Loading anchor defense state from checkpoint
2026-04-22 15:29:41,383 - => Stage 3 is ready; it will use Stage 1 client reliability from the loaded anchor state when available. Stage 2 client anchor-loss stats are optional diagnostics.
2026-04-22 15:29:41,402 - =>Add Trigger to Test Data
2026-04-22 15:29:41,501 - Add Trigger to 9000 Poison Samples, 1000 Clean Samples (1.00)
2026-04-22 15:29:41,526 - => Restored LFBA runtime state: cached_features=50000, poison_indexes=5000, anchor_label=6
2026-04-22 15:29:41,527 - => Test ASR...
2026-04-22 15:29:41,561 - =>Add Trigger to Test Data
2026-04-22 15:29:41,668 - Add Trigger to 9000 Poison Samples, 1000 Clean Samples (1.00)
2026-04-22 15:29:56,274 - => Test Epoch: 36, main task samples: 10000, attack samples: 10000, test loss: 0.5842, clean acc: 0.6782, Top-4: 0.9785, ASR: 0.0857, RAC: 0.6936, test target accuracy: 0.7770, stage3 final accuracy: 0.6782, stage3 final target accuracy: 0.7460, stage3 final asr: 0.0857, anchor loss: 1.0428
2026-04-22 15:29:56,275 - => Stage 3 Detection Summary: recall: 0.9479, precision: 0.6735, f1: 0.7875, false positive rate: 0.3075, correction rate: 0.6890
2026-04-22 15:29:56,275 - => Stage 3 Debug (clean): suspicious=3075/10000, correction_applied=3036, prediction_changed=3036, skipped_tied_vote=0, skipped_low_margin=0, skipped_other=39
2026-04-22 15:29:56,276 - => Stage 3 Debug (poison-valid): suspicious=7781/9000, correction_applied=7780, prediction_changed=7780, skipped_tied_vote=0, skipped_low_margin=0, skipped_other=1
2026-04-22 15:29:56,276 - => Stage 3 Debug (attack-success): suspicious=7312/7714, correction_applied=7311, prediction_changed=7311, corrected_to_true=5315
