2026-04-27 21:44:47,932 - Namespace(config='', data_dir='./dataset/data_raw/', dataset='CIFAR10', device=0, results_dir='./results/AVGuard/threeclient_full_avguard_fixed_lambda_anchor_theta_supp_sensitivity/theta_supp_0.05/CIFAR10/stage1', seed=100, epoch=100, batch_size=256, client_num=3, pretrained_checkpoint='./results/AVGuard/threeclient_full_avguard_fixed_lambda_anchor_theta_supp_sensitivity/theta_supp_0.05/CIFAR10/stage1\\latest_checkpoint.pth.tar', test_checkpoint=None, resume_latest=True, lr=0.001, start_epoch=0, print_steps=10, early_stop=20, attack='LFBA', target_label=None, poison_rate=0.05, poison_dimensions=5, trigger_feature_clip=1.0, attack_client_num=2, feature_extractor='', select_rate=0.5, lfba_poison_source='gradient', random_select=False, poison_all=False, anchor_idx=23470, pretrain_stage=0, mode='pretrain_anchor', defense='anchor', defense_scheme='AVGuard', enable_stage1=True, force_stage1_retrain=True, enable_anchor_loss=True, lambda_anchor=0.5, lambda_stage1_anchor=0.5, anchor_pretrain_epochs=50, anchor_pretrain_early_stop=10, anchor_pretrain_min_delta=0.0001, anchor_scale=16, anchor_margin=0, anchor_bank_path='./results/AVGuard/threeclient_full_avguard_fixed_lambda_anchor_theta_supp_sensitivity/theta_supp_0.05/CIFAR10/stage1/anchor_bank.pt', anchor_stage1_dir='./results/AVGuard/threeclient_full_avguard_fixed_lambda_anchor_theta_supp_sensitivity/theta_supp_0.05/CIFAR10/stage1/anchor_stage1', anchor_ema_momentum=1.0, anchor_ema_update_freq=1, stage3_enable_joint_weighted_voting=True, stage3_enable_static_reliability=True, disable_stage3_eval=False, gamma=2.0, theta_supp=0.15, stage3_required_support_count=2, enable_conservative_correction=False, tau_corr=0.0, top_k=4, stage3_debug_batches=0, stage3_debug_max_samples=8, original_dataset='CIFAR10', attack_target_label=None, anchor_margin_auto_adjusted=False, requested_anchor_margin=0)
2026-04-27 21:44:47,935 - => Defense scheme: AVGuard
2026-04-27 21:44:47,935 - => LFBA poison-set source: gradient
2026-04-27 21:44:47,936 - => Python executable: D:\python3\generative-compression-master1\KAVF\python.exe
2026-04-27 21:44:47,937 - => Torch version: 2.7.1+cu126, compiled CUDA: 12.6, cuda available: True, visible GPU count: 1
2026-04-27 21:44:47,938 - => Using GPU cuda:0 (NVIDIA GeForce RTX 4080)
2026-04-27 21:44:47,939 - => Preparing data...
2026-04-27 21:44:50,046 - => Resolved LFBA attack target label=6 from training anchor_idx=23470
2026-04-27 21:44:51,520 - => No checkpoint found at './results/AVGuard/threeclient_full_avguard_fixed_lambda_anchor_theta_supp_sensitivity/theta_supp_0.05/CIFAR10/stage1\latest_checkpoint.pth.tar'
2026-04-27 21:44:51,521 - => Enter Stage 1: passive local backbones are trained with active-party private two-layer MLP heads
2026-04-27 21:44:51,522 - => Stage 1 latest checkpoint path: './results/AVGuard/threeclient_full_avguard_fixed_lambda_anchor_theta_supp_sensitivity/theta_supp_0.05/CIFAR10/stage1\latest_checkpoint.pth.tar'
2026-04-27 21:44:51,834 - =>Add Trigger to Train Data
2026-04-27 21:44:51,856 - Add Trigger to 2500 Poison Samples, 47500 Clean Samples (0.05)
2026-04-27 21:44:51,879 - =>Add Trigger to Test Data
2026-04-27 21:44:51,961 - Add Trigger to 10000 Poison Samples, 0 Clean Samples (1.00)
2026-04-27 21:44:51,986 - => Stage 1 start for passive client 0
2026-04-27 21:44:51,986 - => Stage 1 early stop for passive client 0: patience=10, min_delta=0.000100
2026-04-27 21:46:09,776 - => Stage 1 client 0 epoch 1/50, ce loss: 1.8787, train anchor loss: 1.2352, total loss: 2.4963, clean acc: 0.4097, eval anchor loss: 0.5763, backdoor acc: 0.0000
2026-04-27 21:47:26,515 - => Stage 1 client 0 epoch 2/50, ce loss: 1.7320, train anchor loss: 0.3229, total loss: 1.8934, clean acc: 0.4327, eval anchor loss: 0.1791, backdoor acc: 0.0000
2026-04-27 21:48:43,858 - => Stage 1 client 0 epoch 3/50, ce loss: 1.6131, train anchor loss: 0.1485, total loss: 1.6874, clean acc: 0.4575, eval anchor loss: 0.1400, backdoor acc: 0.0000
2026-04-27 21:50:01,757 - => Stage 1 client 0 epoch 4/50, ce loss: 1.5565, train anchor loss: 0.1364, total loss: 1.6248, clean acc: 0.4891, eval anchor loss: 0.1354, backdoor acc: 0.0000
2026-04-27 21:51:18,754 - => Stage 1 client 0 epoch 5/50, ce loss: 1.5136, train anchor loss: 0.1351, total loss: 1.5812, clean acc: 0.4916, eval anchor loss: 0.1315, backdoor acc: 0.0000
2026-04-27 21:52:35,943 - => Stage 1 client 0 epoch 6/50, ce loss: 1.4630, train anchor loss: 0.1373, total loss: 1.5317, clean acc: 0.4984, eval anchor loss: 0.1467, backdoor acc: 0.0000
2026-04-27 21:53:53,357 - => Stage 1 client 0 epoch 7/50, ce loss: 1.4269, train anchor loss: 0.1373, total loss: 1.4955, clean acc: 0.5203, eval anchor loss: 0.1475, backdoor acc: 0.0000
2026-04-27 21:55:11,018 - => Stage 1 client 0 epoch 8/50, ce loss: 1.4031, train anchor loss: 0.1382, total loss: 1.4723, clean acc: 0.5343, eval anchor loss: 0.1338, backdoor acc: 0.0000
2026-04-27 21:56:28,550 - => Stage 1 client 0 epoch 9/50, ce loss: 1.3773, train anchor loss: 0.1394, total loss: 1.4471, clean acc: 0.5334, eval anchor loss: 0.1432, backdoor acc: 0.0000
2026-04-27 21:57:45,869 - => Stage 1 client 0 epoch 10/50, ce loss: 1.3594, train anchor loss: 0.1394, total loss: 1.4291, clean acc: 0.5352, eval anchor loss: 0.1425, backdoor acc: 0.0000
2026-04-27 21:59:02,998 - => Stage 1 client 0 epoch 11/50, ce loss: 1.3287, train anchor loss: 0.1391, total loss: 1.3983, clean acc: 0.5569, eval anchor loss: 0.1444, backdoor acc: 0.0000
2026-04-27 22:00:21,032 - => Stage 1 client 0 epoch 12/50, ce loss: 1.3069, train anchor loss: 0.1401, total loss: 1.3769, clean acc: 0.5580, eval anchor loss: 0.1420, backdoor acc: 0.0000
2026-04-27 22:01:37,546 - => Stage 1 client 0 epoch 13/50, ce loss: 1.2931, train anchor loss: 0.1404, total loss: 1.3633, clean acc: 0.5700, eval anchor loss: 0.1406, backdoor acc: 0.0000
2026-04-27 22:02:54,626 - => Stage 1 client 0 epoch 14/50, ce loss: 1.2646, train anchor loss: 0.1403, total loss: 1.3348, clean acc: 0.5666, eval anchor loss: 0.1456, backdoor acc: 0.0000
2026-04-27 22:04:11,918 - => Stage 1 client 0 epoch 15/50, ce loss: 1.2576, train anchor loss: 0.1411, total loss: 1.3282, clean acc: 0.5665, eval anchor loss: 0.1425, backdoor acc: 0.0000
2026-04-27 22:05:29,536 - => Stage 1 client 0 epoch 16/50, ce loss: 1.2384, train anchor loss: 0.1404, total loss: 1.3086, clean acc: 0.5733, eval anchor loss: 0.1487, backdoor acc: 0.0000
2026-04-27 22:06:47,044 - => Stage 1 client 0 epoch 17/50, ce loss: 1.2248, train anchor loss: 0.1403, total loss: 1.2950, clean acc: 0.5798, eval anchor loss: 0.1503, backdoor acc: 0.0000
2026-04-27 22:08:04,546 - => Stage 1 client 0 epoch 18/50, ce loss: 1.2092, train anchor loss: 0.1400, total loss: 1.2792, clean acc: 0.6005, eval anchor loss: 0.1471, backdoor acc: 0.0000
2026-04-27 22:09:22,203 - => Stage 1 client 0 epoch 19/50, ce loss: 1.1963, train anchor loss: 0.1398, total loss: 1.2662, clean acc: 0.5914, eval anchor loss: 0.1346, backdoor acc: 0.0000
2026-04-27 22:10:39,409 - => Stage 1 client 0 epoch 20/50, ce loss: 1.1829, train anchor loss: 0.1400, total loss: 1.2529, clean acc: 0.6017, eval anchor loss: 0.1417, backdoor acc: 0.0000
2026-04-27 22:11:56,481 - => Stage 1 client 0 epoch 21/50, ce loss: 1.1802, train anchor loss: 0.1400, total loss: 1.2502, clean acc: 0.6074, eval anchor loss: 0.1388, backdoor acc: 0.0000
2026-04-27 22:13:13,967 - => Stage 1 client 0 epoch 22/50, ce loss: 1.1570, train anchor loss: 0.1389, total loss: 1.2264, clean acc: 0.6052, eval anchor loss: 0.1483, backdoor acc: 0.0000
2026-04-27 22:14:31,496 - => Stage 1 client 0 epoch 23/50, ce loss: 1.1514, train anchor loss: 0.1400, total loss: 1.2214, clean acc: 0.6107, eval anchor loss: 0.1491, backdoor acc: 0.0000
2026-04-27 22:15:49,143 - => Stage 1 client 0 epoch 24/50, ce loss: 1.1386, train anchor loss: 0.1397, total loss: 1.2085, clean acc: 0.6056, eval anchor loss: 0.1530, backdoor acc: 0.0000
2026-04-27 22:17:06,837 - => Stage 1 client 0 epoch 25/50, ce loss: 1.1368, train anchor loss: 0.1399, total loss: 1.2067, clean acc: 0.6144, eval anchor loss: 0.1433, backdoor acc: 0.0000
2026-04-27 22:18:24,819 - => Stage 1 client 0 epoch 26/50, ce loss: 1.1248, train anchor loss: 0.1394, total loss: 1.1945, clean acc: 0.6176, eval anchor loss: 0.1468, backdoor acc: 0.0000
2026-04-27 22:19:42,336 - => Stage 1 client 0 epoch 27/50, ce loss: 1.1132, train anchor loss: 0.1396, total loss: 1.1830, clean acc: 0.6223, eval anchor loss: 0.1465, backdoor acc: 0.0000
2026-04-27 22:20:59,468 - => Stage 1 client 0 epoch 28/50, ce loss: 1.1035, train anchor loss: 0.1393, total loss: 1.1731, clean acc: 0.6164, eval anchor loss: 0.1489, backdoor acc: 0.0000
2026-04-27 22:22:17,030 - => Stage 1 client 0 epoch 29/50, ce loss: 1.0959, train anchor loss: 0.1391, total loss: 1.1654, clean acc: 0.6258, eval anchor loss: 0.1408, backdoor acc: 0.0000
2026-04-27 22:23:33,767 - => Stage 1 client 0 epoch 30/50, ce loss: 1.0818, train anchor loss: 0.1389, total loss: 1.1512, clean acc: 0.6265, eval anchor loss: 0.1487, backdoor acc: 0.0000
2026-04-27 22:24:50,736 - => Stage 1 client 0 epoch 31/50, ce loss: 1.0778, train anchor loss: 0.1382, total loss: 1.1469, clean acc: 0.6316, eval anchor loss: 0.1403, backdoor acc: 0.0000
2026-04-27 22:26:08,302 - => Stage 1 client 0 epoch 32/50, ce loss: 1.0671, train anchor loss: 0.1379, total loss: 1.1361, clean acc: 0.6197, eval anchor loss: 0.1466, backdoor acc: 0.0000
2026-04-27 22:27:24,223 - => Stage 1 client 0 epoch 33/50, ce loss: 1.0566, train anchor loss: 0.1376, total loss: 1.1254, clean acc: 0.6336, eval anchor loss: 0.1472, backdoor acc: 0.0000
2026-04-27 22:28:41,558 - => Stage 1 client 0 epoch 34/50, ce loss: 1.0532, train anchor loss: 0.1374, total loss: 1.1219, clean acc: 0.6330, eval anchor loss: 0.1392, backdoor acc: 0.0000
2026-04-27 22:29:58,321 - => Stage 1 client 0 epoch 35/50, ce loss: 1.0460, train anchor loss: 0.1380, total loss: 1.1150, clean acc: 0.6277, eval anchor loss: 0.1415, backdoor acc: 0.0000
2026-04-27 22:31:15,650 - => Stage 1 client 0 epoch 36/50, ce loss: 1.0357, train anchor loss: 0.1371, total loss: 1.1043, clean acc: 0.6380, eval anchor loss: 0.1450, backdoor acc: 0.0000
2026-04-27 22:32:32,730 - => Stage 1 client 0 epoch 37/50, ce loss: 1.0314, train anchor loss: 0.1372, total loss: 1.1000, clean acc: 0.6323, eval anchor loss: 0.1452, backdoor acc: 0.0000
2026-04-27 22:33:50,500 - => Stage 1 client 0 epoch 38/50, ce loss: 1.0303, train anchor loss: 0.1370, total loss: 1.0988, clean acc: 0.6366, eval anchor loss: 0.1465, backdoor acc: 0.0000
2026-04-27 22:35:07,334 - => Stage 1 client 0 epoch 39/50, ce loss: 1.0202, train anchor loss: 0.1365, total loss: 1.0885, clean acc: 0.6404, eval anchor loss: 0.1468, backdoor acc: 0.0000
2026-04-27 22:36:24,405 - => Stage 1 client 0 epoch 40/50, ce loss: 1.0170, train anchor loss: 0.1374, total loss: 1.0857, clean acc: 0.6353, eval anchor loss: 0.1455, backdoor acc: 0.0000
2026-04-27 22:37:42,298 - => Stage 1 client 0 epoch 41/50, ce loss: 1.0081, train anchor loss: 0.1368, total loss: 1.0765, clean acc: 0.6416, eval anchor loss: 0.1454, backdoor acc: 0.0000
2026-04-27 22:38:59,287 - => Stage 1 client 0 epoch 42/50, ce loss: 0.9968, train anchor loss: 0.1356, total loss: 1.0646, clean acc: 0.6415, eval anchor loss: 0.1432, backdoor acc: 0.0000
2026-04-27 22:40:17,073 - => Stage 1 client 0 epoch 43/50, ce loss: 0.9945, train anchor loss: 0.1358, total loss: 1.0624, clean acc: 0.6356, eval anchor loss: 0.1500, backdoor acc: 0.0000
2026-04-27 22:41:34,974 - => Stage 1 client 0 epoch 44/50, ce loss: 0.9902, train anchor loss: 0.1362, total loss: 1.0583, clean acc: 0.6474, eval anchor loss: 0.1440, backdoor acc: 0.0000
2026-04-27 22:42:52,598 - => Stage 1 client 0 epoch 45/50, ce loss: 0.9757, train anchor loss: 0.1355, total loss: 1.0434, clean acc: 0.6375, eval anchor loss: 0.1558, backdoor acc: 0.0000
2026-04-27 22:44:09,373 - => Stage 1 client 0 epoch 46/50, ce loss: 0.9746, train anchor loss: 0.1353, total loss: 1.0423, clean acc: 0.6512, eval anchor loss: 0.1481, backdoor acc: 0.0000
2026-04-27 22:45:27,362 - => Stage 1 client 0 epoch 47/50, ce loss: 0.9673, train anchor loss: 0.1356, total loss: 1.0351, clean acc: 0.6514, eval anchor loss: 0.1421, backdoor acc: 0.0000
2026-04-27 22:46:44,158 - => Stage 1 client 0 epoch 48/50, ce loss: 0.9668, train anchor loss: 0.1346, total loss: 1.0341, clean acc: 0.6515, eval anchor loss: 0.1475, backdoor acc: 0.0000
2026-04-27 22:48:01,468 - => Stage 1 client 0 epoch 49/50, ce loss: 0.9560, train anchor loss: 0.1338, total loss: 1.0229, clean acc: 0.6476, eval anchor loss: 0.1460, backdoor acc: 0.0000
2026-04-27 22:49:19,264 - => Stage 1 client 0 epoch 50/50, ce loss: 0.9574, train anchor loss: 0.1347, total loss: 1.0247, clean acc: 0.6366, eval anchor loss: 0.1464, backdoor acc: 0.0000
2026-04-27 22:49:20,434 - => Stage 1 final summary for passive client 0: best epoch: 47, clean acc: 0.6514, anchor loss: 0.1421, backdoor acc: 0.0000
2026-04-27 22:49:20,470 - => Stage 1 start for passive client 1
2026-04-27 22:49:20,471 - => Stage 1 early stop for passive client 1: patience=10, min_delta=0.000100
2026-04-27 22:50:37,762 - => Stage 1 client 1 epoch 1/50, ce loss: 1.7234, train anchor loss: 1.0575, total loss: 2.2521, clean acc: 0.4779, eval anchor loss: 0.4536, backdoor acc: 0.0000
2026-04-27 22:51:55,282 - => Stage 1 client 1 epoch 2/50, ce loss: 1.5589, train anchor loss: 0.2641, total loss: 1.6909, clean acc: 0.4953, eval anchor loss: 0.1699, backdoor acc: 0.0000
2026-04-27 22:53:12,939 - => Stage 1 client 1 epoch 3/50, ce loss: 1.4332, train anchor loss: 0.1478, total loss: 1.5071, clean acc: 0.5431, eval anchor loss: 0.1400, backdoor acc: 0.0000
2026-04-27 22:54:30,627 - => Stage 1 client 1 epoch 4/50, ce loss: 1.3553, train anchor loss: 0.1397, total loss: 1.4251, clean acc: 0.5555, eval anchor loss: 0.1414, backdoor acc: 0.0000
2026-04-27 22:55:47,101 - => Stage 1 client 1 epoch 5/50, ce loss: 1.3116, train anchor loss: 0.1399, total loss: 1.3815, clean acc: 0.5716, eval anchor loss: 0.1342, backdoor acc: 0.0000
2026-04-27 22:57:05,010 - => Stage 1 client 1 epoch 6/50, ce loss: 1.2582, train anchor loss: 0.1387, total loss: 1.3276, clean acc: 0.5668, eval anchor loss: 0.1347, backdoor acc: 0.0000
2026-04-27 22:58:22,690 - => Stage 1 client 1 epoch 7/50, ce loss: 1.2297, train anchor loss: 0.1386, total loss: 1.2990, clean acc: 0.5922, eval anchor loss: 0.1447, backdoor acc: 0.0000
2026-04-27 22:59:40,203 - => Stage 1 client 1 epoch 8/50, ce loss: 1.1928, train anchor loss: 0.1381, total loss: 1.2619, clean acc: 0.6086, eval anchor loss: 0.1360, backdoor acc: 0.0000
2026-04-27 23:00:57,518 - => Stage 1 client 1 epoch 9/50, ce loss: 1.1523, train anchor loss: 0.1377, total loss: 1.2212, clean acc: 0.6113, eval anchor loss: 0.1357, backdoor acc: 0.0000
2026-04-27 23:02:14,732 - => Stage 1 client 1 epoch 10/50, ce loss: 1.1337, train anchor loss: 0.1384, total loss: 1.2029, clean acc: 0.6354, eval anchor loss: 0.1332, backdoor acc: 0.0000
2026-04-27 23:03:32,051 - => Stage 1 client 1 epoch 11/50, ce loss: 1.1011, train anchor loss: 0.1376, total loss: 1.1699, clean acc: 0.6255, eval anchor loss: 0.1460, backdoor acc: 0.0000
2026-04-27 23:04:49,607 - => Stage 1 client 1 epoch 12/50, ce loss: 1.0788, train anchor loss: 0.1374, total loss: 1.1475, clean acc: 0.6399, eval anchor loss: 0.1354, backdoor acc: 0.0000
2026-04-27 23:06:07,150 - => Stage 1 client 1 epoch 13/50, ce loss: 1.0553, train anchor loss: 0.1373, total loss: 1.1239, clean acc: 0.6466, eval anchor loss: 0.1417, backdoor acc: 0.0000
2026-04-27 23:07:24,877 - => Stage 1 client 1 epoch 14/50, ce loss: 1.0336, train anchor loss: 0.1355, total loss: 1.1014, clean acc: 0.6504, eval anchor loss: 0.1399, backdoor acc: 0.0000
2026-04-27 23:08:42,608 - => Stage 1 client 1 epoch 15/50, ce loss: 1.0258, train anchor loss: 0.1358, total loss: 1.0937, clean acc: 0.6496, eval anchor loss: 0.1352, backdoor acc: 0.0000
2026-04-27 23:10:00,487 - => Stage 1 client 1 epoch 16/50, ce loss: 1.0054, train anchor loss: 0.1346, total loss: 1.0727, clean acc: 0.6604, eval anchor loss: 0.1366, backdoor acc: 0.0000
2026-04-27 23:11:18,337 - => Stage 1 client 1 epoch 17/50, ce loss: 0.9846, train anchor loss: 0.1342, total loss: 1.0517, clean acc: 0.6422, eval anchor loss: 0.1522, backdoor acc: 0.0000
2026-04-27 23:12:36,187 - => Stage 1 client 1 epoch 18/50, ce loss: 0.9806, train anchor loss: 0.1336, total loss: 1.0474, clean acc: 0.6652, eval anchor loss: 0.1317, backdoor acc: 0.0000
2026-04-27 23:13:53,904 - => Stage 1 client 1 epoch 19/50, ce loss: 0.9616, train anchor loss: 0.1330, total loss: 1.0281, clean acc: 0.6670, eval anchor loss: 0.1367, backdoor acc: 0.0000
2026-04-27 23:15:11,672 - => Stage 1 client 1 epoch 20/50, ce loss: 0.9384, train anchor loss: 0.1322, total loss: 1.0045, clean acc: 0.6867, eval anchor loss: 0.1328, backdoor acc: 0.0000
2026-04-27 23:16:29,375 - => Stage 1 client 1 epoch 21/50, ce loss: 0.9296, train anchor loss: 0.1318, total loss: 0.9955, clean acc: 0.6650, eval anchor loss: 0.1409, backdoor acc: 0.0000
2026-04-27 23:17:47,219 - => Stage 1 client 1 epoch 22/50, ce loss: 0.9136, train anchor loss: 0.1304, total loss: 0.9788, clean acc: 0.6737, eval anchor loss: 0.1377, backdoor acc: 0.0000
2026-04-27 23:19:04,909 - => Stage 1 client 1 epoch 23/50, ce loss: 0.9057, train anchor loss: 0.1300, total loss: 0.9706, clean acc: 0.6849, eval anchor loss: 0.1323, backdoor acc: 0.0000
2026-04-27 23:20:21,841 - => Stage 1 client 1 epoch 24/50, ce loss: 0.8942, train anchor loss: 0.1296, total loss: 0.9590, clean acc: 0.6778, eval anchor loss: 0.1387, backdoor acc: 0.0000
2026-04-27 23:21:39,665 - => Stage 1 client 1 epoch 25/50, ce loss: 0.8812, train anchor loss: 0.1292, total loss: 0.9458, clean acc: 0.6845, eval anchor loss: 0.1327, backdoor acc: 0.0000
2026-04-27 23:22:57,532 - => Stage 1 client 1 epoch 26/50, ce loss: 0.8618, train anchor loss: 0.1280, total loss: 0.9258, clean acc: 0.6801, eval anchor loss: 0.1376, backdoor acc: 0.0000
2026-04-27 23:24:14,460 - => Stage 1 client 1 epoch 27/50, ce loss: 0.8569, train anchor loss: 0.1275, total loss: 0.9206, clean acc: 0.6979, eval anchor loss: 0.1342, backdoor acc: 0.0000
2026-04-27 23:25:31,980 - => Stage 1 client 1 epoch 28/50, ce loss: 0.8503, train anchor loss: 0.1273, total loss: 0.9140, clean acc: 0.6872, eval anchor loss: 0.1358, backdoor acc: 0.0000
2026-04-27 23:26:49,386 - => Stage 1 client 1 epoch 29/50, ce loss: 0.8392, train anchor loss: 0.1265, total loss: 0.9024, clean acc: 0.6920, eval anchor loss: 0.1324, backdoor acc: 0.0000
2026-04-27 23:28:06,312 - => Stage 1 client 1 epoch 30/50, ce loss: 0.8206, train anchor loss: 0.1254, total loss: 0.8833, clean acc: 0.6925, eval anchor loss: 0.1404, backdoor acc: 0.0000
2026-04-27 23:29:23,917 - => Stage 1 client 1 epoch 31/50, ce loss: 0.8098, train anchor loss: 0.1243, total loss: 0.8719, clean acc: 0.7083, eval anchor loss: 0.1299, backdoor acc: 0.0000
2026-04-27 23:30:41,244 - => Stage 1 client 1 epoch 32/50, ce loss: 0.7995, train anchor loss: 0.1239, total loss: 0.8615, clean acc: 0.7000, eval anchor loss: 0.1371, backdoor acc: 0.0000
2026-04-27 23:31:59,045 - => Stage 1 client 1 epoch 33/50, ce loss: 0.7967, train anchor loss: 0.1234, total loss: 0.8584, clean acc: 0.7015, eval anchor loss: 0.1358, backdoor acc: 0.0000
2026-04-27 23:33:16,627 - => Stage 1 client 1 epoch 34/50, ce loss: 0.7892, train anchor loss: 0.1236, total loss: 0.8510, clean acc: 0.6967, eval anchor loss: 0.1374, backdoor acc: 0.0000
2026-04-27 23:34:34,081 - => Stage 1 client 1 epoch 35/50, ce loss: 0.7760, train anchor loss: 0.1223, total loss: 0.8371, clean acc: 0.7050, eval anchor loss: 0.1403, backdoor acc: 0.0000
2026-04-27 23:35:50,766 - => Stage 1 client 1 epoch 36/50, ce loss: 0.7639, train anchor loss: 0.1212, total loss: 0.8245, clean acc: 0.7140, eval anchor loss: 0.1362, backdoor acc: 0.0000
2026-04-27 23:37:07,837 - => Stage 1 client 1 epoch 37/50, ce loss: 0.7568, train anchor loss: 0.1212, total loss: 0.8174, clean acc: 0.7080, eval anchor loss: 0.1364, backdoor acc: 0.0000
2026-04-27 23:38:25,296 - => Stage 1 client 1 epoch 38/50, ce loss: 0.7451, train anchor loss: 0.1209, total loss: 0.8056, clean acc: 0.7091, eval anchor loss: 0.1332, backdoor acc: 0.0000
2026-04-27 23:39:42,663 - => Stage 1 client 1 epoch 39/50, ce loss: 0.7446, train anchor loss: 0.1207, total loss: 0.8050, clean acc: 0.6990, eval anchor loss: 0.1384, backdoor acc: 0.0000
2026-04-27 23:40:59,884 - => Stage 1 client 1 epoch 40/50, ce loss: 0.7376, train anchor loss: 0.1201, total loss: 0.7976, clean acc: 0.7160, eval anchor loss: 0.1374, backdoor acc: 0.0000
2026-04-27 23:42:17,585 - => Stage 1 client 1 epoch 41/50, ce loss: 0.7239, train anchor loss: 0.1181, total loss: 0.7829, clean acc: 0.7096, eval anchor loss: 0.1396, backdoor acc: 0.0000
2026-04-27 23:43:35,414 - => Stage 1 client 1 epoch 42/50, ce loss: 0.7174, train anchor loss: 0.1183, total loss: 0.7766, clean acc: 0.7066, eval anchor loss: 0.1384, backdoor acc: 0.0000
2026-04-27 23:44:53,100 - => Stage 1 client 1 epoch 43/50, ce loss: 0.7071, train anchor loss: 0.1177, total loss: 0.7660, clean acc: 0.7109, eval anchor loss: 0.1324, backdoor acc: 0.0000
2026-04-27 23:46:10,020 - => Stage 1 client 1 epoch 44/50, ce loss: 0.7013, train anchor loss: 0.1162, total loss: 0.7594, clean acc: 0.7084, eval anchor loss: 0.1366, backdoor acc: 0.0000
2026-04-27 23:47:27,438 - => Stage 1 client 1 epoch 45/50, ce loss: 0.6946, train anchor loss: 0.1162, total loss: 0.7527, clean acc: 0.7087, eval anchor loss: 0.1400, backdoor acc: 0.0000
2026-04-27 23:48:44,524 - => Stage 1 client 1 epoch 46/50, ce loss: 0.6864, train anchor loss: 0.1160, total loss: 0.7444, clean acc: 0.7062, eval anchor loss: 0.1438, backdoor acc: 0.0000
2026-04-27 23:50:01,257 - => Stage 1 client 1 epoch 47/50, ce loss: 0.6831, train anchor loss: 0.1157, total loss: 0.7409, clean acc: 0.7094, eval anchor loss: 0.1381, backdoor acc: 0.0000
2026-04-27 23:51:18,681 - => Stage 1 client 1 epoch 48/50, ce loss: 0.6739, train anchor loss: 0.1137, total loss: 0.7308, clean acc: 0.7084, eval anchor loss: 0.1405, backdoor acc: 0.0000
2026-04-27 23:52:36,780 - => Stage 1 client 1 epoch 49/50, ce loss: 0.6670, train anchor loss: 0.1142, total loss: 0.7241, clean acc: 0.7120, eval anchor loss: 0.1381, backdoor acc: 0.0000
2026-04-27 23:53:54,037 - => Stage 1 client 1 epoch 50/50, ce loss: 0.6577, train anchor loss: 0.1133, total loss: 0.7143, clean acc: 0.7115, eval anchor loss: 0.1378, backdoor acc: 0.0000
2026-04-27 23:53:54,367 - => Stage 1 early stop triggered for passive client 1 at epoch 50/50; best clean acc: 0.7160 at epoch 40
2026-04-27 23:53:54,614 - => Stage 1 final summary for passive client 1: best epoch: 40, clean acc: 0.7160, anchor loss: 0.1374, backdoor acc: 0.0000
2026-04-27 23:53:54,644 - => Stage 1 start for passive client 2
2026-04-27 23:53:54,644 - => Stage 1 early stop for passive client 2: patience=10, min_delta=0.000100
2026-04-27 23:55:19,658 - => Stage 1 client 2 epoch 1/50, ce loss: 1.9096, train anchor loss: 1.1539, total loss: 2.4866, clean acc: 0.3836, eval anchor loss: 0.5233, backdoor acc: 0.2711
2026-04-27 23:56:44,738 - => Stage 1 client 2 epoch 2/50, ce loss: 1.7861, train anchor loss: 0.2875, total loss: 1.9299, clean acc: 0.4084, eval anchor loss: 0.1683, backdoor acc: 0.1769
2026-04-27 23:58:09,592 - => Stage 1 client 2 epoch 3/50, ce loss: 1.6957, train anchor loss: 0.1426, total loss: 1.7670, clean acc: 0.4546, eval anchor loss: 0.1166, backdoor acc: 0.2519
2026-04-27 23:59:34,928 - => Stage 1 client 2 epoch 4/50, ce loss: 1.6397, train anchor loss: 0.1362, total loss: 1.7077, clean acc: 0.4664, eval anchor loss: 0.1252, backdoor acc: 0.4427
2026-04-28 00:00:59,204 - => Stage 1 client 2 epoch 5/50, ce loss: 1.5896, train anchor loss: 0.1376, total loss: 1.6584, clean acc: 0.4755, eval anchor loss: 0.1362, backdoor acc: 0.8967
2026-04-28 00:02:24,513 - => Stage 1 client 2 epoch 6/50, ce loss: 1.5551, train anchor loss: 0.1398, total loss: 1.6250, clean acc: 0.4789, eval anchor loss: 0.1478, backdoor acc: 0.9430
2026-04-28 00:03:49,479 - => Stage 1 client 2 epoch 7/50, ce loss: 1.5280, train anchor loss: 0.1407, total loss: 1.5984, clean acc: 0.5155, eval anchor loss: 0.1432, backdoor acc: 0.9992
2026-04-28 00:05:14,522 - => Stage 1 client 2 epoch 8/50, ce loss: 1.4865, train anchor loss: 0.1427, total loss: 1.5578, clean acc: 0.5036, eval anchor loss: 0.1398, backdoor acc: 0.9981
2026-04-28 00:06:39,363 - => Stage 1 client 2 epoch 9/50, ce loss: 1.4706, train anchor loss: 0.1446, total loss: 1.5429, clean acc: 0.5189, eval anchor loss: 0.1413, backdoor acc: 0.9992
2026-04-28 00:08:04,500 - => Stage 1 client 2 epoch 10/50, ce loss: 1.4393, train anchor loss: 0.1433, total loss: 1.5109, clean acc: 0.5354, eval anchor loss: 0.1388, backdoor acc: 1.0000
2026-04-28 00:09:29,234 - => Stage 1 client 2 epoch 11/50, ce loss: 1.4222, train anchor loss: 0.1431, total loss: 1.4938, clean acc: 0.5430, eval anchor loss: 0.1495, backdoor acc: 0.9996
2026-04-28 00:10:54,443 - => Stage 1 client 2 epoch 12/50, ce loss: 1.3927, train anchor loss: 0.1444, total loss: 1.4649, clean acc: 0.5455, eval anchor loss: 0.1350, backdoor acc: 1.0000
2026-04-28 00:12:19,216 - => Stage 1 client 2 epoch 13/50, ce loss: 1.3939, train anchor loss: 0.1446, total loss: 1.4662, clean acc: 0.5527, eval anchor loss: 0.1437, backdoor acc: 1.0000
2026-04-28 00:13:44,316 - => Stage 1 client 2 epoch 14/50, ce loss: 1.3682, train anchor loss: 0.1456, total loss: 1.4410, clean acc: 0.5526, eval anchor loss: 0.1371, backdoor acc: 0.9998
2026-04-28 00:15:09,468 - => Stage 1 client 2 epoch 15/50, ce loss: 1.3479, train anchor loss: 0.1444, total loss: 1.4201, clean acc: 0.5690, eval anchor loss: 0.1373, backdoor acc: 1.0000
2026-04-28 00:16:34,892 - => Stage 1 client 2 epoch 16/50, ce loss: 1.3411, train anchor loss: 0.1454, total loss: 1.4138, clean acc: 0.5690, eval anchor loss: 0.1365, backdoor acc: 1.0000
2026-04-28 00:17:59,466 - => Stage 1 client 2 epoch 17/50, ce loss: 1.3279, train anchor loss: 0.1453, total loss: 1.4005, clean acc: 0.5612, eval anchor loss: 0.1418, backdoor acc: 1.0000
2026-04-28 00:19:24,650 - => Stage 1 client 2 epoch 18/50, ce loss: 1.3231, train anchor loss: 0.1446, total loss: 1.3953, clean acc: 0.5751, eval anchor loss: 0.1399, backdoor acc: 1.0000
2026-04-28 00:20:49,971 - => Stage 1 client 2 epoch 19/50, ce loss: 1.3148, train anchor loss: 0.1456, total loss: 1.3876, clean acc: 0.5679, eval anchor loss: 0.1440, backdoor acc: 1.0000
2026-04-28 00:22:15,333 - => Stage 1 client 2 epoch 20/50, ce loss: 1.2897, train anchor loss: 0.1461, total loss: 1.3628, clean acc: 0.5869, eval anchor loss: 0.1405, backdoor acc: 1.0000
2026-04-28 00:23:40,974 - => Stage 1 client 2 epoch 21/50, ce loss: 1.2802, train anchor loss: 0.1462, total loss: 1.3533, clean acc: 0.5786, eval anchor loss: 0.1390, backdoor acc: 0.9999
2026-04-28 00:25:06,292 - => Stage 1 client 2 epoch 22/50, ce loss: 1.2787, train anchor loss: 0.1460, total loss: 1.3517, clean acc: 0.5839, eval anchor loss: 0.1426, backdoor acc: 1.0000
2026-04-28 00:26:31,355 - => Stage 1 client 2 epoch 23/50, ce loss: 1.2709, train anchor loss: 0.1458, total loss: 1.3438, clean acc: 0.5801, eval anchor loss: 0.1429, backdoor acc: 1.0000
2026-04-28 00:27:56,538 - => Stage 1 client 2 epoch 24/50, ce loss: 1.2589, train anchor loss: 0.1458, total loss: 1.3318, clean acc: 0.5899, eval anchor loss: 0.1426, backdoor acc: 0.9999
2026-04-28 00:29:21,713 - => Stage 1 client 2 epoch 25/50, ce loss: 1.2419, train anchor loss: 0.1454, total loss: 1.3146, clean acc: 0.5982, eval anchor loss: 0.1400, backdoor acc: 1.0000
2026-04-28 00:30:47,028 - => Stage 1 client 2 epoch 26/50, ce loss: 1.2306, train anchor loss: 0.1458, total loss: 1.3035, clean acc: 0.6046, eval anchor loss: 0.1400, backdoor acc: 1.0000
2026-04-28 00:32:11,940 - => Stage 1 client 2 epoch 27/50, ce loss: 1.2289, train anchor loss: 0.1460, total loss: 1.3019, clean acc: 0.6044, eval anchor loss: 0.1421, backdoor acc: 1.0000
2026-04-28 00:33:37,225 - => Stage 1 client 2 epoch 28/50, ce loss: 1.2213, train anchor loss: 0.1464, total loss: 1.2944, clean acc: 0.5869, eval anchor loss: 0.1450, backdoor acc: 1.0000
2026-04-28 00:35:02,370 - => Stage 1 client 2 epoch 29/50, ce loss: 1.2079, train anchor loss: 0.1456, total loss: 1.2808, clean acc: 0.6084, eval anchor loss: 0.1334, backdoor acc: 1.0000
2026-04-28 00:36:27,681 - => Stage 1 client 2 epoch 30/50, ce loss: 1.2032, train anchor loss: 0.1465, total loss: 1.2765, clean acc: 0.6028, eval anchor loss: 0.1418, backdoor acc: 1.0000
2026-04-28 00:37:52,611 - => Stage 1 client 2 epoch 31/50, ce loss: 1.1966, train anchor loss: 0.1454, total loss: 1.2693, clean acc: 0.6142, eval anchor loss: 0.1358, backdoor acc: 1.0000
2026-04-28 00:39:18,164 - => Stage 1 client 2 epoch 32/50, ce loss: 1.1906, train anchor loss: 0.1461, total loss: 1.2636, clean acc: 0.6092, eval anchor loss: 0.1458, backdoor acc: 1.0000
2026-04-28 00:40:43,126 - => Stage 1 client 2 epoch 33/50, ce loss: 1.1851, train anchor loss: 0.1465, total loss: 1.2583, clean acc: 0.6083, eval anchor loss: 0.1459, backdoor acc: 1.0000
2026-04-28 00:42:08,491 - => Stage 1 client 2 epoch 34/50, ce loss: 1.1713, train anchor loss: 0.1459, total loss: 1.2443, clean acc: 0.6060, eval anchor loss: 0.1460, backdoor acc: 1.0000
2026-04-28 00:43:33,146 - => Stage 1 client 2 epoch 35/50, ce loss: 1.1671, train anchor loss: 0.1444, total loss: 1.2394, clean acc: 0.6165, eval anchor loss: 0.1407, backdoor acc: 1.0000
2026-04-28 00:44:58,754 - => Stage 1 client 2 epoch 36/50, ce loss: 1.1606, train anchor loss: 0.1453, total loss: 1.2333, clean acc: 0.6221, eval anchor loss: 0.1441, backdoor acc: 1.0000
2026-04-28 00:46:23,905 - => Stage 1 client 2 epoch 37/50, ce loss: 1.1570, train anchor loss: 0.1464, total loss: 1.2302, clean acc: 0.6087, eval anchor loss: 0.1459, backdoor acc: 1.0000
2026-04-28 00:47:49,041 - => Stage 1 client 2 epoch 38/50, ce loss: 1.1530, train anchor loss: 0.1453, total loss: 1.2257, clean acc: 0.6128, eval anchor loss: 0.1465, backdoor acc: 1.0000
2026-04-28 00:49:14,846 - => Stage 1 client 2 epoch 39/50, ce loss: 1.1476, train anchor loss: 0.1452, total loss: 1.2202, clean acc: 0.6210, eval anchor loss: 0.1442, backdoor acc: 1.0000
2026-04-28 00:50:39,587 - => Stage 1 client 2 epoch 40/50, ce loss: 1.1339, train anchor loss: 0.1448, total loss: 1.2064, clean acc: 0.6232, eval anchor loss: 0.1479, backdoor acc: 1.0000
2026-04-28 00:52:05,003 - => Stage 1 client 2 epoch 41/50, ce loss: 1.1268, train anchor loss: 0.1448, total loss: 1.1992, clean acc: 0.6069, eval anchor loss: 0.1469, backdoor acc: 1.0000
2026-04-28 00:53:30,411 - => Stage 1 client 2 epoch 42/50, ce loss: 1.1249, train anchor loss: 0.1444, total loss: 1.1971, clean acc: 0.6203, eval anchor loss: 0.1457, backdoor acc: 1.0000
2026-04-28 00:54:56,094 - => Stage 1 client 2 epoch 43/50, ce loss: 1.1156, train anchor loss: 0.1438, total loss: 1.1875, clean acc: 0.6166, eval anchor loss: 0.1523, backdoor acc: 1.0000
2026-04-28 00:56:21,029 - => Stage 1 client 2 epoch 44/50, ce loss: 1.1127, train anchor loss: 0.1444, total loss: 1.1849, clean acc: 0.6144, eval anchor loss: 0.1436, backdoor acc: 1.0000
2026-04-28 00:57:45,988 - => Stage 1 client 2 epoch 45/50, ce loss: 1.1109, train anchor loss: 0.1435, total loss: 1.1827, clean acc: 0.6192, eval anchor loss: 0.1503, backdoor acc: 1.0000
2026-04-28 00:59:11,410 - => Stage 1 client 2 epoch 46/50, ce loss: 1.1044, train anchor loss: 0.1430, total loss: 1.1759, clean acc: 0.6223, eval anchor loss: 0.1456, backdoor acc: 1.0000
2026-04-28 01:00:36,231 - => Stage 1 client 2 epoch 47/50, ce loss: 1.0964, train anchor loss: 0.1436, total loss: 1.1682, clean acc: 0.6219, eval anchor loss: 0.1401, backdoor acc: 1.0000
2026-04-28 01:02:01,933 - => Stage 1 client 2 epoch 48/50, ce loss: 1.0887, train anchor loss: 0.1429, total loss: 1.1601, clean acc: 0.6241, eval anchor loss: 0.1455, backdoor acc: 1.0000
2026-04-28 01:03:26,669 - => Stage 1 client 2 epoch 49/50, ce loss: 1.0865, train anchor loss: 0.1435, total loss: 1.1583, clean acc: 0.6311, eval anchor loss: 0.1426, backdoor acc: 1.0000
2026-04-28 01:04:51,614 - => Stage 1 client 2 epoch 50/50, ce loss: 1.0842, train anchor loss: 0.1432, total loss: 1.1558, clean acc: 0.6302, eval anchor loss: 0.1516, backdoor acc: 1.0000
2026-04-28 01:04:52,192 - => Stage 1 final summary for passive client 2: best epoch: 49, clean acc: 0.6311, anchor loss: 0.1426, backdoor acc: 1.0000
2026-04-28 01:04:52,830 - => Stage 1 metrics were also saved to './results/AVGuard/threeclient_full_avguard_fixed_lambda_anchor_theta_supp_sensitivity/theta_supp_0.05/CIFAR10/stage1/anchor_stage1\stage1_metrics.json'
2026-04-28 01:04:52,831 - => Saved stage1 passive-party local models and anchors to './results/AVGuard/threeclient_full_avguard_fixed_lambda_anchor_theta_supp_sensitivity/theta_supp_0.05/CIFAR10/stage1/anchor_stage1'
2026-04-28 01:04:52,861 - => Saved anchor artifact to './results/AVGuard/threeclient_full_avguard_fixed_lambda_anchor_theta_supp_sensitivity/theta_supp_0.05/CIFAR10/stage1/anchor_bank.pt'
2026-04-28 01:04:52,862 - => Stage 3 is ready; it will use Stage 1 client reliability from the loaded anchor state when available. Stage 2 client anchor-loss stats are optional diagnostics.
