2026-04-14 12:39:24,478 - Namespace(config='', data_dir='./dataset/data_raw/', dataset='NUSWIDE', device=0, results_dir='./results/AVGuard/NUSWIDE_anchor_stage2_3clients_without_anchor_ema', seed=100, epoch=50, batch_size=256, client_num=3, pretrained_checkpoint='./results/AVGuard/NUSWIDE_anchor_stage2_3clients_without_anchor_ema\\latest_checkpoint.pth.tar', test_checkpoint=None, resume_latest=True, lr=0.001, start_epoch=0, print_steps=10, early_stop=0, attack='LFBA', target_label=None, poison_rate=0.1, poison_dimensions=10, trigger_feature_clip=1.0, attack_client_num=2, feature_extractor='', select_rate=0.3, lfba_poison_source='gradient', random_select=False, poison_all=False, anchor_idx=33930, pretrain_stage=0, mode='train', defense='anchor', defense_scheme='AVGuard', enable_stage1=True, force_stage1_retrain=False, enable_anchor_loss=True, lambda_anchor=0.5, lambda_stage1_anchor=0.3, anchor_pretrain_epochs=20, anchor_pretrain_early_stop=5, anchor_pretrain_min_delta=0.0001, anchor_scale=16.0, anchor_margin=0.2, anchor_bank_path='./results/AVGuard/NUSWIDE_anchor_stage1_3clients/anchor_bank.pt', anchor_stage1_dir='./results/AVGuard/NUSWIDE_anchor_stage1_3clients/anchor_stage1', anchor_ema_momentum=1.0, anchor_ema_update_freq=1, stage3_enable_joint_weighted_voting=True, stage3_enable_static_reliability=True, gamma=2.0, theta_supp=0.15, enable_conservative_correction=False, tau_corr=0.0, top_k=4, stage3_debug_batches=0, stage3_debug_max_samples=8, original_dataset='NUSWIDE', attack_target_label=None, anchor_margin_auto_adjusted=False, requested_anchor_margin=0.2)
2026-04-14 12:39:24,479 - => Defense scheme: AVGuard
2026-04-14 12:39:24,479 - => LFBA poison-set source: gradient
2026-04-14 12:39:24,479 - => Python executable: D:\Code\Miniconda\envs\backdoor\python.exe
2026-04-14 12:39:24,480 - => Torch version: 2.5.1+cu121, compiled CUDA: 12.1, cuda available: True, visible GPU count: 1
2026-04-14 12:39:24,480 - => Using GPU cuda:0 (NVIDIA GeForce RTX 4060 Laptop GPU)
2026-04-14 12:39:24,480 - => Preparing data...
2026-04-14 12:40:17,251 - => NUSWIDE total feature dim: 1634, client_num: 3, local output dims: [60, 24, 16]
2026-04-14 12:40:17,252 - => NUSWIDE fixed feature order: [CH | CM55 | CORR | EDH | WT | Tags1k]
2026-04-14 12:40:17,253 - => NUSWIDE split: client0 = TEXT[1000]
2026-04-14 12:40:17,253 - => NUSWIDE split: client1 = CH + CM55 + EDH [362]
2026-04-14 12:40:17,254 - => NUSWIDE split: client2 = CORR + WT [272]
2026-04-14 12:40:17,254 - => NUSWIDE attacker client: client2
2026-04-14 12:40:17,378 - => Resolved LFBA attack target label=3 from training anchor_idx=33930
2026-04-14 12:40:17,611 - => No checkpoint found at './results/AVGuard/NUSWIDE_anchor_stage2_3clients_without_anchor_ema\latest_checkpoint.pth.tar'
2026-04-14 12:40:17,686 - => Loading stage1 local models and anchors from './results/AVGuard/NUSWIDE_anchor_stage1_3clients/anchor_stage1/stage1_artifact.pt'
2026-04-14 12:40:18,038 - => Stage 3 is ready; it will use Stage 1 client reliability from the loaded anchor state when available. Stage 2 client anchor-loss stats are optional diagnostics.
2026-04-14 12:40:18,097 - =>Add Trigger to Test Data
2026-04-14 12:40:22,448 - Add Trigger to 37064 Bad Samples, 9629 Clean Samples (1.00)
2026-04-14 12:40:22,448 - => Start Training with LFBA...
2026-04-14 12:40:22,450 - => Enter Stage 2: joint VFL training starts from stage1 passive local backbones with frozen anchor heads
2026-04-14 12:40:22,450 - => Stage 2 anchor loss enabled: True
2026-04-14 12:40:22,451 - => Stage 2 loss form: total_loss=(1-lambda_anchor)*CE + lambda_anchor*anchor_loss with lambda_anchor=0.5000
2026-04-14 12:40:22,451 - => Stage 2 EMA anchor calibration disabled: momentum=1.0000 makes anchor updates a no-op, update_freq=1 epoch(s)
2026-04-14 12:40:22,451 - => Stage 2 latest checkpoint path: './results/AVGuard/NUSWIDE_anchor_stage2_3clients_without_anchor_ema\latest_checkpoint.pth.tar'
2026-04-14 12:40:22,451 - => Stage 2 best checkpoint path: './results/AVGuard/NUSWIDE_anchor_stage2_3clients_without_anchor_ema\best_checkpoint.pth.tar'
2026-04-14 12:40:22,452 - => Stage 2 best checkpoint compatibility alias path: './results/AVGuard/NUSWIDE_anchor_stage2_3clients_without_anchor_ema\best_clean_checkpoint.pth.tar'
2026-04-14 12:40:22,452 - => Stage 2 best checkpoint metric: mean(clean_acc, detection_recall, correction_rate)
2026-04-14 12:40:22,463 - => Start Training for Injecting Backdoor...
2026-04-14 12:40:23,359 - Epoch: 1, 1/274: VFL loss: 1.6118, total loss: 0.8434, anchor loss: 0.0751, VFL train accuracy: 0.2656
2026-04-14 12:40:23,902 - Epoch: 1, 11/274: VFL loss: 1.2342, total loss: 0.6531, anchor loss: 0.0721, VFL train accuracy: 0.5909
2026-04-14 12:40:24,267 - Epoch: 1, 21/274: VFL loss: 0.9477, total loss: 0.5143, anchor loss: 0.0809, VFL train accuracy: 0.6888
2026-04-14 12:40:24,630 - Epoch: 1, 31/274: VFL loss: 0.7756, total loss: 0.4299, anchor loss: 0.0841, VFL train accuracy: 0.7487
2026-04-14 12:40:24,993 - Epoch: 1, 41/274: VFL loss: 0.6841, total loss: 0.3845, anchor loss: 0.0848, VFL train accuracy: 0.7805
2026-04-14 12:40:25,337 - Epoch: 1, 51/274: VFL loss: 0.6186, total loss: 0.3519, anchor loss: 0.0851, VFL train accuracy: 0.8019
2026-04-14 12:40:25,696 - Epoch: 1, 61/274: VFL loss: 0.5747, total loss: 0.3298, anchor loss: 0.0849, VFL train accuracy: 0.8154
2026-04-14 12:40:26,100 - Epoch: 1, 71/274: VFL loss: 0.5395, total loss: 0.3118, anchor loss: 0.0841, VFL train accuracy: 0.8277
2026-04-14 12:40:26,507 - Epoch: 1, 81/274: VFL loss: 0.5147, total loss: 0.2991, anchor loss: 0.0835, VFL train accuracy: 0.8356
2026-04-14 12:40:26,890 - Epoch: 1, 91/274: VFL loss: 0.4918, total loss: 0.2875, anchor loss: 0.0832, VFL train accuracy: 0.8425
2026-04-14 12:40:27,260 - Epoch: 1, 101/274: VFL loss: 0.4738, total loss: 0.2783, anchor loss: 0.0827, VFL train accuracy: 0.8491
2026-04-14 12:40:27,619 - Epoch: 1, 111/274: VFL loss: 0.4595, total loss: 0.2710, anchor loss: 0.0825, VFL train accuracy: 0.8540
2026-04-14 12:40:27,973 - Epoch: 1, 121/274: VFL loss: 0.4459, total loss: 0.2640, anchor loss: 0.0821, VFL train accuracy: 0.8582
2026-04-14 12:40:28,372 - Epoch: 1, 131/274: VFL loss: 0.4326, total loss: 0.2572, anchor loss: 0.0818, VFL train accuracy: 0.8624
2026-04-14 12:40:28,729 - Epoch: 1, 141/274: VFL loss: 0.4205, total loss: 0.2510, anchor loss: 0.0815, VFL train accuracy: 0.8660
2026-04-14 12:40:29,089 - Epoch: 1, 151/274: VFL loss: 0.4123, total loss: 0.2468, anchor loss: 0.0814, VFL train accuracy: 0.8687
2026-04-14 12:40:29,447 - Epoch: 1, 161/274: VFL loss: 0.4044, total loss: 0.2428, anchor loss: 0.0812, VFL train accuracy: 0.8710
2026-04-14 12:40:29,843 - Epoch: 1, 171/274: VFL loss: 0.3977, total loss: 0.2394, anchor loss: 0.0810, VFL train accuracy: 0.8734
2026-04-14 12:40:30,233 - Epoch: 1, 181/274: VFL loss: 0.3911, total loss: 0.2360, anchor loss: 0.0809, VFL train accuracy: 0.8756
2026-04-14 12:40:30,617 - Epoch: 1, 191/274: VFL loss: 0.3866, total loss: 0.2337, anchor loss: 0.0808, VFL train accuracy: 0.8771
2026-04-14 12:40:30,968 - Epoch: 1, 201/274: VFL loss: 0.3815, total loss: 0.2311, anchor loss: 0.0806, VFL train accuracy: 0.8787
2026-04-14 12:40:31,359 - Epoch: 1, 211/274: VFL loss: 0.3770, total loss: 0.2288, anchor loss: 0.0806, VFL train accuracy: 0.8799
2026-04-14 12:40:31,747 - Epoch: 1, 221/274: VFL loss: 0.3739, total loss: 0.2272, anchor loss: 0.0805, VFL train accuracy: 0.8809
2026-04-14 12:40:32,137 - Epoch: 1, 231/274: VFL loss: 0.3683, total loss: 0.2242, anchor loss: 0.0802, VFL train accuracy: 0.8827
2026-04-14 12:40:32,523 - Epoch: 1, 241/274: VFL loss: 0.3646, total loss: 0.2223, anchor loss: 0.0801, VFL train accuracy: 0.8836
2026-04-14 12:40:32,876 - Epoch: 1, 251/274: VFL loss: 0.3609, total loss: 0.2204, anchor loss: 0.0799, VFL train accuracy: 0.8846
2026-04-14 12:40:33,234 - Epoch: 1, 261/274: VFL loss: 0.3581, total loss: 0.2190, anchor loss: 0.0798, VFL train accuracy: 0.8855
2026-04-14 12:40:33,599 - Epoch: 1, 271/274: VFL loss: 0.3555, total loss: 0.2176, anchor loss: 0.0797, VFL train accuracy: 0.8862
2026-04-14 12:40:33,720 - => Recorded Stage 2 client anchor losses for epoch 1 to './results/AVGuard/NUSWIDE_anchor_stage2_3clients_without_anchor_ema\stage2_final_epoch_client_anchor_losses.json': {0: 0.065786, 1: 0.087045, 2: 0.086207}
2026-04-14 12:40:33,758 - => Stage 2 EMA anchor update skipped at epoch 1 because momentum=1.0000 disables EMA; eligible classes per client {0: 5, 1: 5, 2: 5}
2026-04-14 12:40:33,759 - => Stage 2 Epoch 1 Training Summary: VFL loss: 0.3544, total loss: 0.2170, anchor loss: 0.0797, VFL train accuracy: 0.8865
2026-04-14 12:40:33,759 - => Test ASR...
2026-04-14 12:40:33,869 - =>Add Trigger to Test Data
2026-04-14 12:40:38,376 - Add Trigger to 37064 Bad Samples, 9629 Clean Samples (1.00)
2026-04-14 12:40:49,687 - => Test Epoch: 1, main task samples: 46693, attack samples: 46693, test loss: 0.3383, clean acc: 0.7692, Top-4: 0.9965, ASR: 0.2714, RAC: 0.6724, test target accuracy: 0.8996, stage3 final accuracy: 0.7692, stage3 final target accuracy: 0.7544, stage3 final asr: 0.2714, anchor loss: 0.0830
2026-04-14 12:40:49,687 - => Stage 3 Detection Summary: recall: 0.6880, precision: 0.2880, f1: 0.4061, false positive rate: 0.2090, correction rate: 0.5055
2026-04-14 12:40:49,687 - => Stage 3 Debug (clean): suspicious=9758/46693, correction_applied=9731, prediction_changed=9731, skipped_tied_vote=0, skipped_low_margin=0, skipped_other=27
2026-04-14 12:40:49,688 - => Stage 3 Debug (poison-valid): suspicious=14526/37064, correction_applied=14524, prediction_changed=14524, skipped_tied_vote=0, skipped_low_margin=0, skipped_other=2
2026-04-14 12:40:49,688 - => Stage 3 Debug (attack-success): suspicious=6995/10167, correction_applied=6993, prediction_changed=6993, corrected_to_true=5139
2026-04-14 12:40:49,688 - => Stage 2 checkpoint score: mean(clean_acc=0.7692, recall=0.6880, correction_rate=0.5055) = 0.6542
2026-04-14 12:40:49,690 - => Save best checkpoint model...
2026-04-14 12:40:49,918 - => End Epoch: 1, early stop epochs: 0, best epoch: 1, best clean acc: 0.7692, best Top-4: 0.9965, best ASR: 0.2714, best RAC: 0.6724, anchor loss: 0.0830, best checkpoint score: 0.6542
2026-04-14 12:40:49,918 - => Stage 3 Detection Summary: recall: 0.6880, precision: 0.2880, f1: 0.4061, false positive rate: 0.2090, correction rate: 0.5055
2026-04-14 12:40:49,953 - => Rebuilt LFBA poison set from cached gradients: anchor label=3, poison samples=6996, same-label poison samples=1524, consistent rate=0.2178
2026-04-14 12:40:49,992 - => LFBA current anchor-derived target label: 3
2026-04-14 12:40:50,077 - =>Add Trigger to Train Data
2026-04-14 12:40:50,407 - Add Trigger to 6996 Bad Samples, 62970 Clean Samples (0.10)
2026-04-14 12:40:50,410 - => Start Training for Injecting Backdoor...
2026-04-14 12:40:50,460 - Epoch: 2, 1/274: VFL loss: 0.2647, total loss: 0.1699, anchor loss: 0.0752, VFL train accuracy: 0.9258
2026-04-14 12:40:50,993 - Epoch: 2, 11/274: VFL loss: 0.2244, total loss: 0.1496, anchor loss: 0.0748, VFL train accuracy: 0.9297
2026-04-14 12:40:51,277 - Epoch: 2, 21/274: VFL loss: 0.2220, total loss: 0.1484, anchor loss: 0.0749, VFL train accuracy: 0.9286
2026-04-14 12:40:51,577 - Epoch: 2, 31/274: VFL loss: 0.2232, total loss: 0.1489, anchor loss: 0.0747, VFL train accuracy: 0.9298
2026-04-14 12:40:51,885 - Epoch: 2, 41/274: VFL loss: 0.2176, total loss: 0.1458, anchor loss: 0.0740, VFL train accuracy: 0.9309
2026-04-14 12:40:52,172 - Epoch: 2, 51/274: VFL loss: 0.2153, total loss: 0.1446, anchor loss: 0.0738, VFL train accuracy: 0.9315
2026-04-14 12:40:52,478 - Epoch: 2, 61/274: VFL loss: 0.2141, total loss: 0.1438, anchor loss: 0.0734, VFL train accuracy: 0.9308
2026-04-14 12:40:52,781 - Epoch: 2, 71/274: VFL loss: 0.2126, total loss: 0.1429, anchor loss: 0.0732, VFL train accuracy: 0.9312
2026-04-14 12:40:53,080 - Epoch: 2, 81/274: VFL loss: 0.2101, total loss: 0.1417, anchor loss: 0.0732, VFL train accuracy: 0.9319
2026-04-14 12:40:53,419 - Epoch: 2, 91/274: VFL loss: 0.2106, total loss: 0.1420, anchor loss: 0.0735, VFL train accuracy: 0.9318
2026-04-14 12:40:53,756 - Epoch: 2, 101/274: VFL loss: 0.2100, total loss: 0.1416, anchor loss: 0.0732, VFL train accuracy: 0.9325
2026-04-14 12:40:54,112 - Epoch: 2, 111/274: VFL loss: 0.2109, total loss: 0.1421, anchor loss: 0.0732, VFL train accuracy: 0.9323
2026-04-14 12:40:54,410 - Epoch: 2, 121/274: VFL loss: 0.2108, total loss: 0.1421, anchor loss: 0.0734, VFL train accuracy: 0.9322
2026-04-14 12:40:54,760 - Epoch: 2, 131/274: VFL loss: 0.2117, total loss: 0.1426, anchor loss: 0.0736, VFL train accuracy: 0.9317
2026-04-14 12:40:55,071 - Epoch: 2, 141/274: VFL loss: 0.2125, total loss: 0.1432, anchor loss: 0.0739, VFL train accuracy: 0.9317
2026-04-14 12:40:55,376 - Epoch: 2, 151/274: VFL loss: 0.2125, total loss: 0.1432, anchor loss: 0.0738, VFL train accuracy: 0.9318
2026-04-14 12:40:55,673 - Epoch: 2, 161/274: VFL loss: 0.2131, total loss: 0.1434, anchor loss: 0.0737, VFL train accuracy: 0.9315
2026-04-14 12:40:56,001 - Epoch: 2, 171/274: VFL loss: 0.2134, total loss: 0.1437, anchor loss: 0.0739, VFL train accuracy: 0.9314
2026-04-14 12:40:56,317 - Epoch: 2, 181/274: VFL loss: 0.2146, total loss: 0.1443, anchor loss: 0.0740, VFL train accuracy: 0.9309
2026-04-14 12:40:56,589 - Epoch: 2, 191/274: VFL loss: 0.2146, total loss: 0.1443, anchor loss: 0.0741, VFL train accuracy: 0.9309
2026-04-14 12:40:56,876 - Epoch: 2, 201/274: VFL loss: 0.2140, total loss: 0.1441, anchor loss: 0.0741, VFL train accuracy: 0.9311
2026-04-14 12:40:57,163 - Epoch: 2, 211/274: VFL loss: 0.2142, total loss: 0.1441, anchor loss: 0.0741, VFL train accuracy: 0.9310
2026-04-14 12:40:57,508 - Epoch: 2, 221/274: VFL loss: 0.2156, total loss: 0.1449, anchor loss: 0.0742, VFL train accuracy: 0.9301
2026-04-14 12:40:57,797 - Epoch: 2, 231/274: VFL loss: 0.2155, total loss: 0.1449, anchor loss: 0.0742, VFL train accuracy: 0.9298
2026-04-14 12:40:58,120 - Epoch: 2, 241/274: VFL loss: 0.2151, total loss: 0.1447, anchor loss: 0.0742, VFL train accuracy: 0.9299
2026-04-14 12:40:58,407 - Epoch: 2, 251/274: VFL loss: 0.2167, total loss: 0.1455, anchor loss: 0.0743, VFL train accuracy: 0.9294
2026-04-14 12:40:58,708 - Epoch: 2, 261/274: VFL loss: 0.2168, total loss: 0.1455, anchor loss: 0.0743, VFL train accuracy: 0.9294
2026-04-14 12:40:59,007 - Epoch: 2, 271/274: VFL loss: 0.2173, total loss: 0.1458, anchor loss: 0.0743, VFL train accuracy: 0.9292
2026-04-14 12:40:59,105 - => Recorded Stage 2 client anchor losses for epoch 2 to './results/AVGuard/NUSWIDE_anchor_stage2_3clients_without_anchor_ema\stage2_final_epoch_client_anchor_losses.json': {0: 0.057419, 1: 0.075666, 2: 0.08977}
2026-04-14 12:40:59,107 - => Stage 2 EMA anchor update skipped at epoch 2 because momentum=1.0000 disables EMA; eligible classes per client {0: 5, 1: 5, 2: 5}
2026-04-14 12:40:59,108 - => Stage 2 Epoch 2 Training Summary: VFL loss: 0.2174, total loss: 0.1458, anchor loss: 0.0743, VFL train accuracy: 0.9291
2026-04-14 12:40:59,108 - => Test ASR...
2026-04-14 12:40:59,230 - =>Add Trigger to Test Data
2026-04-14 12:41:02,199 - Add Trigger to 37064 Bad Samples, 9629 Clean Samples (1.00)
2026-04-14 12:41:13,173 - => Test Epoch: 2, main task samples: 46693, attack samples: 46693, test loss: 0.3351, clean acc: 0.7649, Top-4: 0.9967, ASR: 0.0417, RAC: 0.6928, test target accuracy: 0.9032, stage3 final accuracy: 0.7649, stage3 final target accuracy: 0.7529, stage3 final asr: 0.0417, anchor loss: 0.0826
2026-04-14 12:41:13,184 - => Stage 3 Detection Summary: recall: 0.6356, precision: 0.0162, f1: 0.0317, false positive rate: 0.2090, correction rate: 0.2500
2026-04-14 12:41:13,186 - => Stage 3 Debug (clean): suspicious=9757/46693, correction_applied=9713, prediction_changed=9713, skipped_tied_vote=0, skipped_low_margin=0, skipped_other=44
2026-04-14 12:41:13,186 - => Stage 3 Debug (poison-valid): suspicious=12486/37064, correction_applied=12480, prediction_changed=12480, skipped_tied_vote=0, skipped_low_margin=0, skipped_other=6
2026-04-14 12:41:13,186 - => Stage 3 Debug (attack-success): suspicious=361/568, correction_applied=361, prediction_changed=361, corrected_to_true=142
2026-04-14 12:41:13,187 - => Stage 2 checkpoint score: mean(clean_acc=0.7649, recall=0.6356, correction_rate=0.2500) = 0.5502
2026-04-14 12:41:13,290 - => End Epoch: 2, early stop epochs: 1, best epoch: 1, best clean acc: 0.7692, best Top-4: 0.9965, best ASR: 0.2714, best RAC: 0.6724, anchor loss: 0.0830, best checkpoint score: 0.6542
2026-04-14 12:41:13,291 - => Stage 3 Detection Summary: recall: 0.6880, precision: 0.2880, f1: 0.4061, false positive rate: 0.2090, correction rate: 0.5055
2026-04-14 12:41:13,330 - => LFBA current anchor-derived target label: 3
2026-04-14 12:41:13,416 - =>Add Trigger to Train Data
2026-04-14 12:41:13,768 - Add Trigger to 6996 Bad Samples, 62970 Clean Samples (0.10)
2026-04-14 12:41:13,774 - => Start Training for Injecting Backdoor...
2026-04-14 12:41:13,829 - Epoch: 3, 1/274: VFL loss: 0.1608, total loss: 0.1161, anchor loss: 0.0714, VFL train accuracy: 0.9453
2026-04-14 12:41:14,354 - Epoch: 3, 11/274: VFL loss: 0.1543, total loss: 0.1131, anchor loss: 0.0720, VFL train accuracy: 0.9482
2026-04-14 12:41:14,769 - Epoch: 3, 21/274: VFL loss: 0.1478, total loss: 0.1096, anchor loss: 0.0715, VFL train accuracy: 0.9539
2026-04-14 12:41:15,207 - Epoch: 3, 31/274: VFL loss: 0.1468, total loss: 0.1095, anchor loss: 0.0721, VFL train accuracy: 0.9534
2026-04-14 12:41:15,583 - Epoch: 3, 41/274: VFL loss: 0.1430, total loss: 0.1073, anchor loss: 0.0716, VFL train accuracy: 0.9546
2026-04-14 12:41:15,965 - Epoch: 3, 51/274: VFL loss: 0.1466, total loss: 0.1092, anchor loss: 0.0719, VFL train accuracy: 0.9541
2026-04-14 12:41:16,344 - Epoch: 3, 61/274: VFL loss: 0.1480, total loss: 0.1100, anchor loss: 0.0720, VFL train accuracy: 0.9534
2026-04-14 12:41:16,680 - Epoch: 3, 71/274: VFL loss: 0.1490, total loss: 0.1104, anchor loss: 0.0717, VFL train accuracy: 0.9527
2026-04-14 12:41:17,019 - Epoch: 3, 81/274: VFL loss: 0.1505, total loss: 0.1110, anchor loss: 0.0715, VFL train accuracy: 0.9520
2026-04-14 12:41:17,354 - Epoch: 3, 91/274: VFL loss: 0.1538, total loss: 0.1127, anchor loss: 0.0716, VFL train accuracy: 0.9503
2026-04-14 12:41:17,668 - Epoch: 3, 101/274: VFL loss: 0.1541, total loss: 0.1128, anchor loss: 0.0716, VFL train accuracy: 0.9503
2026-04-14 12:41:17,982 - Epoch: 3, 111/274: VFL loss: 0.1538, total loss: 0.1127, anchor loss: 0.0717, VFL train accuracy: 0.9502
2026-04-14 12:41:18,297 - Epoch: 3, 121/274: VFL loss: 0.1547, total loss: 0.1132, anchor loss: 0.0717, VFL train accuracy: 0.9502
2026-04-14 12:41:18,623 - Epoch: 3, 131/274: VFL loss: 0.1547, total loss: 0.1132, anchor loss: 0.0717, VFL train accuracy: 0.9498
2026-04-14 12:41:18,919 - Epoch: 3, 141/274: VFL loss: 0.1556, total loss: 0.1136, anchor loss: 0.0717, VFL train accuracy: 0.9492
2026-04-14 12:41:19,206 - Epoch: 3, 151/274: VFL loss: 0.1567, total loss: 0.1142, anchor loss: 0.0718, VFL train accuracy: 0.9489
2026-04-14 12:41:19,507 - Epoch: 3, 161/274: VFL loss: 0.1569, total loss: 0.1143, anchor loss: 0.0717, VFL train accuracy: 0.9486
2026-04-14 12:41:19,830 - Epoch: 3, 171/274: VFL loss: 0.1583, total loss: 0.1151, anchor loss: 0.0719, VFL train accuracy: 0.9483
2026-04-14 12:41:20,124 - Epoch: 3, 181/274: VFL loss: 0.1581, total loss: 0.1150, anchor loss: 0.0719, VFL train accuracy: 0.9484
2026-04-14 12:41:20,436 - Epoch: 3, 191/274: VFL loss: 0.1591, total loss: 0.1156, anchor loss: 0.0721, VFL train accuracy: 0.9481
2026-04-14 12:41:20,757 - Epoch: 3, 201/274: VFL loss: 0.1602, total loss: 0.1162, anchor loss: 0.0721, VFL train accuracy: 0.9475
2026-04-14 12:41:21,045 - Epoch: 3, 211/274: VFL loss: 0.1601, total loss: 0.1161, anchor loss: 0.0721, VFL train accuracy: 0.9475
2026-04-14 12:41:21,334 - Epoch: 3, 221/274: VFL loss: 0.1603, total loss: 0.1163, anchor loss: 0.0722, VFL train accuracy: 0.9475
2026-04-14 12:41:21,633 - Epoch: 3, 231/274: VFL loss: 0.1604, total loss: 0.1163, anchor loss: 0.0722, VFL train accuracy: 0.9474
2026-04-14 12:41:21,952 - Epoch: 3, 241/274: VFL loss: 0.1609, total loss: 0.1166, anchor loss: 0.0723, VFL train accuracy: 0.9472
2026-04-14 12:41:22,260 - Epoch: 3, 251/274: VFL loss: 0.1618, total loss: 0.1170, anchor loss: 0.0722, VFL train accuracy: 0.9470
2026-04-14 12:41:22,547 - Epoch: 3, 261/274: VFL loss: 0.1618, total loss: 0.1170, anchor loss: 0.0722, VFL train accuracy: 0.9470
2026-04-14 12:41:22,846 - Epoch: 3, 271/274: VFL loss: 0.1628, total loss: 0.1175, anchor loss: 0.0723, VFL train accuracy: 0.9465
2026-04-14 12:41:22,942 - => Recorded Stage 2 client anchor losses for epoch 3 to './results/AVGuard/NUSWIDE_anchor_stage2_3clients_without_anchor_ema\stage2_final_epoch_client_anchor_losses.json': {0: 0.053175, 1: 0.074285, 2: 0.089436}
2026-04-14 12:41:22,944 - => Stage 2 EMA anchor update skipped at epoch 3 because momentum=1.0000 disables EMA; eligible classes per client {0: 5, 1: 5, 2: 5}
2026-04-14 12:41:22,945 - => Stage 2 Epoch 3 Training Summary: VFL loss: 0.1628, total loss: 0.1176, anchor loss: 0.0723, VFL train accuracy: 0.9466
2026-04-14 12:41:22,945 - => Test ASR...
2026-04-14 12:41:23,054 - =>Add Trigger to Test Data
2026-04-14 12:41:25,969 - Add Trigger to 37064 Bad Samples, 9629 Clean Samples (1.00)
2026-04-14 12:41:36,865 - => Test Epoch: 3, main task samples: 46693, attack samples: 46693, test loss: 0.3653, clean acc: 0.7682, Top-4: 0.9969, ASR: 0.0541, RAC: 0.6795, test target accuracy: 0.8653, stage3 final accuracy: 0.7682, stage3 final target accuracy: 0.7333, stage3 final asr: 0.0541, anchor loss: 0.0840
2026-04-14 12:41:36,866 - => Stage 3 Detection Summary: recall: 0.5993, precision: 0.0078, f1: 0.0154, false positive rate: 0.2167, correction rate: 0.2550
2026-04-14 12:41:36,866 - => Stage 3 Debug (clean): suspicious=10120/46693, correction_applied=10095, prediction_changed=10095, skipped_tied_vote=0, skipped_low_margin=0, skipped_other=25
2026-04-14 12:41:36,866 - => Stage 3 Debug (poison-valid): suspicious=13066/37064, correction_applied=13053, prediction_changed=13053, skipped_tied_vote=0, skipped_low_margin=0, skipped_other=13
2026-04-14 12:41:36,867 - => Stage 3 Debug (attack-success): suspicious=181/302, correction_applied=180, prediction_changed=180, corrected_to_true=77
2026-04-14 12:41:36,867 - => Stage 2 checkpoint score: mean(clean_acc=0.7682, recall=0.5993, correction_rate=0.2550) = 0.5408
2026-04-14 12:41:36,931 - => End Epoch: 3, early stop epochs: 2, best epoch: 1, best clean acc: 0.7692, best Top-4: 0.9965, best ASR: 0.2714, best RAC: 0.6724, anchor loss: 0.0830, best checkpoint score: 0.6542
2026-04-14 12:41:36,931 - => Stage 3 Detection Summary: recall: 0.6880, precision: 0.2880, f1: 0.4061, false positive rate: 0.2090, correction rate: 0.5055
2026-04-14 12:41:36,971 - => LFBA current anchor-derived target label: 3
2026-04-14 12:41:37,051 - =>Add Trigger to Train Data
2026-04-14 12:41:37,376 - Add Trigger to 6996 Bad Samples, 62970 Clean Samples (0.10)
2026-04-14 12:41:37,380 - => Start Training for Injecting Backdoor...
2026-04-14 12:41:37,428 - Epoch: 4, 1/274: VFL loss: 0.0723, total loss: 0.0711, anchor loss: 0.0699, VFL train accuracy: 0.9766
2026-04-14 12:41:38,017 - Epoch: 4, 11/274: VFL loss: 0.1006, total loss: 0.0850, anchor loss: 0.0693, VFL train accuracy: 0.9709
2026-04-14 12:41:38,436 - Epoch: 4, 21/274: VFL loss: 0.1112, total loss: 0.0903, anchor loss: 0.0693, VFL train accuracy: 0.9669
2026-04-14 12:41:38,793 - Epoch: 4, 31/274: VFL loss: 0.1090, total loss: 0.0892, anchor loss: 0.0694, VFL train accuracy: 0.9675
2026-04-14 12:41:39,074 - Epoch: 4, 41/274: VFL loss: 0.1044, total loss: 0.0867, anchor loss: 0.0690, VFL train accuracy: 0.9697
2026-04-14 12:41:39,371 - Epoch: 4, 51/274: VFL loss: 0.1038, total loss: 0.0864, anchor loss: 0.0691, VFL train accuracy: 0.9691
2026-04-14 12:41:39,679 - Epoch: 4, 61/274: VFL loss: 0.1045, total loss: 0.0868, anchor loss: 0.0691, VFL train accuracy: 0.9686
2026-04-14 12:41:39,951 - Epoch: 4, 71/274: VFL loss: 0.1033, total loss: 0.0861, anchor loss: 0.0690, VFL train accuracy: 0.9685
2026-04-14 12:41:40,235 - Epoch: 4, 81/274: VFL loss: 0.1021, total loss: 0.0854, anchor loss: 0.0687, VFL train accuracy: 0.9688
2026-04-14 12:41:40,528 - Epoch: 4, 91/274: VFL loss: 0.1002, total loss: 0.0845, anchor loss: 0.0689, VFL train accuracy: 0.9693
2026-04-14 12:41:40,837 - Epoch: 4, 101/274: VFL loss: 0.0998, total loss: 0.0843, anchor loss: 0.0688, VFL train accuracy: 0.9694
2026-04-14 12:41:41,142 - Epoch: 4, 111/274: VFL loss: 0.1014, total loss: 0.0851, anchor loss: 0.0689, VFL train accuracy: 0.9690
2026-04-14 12:41:41,430 - Epoch: 4, 121/274: VFL loss: 0.1006, total loss: 0.0847, anchor loss: 0.0688, VFL train accuracy: 0.9691
2026-04-14 12:41:41,708 - Epoch: 4, 131/274: VFL loss: 0.1027, total loss: 0.0858, anchor loss: 0.0688, VFL train accuracy: 0.9687
2026-04-14 12:41:42,014 - Epoch: 4, 141/274: VFL loss: 0.1038, total loss: 0.0864, anchor loss: 0.0690, VFL train accuracy: 0.9682
2026-04-14 12:41:42,276 - Epoch: 4, 151/274: VFL loss: 0.1036, total loss: 0.0863, anchor loss: 0.0689, VFL train accuracy: 0.9681
2026-04-14 12:41:42,542 - Epoch: 4, 161/274: VFL loss: 0.1037, total loss: 0.0863, anchor loss: 0.0690, VFL train accuracy: 0.9680
2026-04-14 12:41:42,826 - Epoch: 4, 171/274: VFL loss: 0.1043, total loss: 0.0866, anchor loss: 0.0690, VFL train accuracy: 0.9678
2026-04-14 12:41:43,132 - Epoch: 4, 181/274: VFL loss: 0.1059, total loss: 0.0875, anchor loss: 0.0691, VFL train accuracy: 0.9672
2026-04-14 12:41:43,425 - Epoch: 4, 191/274: VFL loss: 0.1067, total loss: 0.0880, anchor loss: 0.0692, VFL train accuracy: 0.9666
2026-04-14 12:41:43,726 - Epoch: 4, 201/274: VFL loss: 0.1076, total loss: 0.0884, anchor loss: 0.0693, VFL train accuracy: 0.9662
2026-04-14 12:41:44,007 - Epoch: 4, 211/274: VFL loss: 0.1080, total loss: 0.0887, anchor loss: 0.0693, VFL train accuracy: 0.9659
2026-04-14 12:41:44,279 - Epoch: 4, 221/274: VFL loss: 0.1084, total loss: 0.0888, anchor loss: 0.0693, VFL train accuracy: 0.9657
2026-04-14 12:41:44,558 - Epoch: 4, 231/274: VFL loss: 0.1103, total loss: 0.0898, anchor loss: 0.0694, VFL train accuracy: 0.9653
2026-04-14 12:41:44,849 - Epoch: 4, 241/274: VFL loss: 0.1111, total loss: 0.0903, anchor loss: 0.0695, VFL train accuracy: 0.9648
2026-04-14 12:41:45,164 - Epoch: 4, 251/274: VFL loss: 0.1118, total loss: 0.0906, anchor loss: 0.0695, VFL train accuracy: 0.9645
2026-04-14 12:41:45,467 - Epoch: 4, 261/274: VFL loss: 0.1126, total loss: 0.0911, anchor loss: 0.0695, VFL train accuracy: 0.9641
2026-04-14 12:41:45,955 - Epoch: 4, 271/274: VFL loss: 0.1128, total loss: 0.0911, anchor loss: 0.0695, VFL train accuracy: 0.9642
2026-04-14 12:41:46,064 - => Recorded Stage 2 client anchor losses for epoch 4 to './results/AVGuard/NUSWIDE_anchor_stage2_3clients_without_anchor_ema\stage2_final_epoch_client_anchor_losses.json': {0: 0.049022, 1: 0.072836, 2: 0.086609}
2026-04-14 12:41:46,067 - => Stage 2 EMA anchor update skipped at epoch 4 because momentum=1.0000 disables EMA; eligible classes per client {0: 5, 1: 5, 2: 5}
2026-04-14 12:41:46,067 - => Stage 2 Epoch 4 Training Summary: VFL loss: 0.1128, total loss: 0.0911, anchor loss: 0.0695, VFL train accuracy: 0.9642
2026-04-14 12:41:46,067 - => Test ASR...
2026-04-14 12:41:46,191 - =>Add Trigger to Test Data
2026-04-14 12:41:49,741 - Add Trigger to 37064 Bad Samples, 9629 Clean Samples (1.00)
2026-04-14 12:42:00,038 - => Test Epoch: 4, main task samples: 46693, attack samples: 46693, test loss: 0.4136, clean acc: 0.7614, Top-4: 0.9965, ASR: 0.0808, RAC: 0.6710, test target accuracy: 0.9126, stage3 final accuracy: 0.7614, stage3 final target accuracy: 0.7509, stage3 final asr: 0.0808, anchor loss: 0.0843
2026-04-14 12:42:00,040 - => Stage 3 Detection Summary: recall: 0.6188, precision: 0.0236, f1: 0.0455, false positive rate: 0.2144, correction rate: 0.2948
2026-04-14 12:42:00,040 - => Stage 3 Debug (clean): suspicious=10010/46693, correction_applied=9988, prediction_changed=9988, skipped_tied_vote=0, skipped_low_margin=0, skipped_other=22
2026-04-14 12:42:00,041 - => Stage 3 Debug (poison-valid): suspicious=13343/37064, correction_applied=13314, prediction_changed=13314, skipped_tied_vote=0, skipped_low_margin=0, skipped_other=29
2026-04-14 12:42:00,041 - => Stage 3 Debug (attack-success): suspicious=552/892, correction_applied=551, prediction_changed=551, corrected_to_true=263
2026-04-14 12:42:00,041 - => Stage 2 checkpoint score: mean(clean_acc=0.7614, recall=0.6188, correction_rate=0.2948) = 0.5584
2026-04-14 12:42:00,107 - => End Epoch: 4, early stop epochs: 3, best epoch: 1, best clean acc: 0.7692, best Top-4: 0.9965, best ASR: 0.2714, best RAC: 0.6724, anchor loss: 0.0830, best checkpoint score: 0.6542
2026-04-14 12:42:00,108 - => Stage 3 Detection Summary: recall: 0.6880, precision: 0.2880, f1: 0.4061, false positive rate: 0.2090, correction rate: 0.5055
2026-04-14 12:42:00,156 - => LFBA current anchor-derived target label: 3
2026-04-14 12:42:00,244 - =>Add Trigger to Train Data
2026-04-14 12:42:00,576 - Add Trigger to 6996 Bad Samples, 62970 Clean Samples (0.10)
2026-04-14 12:42:00,579 - => Start Training for Injecting Backdoor...
2026-04-14 12:42:00,624 - Epoch: 5, 1/274: VFL loss: 0.0802, total loss: 0.0751, anchor loss: 0.0700, VFL train accuracy: 0.9727
2026-04-14 12:42:01,126 - Epoch: 5, 11/274: VFL loss: 0.0728, total loss: 0.0701, anchor loss: 0.0674, VFL train accuracy: 0.9769
2026-04-14 12:42:01,409 - Epoch: 5, 21/274: VFL loss: 0.0702, total loss: 0.0691, anchor loss: 0.0679, VFL train accuracy: 0.9784
2026-04-14 12:42:01,732 - Epoch: 5, 31/274: VFL loss: 0.0699, total loss: 0.0689, anchor loss: 0.0678, VFL train accuracy: 0.9788
2026-04-14 12:42:02,066 - Epoch: 5, 41/274: VFL loss: 0.0715, total loss: 0.0696, anchor loss: 0.0677, VFL train accuracy: 0.9783
2026-04-14 12:42:02,409 - Epoch: 5, 51/274: VFL loss: 0.0685, total loss: 0.0680, anchor loss: 0.0676, VFL train accuracy: 0.9788
2026-04-14 12:42:02,765 - Epoch: 5, 61/274: VFL loss: 0.0698, total loss: 0.0688, anchor loss: 0.0678, VFL train accuracy: 0.9782
2026-04-14 12:42:03,069 - Epoch: 5, 71/274: VFL loss: 0.0695, total loss: 0.0686, anchor loss: 0.0677, VFL train accuracy: 0.9788
2026-04-14 12:42:03,378 - Epoch: 5, 81/274: VFL loss: 0.0701, total loss: 0.0689, anchor loss: 0.0677, VFL train accuracy: 0.9784
2026-04-14 12:42:03,689 - Epoch: 5, 91/274: VFL loss: 0.0695, total loss: 0.0685, anchor loss: 0.0675, VFL train accuracy: 0.9786
2026-04-14 12:42:03,999 - Epoch: 5, 101/274: VFL loss: 0.0716, total loss: 0.0696, anchor loss: 0.0675, VFL train accuracy: 0.9778
2026-04-14 12:42:04,304 - Epoch: 5, 111/274: VFL loss: 0.0724, total loss: 0.0699, anchor loss: 0.0675, VFL train accuracy: 0.9774
2026-04-14 12:42:04,622 - Epoch: 5, 121/274: VFL loss: 0.0723, total loss: 0.0700, anchor loss: 0.0676, VFL train accuracy: 0.9775
2026-04-14 12:42:04,957 - Epoch: 5, 131/274: VFL loss: 0.0732, total loss: 0.0704, anchor loss: 0.0677, VFL train accuracy: 0.9770
2026-04-14 12:42:05,285 - Epoch: 5, 141/274: VFL loss: 0.0726, total loss: 0.0702, anchor loss: 0.0677, VFL train accuracy: 0.9770
2026-04-14 12:42:05,589 - Epoch: 5, 151/274: VFL loss: 0.0743, total loss: 0.0710, anchor loss: 0.0678, VFL train accuracy: 0.9767
2026-04-14 12:42:05,905 - Epoch: 5, 161/274: VFL loss: 0.0741, total loss: 0.0709, anchor loss: 0.0678, VFL train accuracy: 0.9768
2026-04-14 12:42:06,219 - Epoch: 5, 171/274: VFL loss: 0.0741, total loss: 0.0709, anchor loss: 0.0677, VFL train accuracy: 0.9766
2026-04-14 12:42:06,564 - Epoch: 5, 181/274: VFL loss: 0.0749, total loss: 0.0713, anchor loss: 0.0677, VFL train accuracy: 0.9764
2026-04-14 12:42:06,886 - Epoch: 5, 191/274: VFL loss: 0.0746, total loss: 0.0712, anchor loss: 0.0677, VFL train accuracy: 0.9763
2026-04-14 12:42:07,189 - Epoch: 5, 201/274: VFL loss: 0.0749, total loss: 0.0713, anchor loss: 0.0677, VFL train accuracy: 0.9761
2026-04-14 12:42:07,487 - Epoch: 5, 211/274: VFL loss: 0.0759, total loss: 0.0719, anchor loss: 0.0678, VFL train accuracy: 0.9758
2026-04-14 12:42:07,797 - Epoch: 5, 221/274: VFL loss: 0.0768, total loss: 0.0723, anchor loss: 0.0677, VFL train accuracy: 0.9754
2026-04-14 12:42:08,114 - Epoch: 5, 231/274: VFL loss: 0.0773, total loss: 0.0725, anchor loss: 0.0678, VFL train accuracy: 0.9751
2026-04-14 12:42:08,440 - Epoch: 5, 241/274: VFL loss: 0.0778, total loss: 0.0728, anchor loss: 0.0679, VFL train accuracy: 0.9749
2026-04-14 12:42:08,740 - Epoch: 5, 251/274: VFL loss: 0.0784, total loss: 0.0732, anchor loss: 0.0680, VFL train accuracy: 0.9746
2026-04-14 12:42:09,040 - Epoch: 5, 261/274: VFL loss: 0.0787, total loss: 0.0733, anchor loss: 0.0680, VFL train accuracy: 0.9744
2026-04-14 12:42:09,350 - Epoch: 5, 271/274: VFL loss: 0.0790, total loss: 0.0735, anchor loss: 0.0680, VFL train accuracy: 0.9743
2026-04-14 12:42:09,452 - => Recorded Stage 2 client anchor losses for epoch 5 to './results/AVGuard/NUSWIDE_anchor_stage2_3clients_without_anchor_ema\stage2_final_epoch_client_anchor_losses.json': {0: 0.044999, 1: 0.072347, 2: 0.086558}
2026-04-14 12:42:09,455 - => Stage 2 EMA anchor update skipped at epoch 5 because momentum=1.0000 disables EMA; eligible classes per client {0: 5, 1: 5, 2: 5}
2026-04-14 12:42:09,455 - => Stage 2 Epoch 5 Training Summary: VFL loss: 0.0793, total loss: 0.0736, anchor loss: 0.0680, VFL train accuracy: 0.9742
2026-04-14 12:42:09,456 - => Test ASR...
2026-04-14 12:42:09,593 - =>Add Trigger to Test Data
2026-04-14 12:42:12,659 - Add Trigger to 37064 Bad Samples, 9629 Clean Samples (1.00)
2026-04-14 12:42:23,511 - => Test Epoch: 5, main task samples: 46693, attack samples: 46693, test loss: 0.4793, clean acc: 0.7608, Top-4: 0.9966, ASR: 0.0745, RAC: 0.6716, test target accuracy: 0.8805, stage3 final accuracy: 0.7608, stage3 final target accuracy: 0.7118, stage3 final asr: 0.0745, anchor loss: 0.0847
2026-04-14 12:42:23,511 - => Stage 3 Detection Summary: recall: 0.5859, precision: 0.0148, f1: 0.0289, false positive rate: 0.2180, correction rate: 0.2542
2026-04-14 12:42:23,512 - => Stage 3 Debug (clean): suspicious=10181/46693, correction_applied=10153, prediction_changed=10153, skipped_tied_vote=0, skipped_low_margin=0, skipped_other=28
2026-04-14 12:42:23,512 - => Stage 3 Debug (poison-valid): suspicious=13341/37064, correction_applied=13311, prediction_changed=13311, skipped_tied_vote=0, skipped_low_margin=0, skipped_other=30
2026-04-14 12:42:23,512 - => Stage 3 Debug (attack-success): suspicious=348/594, correction_applied=347, prediction_changed=347, corrected_to_true=151
2026-04-14 12:42:23,513 - => Stage 2 checkpoint score: mean(clean_acc=0.7608, recall=0.5859, correction_rate=0.2542) = 0.5336
2026-04-14 12:42:23,582 - => End Epoch: 5, early stop epochs: 4, best epoch: 1, best clean acc: 0.7692, best Top-4: 0.9965, best ASR: 0.2714, best RAC: 0.6724, anchor loss: 0.0830, best checkpoint score: 0.6542
2026-04-14 12:42:23,582 - => Stage 3 Detection Summary: recall: 0.6880, precision: 0.2880, f1: 0.4061, false positive rate: 0.2090, correction rate: 0.5055
2026-04-14 12:42:23,628 - => LFBA current anchor-derived target label: 3
2026-04-14 12:42:23,712 - =>Add Trigger to Train Data
2026-04-14 12:42:23,991 - Add Trigger to 6996 Bad Samples, 62970 Clean Samples (0.10)
2026-04-14 12:42:23,994 - => Start Training for Injecting Backdoor...
2026-04-14 12:42:24,043 - Epoch: 6, 1/274: VFL loss: 0.0302, total loss: 0.0456, anchor loss: 0.0611, VFL train accuracy: 0.9883
2026-04-14 12:42:24,570 - Epoch: 6, 11/274: VFL loss: 0.0592, total loss: 0.0610, anchor loss: 0.0627, VFL train accuracy: 0.9840
2026-04-14 12:42:24,934 - Epoch: 6, 21/274: VFL loss: 0.0530, total loss: 0.0587, anchor loss: 0.0643, VFL train accuracy: 0.9840
2026-04-14 12:42:25,264 - Epoch: 6, 31/274: VFL loss: 0.0516, total loss: 0.0583, anchor loss: 0.0649, VFL train accuracy: 0.9837
2026-04-14 12:42:25,580 - Epoch: 6, 41/274: VFL loss: 0.0499, total loss: 0.0575, anchor loss: 0.0651, VFL train accuracy: 0.9840
2026-04-14 12:42:25,897 - Epoch: 6, 51/274: VFL loss: 0.0489, total loss: 0.0572, anchor loss: 0.0655, VFL train accuracy: 0.9848
2026-04-14 12:42:26,223 - Epoch: 6, 61/274: VFL loss: 0.0519, total loss: 0.0588, anchor loss: 0.0657, VFL train accuracy: 0.9840
2026-04-14 12:42:26,509 - Epoch: 6, 71/274: VFL loss: 0.0505, total loss: 0.0581, anchor loss: 0.0656, VFL train accuracy: 0.9843
2026-04-14 12:42:26,816 - Epoch: 6, 81/274: VFL loss: 0.0503, total loss: 0.0579, anchor loss: 0.0656, VFL train accuracy: 0.9841
2026-04-14 12:42:27,129 - Epoch: 6, 91/274: VFL loss: 0.0506, total loss: 0.0581, anchor loss: 0.0657, VFL train accuracy: 0.9839
2026-04-14 12:42:27,404 - Epoch: 6, 101/274: VFL loss: 0.0512, total loss: 0.0584, anchor loss: 0.0656, VFL train accuracy: 0.9838
2026-04-14 12:42:27,687 - Epoch: 6, 111/274: VFL loss: 0.0516, total loss: 0.0587, anchor loss: 0.0657, VFL train accuracy: 0.9835
2026-04-14 12:42:27,996 - Epoch: 6, 121/274: VFL loss: 0.0517, total loss: 0.0586, anchor loss: 0.0655, VFL train accuracy: 0.9832
2026-04-14 12:42:28,344 - Epoch: 6, 131/274: VFL loss: 0.0522, total loss: 0.0589, anchor loss: 0.0656, VFL train accuracy: 0.9832
2026-04-14 12:42:28,652 - Epoch: 6, 141/274: VFL loss: 0.0526, total loss: 0.0590, anchor loss: 0.0655, VFL train accuracy: 0.9830
2026-04-14 12:42:28,965 - Epoch: 6, 151/274: VFL loss: 0.0529, total loss: 0.0593, anchor loss: 0.0656, VFL train accuracy: 0.9831
2026-04-14 12:42:29,283 - Epoch: 6, 161/274: VFL loss: 0.0531, total loss: 0.0593, anchor loss: 0.0656, VFL train accuracy: 0.9827
2026-04-14 12:42:29,588 - Epoch: 6, 171/274: VFL loss: 0.0536, total loss: 0.0596, anchor loss: 0.0656, VFL train accuracy: 0.9826
2026-04-14 12:42:29,888 - Epoch: 6, 181/274: VFL loss: 0.0538, total loss: 0.0598, anchor loss: 0.0658, VFL train accuracy: 0.9825
2026-04-14 12:42:30,182 - Epoch: 6, 191/274: VFL loss: 0.0541, total loss: 0.0600, anchor loss: 0.0659, VFL train accuracy: 0.9822
2026-04-14 12:42:30,494 - Epoch: 6, 201/274: VFL loss: 0.0540, total loss: 0.0600, anchor loss: 0.0659, VFL train accuracy: 0.9822
2026-04-14 12:42:30,811 - Epoch: 6, 211/274: VFL loss: 0.0541, total loss: 0.0600, anchor loss: 0.0660, VFL train accuracy: 0.9822
2026-04-14 12:42:31,096 - Epoch: 6, 221/274: VFL loss: 0.0543, total loss: 0.0602, anchor loss: 0.0660, VFL train accuracy: 0.9821
2026-04-14 12:42:31,369 - Epoch: 6, 231/274: VFL loss: 0.0554, total loss: 0.0608, anchor loss: 0.0661, VFL train accuracy: 0.9817
2026-04-14 12:42:31,657 - Epoch: 6, 241/274: VFL loss: 0.0563, total loss: 0.0612, anchor loss: 0.0661, VFL train accuracy: 0.9816
2026-04-14 12:42:31,957 - Epoch: 6, 251/274: VFL loss: 0.0565, total loss: 0.0613, anchor loss: 0.0662, VFL train accuracy: 0.9814
2026-04-14 12:42:32,246 - Epoch: 6, 261/274: VFL loss: 0.0568, total loss: 0.0615, anchor loss: 0.0662, VFL train accuracy: 0.9814
2026-04-14 12:42:32,557 - Epoch: 6, 271/274: VFL loss: 0.0575, total loss: 0.0619, anchor loss: 0.0662, VFL train accuracy: 0.9811
2026-04-14 12:42:32,698 - => Recorded Stage 2 client anchor losses for epoch 6 to './results/AVGuard/NUSWIDE_anchor_stage2_3clients_without_anchor_ema\stage2_final_epoch_client_anchor_losses.json': {0: 0.042208, 1: 0.071672, 2: 0.084962}
2026-04-14 12:42:32,701 - => Stage 2 EMA anchor update skipped at epoch 6 because momentum=1.0000 disables EMA; eligible classes per client {0: 5, 1: 5, 2: 5}
2026-04-14 12:42:32,703 - => Stage 2 Epoch 6 Training Summary: VFL loss: 0.0577, total loss: 0.0620, anchor loss: 0.0663, VFL train accuracy: 0.9810
2026-04-14 12:42:32,705 - => Test ASR...
2026-04-14 12:42:32,822 - =>Add Trigger to Test Data
2026-04-14 12:42:35,946 - Add Trigger to 37064 Bad Samples, 9629 Clean Samples (1.00)
2026-04-14 12:42:47,080 - => Test Epoch: 6, main task samples: 46693, attack samples: 46693, test loss: 0.5321, clean acc: 0.7541, Top-4: 0.9950, ASR: 0.0521, RAC: 0.6847, test target accuracy: 0.8668, stage3 final accuracy: 0.7541, stage3 final target accuracy: 0.7417, stage3 final asr: 0.0521, anchor loss: 0.0849
2026-04-14 12:42:47,080 - => Stage 3 Detection Summary: recall: 0.5957, precision: 0.0105, f1: 0.0206, false positive rate: 0.2297, correction rate: 0.2553
2026-04-14 12:42:47,080 - => Stage 3 Debug (clean): suspicious=10726/46693, correction_applied=10705, prediction_changed=10705, skipped_tied_vote=0, skipped_low_margin=0, skipped_other=21
2026-04-14 12:42:47,082 - => Stage 3 Debug (poison-valid): suspicious=13273/37064, correction_applied=13266, prediction_changed=13266, skipped_tied_vote=0, skipped_low_margin=0, skipped_other=7
2026-04-14 12:42:47,082 - => Stage 3 Debug (attack-success): suspicious=252/423, correction_applied=252, prediction_changed=252, corrected_to_true=108
2026-04-14 12:42:47,082 - => Stage 2 checkpoint score: mean(clean_acc=0.7541, recall=0.5957, correction_rate=0.2553) = 0.5351
2026-04-14 12:42:47,146 - => End Epoch: 6, early stop epochs: 5, best epoch: 1, best clean acc: 0.7692, best Top-4: 0.9965, best ASR: 0.2714, best RAC: 0.6724, anchor loss: 0.0830, best checkpoint score: 0.6542
2026-04-14 12:42:47,147 - => Stage 3 Detection Summary: recall: 0.6880, precision: 0.2880, f1: 0.4061, false positive rate: 0.2090, correction rate: 0.5055
2026-04-14 12:42:47,187 - => LFBA current anchor-derived target label: 3
2026-04-14 12:42:47,288 - =>Add Trigger to Train Data
2026-04-14 12:42:47,618 - Add Trigger to 6996 Bad Samples, 62970 Clean Samples (0.10)
2026-04-14 12:42:47,621 - => Start Training for Injecting Backdoor...
2026-04-14 12:42:47,679 - Epoch: 7, 1/274: VFL loss: 0.0507, total loss: 0.0587, anchor loss: 0.0666, VFL train accuracy: 0.9844
2026-04-14 12:42:48,196 - Epoch: 7, 11/274: VFL loss: 0.0482, total loss: 0.0570, anchor loss: 0.0658, VFL train accuracy: 0.9865
2026-04-14 12:42:48,524 - Epoch: 7, 21/274: VFL loss: 0.0423, total loss: 0.0533, anchor loss: 0.0643, VFL train accuracy: 0.9875
2026-04-14 12:42:48,836 - Epoch: 7, 31/274: VFL loss: 0.0392, total loss: 0.0520, anchor loss: 0.0647, VFL train accuracy: 0.9888
2026-04-14 12:42:49,160 - Epoch: 7, 41/274: VFL loss: 0.0382, total loss: 0.0514, anchor loss: 0.0647, VFL train accuracy: 0.9889
2026-04-14 12:42:49,474 - Epoch: 7, 51/274: VFL loss: 0.0367, total loss: 0.0507, anchor loss: 0.0647, VFL train accuracy: 0.9891
2026-04-14 12:42:49,807 - Epoch: 7, 61/274: VFL loss: 0.0389, total loss: 0.0518, anchor loss: 0.0646, VFL train accuracy: 0.9886
2026-04-14 12:42:50,096 - Epoch: 7, 71/274: VFL loss: 0.0400, total loss: 0.0524, anchor loss: 0.0647, VFL train accuracy: 0.9883
2026-04-14 12:42:50,390 - Epoch: 7, 81/274: VFL loss: 0.0394, total loss: 0.0520, anchor loss: 0.0646, VFL train accuracy: 0.9883
2026-04-14 12:42:50,690 - Epoch: 7, 91/274: VFL loss: 0.0397, total loss: 0.0523, anchor loss: 0.0649, VFL train accuracy: 0.9879
2026-04-14 12:42:50,978 - Epoch: 7, 101/274: VFL loss: 0.0402, total loss: 0.0526, anchor loss: 0.0649, VFL train accuracy: 0.9877
2026-04-14 12:42:51,262 - Epoch: 7, 111/274: VFL loss: 0.0400, total loss: 0.0525, anchor loss: 0.0649, VFL train accuracy: 0.9875
2026-04-14 12:42:51,543 - Epoch: 7, 121/274: VFL loss: 0.0400, total loss: 0.0524, anchor loss: 0.0648, VFL train accuracy: 0.9876
2026-04-14 12:42:51,847 - Epoch: 7, 131/274: VFL loss: 0.0399, total loss: 0.0524, anchor loss: 0.0648, VFL train accuracy: 0.9874
2026-04-14 12:42:52,107 - Epoch: 7, 141/274: VFL loss: 0.0400, total loss: 0.0524, anchor loss: 0.0649, VFL train accuracy: 0.9874
2026-04-14 12:42:52,399 - Epoch: 7, 151/274: VFL loss: 0.0396, total loss: 0.0522, anchor loss: 0.0648, VFL train accuracy: 0.9874
2026-04-14 12:42:52,697 - Epoch: 7, 161/274: VFL loss: 0.0394, total loss: 0.0521, anchor loss: 0.0648, VFL train accuracy: 0.9874
2026-04-14 12:42:53,016 - Epoch: 7, 171/274: VFL loss: 0.0394, total loss: 0.0521, anchor loss: 0.0648, VFL train accuracy: 0.9873
2026-04-14 12:42:53,331 - Epoch: 7, 181/274: VFL loss: 0.0397, total loss: 0.0523, anchor loss: 0.0649, VFL train accuracy: 0.9871
2026-04-14 12:42:53,644 - Epoch: 7, 191/274: VFL loss: 0.0401, total loss: 0.0525, anchor loss: 0.0650, VFL train accuracy: 0.9869
2026-04-14 12:42:53,959 - Epoch: 7, 201/274: VFL loss: 0.0411, total loss: 0.0531, anchor loss: 0.0650, VFL train accuracy: 0.9867
2026-04-14 12:42:54,253 - Epoch: 7, 211/274: VFL loss: 0.0415, total loss: 0.0532, anchor loss: 0.0650, VFL train accuracy: 0.9865
2026-04-14 12:42:54,549 - Epoch: 7, 221/274: VFL loss: 0.0423, total loss: 0.0537, anchor loss: 0.0651, VFL train accuracy: 0.9862
2026-04-14 12:42:54,878 - Epoch: 7, 231/274: VFL loss: 0.0434, total loss: 0.0543, anchor loss: 0.0651, VFL train accuracy: 0.9858
2026-04-14 12:42:55,167 - Epoch: 7, 241/274: VFL loss: 0.0440, total loss: 0.0546, anchor loss: 0.0653, VFL train accuracy: 0.9856
2026-04-14 12:42:55,460 - Epoch: 7, 251/274: VFL loss: 0.0441, total loss: 0.0547, anchor loss: 0.0653, VFL train accuracy: 0.9856
2026-04-14 12:42:55,900 - Epoch: 7, 261/274: VFL loss: 0.0442, total loss: 0.0548, anchor loss: 0.0654, VFL train accuracy: 0.9855
2026-04-14 12:42:56,203 - Epoch: 7, 271/274: VFL loss: 0.0442, total loss: 0.0548, anchor loss: 0.0653, VFL train accuracy: 0.9855
2026-04-14 12:42:56,308 - => Recorded Stage 2 client anchor losses for epoch 7 to './results/AVGuard/NUSWIDE_anchor_stage2_3clients_without_anchor_ema\stage2_final_epoch_client_anchor_losses.json': {0: 0.039114, 1: 0.07149, 2: 0.085421}
2026-04-14 12:42:56,312 - => Stage 2 EMA anchor update skipped at epoch 7 because momentum=1.0000 disables EMA; eligible classes per client {0: 5, 1: 5, 2: 5}
2026-04-14 12:42:56,312 - => Stage 2 Epoch 7 Training Summary: VFL loss: 0.0448, total loss: 0.0551, anchor loss: 0.0654, VFL train accuracy: 0.9855
2026-04-14 12:42:56,312 - => Test ASR...
2026-04-14 12:42:56,419 - =>Add Trigger to Test Data
2026-04-14 12:42:59,454 - Add Trigger to 37064 Bad Samples, 9629 Clean Samples (1.00)
2026-04-14 12:43:09,355 - => Test Epoch: 7, main task samples: 46693, attack samples: 46693, test loss: 0.6053, clean acc: 0.7665, Top-4: 0.9954, ASR: 0.0621, RAC: 0.6779, test target accuracy: 0.8719, stage3 final accuracy: 0.7665, stage3 final target accuracy: 0.7397, stage3 final asr: 0.0621, anchor loss: 0.0846
2026-04-14 12:43:09,355 - => Stage 3 Detection Summary: recall: 0.6559, precision: 0.0162, f1: 0.0316, false positive rate: 0.2229, correction rate: 0.3015
2026-04-14 12:43:09,356 - => Stage 3 Debug (clean): suspicious=10410/46693, correction_applied=10388, prediction_changed=10388, skipped_tied_vote=0, skipped_low_margin=0, skipped_other=22
2026-04-14 12:43:09,356 - => Stage 3 Debug (poison-valid): suspicious=13363/37064, correction_applied=13354, prediction_changed=13354, skipped_tied_vote=0, skipped_low_margin=0, skipped_other=9
2026-04-14 12:43:09,356 - => Stage 3 Debug (attack-success): suspicious=385/587, correction_applied=385, prediction_changed=385, corrected_to_true=177
2026-04-14 12:43:09,357 - => Stage 2 checkpoint score: mean(clean_acc=0.7665, recall=0.6559, correction_rate=0.3015) = 0.5746
2026-04-14 12:43:09,421 - => End Epoch: 7, early stop epochs: 6, best epoch: 1, best clean acc: 0.7692, best Top-4: 0.9965, best ASR: 0.2714, best RAC: 0.6724, anchor loss: 0.0830, best checkpoint score: 0.6542
2026-04-14 12:43:09,422 - => Stage 3 Detection Summary: recall: 0.6880, precision: 0.2880, f1: 0.4061, false positive rate: 0.2090, correction rate: 0.5055
2026-04-14 12:43:09,470 - => LFBA current anchor-derived target label: 3
2026-04-14 12:43:09,554 - =>Add Trigger to Train Data
2026-04-14 12:43:09,882 - Add Trigger to 6996 Bad Samples, 62970 Clean Samples (0.10)
2026-04-14 12:43:09,886 - => Start Training for Injecting Backdoor...
2026-04-14 12:43:09,928 - Epoch: 8, 1/274: VFL loss: 0.0408, total loss: 0.0510, anchor loss: 0.0612, VFL train accuracy: 0.9844
2026-04-14 12:43:10,460 - Epoch: 8, 11/274: VFL loss: 0.0363, total loss: 0.0501, anchor loss: 0.0639, VFL train accuracy: 0.9893
2026-04-14 12:43:10,770 - Epoch: 8, 21/274: VFL loss: 0.0328, total loss: 0.0486, anchor loss: 0.0645, VFL train accuracy: 0.9901
2026-04-14 12:43:11,082 - Epoch: 8, 31/274: VFL loss: 0.0302, total loss: 0.0472, anchor loss: 0.0642, VFL train accuracy: 0.9908
2026-04-14 12:43:11,362 - Epoch: 8, 41/274: VFL loss: 0.0304, total loss: 0.0471, anchor loss: 0.0639, VFL train accuracy: 0.9909
2026-04-14 12:43:11,675 - Epoch: 8, 51/274: VFL loss: 0.0306, total loss: 0.0471, anchor loss: 0.0636, VFL train accuracy: 0.9909
2026-04-14 12:43:12,010 - Epoch: 8, 61/274: VFL loss: 0.0304, total loss: 0.0470, anchor loss: 0.0636, VFL train accuracy: 0.9910
2026-04-14 12:43:12,330 - Epoch: 8, 71/274: VFL loss: 0.0307, total loss: 0.0471, anchor loss: 0.0635, VFL train accuracy: 0.9910
2026-04-14 12:43:12,614 - Epoch: 8, 81/274: VFL loss: 0.0305, total loss: 0.0470, anchor loss: 0.0635, VFL train accuracy: 0.9911
2026-04-14 12:43:12,930 - Epoch: 8, 91/274: VFL loss: 0.0316, total loss: 0.0476, anchor loss: 0.0636, VFL train accuracy: 0.9909
2026-04-14 12:43:13,243 - Epoch: 8, 101/274: VFL loss: 0.0312, total loss: 0.0475, anchor loss: 0.0638, VFL train accuracy: 0.9908
2026-04-14 12:43:13,564 - Epoch: 8, 111/274: VFL loss: 0.0306, total loss: 0.0472, anchor loss: 0.0637, VFL train accuracy: 0.9908
2026-04-14 12:43:13,877 - Epoch: 8, 121/274: VFL loss: 0.0310, total loss: 0.0473, anchor loss: 0.0636, VFL train accuracy: 0.9905
2026-04-14 12:43:14,183 - Epoch: 8, 131/274: VFL loss: 0.0319, total loss: 0.0478, anchor loss: 0.0636, VFL train accuracy: 0.9905
2026-04-14 12:43:14,497 - Epoch: 8, 141/274: VFL loss: 0.0324, total loss: 0.0480, anchor loss: 0.0637, VFL train accuracy: 0.9902
2026-04-14 12:43:14,798 - Epoch: 8, 151/274: VFL loss: 0.0322, total loss: 0.0480, anchor loss: 0.0637, VFL train accuracy: 0.9901
2026-04-14 12:43:15,091 - Epoch: 8, 161/274: VFL loss: 0.0317, total loss: 0.0478, anchor loss: 0.0638, VFL train accuracy: 0.9903
2026-04-14 12:43:15,374 - Epoch: 8, 171/274: VFL loss: 0.0317, total loss: 0.0478, anchor loss: 0.0638, VFL train accuracy: 0.9904
2026-04-14 12:43:15,701 - Epoch: 8, 181/274: VFL loss: 0.0314, total loss: 0.0475, anchor loss: 0.0636, VFL train accuracy: 0.9905
2026-04-14 12:43:15,974 - Epoch: 8, 191/274: VFL loss: 0.0314, total loss: 0.0476, anchor loss: 0.0637, VFL train accuracy: 0.9904
2026-04-14 12:43:16,272 - Epoch: 8, 201/274: VFL loss: 0.0316, total loss: 0.0477, anchor loss: 0.0638, VFL train accuracy: 0.9903
2026-04-14 12:43:16,558 - Epoch: 8, 211/274: VFL loss: 0.0320, total loss: 0.0480, anchor loss: 0.0639, VFL train accuracy: 0.9901
2026-04-14 12:43:16,868 - Epoch: 8, 221/274: VFL loss: 0.0323, total loss: 0.0482, anchor loss: 0.0640, VFL train accuracy: 0.9899
2026-04-14 12:43:17,156 - Epoch: 8, 231/274: VFL loss: 0.0324, total loss: 0.0482, anchor loss: 0.0639, VFL train accuracy: 0.9897
2026-04-14 12:43:17,467 - Epoch: 8, 241/274: VFL loss: 0.0323, total loss: 0.0481, anchor loss: 0.0640, VFL train accuracy: 0.9897
2026-04-14 12:43:17,775 - Epoch: 8, 251/274: VFL loss: 0.0324, total loss: 0.0482, anchor loss: 0.0640, VFL train accuracy: 0.9896
2026-04-14 12:43:18,093 - Epoch: 8, 261/274: VFL loss: 0.0329, total loss: 0.0485, anchor loss: 0.0640, VFL train accuracy: 0.9894
2026-04-14 12:43:18,370 - Epoch: 8, 271/274: VFL loss: 0.0339, total loss: 0.0489, anchor loss: 0.0640, VFL train accuracy: 0.9890
2026-04-14 12:43:18,465 - => Recorded Stage 2 client anchor losses for epoch 8 to './results/AVGuard/NUSWIDE_anchor_stage2_3clients_without_anchor_ema\stage2_final_epoch_client_anchor_losses.json': {0: 0.037401, 1: 0.070528, 2: 0.083947}
2026-04-14 12:43:18,467 - => Stage 2 EMA anchor update skipped at epoch 8 because momentum=1.0000 disables EMA; eligible classes per client {0: 5, 1: 5, 2: 5}
2026-04-14 12:43:18,467 - => Stage 2 Epoch 8 Training Summary: VFL loss: 0.0339, total loss: 0.0489, anchor loss: 0.0640, VFL train accuracy: 0.9891
2026-04-14 12:43:18,467 - => Test ASR...
2026-04-14 12:43:18,585 - =>Add Trigger to Test Data
2026-04-14 12:43:21,710 - Add Trigger to 37064 Bad Samples, 9629 Clean Samples (1.00)
2026-04-14 12:43:32,364 - => Test Epoch: 8, main task samples: 46693, attack samples: 46693, test loss: 0.6332, clean acc: 0.7638, Top-4: 0.9954, ASR: 0.0517, RAC: 0.6784, test target accuracy: 0.8857, stage3 final accuracy: 0.7638, stage3 final target accuracy: 0.7227, stage3 final asr: 0.0517, anchor loss: 0.0844
2026-04-14 12:43:32,365 - => Stage 3 Detection Summary: recall: 0.6459, precision: 0.0166, f1: 0.0324, false positive rate: 0.2195, correction rate: 0.2479
2026-04-14 12:43:32,365 - => Stage 3 Debug (clean): suspicious=10251/46693, correction_applied=10227, prediction_changed=10227, skipped_tied_vote=0, skipped_low_margin=0, skipped_other=24
2026-04-14 12:43:32,365 - => Stage 3 Debug (poison-valid): suspicious=12794/37064, correction_applied=12792, prediction_changed=12792, skipped_tied_vote=0, skipped_low_margin=0, skipped_other=2
2026-04-14 12:43:32,366 - => Stage 3 Debug (attack-success): suspicious=383/593, correction_applied=383, prediction_changed=383, corrected_to_true=147
2026-04-14 12:43:32,366 - => Stage 2 checkpoint score: mean(clean_acc=0.7638, recall=0.6459, correction_rate=0.2479) = 0.5525
2026-04-14 12:43:32,467 - => End Epoch: 8, early stop epochs: 7, best epoch: 1, best clean acc: 0.7692, best Top-4: 0.9965, best ASR: 0.2714, best RAC: 0.6724, anchor loss: 0.0830, best checkpoint score: 0.6542
2026-04-14 12:43:32,468 - => Stage 3 Detection Summary: recall: 0.6880, precision: 0.2880, f1: 0.4061, false positive rate: 0.2090, correction rate: 0.5055
2026-04-14 12:43:32,508 - => LFBA current anchor-derived target label: 3
2026-04-14 12:43:32,593 - =>Add Trigger to Train Data
2026-04-14 12:43:33,057 - Add Trigger to 6996 Bad Samples, 62970 Clean Samples (0.10)
2026-04-14 12:43:33,062 - => Start Training for Injecting Backdoor...
2026-04-14 12:43:33,120 - Epoch: 9, 1/274: VFL loss: 0.0048, total loss: 0.0306, anchor loss: 0.0565, VFL train accuracy: 1.0000
2026-04-14 12:43:33,743 - Epoch: 9, 11/274: VFL loss: 0.0287, total loss: 0.0462, anchor loss: 0.0638, VFL train accuracy: 0.9915
2026-04-14 12:43:34,121 - Epoch: 9, 21/274: VFL loss: 0.0229, total loss: 0.0430, anchor loss: 0.0631, VFL train accuracy: 0.9933
2026-04-14 12:43:34,458 - Epoch: 9, 31/274: VFL loss: 0.0230, total loss: 0.0428, anchor loss: 0.0626, VFL train accuracy: 0.9926
2026-04-14 12:43:34,796 - Epoch: 9, 41/274: VFL loss: 0.0241, total loss: 0.0433, anchor loss: 0.0625, VFL train accuracy: 0.9923
2026-04-14 12:43:35,123 - Epoch: 9, 51/274: VFL loss: 0.0260, total loss: 0.0444, anchor loss: 0.0628, VFL train accuracy: 0.9915
2026-04-14 12:43:35,424 - Epoch: 9, 61/274: VFL loss: 0.0251, total loss: 0.0441, anchor loss: 0.0631, VFL train accuracy: 0.9919
2026-04-14 12:43:35,714 - Epoch: 9, 71/274: VFL loss: 0.0248, total loss: 0.0440, anchor loss: 0.0631, VFL train accuracy: 0.9918
2026-04-14 12:43:36,055 - Epoch: 9, 81/274: VFL loss: 0.0248, total loss: 0.0439, anchor loss: 0.0630, VFL train accuracy: 0.9919
2026-04-14 12:43:36,510 - Epoch: 9, 91/274: VFL loss: 0.0249, total loss: 0.0440, anchor loss: 0.0630, VFL train accuracy: 0.9920
2026-04-14 12:43:36,860 - Epoch: 9, 101/274: VFL loss: 0.0249, total loss: 0.0439, anchor loss: 0.0630, VFL train accuracy: 0.9922
2026-04-14 12:43:37,187 - Epoch: 9, 111/274: VFL loss: 0.0248, total loss: 0.0439, anchor loss: 0.0630, VFL train accuracy: 0.9920
2026-04-14 12:43:37,475 - Epoch: 9, 121/274: VFL loss: 0.0252, total loss: 0.0442, anchor loss: 0.0631, VFL train accuracy: 0.9919
2026-04-14 12:43:37,779 - Epoch: 9, 131/274: VFL loss: 0.0253, total loss: 0.0442, anchor loss: 0.0632, VFL train accuracy: 0.9918
2026-04-14 12:43:38,090 - Epoch: 9, 141/274: VFL loss: 0.0261, total loss: 0.0447, anchor loss: 0.0633, VFL train accuracy: 0.9915
2026-04-14 12:43:38,400 - Epoch: 9, 151/274: VFL loss: 0.0265, total loss: 0.0449, anchor loss: 0.0633, VFL train accuracy: 0.9914
2026-04-14 12:43:38,702 - Epoch: 9, 161/274: VFL loss: 0.0266, total loss: 0.0450, anchor loss: 0.0633, VFL train accuracy: 0.9914
2026-04-14 12:43:39,004 - Epoch: 9, 171/274: VFL loss: 0.0266, total loss: 0.0450, anchor loss: 0.0635, VFL train accuracy: 0.9913
2026-04-14 12:43:39,303 - Epoch: 9, 181/274: VFL loss: 0.0272, total loss: 0.0454, anchor loss: 0.0635, VFL train accuracy: 0.9909
2026-04-14 12:43:39,609 - Epoch: 9, 191/274: VFL loss: 0.0275, total loss: 0.0455, anchor loss: 0.0636, VFL train accuracy: 0.9908
2026-04-14 12:43:39,918 - Epoch: 9, 201/274: VFL loss: 0.0276, total loss: 0.0456, anchor loss: 0.0637, VFL train accuracy: 0.9907
2026-04-14 12:43:40,206 - Epoch: 9, 211/274: VFL loss: 0.0277, total loss: 0.0457, anchor loss: 0.0637, VFL train accuracy: 0.9907
2026-04-14 12:43:40,487 - Epoch: 9, 221/274: VFL loss: 0.0283, total loss: 0.0461, anchor loss: 0.0638, VFL train accuracy: 0.9905
2026-04-14 12:43:40,786 - Epoch: 9, 231/274: VFL loss: 0.0291, total loss: 0.0465, anchor loss: 0.0640, VFL train accuracy: 0.9903
2026-04-14 12:43:41,094 - Epoch: 9, 241/274: VFL loss: 0.0297, total loss: 0.0468, anchor loss: 0.0640, VFL train accuracy: 0.9901
2026-04-14 12:43:41,398 - Epoch: 9, 251/274: VFL loss: 0.0301, total loss: 0.0471, anchor loss: 0.0640, VFL train accuracy: 0.9899
2026-04-14 12:43:41,728 - Epoch: 9, 261/274: VFL loss: 0.0308, total loss: 0.0474, anchor loss: 0.0640, VFL train accuracy: 0.9896
2026-04-14 12:43:42,018 - Epoch: 9, 271/274: VFL loss: 0.0314, total loss: 0.0477, anchor loss: 0.0641, VFL train accuracy: 0.9894
2026-04-14 12:43:42,136 - => Recorded Stage 2 client anchor losses for epoch 9 to './results/AVGuard/NUSWIDE_anchor_stage2_3clients_without_anchor_ema\stage2_final_epoch_client_anchor_losses.json': {0: 0.036378, 1: 0.07146, 2: 0.084332}
2026-04-14 12:43:42,139 - => Stage 2 EMA anchor update skipped at epoch 9 because momentum=1.0000 disables EMA; eligible classes per client {0: 5, 1: 5, 2: 5}
2026-04-14 12:43:42,140 - => Stage 2 Epoch 9 Training Summary: VFL loss: 0.0318, total loss: 0.0479, anchor loss: 0.0641, VFL train accuracy: 0.9894
2026-04-14 12:43:42,141 - => Test ASR...
2026-04-14 12:43:42,258 - =>Add Trigger to Test Data
2026-04-14 12:43:45,578 - Add Trigger to 37064 Bad Samples, 9629 Clean Samples (1.00)
2026-04-14 12:44:00,066 - => Test Epoch: 9, main task samples: 46693, attack samples: 46693, test loss: 0.6847, clean acc: 0.7620, Top-4: 0.9950, ASR: 0.0523, RAC: 0.6810, test target accuracy: 0.8661, stage3 final accuracy: 0.7620, stage3 final target accuracy: 0.7403, stage3 final asr: 0.0523, anchor loss: 0.0845
2026-04-14 12:44:00,068 - => Stage 3 Detection Summary: recall: 0.6112, precision: 0.0140, f1: 0.0274, false positive rate: 0.2167, correction rate: 0.2631
2026-04-14 12:44:00,068 - => Stage 3 Debug (clean): suspicious=10119/46693, correction_applied=10092, prediction_changed=10092, skipped_tied_vote=0, skipped_low_margin=0, skipped_other=27
2026-04-14 12:44:00,068 - => Stage 3 Debug (poison-valid): suspicious=12439/37064, correction_applied=12433, prediction_changed=12433, skipped_tied_vote=0, skipped_low_margin=0, skipped_other=6
2026-04-14 12:44:00,068 - => Stage 3 Debug (attack-success): suspicious=316/517, correction_applied=316, prediction_changed=316, corrected_to_true=136
2026-04-14 12:44:00,069 - => Stage 2 checkpoint score: mean(clean_acc=0.7620, recall=0.6112, correction_rate=0.2631) = 0.5454
2026-04-14 12:44:00,166 - => End Epoch: 9, early stop epochs: 8, best epoch: 1, best clean acc: 0.7692, best Top-4: 0.9965, best ASR: 0.2714, best RAC: 0.6724, anchor loss: 0.0830, best checkpoint score: 0.6542
2026-04-14 12:44:00,167 - => Stage 3 Detection Summary: recall: 0.6880, precision: 0.2880, f1: 0.4061, false positive rate: 0.2090, correction rate: 0.5055
2026-04-14 12:44:00,218 - => LFBA current anchor-derived target label: 3
2026-04-14 12:44:00,301 - =>Add Trigger to Train Data
2026-04-14 12:44:00,757 - Add Trigger to 6996 Bad Samples, 62970 Clean Samples (0.10)
2026-04-14 12:44:00,762 - => Start Training for Injecting Backdoor...
2026-04-14 12:44:00,814 - Epoch: 10, 1/274: VFL loss: 0.0362, total loss: 0.0516, anchor loss: 0.0670, VFL train accuracy: 0.9844
2026-04-14 12:44:01,575 - Epoch: 10, 11/274: VFL loss: 0.0287, total loss: 0.0468, anchor loss: 0.0650, VFL train accuracy: 0.9890
2026-04-14 12:44:02,040 - Epoch: 10, 21/274: VFL loss: 0.0273, total loss: 0.0458, anchor loss: 0.0642, VFL train accuracy: 0.9887
2026-04-14 12:44:02,482 - Epoch: 10, 31/274: VFL loss: 0.0281, total loss: 0.0463, anchor loss: 0.0645, VFL train accuracy: 0.9889
2026-04-14 12:44:02,911 - Epoch: 10, 41/274: VFL loss: 0.0271, total loss: 0.0456, anchor loss: 0.0642, VFL train accuracy: 0.9897
2026-04-14 12:44:03,333 - Epoch: 10, 51/274: VFL loss: 0.0273, total loss: 0.0456, anchor loss: 0.0638, VFL train accuracy: 0.9901
2026-04-14 12:44:03,752 - Epoch: 10, 61/274: VFL loss: 0.0270, total loss: 0.0454, anchor loss: 0.0638, VFL train accuracy: 0.9901
2026-04-14 12:44:04,178 - Epoch: 10, 71/274: VFL loss: 0.0270, total loss: 0.0453, anchor loss: 0.0637, VFL train accuracy: 0.9904
2026-04-14 12:44:04,589 - Epoch: 10, 81/274: VFL loss: 0.0266, total loss: 0.0452, anchor loss: 0.0638, VFL train accuracy: 0.9905
2026-04-14 12:44:04,984 - Epoch: 10, 91/274: VFL loss: 0.0264, total loss: 0.0449, anchor loss: 0.0635, VFL train accuracy: 0.9906
2026-04-14 12:44:05,419 - Epoch: 10, 101/274: VFL loss: 0.0259, total loss: 0.0447, anchor loss: 0.0635, VFL train accuracy: 0.9907
2026-04-14 12:44:05,841 - Epoch: 10, 111/274: VFL loss: 0.0259, total loss: 0.0446, anchor loss: 0.0632, VFL train accuracy: 0.9908
2026-04-14 12:44:06,252 - Epoch: 10, 121/274: VFL loss: 0.0265, total loss: 0.0449, anchor loss: 0.0632, VFL train accuracy: 0.9906
2026-04-14 12:44:06,671 - Epoch: 10, 131/274: VFL loss: 0.0269, total loss: 0.0450, anchor loss: 0.0632, VFL train accuracy: 0.9905
2026-04-14 12:44:07,069 - Epoch: 10, 141/274: VFL loss: 0.0276, total loss: 0.0453, anchor loss: 0.0631, VFL train accuracy: 0.9904
2026-04-14 12:44:07,467 - Epoch: 10, 151/274: VFL loss: 0.0274, total loss: 0.0452, anchor loss: 0.0631, VFL train accuracy: 0.9904
2026-04-14 12:44:07,864 - Epoch: 10, 161/274: VFL loss: 0.0278, total loss: 0.0455, anchor loss: 0.0633, VFL train accuracy: 0.9903
2026-04-14 12:44:08,282 - Epoch: 10, 171/274: VFL loss: 0.0285, total loss: 0.0459, anchor loss: 0.0634, VFL train accuracy: 0.9900
2026-04-14 12:44:08,714 - Epoch: 10, 181/274: VFL loss: 0.0281, total loss: 0.0457, anchor loss: 0.0634, VFL train accuracy: 0.9902
2026-04-14 12:44:09,109 - Epoch: 10, 191/274: VFL loss: 0.0283, total loss: 0.0458, anchor loss: 0.0633, VFL train accuracy: 0.9900
2026-04-14 12:44:09,455 - Epoch: 10, 201/274: VFL loss: 0.0289, total loss: 0.0460, anchor loss: 0.0632, VFL train accuracy: 0.9898
2026-04-14 12:44:09,829 - Epoch: 10, 211/274: VFL loss: 0.0290, total loss: 0.0461, anchor loss: 0.0632, VFL train accuracy: 0.9897
2026-04-14 12:44:10,196 - Epoch: 10, 221/274: VFL loss: 0.0291, total loss: 0.0462, anchor loss: 0.0633, VFL train accuracy: 0.9896
2026-04-14 12:44:10,597 - Epoch: 10, 231/274: VFL loss: 0.0292, total loss: 0.0463, anchor loss: 0.0633, VFL train accuracy: 0.9896
2026-04-14 12:44:11,153 - Epoch: 10, 241/274: VFL loss: 0.0297, total loss: 0.0466, anchor loss: 0.0634, VFL train accuracy: 0.9893
2026-04-14 12:44:11,546 - Epoch: 10, 251/274: VFL loss: 0.0298, total loss: 0.0466, anchor loss: 0.0633, VFL train accuracy: 0.9893
2026-04-14 12:44:11,932 - Epoch: 10, 261/274: VFL loss: 0.0301, total loss: 0.0468, anchor loss: 0.0634, VFL train accuracy: 0.9893
2026-04-14 12:44:12,316 - Epoch: 10, 271/274: VFL loss: 0.0305, total loss: 0.0470, anchor loss: 0.0634, VFL train accuracy: 0.9891
2026-04-14 12:44:12,440 - => Recorded Stage 2 client anchor losses for epoch 10 to './results/AVGuard/NUSWIDE_anchor_stage2_3clients_without_anchor_ema\stage2_final_epoch_client_anchor_losses.json': {0: 0.035571, 1: 0.07074, 2: 0.084047}
2026-04-14 12:44:12,442 - => Stage 2 EMA anchor update skipped at epoch 10 because momentum=1.0000 disables EMA; eligible classes per client {0: 5, 1: 5, 2: 5}
2026-04-14 12:44:12,443 - => Stage 2 Epoch 10 Training Summary: VFL loss: 0.0306, total loss: 0.0470, anchor loss: 0.0635, VFL train accuracy: 0.9891
2026-04-14 12:44:12,443 - => Test ASR...
2026-04-14 12:44:12,558 - =>Add Trigger to Test Data
2026-04-14 12:44:17,417 - Add Trigger to 37064 Bad Samples, 9629 Clean Samples (1.00)
2026-04-14 12:44:31,416 - => Test Epoch: 10, main task samples: 46693, attack samples: 46693, test loss: 0.7517, clean acc: 0.7621, Top-4: 0.9949, ASR: 0.0689, RAC: 0.6854, test target accuracy: 0.8874, stage3 final accuracy: 0.7621, stage3 final target accuracy: 0.7587, stage3 final asr: 0.0689, anchor loss: 0.0844
2026-04-14 12:44:31,417 - => Stage 3 Detection Summary: recall: 0.6818, precision: 0.0266, f1: 0.0511, false positive rate: 0.2238, correction rate: 0.3506
2026-04-14 12:44:31,417 - => Stage 3 Debug (clean): suspicious=10448/46693, correction_applied=10437, prediction_changed=10437, skipped_tied_vote=0, skipped_low_margin=0, skipped_other=11
2026-04-14 12:44:31,417 - => Stage 3 Debug (poison-valid): suspicious=13275/37064, correction_applied=13265, prediction_changed=13265, skipped_tied_vote=0, skipped_low_margin=0, skipped_other=10
2026-04-14 12:44:31,417 - => Stage 3 Debug (attack-success): suspicious=630/924, correction_applied=629, prediction_changed=629, corrected_to_true=324
2026-04-14 12:44:31,418 - => Stage 2 checkpoint score: mean(clean_acc=0.7621, recall=0.6818, correction_rate=0.3506) = 0.5982
2026-04-14 12:44:31,474 - => End Epoch: 10, early stop epochs: 9, best epoch: 1, best clean acc: 0.7692, best Top-4: 0.9965, best ASR: 0.2714, best RAC: 0.6724, anchor loss: 0.0830, best checkpoint score: 0.6542
2026-04-14 12:44:31,475 - => Stage 3 Detection Summary: recall: 0.6880, precision: 0.2880, f1: 0.4061, false positive rate: 0.2090, correction rate: 0.5055
2026-04-14 12:44:31,513 - => LFBA current anchor-derived target label: 3
2026-04-14 12:44:31,592 - =>Add Trigger to Train Data
2026-04-14 12:44:31,975 - Add Trigger to 6996 Bad Samples, 62970 Clean Samples (0.10)
2026-04-14 12:44:31,979 - => Start Training for Injecting Backdoor...
2026-04-14 12:44:32,027 - Epoch: 11, 1/274: VFL loss: 0.0403, total loss: 0.0518, anchor loss: 0.0633, VFL train accuracy: 0.9766
2026-04-14 12:44:32,635 - Epoch: 11, 11/274: VFL loss: 0.0254, total loss: 0.0437, anchor loss: 0.0619, VFL train accuracy: 0.9911
2026-04-14 12:44:32,917 - Epoch: 11, 21/274: VFL loss: 0.0246, total loss: 0.0439, anchor loss: 0.0632, VFL train accuracy: 0.9916
2026-04-14 12:44:33,214 - Epoch: 11, 31/274: VFL loss: 0.0216, total loss: 0.0422, anchor loss: 0.0629, VFL train accuracy: 0.9924
2026-04-14 12:44:33,507 - Epoch: 11, 41/274: VFL loss: 0.0215, total loss: 0.0422, anchor loss: 0.0629, VFL train accuracy: 0.9928
2026-04-14 12:44:33,797 - Epoch: 11, 51/274: VFL loss: 0.0212, total loss: 0.0419, anchor loss: 0.0625, VFL train accuracy: 0.9930
2026-04-14 12:44:34,084 - Epoch: 11, 61/274: VFL loss: 0.0211, total loss: 0.0418, anchor loss: 0.0626, VFL train accuracy: 0.9931
2026-04-14 12:44:34,359 - Epoch: 11, 71/274: VFL loss: 0.0205, total loss: 0.0415, anchor loss: 0.0625, VFL train accuracy: 0.9932
2026-04-14 12:44:34,636 - Epoch: 11, 81/274: VFL loss: 0.0205, total loss: 0.0415, anchor loss: 0.0625, VFL train accuracy: 0.9931
2026-04-14 12:44:34,930 - Epoch: 11, 91/274: VFL loss: 0.0200, total loss: 0.0412, anchor loss: 0.0623, VFL train accuracy: 0.9933
2026-04-14 12:44:35,240 - Epoch: 11, 101/274: VFL loss: 0.0199, total loss: 0.0410, anchor loss: 0.0621, VFL train accuracy: 0.9933
2026-04-14 12:44:35,514 - Epoch: 11, 111/274: VFL loss: 0.0196, total loss: 0.0408, anchor loss: 0.0619, VFL train accuracy: 0.9933
2026-04-14 12:44:35,816 - Epoch: 11, 121/274: VFL loss: 0.0195, total loss: 0.0407, anchor loss: 0.0619, VFL train accuracy: 0.9933
2026-04-14 12:44:36,116 - Epoch: 11, 131/274: VFL loss: 0.0192, total loss: 0.0405, anchor loss: 0.0619, VFL train accuracy: 0.9934
2026-04-14 12:44:36,401 - Epoch: 11, 141/274: VFL loss: 0.0197, total loss: 0.0407, anchor loss: 0.0618, VFL train accuracy: 0.9934
2026-04-14 12:44:36,675 - Epoch: 11, 151/274: VFL loss: 0.0197, total loss: 0.0408, anchor loss: 0.0618, VFL train accuracy: 0.9934
2026-04-14 12:44:36,958 - Epoch: 11, 161/274: VFL loss: 0.0202, total loss: 0.0410, anchor loss: 0.0619, VFL train accuracy: 0.9932
2026-04-14 12:44:37,239 - Epoch: 11, 171/274: VFL loss: 0.0208, total loss: 0.0415, anchor loss: 0.0621, VFL train accuracy: 0.9931
2026-04-14 12:44:37,533 - Epoch: 11, 181/274: VFL loss: 0.0206, total loss: 0.0413, anchor loss: 0.0621, VFL train accuracy: 0.9931
2026-04-14 12:44:37,830 - Epoch: 11, 191/274: VFL loss: 0.0210, total loss: 0.0416, anchor loss: 0.0621, VFL train accuracy: 0.9930
2026-04-14 12:44:38,120 - Epoch: 11, 201/274: VFL loss: 0.0213, total loss: 0.0417, anchor loss: 0.0621, VFL train accuracy: 0.9928
2026-04-14 12:44:38,423 - Epoch: 11, 211/274: VFL loss: 0.0216, total loss: 0.0419, anchor loss: 0.0621, VFL train accuracy: 0.9927
2026-04-14 12:44:38,734 - Epoch: 11, 221/274: VFL loss: 0.0217, total loss: 0.0419, anchor loss: 0.0622, VFL train accuracy: 0.9926
2026-04-14 12:44:39,008 - Epoch: 11, 231/274: VFL loss: 0.0216, total loss: 0.0419, anchor loss: 0.0621, VFL train accuracy: 0.9927
2026-04-14 12:44:39,301 - Epoch: 11, 241/274: VFL loss: 0.0220, total loss: 0.0421, anchor loss: 0.0622, VFL train accuracy: 0.9925
2026-04-14 12:44:39,614 - Epoch: 11, 251/274: VFL loss: 0.0222, total loss: 0.0422, anchor loss: 0.0622, VFL train accuracy: 0.9924
2026-04-14 12:44:39,931 - Epoch: 11, 261/274: VFL loss: 0.0225, total loss: 0.0424, anchor loss: 0.0623, VFL train accuracy: 0.9923
2026-04-14 12:44:40,264 - Epoch: 11, 271/274: VFL loss: 0.0232, total loss: 0.0428, anchor loss: 0.0624, VFL train accuracy: 0.9921
2026-04-14 12:44:40,359 - => Recorded Stage 2 client anchor losses for epoch 11 to './results/AVGuard/NUSWIDE_anchor_stage2_3clients_without_anchor_ema\stage2_final_epoch_client_anchor_losses.json': {0: 0.033844, 1: 0.07028, 2: 0.082918}
2026-04-14 12:44:40,361 - => Stage 2 EMA anchor update skipped at epoch 11 because momentum=1.0000 disables EMA; eligible classes per client {0: 5, 1: 5, 2: 5}
2026-04-14 12:44:40,361 - => Stage 2 Epoch 11 Training Summary: VFL loss: 0.0235, total loss: 0.0429, anchor loss: 0.0624, VFL train accuracy: 0.9921
2026-04-14 12:44:40,362 - => Test ASR...
2026-04-14 12:44:40,469 - =>Add Trigger to Test Data
2026-04-14 12:44:43,575 - Add Trigger to 37064 Bad Samples, 9629 Clean Samples (1.00)
2026-04-14 12:44:53,852 - => Test Epoch: 11, main task samples: 46693, attack samples: 46693, test loss: 0.7632, clean acc: 0.7639, Top-4: 0.9960, ASR: 0.0645, RAC: 0.6904, test target accuracy: 0.8564, stage3 final accuracy: 0.7639, stage3 final target accuracy: 0.7570, stage3 final asr: 0.0645, anchor loss: 0.0837
2026-04-14 12:44:53,852 - => Stage 3 Detection Summary: recall: 0.5344, precision: 0.0059, f1: 0.0117, false positive rate: 0.2203, correction rate: 0.2481
2026-04-14 12:44:53,852 - => Stage 3 Debug (clean): suspicious=10285/46693, correction_applied=10273, prediction_changed=10273, skipped_tied_vote=0, skipped_low_margin=0, skipped_other=12
2026-04-14 12:44:53,854 - => Stage 3 Debug (poison-valid): suspicious=13446/37064, correction_applied=13428, prediction_changed=13428, skipped_tied_vote=0, skipped_low_margin=0, skipped_other=18
2026-04-14 12:44:53,854 - => Stage 3 Debug (attack-success): suspicious=140/262, correction_applied=140, prediction_changed=140, corrected_to_true=65
2026-04-14 12:44:53,854 - => Stage 2 checkpoint score: mean(clean_acc=0.7639, recall=0.5344, correction_rate=0.2481) = 0.5154
2026-04-14 12:44:53,919 - => End Epoch: 11, early stop epochs: 10, best epoch: 1, best clean acc: 0.7692, best Top-4: 0.9965, best ASR: 0.2714, best RAC: 0.6724, anchor loss: 0.0830, best checkpoint score: 0.6542
2026-04-14 12:44:53,920 - => Stage 3 Detection Summary: recall: 0.6880, precision: 0.2880, f1: 0.4061, false positive rate: 0.2090, correction rate: 0.5055
2026-04-14 12:44:53,962 - => LFBA current anchor-derived target label: 3
2026-04-14 12:44:54,043 - =>Add Trigger to Train Data
2026-04-14 12:44:54,431 - Add Trigger to 6996 Bad Samples, 62970 Clean Samples (0.10)
2026-04-14 12:44:54,434 - => Start Training for Injecting Backdoor...
2026-04-14 12:44:54,485 - Epoch: 12, 1/274: VFL loss: 0.0229, total loss: 0.0455, anchor loss: 0.0682, VFL train accuracy: 0.9961
2026-04-14 12:44:55,009 - Epoch: 12, 11/274: VFL loss: 0.0180, total loss: 0.0402, anchor loss: 0.0624, VFL train accuracy: 0.9950
2026-04-14 12:44:55,337 - Epoch: 12, 21/274: VFL loss: 0.0180, total loss: 0.0399, anchor loss: 0.0618, VFL train accuracy: 0.9937
2026-04-14 12:44:55,653 - Epoch: 12, 31/274: VFL loss: 0.0207, total loss: 0.0413, anchor loss: 0.0619, VFL train accuracy: 0.9928
2026-04-14 12:44:55,936 - Epoch: 12, 41/274: VFL loss: 0.0192, total loss: 0.0405, anchor loss: 0.0618, VFL train accuracy: 0.9934
2026-04-14 12:44:56,295 - Epoch: 12, 51/274: VFL loss: 0.0186, total loss: 0.0403, anchor loss: 0.0619, VFL train accuracy: 0.9938
2026-04-14 12:44:56,618 - Epoch: 12, 61/274: VFL loss: 0.0185, total loss: 0.0402, anchor loss: 0.0620, VFL train accuracy: 0.9939
2026-04-14 12:44:56,940 - Epoch: 12, 71/274: VFL loss: 0.0176, total loss: 0.0398, anchor loss: 0.0619, VFL train accuracy: 0.9941
2026-04-14 12:44:57,231 - Epoch: 12, 81/274: VFL loss: 0.0182, total loss: 0.0402, anchor loss: 0.0622, VFL train accuracy: 0.9938
2026-04-14 12:44:57,516 - Epoch: 12, 91/274: VFL loss: 0.0183, total loss: 0.0401, anchor loss: 0.0620, VFL train accuracy: 0.9939
2026-04-14 12:44:57,808 - Epoch: 12, 101/274: VFL loss: 0.0188, total loss: 0.0404, anchor loss: 0.0620, VFL train accuracy: 0.9937
2026-04-14 12:44:58,094 - Epoch: 12, 111/274: VFL loss: 0.0185, total loss: 0.0403, anchor loss: 0.0621, VFL train accuracy: 0.9937
2026-04-14 12:44:58,444 - Epoch: 12, 121/274: VFL loss: 0.0191, total loss: 0.0406, anchor loss: 0.0620, VFL train accuracy: 0.9937
2026-04-14 12:44:58,742 - Epoch: 12, 131/274: VFL loss: 0.0195, total loss: 0.0408, anchor loss: 0.0620, VFL train accuracy: 0.9935
2026-04-14 12:44:59,023 - Epoch: 12, 141/274: VFL loss: 0.0198, total loss: 0.0409, anchor loss: 0.0619, VFL train accuracy: 0.9934
2026-04-14 12:44:59,296 - Epoch: 12, 151/274: VFL loss: 0.0195, total loss: 0.0407, anchor loss: 0.0619, VFL train accuracy: 0.9935
2026-04-14 12:44:59,560 - Epoch: 12, 161/274: VFL loss: 0.0193, total loss: 0.0406, anchor loss: 0.0619, VFL train accuracy: 0.9935
2026-04-14 12:44:59,880 - Epoch: 12, 171/274: VFL loss: 0.0192, total loss: 0.0405, anchor loss: 0.0618, VFL train accuracy: 0.9935
2026-04-14 12:45:00,177 - Epoch: 12, 181/274: VFL loss: 0.0193, total loss: 0.0406, anchor loss: 0.0618, VFL train accuracy: 0.9934
2026-04-14 12:45:00,469 - Epoch: 12, 191/274: VFL loss: 0.0194, total loss: 0.0406, anchor loss: 0.0618, VFL train accuracy: 0.9934
2026-04-14 12:45:00,792 - Epoch: 12, 201/274: VFL loss: 0.0198, total loss: 0.0408, anchor loss: 0.0618, VFL train accuracy: 0.9931
2026-04-14 12:45:01,087 - Epoch: 12, 211/274: VFL loss: 0.0199, total loss: 0.0408, anchor loss: 0.0618, VFL train accuracy: 0.9930
2026-04-14 12:45:01,368 - Epoch: 12, 221/274: VFL loss: 0.0199, total loss: 0.0408, anchor loss: 0.0617, VFL train accuracy: 0.9930
2026-04-14 12:45:01,650 - Epoch: 12, 231/274: VFL loss: 0.0200, total loss: 0.0409, anchor loss: 0.0618, VFL train accuracy: 0.9929
2026-04-14 12:45:01,934 - Epoch: 12, 241/274: VFL loss: 0.0205, total loss: 0.0412, anchor loss: 0.0619, VFL train accuracy: 0.9928
2026-04-14 12:45:02,204 - Epoch: 12, 251/274: VFL loss: 0.0206, total loss: 0.0412, anchor loss: 0.0619, VFL train accuracy: 0.9927
2026-04-14 12:45:02,499 - Epoch: 12, 261/274: VFL loss: 0.0207, total loss: 0.0413, anchor loss: 0.0619, VFL train accuracy: 0.9927
2026-04-14 12:45:02,811 - Epoch: 12, 271/274: VFL loss: 0.0209, total loss: 0.0414, anchor loss: 0.0619, VFL train accuracy: 0.9927
2026-04-14 12:45:02,915 - => Recorded Stage 2 client anchor losses for epoch 12 to './results/AVGuard/NUSWIDE_anchor_stage2_3clients_without_anchor_ema\stage2_final_epoch_client_anchor_losses.json': {0: 0.033394, 1: 0.069674, 2: 0.082645}
2026-04-14 12:45:02,917 - => Stage 2 EMA anchor update skipped at epoch 12 because momentum=1.0000 disables EMA; eligible classes per client {0: 5, 1: 5, 2: 5}
2026-04-14 12:45:02,917 - => Stage 2 Epoch 12 Training Summary: VFL loss: 0.0209, total loss: 0.0414, anchor loss: 0.0619, VFL train accuracy: 0.9927
2026-04-14 12:45:02,918 - => Test ASR...
2026-04-14 12:45:03,027 - =>Add Trigger to Test Data
2026-04-14 12:45:06,110 - Add Trigger to 37064 Bad Samples, 9629 Clean Samples (1.00)
2026-04-14 12:45:17,143 - => Test Epoch: 12, main task samples: 46693, attack samples: 46693, test loss: 0.8644, clean acc: 0.7659, Top-4: 0.9957, ASR: 0.0616, RAC: 0.6797, test target accuracy: 0.8799, stage3 final accuracy: 0.7659, stage3 final target accuracy: 0.7305, stage3 final asr: 0.0616, anchor loss: 0.0834
2026-04-14 12:45:17,144 - => Stage 3 Detection Summary: recall: 0.6769, precision: 0.0201, f1: 0.0390, false positive rate: 0.2250, correction rate: 0.3385
2026-04-14 12:45:17,144 - => Stage 3 Debug (clean): suspicious=10504/46693, correction_applied=10477, prediction_changed=10477, skipped_tied_vote=0, skipped_low_margin=0, skipped_other=27
2026-04-14 12:45:17,144 - => Stage 3 Debug (poison-valid): suspicious=13571/37064, correction_applied=13557, prediction_changed=13557, skipped_tied_vote=0, skipped_low_margin=0, skipped_other=14
2026-04-14 12:45:17,144 - => Stage 3 Debug (attack-success): suspicious=484/715, correction_applied=484, prediction_changed=484, corrected_to_true=242
2026-04-14 12:45:17,144 - => Stage 2 checkpoint score: mean(clean_acc=0.7659, recall=0.6769, correction_rate=0.3385) = 0.5938
2026-04-14 12:45:17,230 - => End Epoch: 12, early stop epochs: 11, best epoch: 1, best clean acc: 0.7692, best Top-4: 0.9965, best ASR: 0.2714, best RAC: 0.6724, anchor loss: 0.0830, best checkpoint score: 0.6542
2026-04-14 12:45:17,231 - => Stage 3 Detection Summary: recall: 0.6880, precision: 0.2880, f1: 0.4061, false positive rate: 0.2090, correction rate: 0.5055
2026-04-14 12:45:17,273 - => LFBA current anchor-derived target label: 3
2026-04-14 12:45:17,356 - =>Add Trigger to Train Data
2026-04-14 12:45:17,729 - Add Trigger to 6996 Bad Samples, 62970 Clean Samples (0.10)
2026-04-14 12:45:17,732 - => Start Training for Injecting Backdoor...
2026-04-14 12:45:17,784 - Epoch: 13, 1/274: VFL loss: 0.0132, total loss: 0.0349, anchor loss: 0.0566, VFL train accuracy: 0.9961
2026-04-14 12:45:18,356 - Epoch: 13, 11/274: VFL loss: 0.0130, total loss: 0.0369, anchor loss: 0.0608, VFL train accuracy: 0.9957
2026-04-14 12:45:18,671 - Epoch: 13, 21/274: VFL loss: 0.0132, total loss: 0.0365, anchor loss: 0.0598, VFL train accuracy: 0.9950
2026-04-14 12:45:18,986 - Epoch: 13, 31/274: VFL loss: 0.0138, total loss: 0.0366, anchor loss: 0.0595, VFL train accuracy: 0.9942
2026-04-14 12:45:19,304 - Epoch: 13, 41/274: VFL loss: 0.0145, total loss: 0.0371, anchor loss: 0.0598, VFL train accuracy: 0.9940
2026-04-14 12:45:19,618 - Epoch: 13, 51/274: VFL loss: 0.0146, total loss: 0.0372, anchor loss: 0.0599, VFL train accuracy: 0.9940
2026-04-14 12:45:19,922 - Epoch: 13, 61/274: VFL loss: 0.0142, total loss: 0.0369, anchor loss: 0.0597, VFL train accuracy: 0.9943
2026-04-14 12:45:20,224 - Epoch: 13, 71/274: VFL loss: 0.0141, total loss: 0.0369, anchor loss: 0.0597, VFL train accuracy: 0.9944
2026-04-14 12:45:20,499 - Epoch: 13, 81/274: VFL loss: 0.0141, total loss: 0.0368, anchor loss: 0.0596, VFL train accuracy: 0.9946
2026-04-14 12:45:20,784 - Epoch: 13, 91/274: VFL loss: 0.0143, total loss: 0.0370, anchor loss: 0.0597, VFL train accuracy: 0.9946
2026-04-14 12:45:21,071 - Epoch: 13, 101/274: VFL loss: 0.0145, total loss: 0.0372, anchor loss: 0.0598, VFL train accuracy: 0.9945
2026-04-14 12:45:21,358 - Epoch: 13, 111/274: VFL loss: 0.0143, total loss: 0.0371, anchor loss: 0.0598, VFL train accuracy: 0.9947
2026-04-14 12:45:21,658 - Epoch: 13, 121/274: VFL loss: 0.0142, total loss: 0.0370, anchor loss: 0.0598, VFL train accuracy: 0.9948
2026-04-14 12:45:21,961 - Epoch: 13, 131/274: VFL loss: 0.0147, total loss: 0.0373, anchor loss: 0.0599, VFL train accuracy: 0.9947
2026-04-14 12:45:22,247 - Epoch: 13, 141/274: VFL loss: 0.0151, total loss: 0.0375, anchor loss: 0.0600, VFL train accuracy: 0.9947
2026-04-14 12:45:22,541 - Epoch: 13, 151/274: VFL loss: 0.0152, total loss: 0.0376, anchor loss: 0.0600, VFL train accuracy: 0.9946
2026-04-14 12:45:22,848 - Epoch: 13, 161/274: VFL loss: 0.0152, total loss: 0.0377, anchor loss: 0.0601, VFL train accuracy: 0.9946
2026-04-14 12:45:23,135 - Epoch: 13, 171/274: VFL loss: 0.0157, total loss: 0.0379, anchor loss: 0.0602, VFL train accuracy: 0.9944
2026-04-14 12:45:23,416 - Epoch: 13, 181/274: VFL loss: 0.0159, total loss: 0.0380, anchor loss: 0.0602, VFL train accuracy: 0.9943
2026-04-14 12:45:23,706 - Epoch: 13, 191/274: VFL loss: 0.0161, total loss: 0.0382, anchor loss: 0.0603, VFL train accuracy: 0.9943
2026-04-14 12:45:23,984 - Epoch: 13, 201/274: VFL loss: 0.0161, total loss: 0.0382, anchor loss: 0.0602, VFL train accuracy: 0.9943
2026-04-14 12:45:24,254 - Epoch: 13, 211/274: VFL loss: 0.0163, total loss: 0.0383, anchor loss: 0.0603, VFL train accuracy: 0.9943
2026-04-14 12:45:24,536 - Epoch: 13, 221/274: VFL loss: 0.0164, total loss: 0.0384, anchor loss: 0.0604, VFL train accuracy: 0.9943
2026-04-14 12:45:24,974 - Epoch: 13, 231/274: VFL loss: 0.0167, total loss: 0.0386, anchor loss: 0.0605, VFL train accuracy: 0.9943
2026-04-14 12:45:25,271 - Epoch: 13, 241/274: VFL loss: 0.0166, total loss: 0.0385, anchor loss: 0.0605, VFL train accuracy: 0.9943
2026-04-14 12:45:25,587 - Epoch: 13, 251/274: VFL loss: 0.0167, total loss: 0.0386, anchor loss: 0.0605, VFL train accuracy: 0.9943
2026-04-14 12:45:25,904 - Epoch: 13, 261/274: VFL loss: 0.0169, total loss: 0.0387, anchor loss: 0.0605, VFL train accuracy: 0.9942
2026-04-14 12:45:26,199 - Epoch: 13, 271/274: VFL loss: 0.0173, total loss: 0.0389, anchor loss: 0.0606, VFL train accuracy: 0.9940
2026-04-14 12:45:26,303 - => Recorded Stage 2 client anchor losses for epoch 13 to './results/AVGuard/NUSWIDE_anchor_stage2_3clients_without_anchor_ema\stage2_final_epoch_client_anchor_losses.json': {0: 0.031411, 1: 0.069007, 2: 0.081283}
2026-04-14 12:45:26,305 - => Stage 2 EMA anchor update skipped at epoch 13 because momentum=1.0000 disables EMA; eligible classes per client {0: 5, 1: 5, 2: 5}
2026-04-14 12:45:26,306 - => Stage 2 Epoch 13 Training Summary: VFL loss: 0.0174, total loss: 0.0390, anchor loss: 0.0606, VFL train accuracy: 0.9940
2026-04-14 12:45:26,306 - => Test ASR...
2026-04-14 12:45:26,421 - =>Add Trigger to Test Data
2026-04-14 12:45:29,429 - Add Trigger to 37064 Bad Samples, 9629 Clean Samples (1.00)
2026-04-14 12:45:40,671 - => Test Epoch: 13, main task samples: 46693, attack samples: 46693, test loss: 0.9032, clean acc: 0.7638, Top-4: 0.9952, ASR: 0.0701, RAC: 0.6770, test target accuracy: 0.8669, stage3 final accuracy: 0.7638, stage3 final target accuracy: 0.7430, stage3 final asr: 0.0701, anchor loss: 0.0838
2026-04-14 12:45:40,671 - => Stage 3 Detection Summary: recall: 0.6573, precision: 0.0192, f1: 0.0374, false positive rate: 0.2192, correction rate: 0.3220
2026-04-14 12:45:40,671 - => Stage 3 Debug (clean): suspicious=10233/46693, correction_applied=10210, prediction_changed=10210, skipped_tied_vote=0, skipped_low_margin=0, skipped_other=23
2026-04-14 12:45:40,673 - => Stage 3 Debug (poison-valid): suspicious=12801/37064, correction_applied=12772, prediction_changed=12772, skipped_tied_vote=0, skipped_low_margin=0, skipped_other=29
2026-04-14 12:45:40,673 - => Stage 3 Debug (attack-success): suspicious=443/674, correction_applied=442, prediction_changed=442, corrected_to_true=217
2026-04-14 12:45:40,673 - => Stage 2 checkpoint score: mean(clean_acc=0.7638, recall=0.6573, correction_rate=0.3220) = 0.5810
2026-04-14 12:45:40,743 - => End Epoch: 13, early stop epochs: 12, best epoch: 1, best clean acc: 0.7692, best Top-4: 0.9965, best ASR: 0.2714, best RAC: 0.6724, anchor loss: 0.0830, best checkpoint score: 0.6542
2026-04-14 12:45:40,743 - => Stage 3 Detection Summary: recall: 0.6880, precision: 0.2880, f1: 0.4061, false positive rate: 0.2090, correction rate: 0.5055
2026-04-14 12:45:40,790 - => LFBA current anchor-derived target label: 3
2026-04-14 12:45:40,885 - =>Add Trigger to Train Data
2026-04-14 12:45:41,176 - Add Trigger to 6996 Bad Samples, 62970 Clean Samples (0.10)
2026-04-14 12:45:41,179 - => Start Training for Injecting Backdoor...
2026-04-14 12:45:41,219 - Epoch: 14, 1/274: VFL loss: 0.0064, total loss: 0.0366, anchor loss: 0.0668, VFL train accuracy: 0.9961
2026-04-14 12:45:41,740 - Epoch: 14, 11/274: VFL loss: 0.0113, total loss: 0.0354, anchor loss: 0.0596, VFL train accuracy: 0.9968
2026-04-14 12:45:42,071 - Epoch: 14, 21/274: VFL loss: 0.0107, total loss: 0.0351, anchor loss: 0.0596, VFL train accuracy: 0.9967
2026-04-14 12:45:42,392 - Epoch: 14, 31/274: VFL loss: 0.0118, total loss: 0.0354, anchor loss: 0.0590, VFL train accuracy: 0.9962
2026-04-14 12:45:42,692 - Epoch: 14, 41/274: VFL loss: 0.0114, total loss: 0.0355, anchor loss: 0.0595, VFL train accuracy: 0.9961
2026-04-14 12:45:42,952 - Epoch: 14, 51/274: VFL loss: 0.0118, total loss: 0.0358, anchor loss: 0.0597, VFL train accuracy: 0.9962
2026-04-14 12:45:43,228 - Epoch: 14, 61/274: VFL loss: 0.0116, total loss: 0.0356, anchor loss: 0.0595, VFL train accuracy: 0.9963
2026-04-14 12:45:43,528 - Epoch: 14, 71/274: VFL loss: 0.0111, total loss: 0.0353, anchor loss: 0.0596, VFL train accuracy: 0.9965
2026-04-14 12:45:43,815 - Epoch: 14, 81/274: VFL loss: 0.0107, total loss: 0.0350, anchor loss: 0.0593, VFL train accuracy: 0.9967
2026-04-14 12:45:44,075 - Epoch: 14, 91/274: VFL loss: 0.0105, total loss: 0.0349, anchor loss: 0.0592, VFL train accuracy: 0.9967
2026-04-14 12:45:44,359 - Epoch: 14, 101/274: VFL loss: 0.0101, total loss: 0.0346, anchor loss: 0.0591, VFL train accuracy: 0.9969
2026-04-14 12:45:44,656 - Epoch: 14, 111/274: VFL loss: 0.0105, total loss: 0.0348, anchor loss: 0.0591, VFL train accuracy: 0.9967
2026-04-14 12:45:44,930 - Epoch: 14, 121/274: VFL loss: 0.0109, total loss: 0.0349, anchor loss: 0.0589, VFL train accuracy: 0.9967
2026-04-14 12:45:45,205 - Epoch: 14, 131/274: VFL loss: 0.0109, total loss: 0.0349, anchor loss: 0.0588, VFL train accuracy: 0.9966
2026-04-14 12:45:45,519 - Epoch: 14, 141/274: VFL loss: 0.0109, total loss: 0.0349, anchor loss: 0.0589, VFL train accuracy: 0.9966
2026-04-14 12:45:45,819 - Epoch: 14, 151/274: VFL loss: 0.0110, total loss: 0.0350, anchor loss: 0.0590, VFL train accuracy: 0.9966
2026-04-14 12:45:46,092 - Epoch: 14, 161/274: VFL loss: 0.0113, total loss: 0.0351, anchor loss: 0.0590, VFL train accuracy: 0.9966
2026-04-14 12:45:46,351 - Epoch: 14, 171/274: VFL loss: 0.0114, total loss: 0.0352, anchor loss: 0.0590, VFL train accuracy: 0.9965
2026-04-14 12:45:46,613 - Epoch: 14, 181/274: VFL loss: 0.0114, total loss: 0.0352, anchor loss: 0.0591, VFL train accuracy: 0.9965
2026-04-14 12:45:46,871 - Epoch: 14, 191/274: VFL loss: 0.0116, total loss: 0.0354, anchor loss: 0.0592, VFL train accuracy: 0.9964
2026-04-14 12:45:47,121 - Epoch: 14, 201/274: VFL loss: 0.0120, total loss: 0.0356, anchor loss: 0.0592, VFL train accuracy: 0.9962
2026-04-14 12:45:47,379 - Epoch: 14, 211/274: VFL loss: 0.0125, total loss: 0.0359, anchor loss: 0.0592, VFL train accuracy: 0.9960
2026-04-14 12:45:47,645 - Epoch: 14, 221/274: VFL loss: 0.0127, total loss: 0.0360, anchor loss: 0.0593, VFL train accuracy: 0.9960
2026-04-14 12:45:47,911 - Epoch: 14, 231/274: VFL loss: 0.0129, total loss: 0.0361, anchor loss: 0.0593, VFL train accuracy: 0.9959
2026-04-14 12:45:48,186 - Epoch: 14, 241/274: VFL loss: 0.0132, total loss: 0.0363, anchor loss: 0.0594, VFL train accuracy: 0.9958
2026-04-14 12:45:48,469 - Epoch: 14, 251/274: VFL loss: 0.0134, total loss: 0.0364, anchor loss: 0.0594, VFL train accuracy: 0.9957
2026-04-14 12:45:48,751 - Epoch: 14, 261/274: VFL loss: 0.0138, total loss: 0.0367, anchor loss: 0.0596, VFL train accuracy: 0.9955
2026-04-14 12:45:49,010 - Epoch: 14, 271/274: VFL loss: 0.0141, total loss: 0.0368, anchor loss: 0.0596, VFL train accuracy: 0.9954
2026-04-14 12:45:49,123 - => Recorded Stage 2 client anchor losses for epoch 14 to './results/AVGuard/NUSWIDE_anchor_stage2_3clients_without_anchor_ema\stage2_final_epoch_client_anchor_losses.json': {0: 0.029957, 1: 0.068421, 2: 0.080518}
2026-04-14 12:45:49,127 - => Stage 2 EMA anchor update skipped at epoch 14 because momentum=1.0000 disables EMA; eligible classes per client {0: 5, 1: 5, 2: 5}
2026-04-14 12:45:49,128 - => Stage 2 Epoch 14 Training Summary: VFL loss: 0.0142, total loss: 0.0369, anchor loss: 0.0596, VFL train accuracy: 0.9953
2026-04-14 12:45:49,128 - => Test ASR...
2026-04-14 12:45:49,235 - =>Add Trigger to Test Data
2026-04-14 12:45:52,011 - Add Trigger to 37064 Bad Samples, 9629 Clean Samples (1.00)
2026-04-14 12:46:02,307 - => Test Epoch: 14, main task samples: 46693, attack samples: 46693, test loss: 0.8733, clean acc: 0.7641, Top-4: 0.9954, ASR: 0.0664, RAC: 0.6732, test target accuracy: 0.8689, stage3 final accuracy: 0.7641, stage3 final target accuracy: 0.7320, stage3 final asr: 0.0664, anchor loss: 0.0835
2026-04-14 12:46:02,307 - => Stage 3 Detection Summary: recall: 0.6423, precision: 0.0165, f1: 0.0322, false positive rate: 0.2211, correction rate: 0.3245
2026-04-14 12:46:02,308 - => Stage 3 Debug (clean): suspicious=10323/46693, correction_applied=10307, prediction_changed=10307, skipped_tied_vote=0, skipped_low_margin=0, skipped_other=16
2026-04-14 12:46:02,308 - => Stage 3 Debug (poison-valid): suspicious=13068/37064, correction_applied=13040, prediction_changed=13040, skipped_tied_vote=0, skipped_low_margin=0, skipped_other=28
2026-04-14 12:46:02,308 - => Stage 3 Debug (attack-success): suspicious=386/601, correction_applied=386, prediction_changed=386, corrected_to_true=195
2026-04-14 12:46:02,308 - => Stage 2 checkpoint score: mean(clean_acc=0.7641, recall=0.6423, correction_rate=0.3245) = 0.5770
2026-04-14 12:46:02,370 - => End Epoch: 14, early stop epochs: 13, best epoch: 1, best clean acc: 0.7692, best Top-4: 0.9965, best ASR: 0.2714, best RAC: 0.6724, anchor loss: 0.0830, best checkpoint score: 0.6542
2026-04-14 12:46:02,370 - => Stage 3 Detection Summary: recall: 0.6880, precision: 0.2880, f1: 0.4061, false positive rate: 0.2090, correction rate: 0.5055
2026-04-14 12:46:02,410 - => LFBA current anchor-derived target label: 3
2026-04-14 12:46:02,494 - =>Add Trigger to Train Data
2026-04-14 12:46:02,832 - Add Trigger to 6996 Bad Samples, 62970 Clean Samples (0.10)
2026-04-14 12:46:02,839 - => Start Training for Injecting Backdoor...
2026-04-14 12:46:02,896 - Epoch: 15, 1/274: VFL loss: 0.0135, total loss: 0.0386, anchor loss: 0.0637, VFL train accuracy: 0.9961
2026-04-14 12:46:03,505 - Epoch: 15, 11/274: VFL loss: 0.0163, total loss: 0.0382, anchor loss: 0.0602, VFL train accuracy: 0.9954
2026-04-14 12:46:03,870 - Epoch: 15, 21/274: VFL loss: 0.0172, total loss: 0.0390, anchor loss: 0.0609, VFL train accuracy: 0.9952
2026-04-14 12:46:04,178 - Epoch: 15, 31/274: VFL loss: 0.0189, total loss: 0.0398, anchor loss: 0.0607, VFL train accuracy: 0.9942
2026-04-14 12:46:04,495 - Epoch: 15, 41/274: VFL loss: 0.0191, total loss: 0.0401, anchor loss: 0.0610, VFL train accuracy: 0.9942
2026-04-14 12:46:04,780 - Epoch: 15, 51/274: VFL loss: 0.0179, total loss: 0.0393, anchor loss: 0.0607, VFL train accuracy: 0.9946
2026-04-14 12:46:05,071 - Epoch: 15, 61/274: VFL loss: 0.0170, total loss: 0.0388, anchor loss: 0.0605, VFL train accuracy: 0.9946
2026-04-14 12:46:05,377 - Epoch: 15, 71/274: VFL loss: 0.0164, total loss: 0.0383, anchor loss: 0.0602, VFL train accuracy: 0.9946
2026-04-14 12:46:05,656 - Epoch: 15, 81/274: VFL loss: 0.0165, total loss: 0.0382, anchor loss: 0.0599, VFL train accuracy: 0.9946
2026-04-14 12:46:05,969 - Epoch: 15, 91/274: VFL loss: 0.0164, total loss: 0.0380, anchor loss: 0.0596, VFL train accuracy: 0.9945
2026-04-14 12:46:06,256 - Epoch: 15, 101/274: VFL loss: 0.0164, total loss: 0.0381, anchor loss: 0.0597, VFL train accuracy: 0.9945
2026-04-14 12:46:06,537 - Epoch: 15, 111/274: VFL loss: 0.0160, total loss: 0.0379, anchor loss: 0.0599, VFL train accuracy: 0.9946
2026-04-14 12:46:06,834 - Epoch: 15, 121/274: VFL loss: 0.0164, total loss: 0.0382, anchor loss: 0.0599, VFL train accuracy: 0.9947
2026-04-14 12:46:07,115 - Epoch: 15, 131/274: VFL loss: 0.0172, total loss: 0.0386, anchor loss: 0.0600, VFL train accuracy: 0.9945
2026-04-14 12:46:07,384 - Epoch: 15, 141/274: VFL loss: 0.0179, total loss: 0.0389, anchor loss: 0.0599, VFL train accuracy: 0.9942
2026-04-14 12:46:07,642 - Epoch: 15, 151/274: VFL loss: 0.0179, total loss: 0.0390, anchor loss: 0.0600, VFL train accuracy: 0.9943
2026-04-14 12:46:07,896 - Epoch: 15, 161/274: VFL loss: 0.0182, total loss: 0.0391, anchor loss: 0.0600, VFL train accuracy: 0.9942
2026-04-14 12:46:08,151 - Epoch: 15, 171/274: VFL loss: 0.0187, total loss: 0.0394, anchor loss: 0.0601, VFL train accuracy: 0.9941
2026-04-14 12:46:08,429 - Epoch: 15, 181/274: VFL loss: 0.0194, total loss: 0.0398, anchor loss: 0.0602, VFL train accuracy: 0.9939
2026-04-14 12:46:08,710 - Epoch: 15, 191/274: VFL loss: 0.0200, total loss: 0.0402, anchor loss: 0.0603, VFL train accuracy: 0.9936
2026-04-14 12:46:08,998 - Epoch: 15, 201/274: VFL loss: 0.0200, total loss: 0.0403, anchor loss: 0.0605, VFL train accuracy: 0.9936
2026-04-14 12:46:09,276 - Epoch: 15, 211/274: VFL loss: 0.0200, total loss: 0.0403, anchor loss: 0.0605, VFL train accuracy: 0.9935
2026-04-14 12:46:09,559 - Epoch: 15, 221/274: VFL loss: 0.0202, total loss: 0.0403, anchor loss: 0.0605, VFL train accuracy: 0.9936
2026-04-14 12:46:09,825 - Epoch: 15, 231/274: VFL loss: 0.0203, total loss: 0.0404, anchor loss: 0.0605, VFL train accuracy: 0.9935
2026-04-14 12:46:10,106 - Epoch: 15, 241/274: VFL loss: 0.0206, total loss: 0.0405, anchor loss: 0.0605, VFL train accuracy: 0.9934
2026-04-14 12:46:10,402 - Epoch: 15, 251/274: VFL loss: 0.0210, total loss: 0.0408, anchor loss: 0.0606, VFL train accuracy: 0.9932
2026-04-14 12:46:10,693 - Epoch: 15, 261/274: VFL loss: 0.0213, total loss: 0.0410, anchor loss: 0.0607, VFL train accuracy: 0.9931
2026-04-14 12:46:10,963 - Epoch: 15, 271/274: VFL loss: 0.0219, total loss: 0.0413, anchor loss: 0.0607, VFL train accuracy: 0.9928
2026-04-14 12:46:11,056 - => Recorded Stage 2 client anchor losses for epoch 15 to './results/AVGuard/NUSWIDE_anchor_stage2_3clients_without_anchor_ema\stage2_final_epoch_client_anchor_losses.json': {0: 0.030725, 1: 0.069901, 2: 0.08165}
2026-04-14 12:46:11,057 - => Stage 2 EMA anchor update skipped at epoch 15 because momentum=1.0000 disables EMA; eligible classes per client {0: 5, 1: 5, 2: 5}
2026-04-14 12:46:11,057 - => Stage 2 Epoch 15 Training Summary: VFL loss: 0.0219, total loss: 0.0413, anchor loss: 0.0608, VFL train accuracy: 0.9928
2026-04-14 12:46:11,059 - => Test ASR...
2026-04-14 12:46:11,174 - =>Add Trigger to Test Data
2026-04-14 12:46:13,950 - Add Trigger to 37064 Bad Samples, 9629 Clean Samples (1.00)
